root_stream_begin,day=1,own_count=344,opponent_count=65,begin=172,end=258
root_stream_action,day=1,index=172,robust=6/14/14,slice_best=6/14/14,improves=1,terminal=28@11,plan=3.2.2.1.1.4.4.2.5.1,states=2172734,transitions=1172906030
root_stream_action,day=1,index=173,robust=6/16/16,slice_best=6/16/16,improves=1,terminal=28@15,plan=1.4.3.2.2.1.1.4.-2,states=4987463,transitions=4910809764
root_stream_action,day=1,index=174,robust=6/17/17,slice_best=6/17/17,improves=1,terminal=28@14,plan=1.4.3.2.2.2.0.1.4,states=5179122,transitions=5412066424
root_stream_action,day=1,index=175,robust=6/17/17,slice_best=6/17/17,improves=0,terminal=28@20,plan=1.2.2.3.-9,states=15643805,transitions=22202656077
root_stream_action,day=1,index=176,robust=6/15/15,slice_best=6/17/17,improves=0,terminal=28@17,plan=1.2.2.3.4.1.-6,states=17174205,transitions=25170369142
root_stream_action,day=1,index=177,robust=6/14/14,slice_best=6/17/17,improves=0,terminal=28@14,plan=1.2.2.3.4.5.2.1.-3,states=17409950,transitions=25683456297
root_stream_action,day=1,index=178,robust=6/17/17,slice_best=6/17/17,improves=0,terminal=28@18,plan=1.2.2.3.3.0.-5,states=17537261,transitions=26205044492
root_stream_action,day=1,index=179,robust=6/16/16,slice_best=6/17/17,improves=0,terminal=28@16,plan=1.2.2.3.3.5.1.-4,states=17643439,transitions=26503360142
root_stream_action,day=1,index=180,robust=6/15/15,slice_best=6/17/17,improves=0,terminal=28@14,plan=1.2.2.3.4.2.5.1.-3,states=17742916,transitions=26762008125
root_stream_action,day=1,index=181,robust=6/15/15,slice_best=6/17/17,improves=0,terminal=28@13,plan=1.2.2.3.3.5.5.2.1.-1,states=17785636,transitions=26855423828
root_stream_action,day=1,index=182,robust=6/14/14,slice_best=6/17/17,improves=0,terminal=28@11,plan=1.2.2.3.4.2.5.5.2.1,states=17837339,transitions=26919577414
root_stream_action,day=1,index=183,robust=6/17/17,slice_best=6/17/17,improves=0,terminal=28@19,plan=1.2.2.2.4.-7,states=18236926,transitions=28510528642
root_stream_action,day=1,index=184,robust=6/16/16,slice_best=6/17/17,improves=0,terminal=28@16,plan=1.2.2.2.4.4.1.-4,states=18317882,transitions=28880461640
root_stream_action,day=1,index=185,robust=6/15/15,slice_best=6/17/17,improves=0,terminal=28@13,plan=1.2.2.2.4.4.5.2.1.-1,states=18349582,transitions=28974871999
root_stream_action,day=1,index=186,robust=6/17/17,slice_best=6/17/17,improves=0,terminal=28@17,plan=1.2.2.2.4.3.0.-3,states=18366256,transitions=29016908825
root_stream_action,day=1,index=187,robust=6/16/16,slice_best=6/17/17,improves=0,terminal=28@15,plan=1.2.2.2.4.3.5.1.-2,states=18378996,transitions=29052159016
root_stream_action,day=1,index=188,robust=6/15/15,slice_best=6/17/17,improves=0,terminal=28@13,plan=1.2.2.2.4.4.2.5.1.-1,states=18407445,transitions=29102044111
root_stream_action,day=1,index=189,robust=6/17/17,slice_best=6/17/17,improves=0,terminal=28@18,plan=3.2.1.1.3.-6,states=21645642,transitions=35239654475
root_stream_action,day=1,index=190,robust=6/16/16,slice_best=6/17/17,improves=0,terminal=28@17,plan=3.2.2.1.0.3.-6,states=21969204,transitions=36309660991
root_stream_action,day=1,index=191,robust=6/17/17,slice_best=6/17/17,improves=0,terminal=28@16,plan=3.2.1.1.3.3.0.-2,states=22052680,transitions=36516451319
root_stream_action,day=1,index=192,robust=6/17/17,slice_best=6/17/17,improves=0,terminal=28@16,plan=3.2.2.2.0.0.3.-4,states=22066957,transitions=36574093411
root_stream_action,day=1,index=193,robust=6/16/16,slice_best=6/17/17,improves=0,terminal=28@14,plan=3.2.2.2.5.1.0.3.-3,states=22110298,transitions=36708385078
root_stream_action,day=1,index=194,robust=6/14/14,slice_best=6/17/17,improves=0,terminal=28@11,plan=3.2.2.1.0.3.4.2.5.1,states=22137315,transitions=36762351413
root_stream_action,day=1,index=195,robust=6/17/17,slice_best=6/17/17,improves=0,terminal=28@18,plan=3.0.1.2.2.3.-5,states=23793222,transitions=41314571321
root_stream_action,day=1,index=196,robust=6/17/17,slice_best=6/17/17,improves=0,terminal=28@16,plan=1.4.3.2.1.1.3.-2,states=23947131,transitions=41817723236
root_stream_action,day=1,index=197,robust=6/16/16,slice_best=6/17/17,improves=0,terminal=28@15,plan=1.4.3.2.2.1.0.3.-2,states=23999209,transitions=41981728845
root_stream_action,day=1,index=198,robust=6/17/17,slice_best=6/17/17,improves=0,terminal=28@16,plan=3.0.1.2.2.3.3.0.-1,states=24066100,transitions=42187020678
root_stream_action,day=1,index=199,robust=6/17/17,slice_best=6/17/17,improves=0,terminal=28@14,plan=1.4.3.2.2.2.0.0.3,states=24069749,transitions=42200747282
root_stream_action,day=1,index=200,robust=6/17/17,slice_best=6/17/17,improves=0,terminal=28@17,plan=3.2.1.1.2.4.-4,states=24198239,transitions=42687279970
root_stream_action,day=1,index=201,robust=6/17/17,slice_best=6/17/17,improves=0,terminal=28@16,plan=3.2.2.1.0.2.4.-4,states=24219447,transitions=42797797238
root_stream_action,day=1,index=202,robust=6/17/17,slice_best=6/17/17,improves=0,terminal=28@15,plan=3.2.1.1.2.4.3.0,states=24238754,transitions=42830199056
root_stream_action,day=1,index=203,robust=6/17/17,slice_best=6/17/17,improves=0,terminal=28@15,plan=3.2.2.2.0.0.2.4.-2,states=24240630,transitions=42840073648
root_stream_action,day=1,index=204,robust=6/16/16,slice_best=6/17/17,improves=0,terminal=28@13,plan=3.2.2.2.5.1.0.2.4.-1,states=24248913,transitions=42865587238
root_stream_action,day=1,index=205,robust=6/17/17,slice_best=6/17/17,improves=0,terminal=28@17,plan=3.0.1.2.2.2.4.-3,states=24338572,transitions=43282646179
root_stream_action,day=1,index=206,robust=6/17/17,slice_best=6/17/17,improves=0,terminal=28@15,plan=1.4.3.2.1.1.2.4,states=24382367,transitions=43446008255
root_stream_action,day=1,index=207,robust=6/16/16,slice_best=6/17/17,improves=0,terminal=28@14,plan=1.4.3.2.2.1.0.2.4,states=24387523,transitions=43464971962
root_stream_action,day=1,index=208,robust=6/18/18,slice_best=6/18/18,improves=1,terminal=33@23,plan=3.-15,states=30508909,transitions=55540264104
root_stream_action,day=1,index=209,robust=6/18/18,slice_best=6/18/18,improves=0,terminal=33@21,plan=3.2.5.-11,states=31077750,transitions=57247079600
root_stream_action,day=1,index=210,robust=6/16/16,slice_best=6/18/18,improves=0,terminal=33@18,plan=3.2.2.5.5.-8,states=31786853,transitions=58627860520
root_stream_action,day=1,index=211,robust=6/15/15,slice_best=6/18/18,improves=0,terminal=33@15,plan=3.2.2.2.5.5.5.-5,states=31850108,transitions=58790884493
root_stream_action,day=1,index=212,robust=6/14/14,slice_best=6/18/18,improves=0,terminal=33@12,plan=3.2.2.1.4.2.5.5.5.-2,states=31903794,transitions=58882647412
root_stream_action,day=1,index=213,robust=6/18/18,slice_best=6/18/18,improves=0,terminal=33@21,plan=1.4.3.-11,states=32314348,transitions=60383261921
root_stream_action,day=1,index=214,robust=6/18/18,slice_best=6/18/18,improves=0,terminal=33@19,plan=1.4.3.2.5.-7,states=32407185,transitions=60717484906
root_stream_action,day=1,index=215,robust=6/14/14,slice_best=6/18/18,improves=0,terminal=33@13,plan=3.2.2.1.1.4.4.5.5.-1,states=32562794,transitions=60943829587
root_stream_action,day=1,index=216,robust=6/18/18,slice_best=6/18/18,improves=0,terminal=33@17,plan=1.2.2.4.4.5.-4,states=32578014,transitions=60995212652
root_stream_action,day=1,index=217,robust=6/17/17,slice_best=6/18/18,improves=0,terminal=33@16,plan=1.2.2.3.4.5.5.-4,states=32585874,transitions=61017524004
root_stream_action,day=1,index=218,robust=6/17/17,slice_best=6/18/18,improves=0,terminal=33@15,plan=1.2.2.3.3.5.5.5.-2,states=32588167,transitions=61028855775
root_stream_action,day=1,index=219,robust=6/17/17,slice_best=6/18/18,improves=0,terminal=33@13,plan=1.2.2.3.4.2.5.5.5.-1,states=32591765,transitions=61038922753
root_stream_action,day=1,index=220,robust=6/17/17,slice_best=6/18/18,improves=0,terminal=33@15,plan=1.2.2.2.4.5.4.5,states=32594507,transitions=61043578017
root_stream_action,day=1,index=221,robust=6/17/17,slice_best=6/18/18,improves=0,terminal=33@15,plan=1.2.2.2.4.4.5.5.-2,states=32595371,transitions=61047513727
root_stream_action,day=1,index=222,robust=6/18/18,slice_best=6/18/18,improves=0,terminal=33@14,plan=1.2.2.2.4.3.5.5.5,states=32597743,transitions=61059010152
root_stream_action,day=1,index=223,robust=6/19/19,slice_best=6/19/19,improves=1,terminal=34@22,plan=3.2.-13,states=32625576,transitions=61157304711
root_stream_action,day=1,index=224,robust=6/17/17,slice_best=6/19/19,improves=0,terminal=34@19,plan=3.2.2.5.-10,states=32761042,transitions=61776954413
root_stream_action,day=1,index=225,robust=6/16/16,slice_best=6/19/19,improves=0,terminal=34@15,plan=3.2.1.2.3.5.5.-3,states=32834664,transitions=62005242680
root_stream_action,day=1,index=226,robust=6/16/16,slice_best=6/19/19,improves=0,terminal=34@16,plan=3.2.2.2.5.5.-7,states=32853323,transitions=62079888564
root_stream_action,day=1,index=227,robust=6/15/15,slice_best=6/19/19,improves=0,terminal=34@13,plan=3.2.2.1.4.2.5.5.-4,states=32870238,transitions=62131677330
root_stream_action,day=1,index=228,robust=6/13/13,slice_best=6/19/19,improves=0,terminal=34@10,plan=3.2.2.1.4.1.4.2.5.5.-1,states=32911248,transitions=62178869025
root_stream_action,day=1,index=229,robust=6/19/19,slice_best=6/19/19,improves=0,terminal=34@20,plan=1.4.3.2.-9,states=32918985,transitions=62202575297
root_stream_action,day=1,index=230,robust=6/17/17,slice_best=6/19/19,improves=0,terminal=34@17,plan=1.4.3.2.2.5.-6,states=32987578,transitions=62486993728
root_stream_action,day=1,index=231,robust=6/16/16,slice_best=6/19/19,improves=0,terminal=34@14,plan=1.4.3.2.2.2.5.5.-3,states=33008183,transitions=62573475231
root_stream_action,day=1,index=232,robust=6/14/14,slice_best=6/19/19,improves=0,terminal=34@11,plan=1.4.3.2.2.1.4.2.5.5,states=33028151,transitions=62615097805
root_stream_action,day=1,index=233,robust=6/15/15,slice_best=6/19/19,improves=0,terminal=34@14,plan=3.2.2.1.1.4.4.5.-3,states=33098607,transitions=62864399871
root_stream_action,day=1,index=234,robust=6/16/16,slice_best=6/19/19,improves=0,terminal=34@13,plan=3.2.2.1.1.4.3.5.5.-1,states=33119681,transitions=62960336170
root_stream_action,day=1,index=235,robust=6/14/14,slice_best=6/19/19,improves=0,terminal=34@11,plan=3.2.2.1.1.4.4.2.5.5,states=33133272,transitions=62999376621
root_stream_action,day=1,index=236,robust=6/17/17,slice_best=6/19/19,improves=0,terminal=34@18,plan=1.2.2.4.4.-6,states=33253878,transitions=63501439775
root_stream_action,day=1,index=237,robust=6/17/17,slice_best=6/19/19,improves=0,terminal=34@17,plan=1.2.2.3.4.5.-6,states=33265287,transitions=63561326450
root_stream_action,day=1,index=238,robust=6/17/17,slice_best=6/19/19,improves=0,terminal=34@15,plan=1.2.2.3.3.0.5.4,states=33289934,transitions=63592279704
root_stream_action,day=1,index=239,robust=6/17/17,slice_best=6/19/19,improves=0,terminal=34@16,plan=1.2.2.3.3.5.5.-4,states=33294639,transitions=63618908739
root_stream_action,day=1,index=240,robust=6/16/16,slice_best=6/19/19,improves=0,terminal=34@14,plan=1.2.2.3.4.2.5.5.-3,states=33296984,transitions=63627051541
root_stream_action,day=1,index=241,robust=6/14/14,slice_best=6/19/19,improves=0,terminal=34@11,plan=1.2.2.3.4.1.4.2.5.5,states=33306100,transitions=63636554809
root_stream_action,day=1,index=242,robust=6/17/17,slice_best=6/19/19,improves=0,terminal=34@16,plan=1.2.2.2.4.5.4.-2,states=33310108,transitions=63646953914
root_stream_action,day=1,index=243,robust=6/17/17,slice_best=6/19/19,improves=0,terminal=34@16,plan=1.2.2.2.4.4.5.-4,states=33311699,transitions=63657348289
root_stream_action,day=1,index=244,robust=6/18/18,slice_best=6/19/19,improves=0,terminal=34@15,plan=1.2.2.2.4.3.5.5.-2,states=33315628,transitions=63683147659
root_stream_action,day=1,index=245,robust=6/17/17,slice_best=6/19/19,improves=0,terminal=34@13,plan=1.2.2.2.4.4.2.5.5.-1,states=33317929,transitions=63692514917
root_stream_action,day=1,index=246,robust=6/15/15,slice_best=6/19/19,improves=0,terminal=34@14,plan=3.2.2.1.0.3.4.5.-3,states=33398247,transitions=63930963055
root_stream_action,day=1,index=247,robust=6/16/16,slice_best=6/19/19,improves=0,terminal=34@13,plan=3.2.2.1.0.3.3.5.5.-1,states=33402714,transitions=63944678349
root_stream_action,day=1,index=248,robust=6/14/14,slice_best=6/19/19,improves=0,terminal=34@11,plan=3.2.2.1.0.3.4.2.5.5,states=33407520,transitions=63958895914
root_stream_action,day=1,index=249,robust=6/17/17,slice_best=6/19/19,improves=0,terminal=34@16,plan=1.2.2.4.4.5.2.-2,states=33411493,transitions=63976169794
root_stream_action,day=1,index=250,robust=6/16/16,slice_best=6/19/19,improves=0,terminal=34@15,plan=1.2.2.3.4.5.5.2.-2,states=33414890,transitions=63986435815
root_stream_action,day=1,index=251,robust=6/17/17,slice_best=6/19/19,improves=0,terminal=34@14,plan=1.2.2.3.3.5.5.5.2,states=33415243,transitions=63987381514
root_stream_action,day=1,index=252,robust=6/15/15,slice_best=6/19/19,improves=0,terminal=34@13,plan=3.2.2.1.0.2.4.4.5.-1,states=33430106,transitions=64038378588
root_stream_action,day=1,index=253,robust=6/17/17,slice_best=6/19/19,improves=0,terminal=34@14,plan=1.2.2.2.4.4.5.5.2,states=33430849,transitions=64040420338
root_stream_action,day=1,index=254,robust=6/15/15,slice_best=6/19/19,improves=0,terminal=35@18,plan=1.2.3.4.2.-6,states=34970302,transitions=66058064459
root_stream_action,day=1,index=255,robust=6/15/15,slice_best=6/19/19,improves=0,terminal=35@17,plan=1.2.3.2.3.5.-4,states=35704419,transitions=67334945427
root_stream_action,day=1,index=256,robust=6/14/14,slice_best=6/19/19,improves=0,terminal=35@16,plan=1.2.3.3.2.5.-5,states=35910083,transitions=67767133533
root_stream_action,day=1,index=257,robust=6/15/15,slice_best=6/19/19,improves=0,terminal=35@15,plan=1.2.3.4.2.2.5.-3,states=35966942,transitions=67934664629
root_stream_end,day=1,begin=172,end=258,full=0,has_result=1,slice_best=6/19/19,states=35966942,transitions=67934664629
minimax_slice,seed=1720100,family=adversarial-balanced,fuel=default,begin=172,end=258,own_count=344,opponent_count=65,slice_best=6/19/19
root_stream_case,seed=1720100,begin=172,end=258,policy=maximum-dwell,slice_robust=6/19/19,oracle=6/19/19,head=6/18/18,oracle_valid=1,head_valid=1,oracle_hash=47ca20f30c49aeb4,head_hash=35e474ba2e7bd8ab
root_stream_case,seed=1720100,begin=172,end=258,policy=minimum-dwell,slice_robust=6/19/19,oracle=6/19/19,head=6/18/18,oracle_valid=1,head_valid=1,oracle_hash=47ca20f30c49aeb4,head_hash=35e474ba2e7bd8ab
root_stream_case,seed=1720100,begin=172,end=258,policy=status-toggle,slice_robust=6/19/19,oracle=6/19/19,head=6/18/18,oracle_valid=1,head_valid=1,oracle_hash=47ca20f30c49aeb4,head_hash=35e474ba2e7bd8ab
summary,cases=0,oracle_wins=0,ties=0,head_wins=0,invalid=0,tier1=0,tier2=0,tier3=0,max_gain=0,hash=14650fb0739d0383
