root_stream_begin,day=1,own_count=344,opponent_count=65,begin=258,end=344
root_stream_action,day=1,index=258,robust=6/15/15,slice_best=6/15/15,improves=1,terminal=35@18,plan=3.2.1.2.4.-6,states=8512390,transitions=6631989590
root_stream_action,day=1,index=259,robust=6/17/17,slice_best=6/17/17,improves=1,terminal=35@21,plan=3.2.2.-11,states=11205692,transitions=11237407823
root_stream_action,day=1,index=260,robust=6/16/16,slice_best=6/17/17,improves=0,terminal=35@17,plan=3.2.1.2.3.5.-4,states=11757812,transitions=12451661366
root_stream_action,day=1,index=261,robust=6/15/15,slice_best=6/17/17,improves=0,terminal=35@16,plan=3.2.1.3.2.5.-5,states=11874010,transitions=12720394105
root_stream_action,day=1,index=262,robust=6/16/16,slice_best=6/17/17,improves=0,terminal=35@18,plan=3.2.2.2.5.-8,states=11926744,transitions=12933827081
root_stream_action,day=1,index=263,robust=6/15/15,slice_best=6/17/17,improves=0,terminal=35@16,plan=1.2.3.4.5.2.2.-2,states=13380818,transitions=15753227942
root_stream_action,day=1,index=264,robust=6/16/16,slice_best=6/17/17,improves=0,terminal=35@17,plan=1.2.5.4.3.2.2.-3,states=13799305,transitions=17095481163
root_stream_action,day=1,index=265,robust=6/16/16,slice_best=6/17/17,improves=0,terminal=35@17,plan=1.4.3.2.1.3.-4,states=13806679,transitions=17128095467
root_stream_action,day=1,index=266,robust=6/17/17,slice_best=6/17/17,improves=0,terminal=35@19,plan=1.4.3.2.2.-7,states=14267036,transitions=18153595823
root_stream_action,day=1,index=267,robust=6/16/16,slice_best=6/17/17,improves=0,terminal=35@15,plan=1.4.3.2.1.2.3.5,states=14603186,transitions=18691291476
root_stream_action,day=1,index=268,robust=6/15/15,slice_best=6/17/17,improves=0,terminal=35@14,plan=1.2.5.4.3.2.2.2.5,states=14711343,transitions=18905855588
root_stream_action,day=1,index=269,robust=6/15/15,slice_best=6/17/17,improves=0,terminal=35@14,plan=1.4.3.2.1.3.2.5.-1,states=14724982,transitions=18937366599
root_stream_action,day=1,index=270,robust=6/16/16,slice_best=6/17/17,improves=0,terminal=35@15,plan=1.4.3.2.2.1.3.5.-2,states=14746377,transitions=19004585965
root_stream_action,day=1,index=271,robust=6/16/16,slice_best=6/17/17,improves=0,terminal=35@16,plan=1.4.3.2.2.2.5.-4,states=14760144,transitions=19062623577
root_stream_action,day=1,index=272,robust=6/15/15,slice_best=6/17/17,improves=0,terminal=35@16,plan=3.2.2.1.1.4.4.-4,states=14922129,transitions=19544330497
root_stream_action,day=1,index=273,robust=6/16/16,slice_best=6/17/17,improves=0,terminal=35@15,plan=3.2.2.1.1.4.3.5.-2,states=15051509,transitions=19919293188
root_stream_action,day=1,index=274,robust=6/15/15,slice_best=6/17/17,improves=0,terminal=35@14,plan=1.4.3.2.2.1.1.4.4,states=15169258,transitions=20195766441
root_stream_action,day=1,index=275,robust=6/15/15,slice_best=6/17/17,improves=0,terminal=35@18,plan=1.2.2.4.3.-6,states=20137016,transitions=24779473838
root_stream_action,day=1,index=276,robust=6/16/16,slice_best=6/17/17,improves=0,terminal=35@19,plan=1.2.2.3.4.-7,states=20945267,transitions=26274926706
root_stream_action,day=1,index=277,robust=6/14/14,slice_best=6/17/17,improves=0,terminal=35@15,plan=1.2.2.4.4.1.3.-1,states=21709887,transitions=27803769650
root_stream_action,day=1,index=278,robust=6/15/15,slice_best=6/17/17,improves=0,terminal=35@16,plan=1.2.2.3.5.4.2.-2,states=21904664,transitions=28581049618
root_stream_action,day=1,index=279,robust=6/16/16,slice_best=6/17/17,improves=0,terminal=35@17,plan=1.2.2.4.4.2.-4,states=22125658,transitions=29277909302
root_stream_action,day=1,index=280,robust=6/15/15,slice_best=6/17/17,improves=0,terminal=35@16,plan=1.2.2.3.4.5.2.-4,states=22143102,transitions=29349102747
root_stream_action,day=1,index=281,robust=6/15/15,slice_best=6/17/17,improves=0,terminal=35@16,plan=1.2.2.4.2.3.5.-2,states=22470749,transitions=30224194484
root_stream_action,day=1,index=282,robust=6/15/15,slice_best=6/17/17,improves=0,terminal=35@15,plan=1.2.2.4.3.2.5.-3,states=22553569,transitions=30387010081
root_stream_action,day=1,index=283,robust=6/16/16,slice_best=6/17/17,improves=0,terminal=35@18,plan=1.2.2.3.3.5.-5,states=22653224,transitions=30733729515
root_stream_action,day=1,index=284,robust=6/15/15,slice_best=6/17/17,improves=0,terminal=35@14,plan=1.2.2.4.4.2.2.5.-1,states=22684776,transitions=30794745997
root_stream_action,day=1,index=285,robust=6/16/16,slice_best=6/17/17,improves=0,terminal=35@15,plan=1.2.2.3.3.5.5.2.-2,states=22693283,transitions=30842750540
root_stream_action,day=1,index=286,robust=6/15/15,slice_best=6/17/17,improves=0,terminal=35@16,plan=1.2.2.2.4.5.3.-2,states=22910629,transitions=31585476919
root_stream_action,day=1,index=287,robust=6/16/16,slice_best=6/17/17,improves=0,terminal=35@18,plan=1.2.2.2.4.4.-5,states=23092310,transitions=32124883733
root_stream_action,day=1,index=288,robust=6/15/15,slice_best=6/17/17,improves=0,terminal=35@15,plan=1.2.2.2.4.5.4.2,states=23191441,transitions=32434194410
root_stream_action,day=1,index=289,robust=6/15/15,slice_best=6/17/17,improves=0,terminal=35@15,plan=1.2.2.2.4.4.5.2.-2,states=23200742,transitions=32486381045
root_stream_action,day=1,index=290,robust=6/16/16,slice_best=6/17/17,improves=0,terminal=35@15,plan=1.2.3.1.2.4.3.5,states=23268046,transitions=32707047629
root_stream_action,day=1,index=291,robust=6/16/16,slice_best=6/17/17,improves=0,terminal=35@16,plan=1.2.2.2.4.3.0.4.-1,states=23344781,transitions=33003450906
root_stream_action,day=1,index=292,robust=6/17/17,slice_best=6/17/17,improves=0,terminal=35@17,plan=1.2.2.2.4.3.5.-3,states=23426117,transitions=33293259420
root_stream_action,day=1,index=293,robust=6/16/16,slice_best=6/17/17,improves=0,terminal=35@14,plan=1.2.2.2.4.3.5.5.2,states=23437559,transitions=33327176922
root_stream_action,day=1,index=294,robust=6/14/14,slice_best=6/17/17,improves=0,terminal=35@15,plan=3.2.1.0.2.4.3.-1,states=24074060,transitions=34556383340
root_stream_action,day=1,index=295,robust=6/15/15,slice_best=6/17/17,improves=0,terminal=35@16,plan=3.2.1.1.4.3.-3,states=24166871,transitions=34904341341
root_stream_action,day=1,index=296,robust=6/16/16,slice_best=6/17/17,improves=0,terminal=35@17,plan=3.2.1.1.3.4.-4,states=24205385,transitions=35084162193
root_stream_action,day=1,index=297,robust=6/15/15,slice_best=6/17/17,improves=0,terminal=35@16,plan=3.2.2.1.0.3.4.-4,states=24208304,transitions=35098146384
root_stream_action,day=1,index=298,robust=6/16/16,slice_best=6/17/17,improves=0,terminal=35@16,plan=3.2.1.1.3.3.5.-2,states=24282018,transitions=35413126447
root_stream_action,day=1,index=299,robust=6/16/16,slice_best=6/17/17,improves=0,terminal=35@15,plan=3.2.2.1.0.3.3.5.-2,states=24292926,transitions=35457856329
root_stream_action,day=1,index=300,robust=6/15/15,slice_best=6/17/17,improves=0,terminal=35@16,plan=3.0.1.2.2.4.3.-2,states=25644914,transitions=38061493809
root_stream_action,day=1,index=301,robust=6/16/16,slice_best=6/17/17,improves=0,terminal=35@17,plan=3.0.1.2.2.3.4.-3,states=25991446,transitions=39125074156
root_stream_action,day=1,index=302,robust=6/15/15,slice_best=6/17/17,improves=0,terminal=35@15,plan=1.2.2.4.4.5.2.2,states=26038011,transitions=39282400326
root_stream_action,day=1,index=303,robust=6/15/15,slice_best=6/17/17,improves=0,terminal=35@14,plan=1.2.2.3.4.5.5.2.2,states=26068986,transitions=39361857529
root_stream_action,day=1,index=304,robust=6/16/16,slice_best=6/17/17,improves=0,terminal=35@16,plan=3.0.1.2.2.3.3.5.-1,states=26132773,transitions=39594260947
root_stream_action,day=1,index=305,robust=6/16/16,slice_best=6/17/17,improves=0,terminal=35@16,plan=3.2.1.1.2.4.4.-2,states=26200307,transitions=39956047928
root_stream_action,day=1,index=306,robust=6/15/15,slice_best=6/17/17,improves=0,terminal=35@15,plan=3.2.2.1.0.2.4.4.-2,states=26212256,transitions=40018714955
root_stream_action,day=1,index=307,robust=6/17/17,slice_best=6/17/17,improves=0,terminal=35@15,plan=3.2.1.1.2.4.3.5,states=26277929,transitions=40229839777
root_stream_action,day=1,index=308,robust=6/16/16,slice_best=6/17/17,improves=0,terminal=35@14,plan=3.2.2.1.0.2.4.3.5,states=26302530,transitions=40304372364
root_stream_action,day=1,index=309,robust=6/16/16,slice_best=6/17/17,improves=0,terminal=35@16,plan=3.0.1.2.2.2.4.4.-1,states=26401487,transitions=40669390959
root_stream_action,day=1,index=310,robust=6/17/17,slice_best=6/17/17,improves=0,terminal=36@18,plan=3.2.1.2.3.-6,states=27168156,transitions=42983095693
root_stream_action,day=1,index=311,robust=6/18/18,slice_best=6/18/18,improves=1,terminal=36@19,plan=3.2.2.2.-10,states=27453554,transitions=44339831753
root_stream_action,day=1,index=312,robust=6/16/16,slice_best=6/18/18,improves=0,terminal=36@16,plan=3.2.2.1.4.2.-7,states=27522396,transitions=44553318687
root_stream_action,day=1,index=313,robust=6/14/14,slice_best=6/18/18,improves=0,terminal=36@13,plan=3.2.2.1.4.1.4.2.-4,states=27590059,transitions=44697674509
root_stream_action,day=1,index=314,robust=6/13/13,slice_best=6/18/18,improves=0,terminal=36@10,plan=3.2.2.1.4.1.4.1.4.2.-1,states=27663228,transitions=44767263474
root_stream_action,day=1,index=315,robust=6/17/17,slice_best=6/18/18,improves=0,terminal=36@16,plan=1.4.3.2.1.2.3.-2,states=27780833,transitions=45236050370
root_stream_action,day=1,index=316,robust=6/18/18,slice_best=6/18/18,improves=0,terminal=36@17,plan=1.4.3.2.2.2.-6,states=27888746,transitions=45756813186
root_stream_action,day=1,index=317,robust=6/16/16,slice_best=6/18/18,improves=0,terminal=36@14,plan=1.4.3.2.2.1.4.2.-3,states=27907101,transitions=45804434450
root_stream_action,day=1,index=318,robust=6/14/14,slice_best=6/18/18,improves=0,terminal=36@11,plan=1.4.3.2.2.1.4.1.4.2,states=27942621,transitions=45849318287
root_stream_action,day=1,index=319,robust=6/17/17,slice_best=6/18/18,improves=0,terminal=36@16,plan=3.2.2.1.1.4.3.-4,states=27980679,transitions=46013311939
root_stream_action,day=1,index=320,robust=6/16/16,slice_best=6/18/18,improves=0,terminal=36@14,plan=3.2.2.1.1.4.4.2.-3,states=28000486,transitions=46080059114
root_stream_action,day=1,index=321,robust=6/14/14,slice_best=6/18/18,improves=0,terminal=36@11,plan=3.2.2.1.1.4.4.1.4.2,states=28027032,transitions=46125764878
root_stream_action,day=1,index=322,robust=6/17/17,slice_best=6/18/18,improves=0,terminal=36@14,plan=1.4.3.2.2.1.1.4.3,states=28038035,transitions=46175857861
root_stream_action,day=1,index=323,robust=6/18/18,slice_best=6/18/18,improves=0,terminal=36@19,plan=1.2.2.3.3.-7,states=28614893,transitions=48202301196
root_stream_action,day=1,index=324,robust=6/17/17,slice_best=6/18/18,improves=0,terminal=36@17,plan=1.2.2.3.4.2.-6,states=28690241,transitions=48519460330
root_stream_action,day=1,index=325,robust=6/17/17,slice_best=6/18/18,improves=0,terminal=36@15,plan=1.2.2.4.4.2.2.-3,states=28730678,transitions=48676515228
root_stream_action,day=1,index=326,robust=6/16/16,slice_best=6/18/18,improves=0,terminal=36@14,plan=1.2.2.3.4.5.2.2.-3,states=28744723,transitions=48722718783
root_stream_action,day=1,index=327,robust=6/14/14,slice_best=6/18/18,improves=0,terminal=36@11,plan=1.2.2.3.4.1.4.5.2.2,states=28778536,transitions=48772962697
root_stream_action,day=1,index=328,robust=6/18/18,slice_best=6/18/18,improves=0,terminal=36@18,plan=1.2.2.2.4.3.-5,states=28879260,transitions=49230971533
root_stream_action,day=1,index=329,robust=6/17/17,slice_best=6/18/18,improves=0,terminal=36@16,plan=1.2.2.2.4.4.2.-4,states=28902226,transitions=49311888027
root_stream_action,day=1,index=330,robust=6/16/16,slice_best=6/18/18,improves=0,terminal=36@13,plan=1.2.2.2.4.4.5.2.2.-1,states=28907875,transitions=49325615053
root_stream_action,day=1,index=331,robust=6/18/18,slice_best=6/18/18,improves=0,terminal=36@17,plan=3.2.1.1.3.3.-4,states=28961928,transitions=49534897417
root_stream_action,day=1,index=332,robust=6/17/17,slice_best=6/18/18,improves=0,terminal=36@16,plan=3.2.2.1.0.3.3.-4,states=28973214,transitions=49585429897
root_stream_action,day=1,index=333,robust=6/16/16,slice_best=6/18/18,improves=0,terminal=36@14,plan=3.2.2.1.0.3.4.2.-3,states=28981431,transitions=49615752802
root_stream_action,day=1,index=334,robust=6/14/14,slice_best=6/18/18,improves=0,terminal=36@11,plan=3.2.2.1.0.3.4.1.4.2,states=28996742,transitions=49640933908
root_stream_action,day=1,index=335,robust=6/18/18,slice_best=6/18/18,improves=0,terminal=36@17,plan=3.0.1.2.2.3.3.-3,states=29215141,transitions=50326267390
root_stream_action,day=1,index=336,robust=6/17/17,slice_best=6/18/18,improves=0,terminal=36@15,plan=3.0.1.2.2.3.4.2.-2,states=29266946,transitions=50485024888
root_stream_action,day=1,index=337,robust=6/18/18,slice_best=6/18/18,improves=0,terminal=36@15,plan=1.4.3.2.1.1.3.3,states=29287369,transitions=50538634208
root_stream_action,day=1,index=338,robust=6/17/17,slice_best=6/18/18,improves=0,terminal=36@14,plan=1.4.3.2.2.1.0.3.3,states=29291856,transitions=50556827172
root_stream_action,day=1,index=339,robust=6/18/18,slice_best=6/18/18,improves=0,terminal=36@16,plan=3.2.1.1.2.4.3.-2,states=29313779,transitions=50634563969
root_stream_action,day=1,index=340,robust=6/18/18,slice_best=6/18/18,improves=0,terminal=36@15,plan=3.2.2.1.0.2.4.3.-2,states=29319648,transitions=50659659552
root_stream_action,day=1,index=341,robust=6/16/16,slice_best=6/18/18,improves=0,terminal=36@13,plan=3.2.2.1.0.2.4.4.2.-1,states=29321293,transitions=50664676175
root_stream_action,day=1,index=342,robust=6/18/18,slice_best=6/18/18,improves=0,terminal=36@16,plan=3.0.1.2.2.2.4.3.-1,states=29368404,transitions=50866025416
root_stream_action,day=1,index=343,robust=6/17/17,slice_best=6/18/18,improves=0,terminal=36@14,plan=3.0.1.2.2.2.4.4.2,states=29381788,transitions=50913378664
root_stream_end,day=1,begin=258,end=344,full=0,has_result=1,slice_best=6/18/18,states=29381788,transitions=50913378664
minimax_slice,seed=1720100,family=adversarial-balanced,fuel=default,begin=258,end=344,own_count=344,opponent_count=65,slice_best=6/18/18
root_stream_case,seed=1720100,begin=258,end=344,policy=maximum-dwell,slice_robust=6/18/18,oracle=6/18/18,head=6/18/18,oracle_valid=1,head_valid=1,oracle_hash=e9ddf58494d56b52,head_hash=35e474ba2e7bd8ab
root_stream_case,seed=1720100,begin=258,end=344,policy=minimum-dwell,slice_robust=6/18/18,oracle=6/18/18,head=6/18/18,oracle_valid=1,head_valid=1,oracle_hash=e9ddf58494d56b52,head_hash=35e474ba2e7bd8ab
root_stream_case,seed=1720100,begin=258,end=344,policy=status-toggle,slice_robust=6/18/18,oracle=6/18/18,head=6/18/18,oracle_valid=1,head_valid=1,oracle_hash=e9ddf58494d56b52,head_hash=35e474ba2e7bd8ab
summary,cases=0,oracle_wins=0,ties=0,head_wins=0,invalid=0,tier1=0,tier2=0,tier3=0,max_gain=0,hash=14650fb0739d0383
