root_stream_begin,day=1,own_count=344,opponent_count=65,begin=86,end=172
root_stream_action,day=1,index=86,robust=6/18/18,slice_best=6/18/18,improves=1,terminal=20@16,plan=1.4.3.2.1.1.2.-2,states=2373582,transitions=2923187256
root_stream_action,day=1,index=87,robust=6/18/18,slice_best=6/18/18,improves=0,terminal=20@15,plan=1.4.3.2.2.1.0.2.-2,states=2517227,transitions=3335788490
root_stream_action,day=1,index=88,robust=6/18/18,slice_best=6/18/18,improves=0,terminal=20@14,plan=1.4.3.2.2.2.0.0.2,states=2582036,transitions=3489311068
root_stream_action,day=1,index=89,robust=6/17/17,slice_best=6/18/18,improves=0,terminal=25@24,plan=-17,states=26902396,transitions=43795707922
root_stream_action,day=1,index=90,robust=6/17/17,slice_best=6/18/18,improves=0,terminal=25@22,plan=1.4.-13,states=27794822,transitions=46335953191
root_stream_action,day=1,index=91,robust=6/17/17,slice_best=6/18/18,improves=0,terminal=25@22,plan=3.0.-13,states=29518317,transitions=50798242331
root_stream_action,day=1,index=92,robust=6/17/17,slice_best=6/18/18,improves=0,terminal=25@20,plan=3.2.5.0.-9,states=30260812,transitions=52549423474
root_stream_action,day=1,index=93,robust=6/15/15,slice_best=6/18/18,improves=0,terminal=25@17,plan=3.2.2.5.5.0.-6,states=31146366,transitions=54058642064
root_stream_action,day=1,index=94,robust=6/15/15,slice_best=6/18/18,improves=0,terminal=25@14,plan=3.2.2.2.5.5.5.0.-3,states=31282898,transitions=54299710068
root_stream_action,day=1,index=95,robust=6/13/13,slice_best=6/18/18,improves=0,terminal=25@11,plan=3.2.2.1.4.2.5.5.5.0,states=31394004,transitions=54405821842
root_stream_action,day=1,index=96,robust=6/17/17,slice_best=6/18/18,improves=0,terminal=25@20,plan=1.4.3.0.-9,states=31641253,transitions=55148629210
root_stream_action,day=1,index=97,robust=6/17/17,slice_best=6/18/18,improves=0,terminal=25@18,plan=1.4.3.2.5.0.-5,states=31751644,transitions=55473197457
root_stream_action,day=1,index=98,robust=6/14/14,slice_best=6/18/18,improves=0,terminal=25@12,plan=1.2.3.3.2.5.5.5.0,states=31807785,transitions=55537308398
root_stream_action,day=1,index=99,robust=6/16/16,slice_best=6/18/18,improves=0,terminal=25@18,plan=1.2.2.5.5.4.-5,states=32709318,transitions=57028447276
root_stream_action,day=1,index=100,robust=6/15/15,slice_best=6/18/18,improves=0,terminal=25@16,plan=1.2.2.2.5.5.5.4.-1,states=32855435,transitions=57294709820
root_stream_action,day=1,index=101,robust=6/16/16,slice_best=6/18/18,improves=0,terminal=25@16,plan=1.2.2.4.4.5.0.-2,states=32899727,transitions=57378344128
root_stream_action,day=1,index=102,robust=6/16/16,slice_best=6/18/18,improves=0,terminal=25@15,plan=1.2.2.3.4.5.5.0.-2,states=32938095,transitions=57482631380
root_stream_action,day=1,index=103,robust=6/17/17,slice_best=6/18/18,improves=0,terminal=25@14,plan=1.2.2.3.3.5.5.5.0,states=32961495,transitions=57524545561
root_stream_action,day=1,index=104,robust=6/16/16,slice_best=6/18/18,improves=0,terminal=25@14,plan=1.2.2.2.4.4.5.5.0,states=32971685,transitions=57548839471
root_stream_action,day=1,index=105,robust=6/16/16,slice_best=6/18/18,improves=0,terminal=27@21,plan=1.2.3.-11,states=35569547,transitions=65258678799
root_stream_action,day=1,index=106,robust=6/17/17,slice_best=6/18/18,improves=0,terminal=27@21,plan=3.2.1.-11,states=35716850,transitions=65984888442
root_stream_action,day=1,index=107,robust=6/16/16,slice_best=6/18/18,improves=0,terminal=27@19,plan=3.2.2.0.-10,states=35847562,transitions=66569077927
root_stream_action,day=1,index=108,robust=6/15/15,slice_best=6/18/18,improves=0,terminal=27@16,plan=3.2.1.2.3.0.5.-2,states=35975032,transitions=66898072793
root_stream_action,day=1,index=109,robust=6/16/16,slice_best=6/18/18,improves=0,terminal=27@17,plan=3.2.2.2.0.5.-6,states=36106442,transitions=67309151079
root_stream_action,day=1,index=110,robust=6/15/15,slice_best=6/18/18,improves=0,terminal=27@16,plan=3.2.2.2.5.0.-7,states=36134177,transitions=67417465613
root_stream_action,day=1,index=111,robust=6/13/13,slice_best=6/18/18,improves=0,terminal=27@13,plan=3.2.2.1.4.2.5.0.-4,states=36189168,transitions=67530179567
root_stream_action,day=1,index=112,robust=6/12/12,slice_best=6/18/18,improves=0,terminal=27@10,plan=3.2.2.1.4.1.4.2.5.0.-1,states=36255874,transitions=67585399574
root_stream_action,day=1,index=113,robust=6/17/17,slice_best=6/18/18,improves=0,terminal=27@19,plan=1.4.3.2.1.-7,states=36274110,transitions=67628296155
root_stream_action,day=1,index=114,robust=6/16/16,slice_best=6/18/18,improves=0,terminal=27@17,plan=1.4.3.2.2.0.-6,states=36315229,transitions=67776813377
root_stream_action,day=1,index=115,robust=6/16/16,slice_best=6/18/18,improves=0,terminal=27@15,plan=1.4.3.2.2.2.0.5.-2,states=36351111,transitions=67843004177
root_stream_action,day=1,index=116,robust=6/15/15,slice_best=6/18/18,improves=0,terminal=27@14,plan=1.4.3.2.2.2.5.0.-3,states=36369793,transitions=67894184864
root_stream_action,day=1,index=117,robust=6/13/13,slice_best=6/18/18,improves=0,terminal=27@11,plan=1.4.3.2.2.1.4.2.5.0,states=36390409,transitions=67919217095
root_stream_action,day=1,index=118,robust=6/14/14,slice_best=6/18/18,improves=0,terminal=27@14,plan=3.2.2.1.1.4.4.0.-3,states=36559531,transitions=68331122902
root_stream_action,day=1,index=119,robust=6/13/13,slice_best=6/18/18,improves=0,terminal=27@11,plan=3.2.2.1.1.4.4.2.5.0,states=36594717,transitions=68406638604
root_stream_action,day=1,index=120,robust=6/16/16,slice_best=6/18/18,improves=0,terminal=27@20,plan=1.2.2.4.-9,states=36937300,transitions=69843815602
root_stream_action,day=1,index=121,robust=6/15/15,slice_best=6/18/18,improves=0,terminal=27@17,plan=1.2.2.3.4.0.-6,states=37619583,transitions=71170590221
root_stream_action,day=1,index=122,robust=6/16/16,slice_best=6/18/18,improves=0,terminal=27@17,plan=1.2.2.4.4.1.-4,states=37682643,transitions=71396740566
root_stream_action,day=1,index=123,robust=6/15/15,slice_best=6/18/18,improves=0,terminal=27@16,plan=1.2.2.3.4.5.1.-4,states=37781992,transitions=71725046766
root_stream_action,day=1,index=124,robust=6/14/14,slice_best=6/18/18,improves=0,terminal=27@14,plan=1.2.2.3.4.5.2.0.-3,states=37901886,transitions=71962825861
root_stream_action,day=1,index=125,robust=6/16/16,slice_best=6/18/18,improves=0,terminal=27@17,plan=1.2.2.3.3.0.5.-3,states=37918304,transitions=72058450610
root_stream_action,day=1,index=126,robust=6/15/15,slice_best=6/18/18,improves=0,terminal=27@16,plan=1.2.2.3.3.5.0.-4,states=37945404,transitions=72186398894
root_stream_action,day=1,index=127,robust=6/14/14,slice_best=6/18/18,improves=0,terminal=27@14,plan=1.2.2.3.4.2.5.0.-3,states=37985573,transitions=72306282547
root_stream_action,day=1,index=128,robust=6/16/16,slice_best=6/18/18,improves=0,terminal=27@15,plan=1.2.2.3.3.5.5.1.-2,states=38012815,transitions=72358925543
root_stream_action,day=1,index=129,robust=6/14/14,slice_best=6/18/18,improves=0,terminal=27@13,plan=1.2.2.3.3.5.5.2.0.-1,states=38034294,transitions=72394130464
root_stream_action,day=1,index=130,robust=6/13/13,slice_best=6/18/18,improves=0,terminal=27@11,plan=1.2.2.3.4.2.5.5.2.0,states=38062564,transitions=72423241009
root_stream_action,day=1,index=131,robust=6/16/16,slice_best=6/18/18,improves=0,terminal=27@18,plan=1.2.2.2.4.5.-5,states=38088433,transitions=72570222985
root_stream_action,day=1,index=132,robust=6/15/15,slice_best=6/18/18,improves=0,terminal=27@16,plan=1.2.2.2.4.4.0.-4,states=38127264,transitions=72737437102
root_stream_action,day=1,index=133,robust=6/15/15,slice_best=6/18/18,improves=0,terminal=27@15,plan=1.2.2.2.4.5.4.1,states=38149104,transitions=72774757276
root_stream_action,day=1,index=134,robust=6/15/15,slice_best=6/18/18,improves=0,terminal=27@15,plan=1.2.2.2.4.4.5.1.-2,states=38152775,transitions=72791541651
root_stream_action,day=1,index=135,robust=6/14/14,slice_best=6/18/18,improves=0,terminal=27@13,plan=1.2.2.2.4.4.5.2.0.-1,states=38175942,transitions=72849260583
root_stream_action,day=1,index=136,robust=6/16/16,slice_best=6/18/18,improves=0,terminal=27@16,plan=1.2.2.2.4.3.0.5.-1,states=38186610,transitions=72899375684
root_stream_action,day=1,index=137,robust=6/16/16,slice_best=6/18/18,improves=0,terminal=27@15,plan=1.2.2.2.4.3.5.0.-2,states=38191940,transitions=72932393753
root_stream_action,day=1,index=138,robust=6/14/14,slice_best=6/18/18,improves=0,terminal=27@13,plan=1.2.2.2.4.4.2.5.0.-1,states=38199316,transitions=72966510369
root_stream_action,day=1,index=139,robust=6/16/16,slice_best=6/18/18,improves=0,terminal=27@14,plan=1.2.2.2.4.3.5.5.1,states=38206093,transitions=72988217859
root_stream_action,day=1,index=140,robust=6/16/16,slice_best=6/18/18,improves=0,terminal=27@18,plan=3.2.1.1.4.-6,states=38284628,transitions=73351041624
root_stream_action,day=1,index=141,robust=6/16/16,slice_best=6/18/18,improves=0,terminal=27@17,plan=3.2.2.1.0.4.-6,states=38325623,transitions=73585551090
root_stream_action,day=1,index=142,robust=6/16/16,slice_best=6/18/18,improves=0,terminal=27@15,plan=3.2.1.1.3.3.0.5,states=38367925,transitions=73658269588
root_stream_action,day=1,index=143,robust=6/16/16,slice_best=6/18/18,improves=0,terminal=27@16,plan=3.2.2.2.0.0.4.-4,states=38381711,transitions=73685209184
root_stream_action,day=1,index=144,robust=6/15/15,slice_best=6/18/18,improves=0,terminal=27@14,plan=3.2.2.2.5.1.0.4.-3,states=38392693,transitions=73723535854
root_stream_action,day=1,index=145,robust=6/13/13,slice_best=6/18/18,improves=0,terminal=27@11,plan=3.2.2.1.0.3.4.2.5.0,states=38409374,transitions=73759321809
root_stream_action,day=1,index=146,robust=6/16/16,slice_best=6/18/18,improves=0,terminal=27@18,plan=3.0.1.2.2.4.-5,states=38636971,transitions=74523357146
root_stream_action,day=1,index=147,robust=6/16/16,slice_best=6/18/18,improves=0,terminal=27@16,plan=1.4.3.2.1.1.4.-2,states=38643147,transitions=74538959919
root_stream_action,day=1,index=148,robust=6/15/15,slice_best=6/18/18,improves=0,terminal=27@15,plan=1.4.3.2.2.1.0.4.-2,states=38647788,transitions=74554222872
root_stream_action,day=1,index=149,robust=6/16/16,slice_best=6/18/18,improves=0,terminal=27@14,plan=1.4.3.2.2.2.0.0.4,states=38649202,transitions=74560241671
root_stream_action,day=1,index=150,robust=6/16/16,slice_best=6/18/18,improves=0,terminal=27@16,plan=3.2.1.1.2.4.5.-2,states=38659984,transitions=74607078480
root_stream_action,day=1,index=151,robust=6/16/16,slice_best=6/18/18,improves=0,terminal=27@16,plan=3.2.2.1.1.5.4.-4,states=38662881,transitions=74622647569
root_stream_action,day=1,index=152,robust=6/17/17,slice_best=6/18/18,improves=0,terminal=27@15,plan=3.2.2.2.0.1.5.4.-2,states=38667922,transitions=74650697096
root_stream_action,day=1,index=153,robust=6/15/15,slice_best=6/18/18,improves=0,terminal=27@13,plan=3.2.2.2.5.1.1.5.4.-1,states=38672190,transitions=74666695161
root_stream_action,day=1,index=154,robust=6/16/16,slice_best=6/18/18,improves=0,terminal=27@16,plan=3.0.1.2.2.2.4.5.-1,states=38720831,transitions=74849830076
root_stream_action,day=1,index=155,robust=6/16/16,slice_best=6/18/18,improves=0,terminal=27@14,plan=1.4.3.2.2.1.1.5.4,states=38722037,transitions=74852894649
root_stream_action,day=1,index=156,robust=6/16/16,slice_best=6/18/18,improves=0,terminal=28@19,plan=3.2.1.2.-8,states=38835149,transitions=75439118549
root_stream_action,day=1,index=157,robust=6/16/16,slice_best=6/18/18,improves=0,terminal=28@19,plan=3.2.2.1.-10,states=38878451,transitions=75673282013
root_stream_action,day=1,index=158,robust=6/16/16,slice_best=6/18/18,improves=0,terminal=28@17,plan=3.2.1.2.3.0.-4,states=38914467,transitions=75782634993
root_stream_action,day=1,index=159,robust=6/17/17,slice_best=6/18/18,improves=0,terminal=28@18,plan=3.2.2.2.0.-8,states=38935954,transitions=75902397561
root_stream_action,day=1,index=160,robust=6/16/16,slice_best=6/18/18,improves=0,terminal=28@16,plan=3.2.2.2.5.1.-7,states=38953039,transitions=75984924682
root_stream_action,day=1,index=161,robust=6/14/14,slice_best=6/18/18,improves=0,terminal=28@13,plan=3.2.2.1.4.2.5.1.-4,states=38973789,transitions=76045123384
root_stream_action,day=1,index=162,robust=6/12/12,slice_best=6/18/18,improves=0,terminal=28@10,plan=3.2.2.1.4.1.4.2.5.1.-1,states=38992196,transitions=76076308919
root_stream_action,day=1,index=163,robust=6/16/16,slice_best=6/18/18,improves=0,terminal=28@17,plan=1.4.3.2.1.2.-4,states=39016550,transitions=76187002200
root_stream_action,day=1,index=164,robust=6/16/16,slice_best=6/18/18,improves=0,terminal=28@17,plan=1.4.3.2.2.1.-6,states=39034363,transitions=76277026609
root_stream_action,day=1,index=165,robust=6/16/16,slice_best=6/18/18,improves=0,terminal=28@15,plan=1.4.3.2.1.2.3.0,states=39061835,transitions=76334858669
root_stream_action,day=1,index=166,robust=6/17/17,slice_best=6/18/18,improves=0,terminal=28@16,plan=1.4.3.2.2.2.0.-4,states=39073616,transitions=76394884327
root_stream_action,day=1,index=167,robust=6/16/16,slice_best=6/18/18,improves=0,terminal=28@14,plan=1.4.3.2.2.2.5.1.-3,states=39084244,transitions=76444904032
root_stream_action,day=1,index=168,robust=6/14/14,slice_best=6/18/18,improves=0,terminal=28@11,plan=1.4.3.2.2.1.4.2.5.1,states=39096929,transitions=76475341830
root_stream_action,day=1,index=169,robust=6/16/16,slice_best=6/18/18,improves=0,terminal=28@17,plan=3.2.2.1.1.4.-6,states=39137094,transitions=76689856839
root_stream_action,day=1,index=170,robust=6/17/17,slice_best=6/18/18,improves=0,terminal=28@16,plan=3.2.2.2.0.1.4.-4,states=39156961,transitions=76783210540
root_stream_action,day=1,index=171,robust=6/16/16,slice_best=6/18/18,improves=0,terminal=28@14,plan=3.2.2.2.5.1.1.4.-3,states=39167159,transitions=76823878862
root_stream_end,day=1,begin=86,end=172,full=0,has_result=1,slice_best=6/18/18,states=39167159,transitions=76823878862
minimax_slice,seed=1720100,family=adversarial-balanced,fuel=default,begin=86,end=172,own_count=344,opponent_count=65,slice_best=6/18/18
root_stream_case,seed=1720100,begin=86,end=172,policy=maximum-dwell,slice_robust=6/18/18,oracle=6/18/18,head=6/18/18,oracle_valid=1,head_valid=1,oracle_hash=d00a6ce25a8d9551,head_hash=35e474ba2e7bd8ab
root_stream_case,seed=1720100,begin=86,end=172,policy=minimum-dwell,slice_robust=6/18/18,oracle=6/18/18,head=6/18/18,oracle_valid=1,head_valid=1,oracle_hash=d00a6ce25a8d9551,head_hash=35e474ba2e7bd8ab
root_stream_case,seed=1720100,begin=86,end=172,policy=status-toggle,slice_robust=6/18/18,oracle=6/18/18,head=6/18/18,oracle_valid=1,head_valid=1,oracle_hash=d00a6ce25a8d9551,head_hash=35e474ba2e7bd8ab
summary,cases=0,oracle_wins=0,ties=0,head_wins=0,invalid=0,tier1=0,tier2=0,tier3=0,max_gain=0,hash=14650fb0739d0383
