root_stream_begin,day=1,own_count=175,opponent_count=61,begin=0,end=88
root_stream_action,day=1,index=0,robust=5/16/17,slice_best=5/16/17,improves=1,terminal=17@23,plan=1.-14,states=11717207,transitions=16043070670
root_stream_action,day=1,index=1,robust=5/15/18,slice_best=5/16/17,improves=0,terminal=17@21,plan=3.0.1.-10,states=13214109,transitions=19374456456
root_stream_action,day=1,index=2,robust=5/16/16,slice_best=5/16/17,improves=0,terminal=17@19,plan=1.2.2.5.5.-6,states=13756951,transitions=20566808522
root_stream_action,day=1,index=3,robust=5/16/16,slice_best=5/16/17,improves=0,terminal=17@17,plan=1.2.2.2.5.5.5.-2,states=13965624,transitions=21075033200
root_stream_action,day=1,index=4,robust=5/16/17,slice_best=5/16/17,improves=0,terminal=17@19,plan=3.2.5.0.1.-6,states=14187943,transitions=21585261965
root_stream_action,day=1,index=5,robust=5/16/17,slice_best=5/16/17,improves=0,terminal=17@17,plan=3.2.1.1.5.5.-3,states=14311356,transitions=21829465441
root_stream_action,day=1,index=6,robust=5/15/16,slice_best=5/16/17,improves=0,terminal=17@16,plan=3.2.2.1.0.5.5.-3,states=14432136,transitions=22121472557
root_stream_action,day=1,index=7,robust=5/16/17,slice_best=5/16/17,improves=0,terminal=17@15,plan=3.2.2.2.0.0.5.5.-1,states=14488586,transitions=22241814522
root_stream_action,day=1,index=8,robust=5/15/16,slice_best=5/16/17,improves=0,terminal=17@13,plan=3.2.2.2.5.1.0.5.5,states=14537254,transitions=22303927809
root_stream_action,day=1,index=9,robust=5/16/17,slice_best=5/16/17,improves=0,terminal=17@15,plan=3.2.2.1.1.5.5.5.-1,states=14563021,transitions=22366459233
root_stream_action,day=1,index=10,robust=5/16/16,slice_best=5/16/17,improves=0,terminal=18@22,plan=1.2.-12,states=14791394,transitions=23101052676
root_stream_action,day=1,index=11,robust=5/16/16,slice_best=5/16/17,improves=0,terminal=18@20,plan=1.2.2.5.-8,states=14925170,transitions=23410940359
root_stream_action,day=1,index=12,robust=5/15/15,slice_best=5/16/17,improves=0,terminal=18@16,plan=1.2.2.3.3.0.0.5,states=15046727,transitions=23690453654
root_stream_action,day=1,index=13,robust=5/16/16,slice_best=5/16/17,improves=0,terminal=18@18,plan=1.2.2.2.5.5.-4,states=15114845,transitions=23942982865
root_stream_action,day=1,index=14,robust=5/15/16,slice_best=5/16/17,improves=0,terminal=18@19,plan=3.2.1.0.-7,states=15315312,transitions=24485289272
root_stream_action,day=1,index=15,robust=5/12/13,slice_best=5/16/17,improves=0,terminal=18@11,plan=3.2.2.1.4.2.5.0.0,states=15421027,transitions=24592638191
root_stream_action,day=1,index=16,robust=5/16/16,slice_best=5/16/17,improves=0,terminal=18@18,plan=3.2.1.1.5.-5,states=15431526,transitions=24620304201
root_stream_action,day=1,index=17,robust=5/15/16,slice_best=5/16/17,improves=0,terminal=18@17,plan=3.2.2.1.0.5.-5,states=15449467,transitions=24691637979
root_stream_action,day=1,index=18,robust=5/16/16,slice_best=5/16/17,improves=0,terminal=18@16,plan=3.2.2.2.0.0.5.-3,states=15463696,transitions=24735864600
root_stream_action,day=1,index=19,robust=5/15/15,slice_best=5/16/17,improves=0,terminal=18@14,plan=3.2.2.2.5.1.0.5.-2,states=15472113,transitions=24760762773
root_stream_action,day=1,index=20,robust=5/16/16,slice_best=5/16/17,improves=0,terminal=18@16,plan=3.2.1.1.2.5.5.-1,states=15484895,transitions=24792740200
root_stream_action,day=1,index=21,robust=5/16/16,slice_best=5/16/17,improves=0,terminal=18@16,plan=3.2.2.1.1.5.5.-3,states=15487491,transitions=24804688868
root_stream_action,day=1,index=22,robust=5/16/17,slice_best=5/16/17,improves=0,terminal=18@15,plan=3.2.2.2.0.1.5.5.-1,states=15510678,transitions=24870040579
root_stream_action,day=1,index=23,robust=5/15/16,slice_best=5/16/17,improves=0,terminal=18@13,plan=3.2.2.2.5.1.1.5.5,states=15518263,transitions=24888471018
root_stream_action,day=1,index=24,robust=5/17/17,slice_best=5/17/17,improves=1,terminal=19@21,plan=1.2.2.-10,states=15523409,transitions=24907165355
root_stream_action,day=1,index=25,robust=5/16/16,slice_best=5/17/17,improves=0,terminal=19@17,plan=1.2.2.3.3.0.0.-2,states=15545273,transitions=25010356255
root_stream_action,day=1,index=26,robust=5/17/17,slice_best=5/17/17,improves=0,terminal=19@19,plan=1.2.2.2.5.-6,states=15578445,transitions=25196037271
root_stream_action,day=1,index=27,robust=5/16/17,slice_best=5/17/17,improves=0,terminal=19@16,plan=1.2.2.2.4.3.0.0,states=15591321,transitions=25235130189
root_stream_action,day=1,index=28,robust=5/17/17,slice_best=5/17/17,improves=0,terminal=19@19,plan=3.2.1.1.-7,states=15689042,transitions=25541954517
root_stream_action,day=1,index=29,robust=5/16/17,slice_best=5/17/17,improves=0,terminal=19@18,plan=3.2.2.1.0.-7,states=15705813,transitions=25613437509
root_stream_action,day=1,index=30,robust=5/16/17,slice_best=5/17/17,improves=0,terminal=19@16,plan=3.2.1.2.3.0.0.-1,states=15732003,transitions=25672030118
root_stream_action,day=1,index=31,robust=5/17/17,slice_best=5/17/17,improves=0,terminal=19@17,plan=3.2.2.2.0.0.-5,states=15781651,transitions=25811102582
root_stream_action,day=1,index=32,robust=5/16/16,slice_best=5/17/17,improves=0,terminal=19@15,plan=3.2.2.2.5.1.0.-4,states=15790006,transitions=25839137075
root_stream_action,day=1,index=33,robust=5/14/15,slice_best=5/17/17,improves=0,terminal=19@12,plan=3.2.2.1.4.2.5.1.0.-1,states=15805681,transitions=25870464183
root_stream_action,day=1,index=34,robust=5/17/17,slice_best=5/17/17,improves=0,terminal=19@17,plan=3.2.1.1.2.5.-3,states=15806473,transitions=25872371978
root_stream_action,day=1,index=35,robust=5/17/17,slice_best=5/17/17,improves=0,terminal=19@17,plan=3.2.2.1.1.5.-5,states=15808656,transitions=25882422029
root_stream_action,day=1,index=36,robust=5/17/18,slice_best=5/17/18,improves=1,terminal=19@16,plan=3.2.2.2.0.1.5.-3,states=15824389,transitions=25934263880
root_stream_action,day=1,index=37,robust=5/16/17,slice_best=5/17/18,improves=0,terminal=19@14,plan=3.2.2.2.5.1.1.5.-2,states=15825947,transitions=25941070789
root_stream_action,day=1,index=38,robust=5/17/18,slice_best=5/17/18,improves=0,terminal=20@20,plan=1.2.2.2.-8,states=15830587,transitions=25963174781
root_stream_action,day=1,index=39,robust=5/17/17,slice_best=5/17/18,improves=0,terminal=20@17,plan=1.2.2.3.3.0.1.-2,states=15831192,transitions=25966683714
root_stream_action,day=1,index=40,robust=5/16/17,slice_best=5/17/18,improves=0,terminal=20@18,plan=3.2.2.1.1.-7,states=16118666,transitions=26722665042
root_stream_action,day=1,index=41,robust=5/16/17,slice_best=5/17/18,improves=0,terminal=20@16,plan=3.2.1.2.3.0.1.-1,states=16177273,transitions=26840720627
root_stream_action,day=1,index=42,robust=5/17/17,slice_best=5/17/18,improves=0,terminal=20@17,plan=3.2.2.2.0.1.-5,states=16237571,transitions=26979398446
root_stream_action,day=1,index=43,robust=5/16/16,slice_best=5/17/18,improves=0,terminal=20@15,plan=3.2.2.2.5.1.1.-4,states=16254406,transitions=27026105245
root_stream_action,day=1,index=44,robust=5/14/15,slice_best=5/17/18,improves=0,terminal=20@12,plan=3.2.2.1.4.2.5.1.1.-1,states=16268890,transitions=27055413464
root_stream_action,day=1,index=45,robust=5/17/18,slice_best=5/17/18,improves=0,terminal=20@18,plan=3.2.1.1.2.-5,states=16269466,transitions=27056331620
root_stream_action,day=1,index=46,robust=5/17/17,slice_best=5/17/18,improves=0,terminal=20@17,plan=3.2.2.1.0.2.-5,states=16270779,transitions=27060149518
root_stream_action,day=1,index=47,robust=5/16/18,slice_best=5/17/18,improves=0,terminal=20@16,plan=1.4.3.2.1.1.2.-1,states=16273593,transitions=27067121134
root_stream_action,day=1,index=48,robust=5/17/18,slice_best=5/17/18,improves=0,terminal=20@16,plan=3.2.2.2.0.0.2.-3,states=16273654,transitions=27067730546
root_stream_action,day=1,index=49,robust=5/16/17,slice_best=5/17/18,improves=0,terminal=20@14,plan=3.2.2.2.5.1.0.2.-2,states=16273715,transitions=27068283240
root_stream_action,day=1,index=50,robust=5/15/17,slice_best=5/17/18,improves=0,terminal=25@24,plan=-16,states=16744192,transitions=28493246101
root_stream_action,day=1,index=51,robust=5/16/16,slice_best=5/17/18,improves=0,terminal=25@22,plan=1.4.-12,states=16812680,transitions=28739955839
root_stream_action,day=1,index=52,robust=5/15/15,slice_best=5/17/18,improves=0,terminal=25@18,plan=1.2.2.5.5.4.-4,states=16902898,transitions=28952978300
root_stream_action,day=1,index=53,robust=5/15/15,slice_best=5/17/18,improves=0,terminal=25@16,plan=1.2.2.2.5.5.5.4,states=16918270,transitions=29002812967
root_stream_action,day=1,index=54,robust=5/16/16,slice_best=5/17/18,improves=0,terminal=25@20,plan=3.2.5.0.-8,states=16998176,transitions=29196170728
root_stream_action,day=1,index=55,robust=5/14/15,slice_best=5/17/18,improves=0,terminal=25@17,plan=3.2.2.5.5.0.-5,states=17188922,transitions=29496706078
root_stream_action,day=1,index=56,robust=5/15/16,slice_best=5/17/18,improves=0,terminal=25@18,plan=1.4.3.2.5.0.-4,states=17255002,transitions=29650935207
root_stream_action,day=1,index=57,robust=5/14/14,slice_best=5/17/18,improves=0,terminal=25@14,plan=3.2.2.2.5.5.5.0.-2,states=17287886,transitions=29736972159
root_stream_action,day=1,index=58,robust=5/15/16,slice_best=5/17/18,improves=0,terminal=25@16,plan=1.2.2.4.4.5.0.-1,states=17308972,transitions=29779792394
root_stream_action,day=1,index=59,robust=5/14/16,slice_best=5/17/18,improves=0,terminal=25@15,plan=1.2.2.3.4.5.5.0.-1,states=17333215,transitions=29828888033
root_stream_action,day=1,index=60,robust=5/15/16,slice_best=5/17/18,improves=0,terminal=27@20,plan=1.2.2.4.-8,states=17403432,transitions=30156017252
root_stream_action,day=1,index=61,robust=5/15/15,slice_best=5/17/18,improves=0,terminal=27@17,plan=1.2.2.3.3.0.5.-2,states=17413310,transitions=30197321746
root_stream_action,day=1,index=62,robust=5/15/16,slice_best=5/17/18,improves=0,terminal=27@18,plan=1.2.2.2.4.5.-4,states=17421190,transitions=30233078374
root_stream_action,day=1,index=63,robust=5/15/16,slice_best=5/17/18,improves=0,terminal=27@16,plan=1.2.2.2.4.3.0.5,states=17425716,transitions=30238994082
root_stream_action,day=1,index=64,robust=5/16/16,slice_best=5/17/18,improves=0,terminal=27@21,plan=3.2.1.-10,states=17441089,transitions=30306989435
root_stream_action,day=1,index=65,robust=5/15/15,slice_best=5/17/18,improves=0,terminal=27@19,plan=3.2.2.0.-9,states=17465624,transitions=30414447284
root_stream_action,day=1,index=66,robust=5/15/16,slice_best=5/17/18,improves=0,terminal=27@19,plan=1.4.3.2.1.-6,states=17471679,transitions=30434037950
root_stream_action,day=1,index=67,robust=5/14/15,slice_best=5/17/18,improves=0,terminal=27@16,plan=3.2.1.2.3.0.5.-1,states=17495358,transitions=30493749486
root_stream_action,day=1,index=68,robust=5/15/15,slice_best=5/17/18,improves=0,terminal=27@17,plan=3.2.2.2.0.5.-5,states=17514660,transitions=30557815081
root_stream_action,day=1,index=69,robust=5/14/15,slice_best=5/17/18,improves=0,terminal=27@16,plan=3.2.2.2.5.0.-6,states=17523940,transitions=30595607521
root_stream_action,day=1,index=70,robust=5/13/13,slice_best=5/17/18,improves=0,terminal=27@13,plan=3.2.2.1.4.2.5.0.-3,states=17544109,transitions=30645455790
root_stream_action,day=1,index=71,robust=5/11/12,slice_best=5/17/18,improves=0,terminal=27@10,plan=3.2.2.1.4.1.4.2.5.0,states=17577911,transitions=30673964904
root_stream_action,day=1,index=72,robust=5/13/14,slice_best=5/17/18,improves=0,terminal=27@14,plan=3.2.2.1.1.4.4.0.-2,states=17635764,transitions=30828636615
root_stream_action,day=1,index=73,robust=5/15/16,slice_best=5/17/18,improves=0,terminal=27@18,plan=3.2.1.1.4.-5,states=17640431,transitions=30844697648
root_stream_action,day=1,index=74,robust=5/15/15,slice_best=5/17/18,improves=0,terminal=27@17,plan=3.2.2.1.0.4.-5,states=17650252,transitions=30872137318
root_stream_action,day=1,index=75,robust=5/15/16,slice_best=5/17/18,improves=0,terminal=27@16,plan=3.2.2.2.0.0.4.-3,states=17650578,transitions=30873077523
root_stream_action,day=1,index=76,robust=5/14/15,slice_best=5/17/18,improves=0,terminal=27@14,plan=3.2.2.2.5.1.0.4.-2,states=17652774,transitions=30878281972
root_stream_action,day=1,index=77,robust=5/15/16,slice_best=5/17/18,improves=0,terminal=27@16,plan=3.2.1.1.2.4.5.-1,states=17653895,transitions=30882284002
root_stream_action,day=1,index=78,robust=5/15/16,slice_best=5/17/18,improves=0,terminal=27@16,plan=3.2.2.1.1.5.4.-3,states=17653993,transitions=30883120666
root_stream_action,day=1,index=79,robust=5/16/16,slice_best=5/17/18,improves=0,terminal=27@15,plan=3.2.2.2.0.1.5.4.-1,states=17655293,transitions=30885167399
root_stream_action,day=1,index=80,robust=5/15/15,slice_best=5/17/18,improves=0,terminal=27@13,plan=3.2.2.2.5.1.1.5.4,states=17657106,transitions=30886699646
root_stream_action,day=1,index=81,robust=5/16/16,slice_best=5/17/18,improves=0,terminal=28@20,plan=1.2.2.3.-8,states=17669683,transitions=30948514797
root_stream_action,day=1,index=82,robust=5/16/16,slice_best=5/17/18,improves=0,terminal=28@18,plan=1.2.2.3.3.0.-4,states=17674706,transitions=30969646242
root_stream_action,day=1,index=83,robust=5/16/17,slice_best=5/17/18,improves=0,terminal=28@19,plan=1.2.2.2.4.-6,states=17675377,transitions=30971194989
root_stream_action,day=1,index=84,robust=5/16/17,slice_best=5/17/18,improves=0,terminal=28@17,plan=1.2.2.2.4.3.0.-2,states=17675535,transitions=30972307818
root_stream_action,day=1,index=85,robust=5/15/16,slice_best=5/17/18,improves=0,terminal=28@19,plan=3.2.1.2.-7,states=17689929,transitions=31029791345
root_stream_action,day=1,index=86,robust=5/15/16,slice_best=5/17/18,improves=0,terminal=28@19,plan=3.2.2.1.-9,states=17703034,transitions=31089195567
root_stream_action,day=1,index=87,robust=5/15/16,slice_best=5/17/18,improves=0,terminal=28@17,plan=3.2.1.2.3.0.-3,states=17711721,transitions=31110358327
root_stream_end,day=1,begin=0,end=88,full=0,has_result=1,slice_best=5/17/18,states=17711721,transitions=31110358327
minimax_slice,seed=1721100,family=adversarial-threshold,fuel=default,begin=0,end=88,own_count=175,opponent_count=61,slice_best=5/17/18
root_stream_case,seed=1721100,begin=0,end=88,policy=maximum-dwell,slice_robust=5/17/18,oracle=5/17/18,head=5/17/17,oracle_valid=1,head_valid=1,oracle_hash=425e7304e13a7358,head_hash=32dcfc4fa4a20fd6
root_stream_case,seed=1721100,begin=0,end=88,policy=minimum-dwell,slice_robust=5/17/18,oracle=5/17/18,head=5/16/17,oracle_valid=1,head_valid=1,oracle_hash=a9d35c4bee56d77f,head_hash=a9d910dc3b481ff7
root_stream_case,seed=1721100,begin=0,end=88,policy=status-toggle,slice_robust=5/17/18,oracle=5/17/18,head=5/17/17,oracle_valid=1,head_valid=1,oracle_hash=425e7304e13a7358,head_hash=32dcfc4fa4a20fd6
summary,cases=0,oracle_wins=0,ties=0,head_wins=0,invalid=0,tier1=0,tier2=0,tier3=0,max_gain=0,hash=14650fb0739d0383
