root_stream_begin,day=1,own_count=175,opponent_count=61,begin=88,end=175
root_stream_action,day=1,index=88,robust=5/16/16,slice_best=5/16/16,improves=1,terminal=28@18,plan=3.2.2.2.0.-7,states=4856699,transitions=6015498545
root_stream_action,day=1,index=89,robust=5/15/15,slice_best=5/16/16,improves=0,terminal=28@16,plan=3.2.2.2.5.1.-6,states=5100320,transitions=6660979609
root_stream_action,day=1,index=90,robust=5/13/14,slice_best=5/16/16,improves=0,terminal=28@13,plan=3.2.2.1.4.2.5.1.-3,states=5222851,transitions=6874611019
root_stream_action,day=1,index=91,robust=5/12/12,slice_best=5/16/16,improves=0,terminal=28@10,plan=3.2.2.1.4.1.4.2.5.1,states=5295624,transitions=6941250763
root_stream_action,day=1,index=92,robust=5/15/16,slice_best=5/16/16,improves=0,terminal=28@17,plan=3.2.2.1.1.4.-5,states=7197745,transitions=9401712609
root_stream_action,day=1,index=93,robust=5/16/16,slice_best=5/16/16,improves=0,terminal=28@16,plan=3.2.2.2.0.1.4.-3,states=7243940,transitions=9568785450
root_stream_action,day=1,index=94,robust=5/15/15,slice_best=5/16/16,improves=0,terminal=28@14,plan=3.2.2.2.5.1.1.4.-2,states=7273642,transitions=9640471731
root_stream_action,day=1,index=95,robust=5/16/16,slice_best=5/16/16,improves=0,terminal=28@18,plan=3.2.1.1.3.-5,states=8515970,transitions=11781406070
root_stream_action,day=1,index=96,robust=5/15/16,slice_best=5/16/16,improves=0,terminal=28@17,plan=3.2.2.1.0.3.-5,states=8689001,transitions=12206248028
root_stream_action,day=1,index=97,robust=5/16/16,slice_best=5/16/16,improves=0,terminal=28@16,plan=3.2.1.1.3.3.0.-1,states=8726959,transitions=12298473422
root_stream_action,day=1,index=98,robust=5/16/16,slice_best=5/16/16,improves=0,terminal=28@16,plan=3.2.2.2.0.0.3.-3,states=8729235,transitions=12306844438
root_stream_action,day=1,index=99,robust=5/15/15,slice_best=5/16/16,improves=0,terminal=28@14,plan=3.2.2.2.5.1.0.3.-2,states=8741889,transitions=12349757478
root_stream_action,day=1,index=100,robust=5/16/17,slice_best=5/16/17,improves=1,terminal=28@17,plan=3.2.1.1.2.4.-3,states=8830941,transitions=12641330667
root_stream_action,day=1,index=101,robust=5/16/16,slice_best=5/16/17,improves=0,terminal=28@16,plan=3.2.2.1.0.2.4.-3,states=8854360,transitions=12722601188
root_stream_action,day=1,index=102,robust=5/16/17,slice_best=5/16/17,improves=0,terminal=28@15,plan=3.2.2.2.0.0.2.4.-1,states=8862653,transitions=12739548083
root_stream_action,day=1,index=103,robust=5/15/16,slice_best=5/16/17,improves=0,terminal=28@13,plan=3.2.2.2.5.1.0.2.4,states=8868508,transitions=12743848249
root_stream_action,day=1,index=104,robust=5/16/18,slice_best=5/16/18,improves=1,terminal=33@23,plan=3.-14,states=12470877,transitions=18170394290
root_stream_action,day=1,index=105,robust=5/17/17,slice_best=5/17/17,improves=1,terminal=33@21,plan=3.2.5.-10,states=12761850,transitions=19025462057
root_stream_action,day=1,index=106,robust=5/15/16,slice_best=5/17/17,improves=0,terminal=33@18,plan=3.2.2.5.5.-7,states=13136192,transitions=19806122738
root_stream_action,day=1,index=107,robust=5/16/17,slice_best=5/17/17,improves=0,terminal=33@19,plan=1.4.3.2.5.-6,states=13254236,transitions=20217525659
root_stream_action,day=1,index=108,robust=5/15/15,slice_best=5/17/17,improves=0,terminal=33@15,plan=3.2.2.2.5.5.5.-4,states=13287653,transitions=20310102757
root_stream_action,day=1,index=109,robust=5/13/14,slice_best=5/17/17,improves=0,terminal=33@12,plan=3.2.2.1.4.2.5.5.5.-1,states=13326637,transitions=20371959877
root_stream_action,day=1,index=110,robust=5/14/14,slice_best=5/17/17,improves=0,terminal=33@13,plan=3.2.2.1.1.4.4.5.5,states=13417988,transitions=20533894316
root_stream_action,day=1,index=111,robust=5/16/17,slice_best=5/17/17,improves=0,terminal=33@17,plan=1.2.2.4.4.5.-3,states=13466223,transitions=20705759707
root_stream_action,day=1,index=112,robust=5/15/17,slice_best=5/17/17,improves=0,terminal=33@16,plan=1.2.2.3.4.5.5.-3,states=13515487,transitions=20852525617
root_stream_action,day=1,index=113,robust=5/16/17,slice_best=5/17/17,improves=0,terminal=33@15,plan=1.2.2.3.3.5.5.5.-1,states=13526409,transitions=20873273246
root_stream_action,day=1,index=114,robust=5/15/16,slice_best=5/17/17,improves=0,terminal=33@13,plan=1.2.2.3.4.2.5.5.5,states=13533371,transitions=20885202944
root_stream_action,day=1,index=115,robust=5/16/17,slice_best=5/17/17,improves=0,terminal=33@15,plan=1.2.2.2.4.4.5.5.-1,states=13546214,transitions=20923039764
root_stream_action,day=1,index=116,robust=5/17/18,slice_best=5/17/18,improves=1,terminal=34@22,plan=3.2.-12,states=13558681,transitions=20974131485
root_stream_action,day=1,index=117,robust=5/15/16,slice_best=5/17/18,improves=0,terminal=34@19,plan=3.2.2.5.-9,states=13598680,transitions=21165066328
root_stream_action,day=1,index=118,robust=5/16/18,slice_best=5/17/18,improves=0,terminal=34@20,plan=1.4.3.2.-8,states=13608877,transitions=21199197335
root_stream_action,day=1,index=119,robust=5/15/16,slice_best=5/17/18,improves=0,terminal=34@16,plan=3.2.2.2.5.5.-6,states=13611993,transitions=21216520647
root_stream_action,day=1,index=120,robust=5/14/14,slice_best=5/17/18,improves=0,terminal=34@13,plan=3.2.2.1.4.2.5.5.-3,states=13616420,transitions=21232262675
root_stream_action,day=1,index=121,robust=5/12/13,slice_best=5/17/18,improves=0,terminal=34@10,plan=3.2.2.1.4.1.4.2.5.5,states=13639129,transitions=21257374412
root_stream_action,day=1,index=122,robust=5/14/15,slice_best=5/17/18,improves=0,terminal=34@14,plan=3.2.2.1.1.4.4.5.-2,states=13668781,transitions=21363708013
root_stream_action,day=1,index=123,robust=5/16/17,slice_best=5/17/18,improves=0,terminal=34@18,plan=1.2.2.4.4.-5,states=13683428,transitions=21416075568
root_stream_action,day=1,index=124,robust=5/15/17,slice_best=5/17/18,improves=0,terminal=34@17,plan=1.2.2.3.4.5.-5,states=13693534,transitions=21450885412
root_stream_action,day=1,index=125,robust=5/16/17,slice_best=5/17/18,improves=0,terminal=34@16,plan=1.2.2.3.3.5.5.-3,states=13701009,transitions=21471892505
root_stream_action,day=1,index=126,robust=5/15/16,slice_best=5/17/18,improves=0,terminal=34@14,plan=1.2.2.3.4.2.5.5.-2,states=13701597,transitions=21474534676
root_stream_action,day=1,index=127,robust=5/16/17,slice_best=5/17/18,improves=0,terminal=34@16,plan=1.2.2.2.4.5.4.-1,states=13714784,transitions=21520502640
root_stream_action,day=1,index=128,robust=5/16/17,slice_best=5/17/18,improves=0,terminal=34@16,plan=1.2.2.2.4.4.5.-3,states=13715403,transitions=21523915325
root_stream_action,day=1,index=129,robust=5/17/17,slice_best=5/17/18,improves=0,terminal=34@15,plan=1.2.2.2.4.3.5.5.-1,states=13730574,transitions=21564426963
root_stream_action,day=1,index=130,robust=5/16/16,slice_best=5/17/18,improves=0,terminal=34@13,plan=1.2.2.2.4.4.2.5.5,states=13731541,transitions=21567663634
root_stream_action,day=1,index=131,robust=5/14/15,slice_best=5/17/18,improves=0,terminal=35@18,plan=1.2.2.4.3.-5,states=14919867,transitions=23846658205
root_stream_action,day=1,index=132,robust=5/15/15,slice_best=5/17/18,improves=0,terminal=35@19,plan=1.2.2.3.4.-6,states=15134954,transitions=24472962540
root_stream_action,day=1,index=133,robust=5/14/14,slice_best=5/17/18,improves=0,terminal=35@15,plan=1.2.2.4.3.2.5.-2,states=15271013,transitions=24755850347
root_stream_action,day=1,index=134,robust=5/15/16,slice_best=5/17/18,improves=0,terminal=35@18,plan=1.2.2.3.3.5.-4,states=15300141,transitions=24879037788
root_stream_action,day=1,index=135,robust=5/15/16,slice_best=5/17/18,improves=0,terminal=35@18,plan=1.2.2.2.4.4.-4,states=15348962,transitions=25108292270
root_stream_action,day=1,index=136,robust=5/15/16,slice_best=5/17/18,improves=0,terminal=35@16,plan=1.2.2.2.4.3.0.4,states=15471716,transitions=25427357450
root_stream_action,day=1,index=137,robust=5/16/16,slice_best=5/17/18,improves=0,terminal=35@17,plan=1.2.2.2.4.3.5.-2,states=15508746,transitions=25580361458
root_stream_action,day=1,index=138,robust=5/14/15,slice_best=5/17/18,improves=0,terminal=35@18,plan=1.2.3.4.2.-5,states=15568123,transitions=25763028153
root_stream_action,day=1,index=139,robust=5/16/16,slice_best=5/17/18,improves=0,terminal=35@21,plan=3.2.2.-10,states=15648287,transitions=26056095371
root_stream_action,day=1,index=140,robust=5/14/15,slice_best=5/17/18,improves=0,terminal=35@17,plan=1.2.5.4.3.2.2.-2,states=15727805,transitions=26233094963
root_stream_action,day=1,index=141,robust=5/15/16,slice_best=5/17/18,improves=0,terminal=35@19,plan=1.4.3.2.2.-6,states=15752480,transitions=26329809732
root_stream_action,day=1,index=142,robust=5/15/15,slice_best=5/17/18,improves=0,terminal=35@17,plan=3.2.1.2.3.5.-3,states=15763061,transitions=26371387961
root_stream_action,day=1,index=143,robust=5/14/15,slice_best=5/17/18,improves=0,terminal=35@16,plan=3.2.1.3.2.5.-4,states=15772929,transitions=26400257527
root_stream_action,day=1,index=144,robust=5/15/15,slice_best=5/17/18,improves=0,terminal=35@17,plan=3.2.2.1.3.5.-5,states=15775765,transitions=26411608592
root_stream_action,day=1,index=145,robust=5/15/16,slice_best=5/17/18,improves=0,terminal=35@18,plan=3.2.2.2.5.-7,states=15780667,transitions=26430795148
root_stream_action,day=1,index=146,robust=5/14/16,slice_best=5/17/18,improves=0,terminal=35@16,plan=1.4.3.2.2.2.5.-3,states=15781873,transitions=26435239816
root_stream_action,day=1,index=147,robust=5/14/15,slice_best=5/17/18,improves=0,terminal=35@16,plan=3.2.2.1.1.4.4.-3,states=15792430,transitions=26480088071
root_stream_action,day=1,index=148,robust=5/15/15,slice_best=5/17/18,improves=0,terminal=35@15,plan=3.2.2.1.1.4.3.5.-1,states=15798667,transitions=26501162735
root_stream_action,day=1,index=149,robust=5/14/14,slice_best=5/17/18,improves=0,terminal=35@15,plan=1.2.2.4.4.1.3,states=15836551,transitions=26551768593
root_stream_action,day=1,index=150,robust=5/14/15,slice_best=5/17/18,improves=0,terminal=35@16,plan=3.2.1.1.4.3.-2,states=15853452,transitions=26589742460
root_stream_action,day=1,index=151,robust=5/15/15,slice_best=5/17/18,improves=0,terminal=35@17,plan=1.2.2.4.4.2.-3,states=15863338,transitions=26634592111
root_stream_action,day=1,index=152,robust=5/14/15,slice_best=5/17/18,improves=0,terminal=35@16,plan=1.2.2.3.4.5.2.-3,states=15867507,transitions=26646386065
root_stream_action,day=1,index=153,robust=5/15/16,slice_best=5/17/18,improves=0,terminal=35@16,plan=3.2.1.1.3.3.5.-1,states=15870350,transitions=26656107785
root_stream_action,day=1,index=154,robust=5/15/15,slice_best=5/17/18,improves=0,terminal=35@15,plan=1.2.2.3.3.5.5.2.-1,states=15870813,transitions=26657854363
root_stream_action,day=1,index=155,robust=5/15/16,slice_best=5/17/18,improves=0,terminal=35@16,plan=3.2.1.1.2.4.4.-1,states=15874206,transitions=26671501856
root_stream_action,day=1,index=156,robust=5/15/15,slice_best=5/17/18,improves=0,terminal=35@15,plan=1.2.2.2.4.4.5.2.-1,states=15877356,transitions=26680588202
root_stream_action,day=1,index=157,robust=5/17/17,slice_best=5/17/18,improves=0,terminal=36@19,plan=1.2.2.3.3.-6,states=16152510,transitions=27528808282
root_stream_action,day=1,index=158,robust=5/16/16,slice_best=5/17/18,improves=0,terminal=36@17,plan=1.2.2.3.4.2.-5,states=16213890,transitions=27748653403
root_stream_action,day=1,index=159,robust=5/17/18,slice_best=5/17/18,improves=0,terminal=36@18,plan=1.2.2.2.4.3.-4,states=16267704,transitions=27975245642
root_stream_action,day=1,index=160,robust=5/16/17,slice_best=5/17/18,improves=0,terminal=36@16,plan=1.2.2.2.4.4.2.-3,states=16283833,transitions=28042351476
root_stream_action,day=1,index=161,robust=5/16/17,slice_best=5/17/18,improves=0,terminal=36@18,plan=3.2.1.2.3.-5,states=16292561,transitions=28076956262
root_stream_action,day=1,index=162,robust=5/17/17,slice_best=5/17/18,improves=0,terminal=36@19,plan=3.2.2.2.-9,states=16294475,transitions=28088608059
root_stream_action,day=1,index=163,robust=5/15/16,slice_best=5/17/18,improves=0,terminal=36@16,plan=3.2.2.1.4.2.-6,states=16296883,transitions=28100968317
root_stream_action,day=1,index=164,robust=5/14/14,slice_best=5/17/18,improves=0,terminal=36@13,plan=3.2.2.1.4.1.4.2.-3,states=16304460,transitions=28121518985
root_stream_action,day=1,index=165,robust=5/12/13,slice_best=5/17/18,improves=0,terminal=36@10,plan=3.2.2.1.4.1.4.1.4.2,states=16317515,transitions=28134950020
root_stream_action,day=1,index=166,robust=5/16/17,slice_best=5/17/18,improves=0,terminal=36@17,plan=1.4.3.2.2.2.-5,states=16320852,transitions=28145362898
root_stream_action,day=1,index=167,robust=5/16/17,slice_best=5/17/18,improves=0,terminal=36@16,plan=3.2.2.1.1.4.3.-3,states=16321138,transitions=28146921835
root_stream_action,day=1,index=168,robust=5/15/16,slice_best=5/17/18,improves=0,terminal=36@14,plan=3.2.2.1.1.4.4.2.-2,states=16323521,transitions=28157598345
root_stream_action,day=1,index=169,robust=5/17/17,slice_best=5/17/18,improves=0,terminal=36@17,plan=3.2.1.1.3.3.-3,states=16326465,transitions=28163617293
root_stream_action,day=1,index=170,robust=5/16/17,slice_best=5/17/18,improves=0,terminal=36@16,plan=3.2.2.1.0.3.3.-3,states=16327079,transitions=28165738110
root_stream_action,day=1,index=171,robust=5/15/16,slice_best=5/17/18,improves=0,terminal=36@14,plan=1.2.2.3.4.5.2.2.-2,states=16329151,transitions=28169456237
root_stream_action,day=1,index=172,robust=5/17/18,slice_best=5/17/18,improves=0,terminal=36@16,plan=3.2.1.1.2.4.3.-1,states=16329659,transitions=28171119272
root_stream_action,day=1,index=173,robust=5/17/17,slice_best=5/17/18,improves=0,terminal=36@15,plan=3.2.2.1.0.2.4.3.-1,states=16329727,transitions=28171824480
root_stream_action,day=1,index=174,robust=5/16/16,slice_best=5/17/18,improves=0,terminal=36@13,plan=1.2.2.2.4.4.5.2.2,states=16330008,transitions=28172715008
root_stream_end,day=1,begin=88,end=175,full=0,has_result=1,slice_best=5/17/18,states=16330008,transitions=28172715008
minimax_slice,seed=1721100,family=adversarial-threshold,fuel=default,begin=88,end=175,own_count=175,opponent_count=61,slice_best=5/17/18
root_stream_case,seed=1721100,begin=88,end=175,policy=maximum-dwell,slice_robust=5/17/18,oracle=5/17/18,head=5/17/17,oracle_valid=1,head_valid=1,oracle_hash=7766679bc335bfb4,head_hash=32dcfc4fa4a20fd6
root_stream_case,seed=1721100,begin=88,end=175,policy=minimum-dwell,slice_robust=5/17/18,oracle=5/17/18,head=5/16/17,oracle_valid=1,head_valid=1,oracle_hash=d88f767191326d91,head_hash=a9d910dc3b481ff7
root_stream_case,seed=1721100,begin=88,end=175,policy=status-toggle,slice_robust=5/17/18,oracle=5/17/18,head=5/17/17,oracle_valid=1,head_valid=1,oracle_hash=d88f767191326d91,head_hash=32dcfc4fa4a20fd6
summary,cases=0,oracle_wins=0,ties=0,head_wins=0,invalid=0,tier1=0,tier2=0,tier3=0,max_gain=0,hash=14650fb0739d0383
