root_stream_begin,day=1,own_count=236,opponent_count=65,begin=118,end=236
root_stream_action,day=1,index=118,robust=5/17/20,slice_best=5/17/20,improves=1,terminal=28@27,plan=1.2.2.2.4.-7,states=12208685,transitions=22542343882
root_stream_action,day=1,index=119,robust=5/18/18,slice_best=5/18/18,improves=1,terminal=28@22,plan=1.2.2.3.4.5.2.1.-3,states=13092888,transitions=25395811335
root_stream_action,day=1,index=120,robust=5/18/20,slice_best=5/18/20,improves=1,terminal=28@26,plan=3.0.1.2.2.3.-5,states=15031854,transitions=31784756880
root_stream_action,day=1,index=121,robust=5/18/20,slice_best=5/18/20,improves=0,terminal=28@26,plan=3.2.1.1.3.-6,states=18413175,transitions=38360499456
root_stream_action,day=1,index=122,robust=5/18/20,slice_best=5/18/20,improves=0,terminal=28@25,plan=3.2.2.1.0.3.-6,states=18780493,transitions=39884859173
root_stream_action,day=1,index=123,robust=5/19/21,slice_best=5/19/21,improves=1,terminal=28@25,plan=3.2.1.1.2.4.-4,states=18871573,transitions=40333016720
root_stream_action,day=1,index=124,robust=5/19/21,slice_best=5/19/21,improves=0,terminal=28@24,plan=3.2.2.1.0.2.4.-4,states=18918577,transitions=40662274176
root_stream_action,day=1,index=125,robust=5/18/20,slice_best=5/19/21,improves=0,terminal=28@26,plan=1.2.2.3.3.0.-5,states=19155777,transitions=41640586321
root_stream_action,day=1,index=126,robust=5/18/20,slice_best=5/19/21,improves=0,terminal=28@24,plan=1.2.2.3.3.5.1.-4,states=19387736,transitions=42328021891
root_stream_action,day=1,index=127,robust=5/18/18,slice_best=5/19/21,improves=0,terminal=28@22,plan=1.2.2.3.4.2.5.1.-3,states=19648813,transitions=43111134680
root_stream_action,day=1,index=128,robust=5/18/21,slice_best=5/19/21,improves=0,terminal=28@25,plan=1.2.2.2.4.3.0.-3,states=19680426,transitions=43321749685
root_stream_action,day=1,index=129,robust=5/17/18,slice_best=5/19/21,improves=0,terminal=28@19,plan=1.2.2.3.4.2.5.5.2.1,states=19794102,transitions=43738242249
root_stream_action,day=1,index=130,robust=5/19/21,slice_best=5/19/21,improves=0,terminal=28@24,plan=3.0.1.2.2.3.3.0.-1,states=19914982,transitions=44159624097
root_stream_action,day=1,index=131,robust=5/19/21,slice_best=5/19/21,improves=0,terminal=28@24,plan=3.2.1.1.3.3.0.-2,states=19998727,transitions=44513645756
root_stream_action,day=1,index=132,robust=5/19/21,slice_best=5/19/21,improves=0,terminal=28@24,plan=3.2.2.2.0.0.3.-4,states=20008185,transitions=44565665704
root_stream_action,day=1,index=133,robust=5/19/19,slice_best=5/19/21,improves=0,terminal=28@22,plan=3.2.2.2.5.1.0.3.-3,states=20064235,transitions=44785185452
root_stream_action,day=1,index=134,robust=5/17/18,slice_best=5/19/21,improves=0,terminal=28@19,plan=3.2.2.1.0.3.4.2.5.1,states=20115461,transitions=44985816908
root_stream_action,day=1,index=135,robust=5/20/21,slice_best=5/20/21,improves=1,terminal=28@23,plan=3.2.1.1.2.4.3.0,states=20139040,transitions=45122397442
root_stream_action,day=1,index=136,robust=5/20/21,slice_best=5/20/21,improves=0,terminal=28@23,plan=3.2.2.2.0.0.2.4.-2,states=20141003,transitions=45135625278
root_stream_action,day=1,index=137,robust=5/19/20,slice_best=5/20/21,improves=0,terminal=28@21,plan=3.2.2.2.5.1.0.2.4.-1,states=20153734,transitions=45197213609
root_stream_action,day=1,index=138,robust=5/16/18,slice_best=5/20/21,improves=0,terminal=33@31,plan=3.-15,states=27585904,transitions=58656675551
root_stream_action,day=1,index=139,robust=5/17/19,slice_best=5/20/21,improves=0,terminal=33@29,plan=1.4.3.-11,states=27951716,transitions=59981722517
root_stream_action,day=1,index=140,robust=5/17/19,slice_best=5/20/21,improves=0,terminal=33@29,plan=3.2.5.-11,states=28552200,transitions=61968094390
root_stream_action,day=1,index=141,robust=5/17/19,slice_best=5/20/21,improves=0,terminal=33@26,plan=3.2.2.5.5.-8,states=29520831,transitions=64630627836
root_stream_action,day=1,index=142,robust=5/18/20,slice_best=5/20/21,improves=0,terminal=33@27,plan=1.4.3.2.5.-7,states=29581750,transitions=65005517359
root_stream_action,day=1,index=143,robust=5/18/19,slice_best=5/20/21,improves=0,terminal=33@23,plan=3.2.2.2.5.5.5.-5,states=29717067,transitions=65393630428
root_stream_action,day=1,index=144,robust=5/17/18,slice_best=5/20/21,improves=0,terminal=33@20,plan=3.2.2.1.4.2.5.5.5.-2,states=29827417,transitions=65724109903
root_stream_action,day=1,index=145,robust=5/19/21,slice_best=5/20/21,improves=0,terminal=33@25,plan=1.2.2.4.4.5.-4,states=29842048,transitions=65783056544
root_stream_action,day=1,index=146,robust=5/19/21,slice_best=5/20/21,improves=0,terminal=33@24,plan=1.2.2.3.4.5.5.-4,states=29857515,transitions=65844516149
root_stream_action,day=1,index=147,robust=5/19/21,slice_best=5/20/21,improves=0,terminal=33@23,plan=1.2.2.2.4.5.4.5,states=29878515,transitions=65947448724
root_stream_action,day=1,index=148,robust=5/20/21,slice_best=5/20/21,improves=0,terminal=33@23,plan=1.2.2.3.3.5.5.5.-2,states=29890555,transitions=65986117629
root_stream_action,day=1,index=149,robust=5/20/20,slice_best=5/20/21,improves=0,terminal=33@21,plan=1.2.2.3.4.2.5.5.5.-1,states=29892775,transitions=65996968109
root_stream_action,day=1,index=150,robust=5/20/22,slice_best=5/20/22,improves=1,terminal=33@22,plan=1.2.2.2.4.3.5.5.5,states=29895568,transitions=66014202946
root_stream_action,day=1,index=151,robust=5/17/19,slice_best=5/20/22,improves=0,terminal=34@30,plan=3.2.-13,states=29913896,transitions=66118115515
root_stream_action,day=1,index=152,robust=5/17/19,slice_best=5/20/22,improves=0,terminal=34@27,plan=3.2.2.5.-10,states=30007409,transitions=66698338519
root_stream_action,day=1,index=153,robust=5/18/20,slice_best=5/20/22,improves=0,terminal=34@28,plan=1.4.3.2.-9,states=30014941,transitions=66743557381
root_stream_action,day=1,index=154,robust=5/18/20,slice_best=5/20/22,improves=0,terminal=34@25,plan=1.4.3.2.2.5.-6,states=30057484,transitions=66973232975
root_stream_action,day=1,index=155,robust=5/18/20,slice_best=5/20/22,improves=0,terminal=34@23,plan=3.2.1.2.3.5.5.-3,states=30164092,transitions=67510102810
root_stream_action,day=1,index=156,robust=5/18/20,slice_best=5/20/22,improves=0,terminal=34@24,plan=3.2.2.2.5.5.-7,states=30186912,transitions=67642474507
root_stream_action,day=1,index=157,robust=5/18/18,slice_best=5/20/22,improves=0,terminal=34@21,plan=3.2.2.1.4.2.5.5.-4,states=30211217,transitions=67750984450
root_stream_action,day=1,index=158,robust=5/16/17,slice_best=5/20/22,improves=0,terminal=34@18,plan=3.2.2.1.4.1.4.2.5.5.-1,states=30262795,transitions=67969771865
root_stream_action,day=1,index=159,robust=5/19/20,slice_best=5/20/22,improves=0,terminal=34@22,plan=1.4.3.2.2.2.5.5.-3,states=30277484,transitions=68053368923
root_stream_action,day=1,index=160,robust=5/18/18,slice_best=5/20/22,improves=0,terminal=34@19,plan=1.4.3.2.2.1.4.2.5.5,states=30295531,transitions=68140069511
root_stream_action,day=1,index=161,robust=5/18/20,slice_best=5/20/22,improves=0,terminal=34@26,plan=1.2.2.4.4.-6,states=30526569,transitions=68972708225
root_stream_action,day=1,index=162,robust=5/18/20,slice_best=5/20/22,improves=0,terminal=34@25,plan=1.2.2.3.4.5.-6,states=30570233,transitions=69203085268
root_stream_action,day=1,index=163,robust=5/18/19,slice_best=5/20/22,improves=0,terminal=34@22,plan=3.2.2.1.0.3.4.5.-3,states=30678872,transitions=69676345699
root_stream_action,day=1,index=164,robust=5/19/21,slice_best=5/20/22,improves=0,terminal=34@24,plan=1.2.2.4.4.5.2.-2,states=30679448,transitions=69681654833
root_stream_action,day=1,index=165,robust=5/19/21,slice_best=5/20/22,improves=0,terminal=34@23,plan=1.2.2.3.4.5.5.2.-2,states=30681017,transitions=69692893147
root_stream_action,day=1,index=166,robust=5/19/19,slice_best=5/20/22,improves=0,terminal=34@21,plan=3.2.2.1.0.2.4.4.5.-1,states=30711247,transitions=69780138116
root_stream_action,day=1,index=167,robust=5/19/21,slice_best=5/20/22,improves=0,terminal=34@23,plan=1.2.2.3.3.0.5.4,states=30740601,transitions=69915167047
root_stream_action,day=1,index=168,robust=5/19/21,slice_best=5/20/22,improves=0,terminal=34@24,plan=1.2.2.3.3.5.5.-4,states=30794043,transitions=70085291098
root_stream_action,day=1,index=169,robust=5/19/20,slice_best=5/20/22,improves=0,terminal=34@22,plan=1.2.2.3.4.2.5.5.-3,states=30797606,transitions=70108456864
root_stream_action,day=1,index=170,robust=5/18/18,slice_best=5/20/22,improves=0,terminal=34@19,plan=1.2.2.3.4.1.4.2.5.5,states=30806081,transitions=70151494424
root_stream_action,day=1,index=171,robust=5/19/22,slice_best=5/20/22,improves=0,terminal=34@23,plan=1.2.2.2.4.3.5.5.-2,states=30808317,transitions=70164065618
root_stream_action,day=1,index=172,robust=5/19/20,slice_best=5/20/22,improves=0,terminal=34@21,plan=1.2.2.2.4.4.2.5.5.-1,states=30817667,transitions=70196368698
root_stream_action,day=1,index=173,robust=5/19/19,slice_best=5/20/22,improves=0,terminal=34@21,plan=3.2.2.1.0.3.3.5.5.-1,states=30826053,transitions=70225983443
root_stream_action,day=1,index=174,robust=5/18/18,slice_best=5/20/22,improves=0,terminal=34@19,plan=3.2.2.1.0.3.4.2.5.5,states=30829567,transitions=70250578520
root_stream_action,day=1,index=175,robust=5/20/21,slice_best=5/20/22,improves=0,terminal=34@22,plan=1.2.2.3.3.5.5.5.2,states=30832671,transitions=70262788547
root_stream_action,day=1,index=176,robust=5/17/18,slice_best=5/20/22,improves=0,terminal=35@26,plan=1.2.3.4.2.-6,states=32192395,transitions=72041036210
root_stream_action,day=1,index=177,robust=5/17/18,slice_best=5/20/22,improves=0,terminal=35@26,plan=3.2.1.2.4.-6,states=32253988,transitions=72288064285
root_stream_action,day=1,index=178,robust=5/17/18,slice_best=5/20/22,improves=0,terminal=35@29,plan=3.2.2.-11,states=32342866,transitions=72659332773
root_stream_action,day=1,index=179,robust=5/18/19,slice_best=5/20/22,improves=0,terminal=35@25,plan=1.2.5.4.3.2.2.-3,states=32403953,transitions=72960842223
root_stream_action,day=1,index=180,robust=5/18/19,slice_best=5/20/22,improves=0,terminal=35@25,plan=1.4.3.2.1.3.-4,states=32407959,transitions=72981541558
root_stream_action,day=1,index=181,robust=5/18/19,slice_best=5/20/22,improves=0,terminal=35@27,plan=1.4.3.2.2.-7,states=32427979,transitions=73084629630
root_stream_action,day=1,index=182,robust=5/17/18,slice_best=5/20/22,improves=0,terminal=35@25,plan=1.2.3.2.3.5.-4,states=33027716,transitions=74234303960
root_stream_action,day=1,index=183,robust=5/17/18,slice_best=5/20/22,improves=0,terminal=35@24,plan=1.2.3.3.2.5.-5,states=33193978,transitions=74629781174
root_stream_action,day=1,index=184,robust=5/18/18,slice_best=5/20/22,improves=0,terminal=35@23,plan=1.2.3.4.2.2.5.-3,states=33263737,transitions=74854407032
root_stream_action,day=1,index=185,robust=5/18/19,slice_best=5/20/22,improves=0,terminal=35@25,plan=3.2.1.2.3.5.-4,states=33283851,transitions=74953597792
root_stream_action,day=1,index=186,robust=5/18/19,slice_best=5/20/22,improves=0,terminal=35@24,plan=3.2.1.3.2.5.-5,states=33295317,transitions=75009720469
root_stream_action,day=1,index=187,robust=5/18/19,slice_best=5/20/22,improves=0,terminal=35@26,plan=3.2.2.2.5.-8,states=33301120,transitions=75037741282
root_stream_action,day=1,index=188,robust=5/18/19,slice_best=5/20/22,improves=0,terminal=35@22,plan=1.4.3.2.1.3.2.5.-1,states=33316508,transitions=75111391927
root_stream_action,day=1,index=189,robust=5/19/19,slice_best=5/20/22,improves=0,terminal=35@23,plan=1.4.3.2.2.1.3.5.-2,states=33319922,transitions=75131508571
root_stream_action,day=1,index=190,robust=5/19/20,slice_best=5/20/22,improves=0,terminal=35@24,plan=1.4.3.2.2.2.5.-4,states=33322657,transitions=75146642449
root_stream_action,day=1,index=191,robust=5/17/18,slice_best=5/20/22,improves=0,terminal=35@26,plan=1.2.2.4.3.-6,states=33367332,transitions=75300651326
root_stream_action,day=1,index=192,robust=5/17/18,slice_best=5/20/22,improves=0,terminal=35@27,plan=1.2.2.3.4.-7,states=33448899,transitions=75562693115
root_stream_action,day=1,index=193,robust=5/18/18,slice_best=5/20/22,improves=0,terminal=35@23,plan=1.2.2.4.4.1.3.-1,states=33463508,transitions=75649934071
root_stream_action,day=1,index=194,robust=5/18/19,slice_best=5/20/22,improves=0,terminal=35@25,plan=1.2.2.4.4.2.-4,states=33484941,transitions=75748644840
root_stream_action,day=1,index=195,robust=5/18/19,slice_best=5/20/22,improves=0,terminal=35@24,plan=1.2.2.3.4.5.2.-4,states=33495363,transitions=75804038521
root_stream_action,day=1,index=196,robust=5/18/19,slice_best=5/20/22,improves=0,terminal=35@25,plan=3.0.1.2.2.3.4.-3,states=33569368,transitions=76155382708
root_stream_action,day=1,index=197,robust=5/18/18,slice_best=5/20/22,improves=0,terminal=35@23,plan=3.2.1.0.2.4.3.-1,states=33585315,transitions=76250343704
root_stream_action,day=1,index=198,robust=5/18/19,slice_best=5/20/22,improves=0,terminal=35@24,plan=3.2.1.1.4.3.-3,states=33601230,transitions=76327241914
root_stream_action,day=1,index=199,robust=5/18/19,slice_best=5/20/22,improves=0,terminal=35@25,plan=3.2.1.1.3.4.-4,states=33613130,transitions=76386904127
root_stream_action,day=1,index=200,robust=5/18/19,slice_best=5/20/22,improves=0,terminal=35@24,plan=3.2.2.1.0.3.4.-4,states=33614799,transitions=76395247020
root_stream_action,day=1,index=201,robust=5/19/20,slice_best=5/20/22,improves=0,terminal=35@24,plan=3.2.1.1.2.4.4.-2,states=33620441,transitions=76428846051
root_stream_action,day=1,index=202,robust=5/19/19,slice_best=5/20/22,improves=0,terminal=35@23,plan=3.2.2.1.0.2.4.4.-2,states=33624361,transitions=76449451960
root_stream_action,day=1,index=203,robust=5/18/19,slice_best=5/20/22,improves=0,terminal=35@24,plan=1.2.2.4.2.3.5.-2,states=33635630,transitions=76502181029
root_stream_action,day=1,index=204,robust=5/18/18,slice_best=5/20/22,improves=0,terminal=35@23,plan=1.2.2.4.3.2.5.-3,states=33658407,transitions=76551544334
root_stream_action,day=1,index=205,robust=5/18/19,slice_best=5/20/22,improves=0,terminal=35@26,plan=1.2.2.3.3.5.-5,states=33675812,transitions=76624818613
root_stream_action,day=1,index=206,robust=5/18/20,slice_best=5/20/22,improves=0,terminal=35@25,plan=1.2.2.2.4.3.5.-3,states=33685126,transitions=76687433012
root_stream_action,day=1,index=207,robust=5/18/19,slice_best=5/20/22,improves=0,terminal=35@22,plan=1.2.2.4.4.2.2.5.-1,states=33691239,transitions=76713251338
root_stream_action,day=1,index=208,robust=5/19/19,slice_best=5/20/22,improves=0,terminal=35@23,plan=1.2.2.3.3.5.5.2.-2,states=33692436,transitions=76722541597
root_stream_action,day=1,index=209,robust=5/19/20,slice_best=5/20/22,improves=0,terminal=35@24,plan=3.0.1.2.2.3.3.5.-1,states=33706314,transitions=76805847354
root_stream_action,day=1,index=210,robust=5/19/20,slice_best=5/20/22,improves=0,terminal=35@24,plan=3.2.1.1.3.3.5.-2,states=33710521,transitions=76828822804
root_stream_action,day=1,index=211,robust=5/19/19,slice_best=5/20/22,improves=0,terminal=35@23,plan=3.2.2.1.0.3.3.5.-2,states=33713552,transitions=76844299083
root_stream_action,day=1,index=212,robust=5/20/20,slice_best=5/20/22,improves=0,terminal=35@23,plan=3.2.1.1.2.4.3.5,states=33719195,transitions=76879626797
root_stream_action,day=1,index=213,robust=5/19/20,slice_best=5/20/22,improves=0,terminal=35@22,plan=3.2.2.1.0.2.4.3.5,states=33723149,transitions=76898385132
root_stream_action,day=1,index=214,robust=5/18/20,slice_best=5/20/22,improves=0,terminal=36@26,plan=3.2.1.2.3.-6,states=33750668,transitions=77071720905
root_stream_action,day=1,index=215,robust=5/18/20,slice_best=5/20/22,improves=0,terminal=36@27,plan=3.2.2.2.-10,states=33764284,transitions=77170817428
root_stream_action,day=1,index=216,robust=5/18/20,slice_best=5/20/22,improves=0,terminal=36@24,plan=3.2.2.1.4.2.-7,states=33768925,transitions=77200772551
root_stream_action,day=1,index=217,robust=5/18/18,slice_best=5/20/22,improves=0,terminal=36@21,plan=3.2.2.1.4.1.4.2.-4,states=33777540,transitions=77245535409
root_stream_action,day=1,index=218,robust=5/16/17,slice_best=5/20/22,improves=0,terminal=36@18,plan=3.2.2.1.4.1.4.1.4.2.-1,states=33798198,transitions=77337742211
root_stream_action,day=1,index=219,robust=5/19/21,slice_best=5/20/22,improves=0,terminal=36@25,plan=1.4.3.2.2.2.-6,states=33803304,transitions=77376654889
root_stream_action,day=1,index=220,robust=5/19/20,slice_best=5/20/22,improves=0,terminal=36@22,plan=1.4.3.2.2.1.4.2.-3,states=33808717,transitions=77401568760
root_stream_action,day=1,index=221,robust=5/18/18,slice_best=5/20/22,improves=0,terminal=36@19,plan=1.4.3.2.2.1.4.1.4.2,states=33819117,transitions=77442877303
root_stream_action,day=1,index=222,robust=5/18/20,slice_best=5/20/22,improves=0,terminal=36@27,plan=1.2.2.3.3.-7,states=33856260,transitions=77604880604
root_stream_action,day=1,index=223,robust=5/18/20,slice_best=5/20/22,improves=0,terminal=36@25,plan=1.2.2.3.4.2.-6,states=33859116,transitions=77624439068
root_stream_action,day=1,index=224,robust=5/18/21,slice_best=5/20/22,improves=0,terminal=36@26,plan=1.2.2.2.4.3.-5,states=33859580,transitions=77628266337
root_stream_action,day=1,index=225,robust=5/18/21,slice_best=5/20/22,improves=0,terminal=36@24,plan=1.2.2.2.4.4.2.-4,states=33876998,transitions=77723617885
root_stream_action,day=1,index=226,robust=5/19/20,slice_best=5/20/22,improves=0,terminal=36@22,plan=1.2.2.3.4.5.2.2.-3,states=33880331,transitions=77744357936
root_stream_action,day=1,index=227,robust=5/18/18,slice_best=5/20/22,improves=0,terminal=36@19,plan=1.2.2.3.4.1.4.5.2.2,states=33895094,transitions=77805561331
root_stream_action,day=1,index=228,robust=5/19/21,slice_best=5/20/22,improves=0,terminal=36@25,plan=3.0.1.2.2.3.3.-3,states=33896548,transitions=77815688631
root_stream_action,day=1,index=229,robust=5/19/21,slice_best=5/20/22,improves=0,terminal=36@25,plan=3.2.1.1.3.3.-4,states=33902710,transitions=77856160079
root_stream_action,day=1,index=230,robust=5/19/21,slice_best=5/20/22,improves=0,terminal=36@24,plan=3.2.2.1.0.3.3.-4,states=33902894,transitions=77858444406
root_stream_action,day=1,index=231,robust=5/19/20,slice_best=5/20/22,improves=0,terminal=36@22,plan=3.2.2.1.0.3.4.2.-3,states=33903237,transitions=77860963903
root_stream_action,day=1,index=232,robust=5/18/18,slice_best=5/20/22,improves=0,terminal=36@19,plan=3.2.2.1.0.3.4.1.4.2,states=33904219,transitions=77867540726
root_stream_action,day=1,index=233,robust=5/20/22,slice_best=5/20/22,improves=0,terminal=36@24,plan=3.2.1.1.2.4.3.-2,states=33904284,transitions=77868395495
root_stream_action,day=1,index=234,robust=5/20/22,slice_best=5/20/22,improves=0,terminal=36@23,plan=3.2.2.1.0.2.4.3.-2,states=33904349,transitions=77869180988
root_stream_action,day=1,index=235,robust=5/20/20,slice_best=5/20/22,improves=0,terminal=36@21,plan=3.2.2.1.0.2.4.4.2.-1,states=33904777,transitions=77871666054
root_stream_end,day=1,begin=118,end=236,full=0,has_result=1,slice_best=5/20/22,states=33904777,transitions=77871666054
minimax_slice,seed=1721200,family=adversarial-threshold,fuel=high,begin=118,end=236,own_count=236,opponent_count=65,slice_best=5/20/22
root_stream_case,seed=1721200,begin=118,end=236,policy=maximum-dwell,slice_robust=5/20/22,oracle=5/20/22,head=5/19/22,oracle_valid=1,head_valid=1,oracle_hash=2605e523a8e2e2f3,head_hash=c6aebcf618cd571f
root_stream_case,seed=1721200,begin=118,end=236,policy=minimum-dwell,slice_robust=5/20/22,oracle=5/20/22,head=5/19/22,oracle_valid=1,head_valid=1,oracle_hash=2605e523a8e2e2f3,head_hash=c6aebcf618cd571f
root_stream_case,seed=1721200,begin=118,end=236,policy=status-toggle,slice_robust=5/20/22,oracle=5/20/22,head=5/19/22,oracle_valid=1,head_valid=1,oracle_hash=2605e523a8e2e2f3,head_hash=c6aebcf618cd571f
summary,cases=0,oracle_wins=0,ties=0,head_wins=0,invalid=0,tier1=0,tier2=0,tier3=0,max_gain=0,hash=14650fb0739d0383
