root_stream_begin,day=1,own_count=344,opponent_count=65,begin=0,end=86
root_stream_action,day=1,index=0,robust=6/18/18,slice_best=6/18/18,improves=1,terminal=17@23,plan=1.-15,states=18084811,transitions=26405088329
root_stream_action,day=1,index=1,robust=6/18/18,slice_best=6/18/18,improves=0,terminal=17@21,plan=3.0.1.-11,states=20237418,transitions=31910102842
root_stream_action,day=1,index=2,robust=6/18/18,slice_best=6/18/18,improves=0,terminal=17@19,plan=3.2.5.0.1.-7,states=20614603,transitions=32848864173
root_stream_action,day=1,index=3,robust=6/17/17,slice_best=6/18/18,improves=0,terminal=17@19,plan=1.2.2.5.5.-7,states=21764243,transitions=35161482619
root_stream_action,day=1,index=4,robust=6/17/17,slice_best=6/18/18,improves=0,terminal=17@17,plan=1.2.2.2.5.5.5.-3,states=22012599,transitions=35781823184
root_stream_action,day=1,index=5,robust=6/18/18,slice_best=6/18/18,improves=0,terminal=17@17,plan=3.2.1.1.5.5.-4,states=22136009,transitions=36039600094
root_stream_action,day=1,index=6,robust=6/17/17,slice_best=6/18/18,improves=0,terminal=17@16,plan=3.2.2.1.0.5.5.-4,states=22262653,transitions=36374842080
root_stream_action,day=1,index=7,robust=6/18/18,slice_best=6/18/18,improves=0,terminal=17@15,plan=3.2.2.2.0.0.5.5.-2,states=22320928,transitions=36505491796
root_stream_action,day=1,index=8,robust=6/16/16,slice_best=6/18/18,improves=0,terminal=17@13,plan=3.2.2.2.5.1.0.5.5.-1,states=22368572,transitions=36573393916
root_stream_action,day=1,index=9,robust=6/17/17,slice_best=6/18/18,improves=0,terminal=17@15,plan=3.2.1.1.2.5.5.5,states=22404107,transitions=36647211060
root_stream_action,day=1,index=10,robust=6/17/17,slice_best=6/18/18,improves=0,terminal=17@15,plan=3.2.2.1.1.5.5.5.-2,states=22410592,transitions=36669284841
root_stream_action,day=1,index=11,robust=6/18/18,slice_best=6/18/18,improves=0,terminal=17@14,plan=3.2.2.2.0.1.5.5.5,states=22439927,transitions=36729335362
root_stream_action,day=1,index=12,robust=6/17/17,slice_best=6/18/18,improves=0,terminal=18@22,plan=1.2.-13,states=23647291,transitions=40060745425
root_stream_action,day=1,index=13,robust=6/16/16,slice_best=6/18/18,improves=0,terminal=18@19,plan=3.2.1.0.-8,states=29007809,transitions=47506853333
root_stream_action,day=1,index=14,robust=6/17/17,slice_best=6/18/18,improves=0,terminal=18@20,plan=3.0.1.2.-9,states=29284701,transitions=48299368589
root_stream_action,day=1,index=15,robust=6/17/17,slice_best=6/18/18,improves=0,terminal=18@18,plan=3.2.5.0.1.2.-5,states=29320169,transitions=48381834052
root_stream_action,day=1,index=16,robust=6/14/14,slice_best=6/18/18,improves=0,terminal=18@12,plan=1.4.3.2.2.2.5.0.0,states=29388960,transitions=48455464664
root_stream_action,day=1,index=17,robust=6/17/17,slice_best=6/18/18,improves=0,terminal=18@20,plan=1.2.2.5.-9,states=29784765,transitions=49846803039
root_stream_action,day=1,index=18,robust=6/13/13,slice_best=6/18/18,improves=0,terminal=18@12,plan=1.2.2.3.4.5.2.0.0,states=30217836,transitions=50296025512
root_stream_action,day=1,index=19,robust=6/16/16,slice_best=6/18/18,improves=0,terminal=18@16,plan=1.2.2.3.3.0.0.5.-1,states=30415852,transitions=50768909777
root_stream_action,day=1,index=20,robust=6/13/13,slice_best=6/18/18,improves=0,terminal=18@12,plan=1.2.2.3.4.2.5.0.0,states=30678999,transitions=51026790800
root_stream_action,day=1,index=21,robust=6/17/17,slice_best=6/18/18,improves=0,terminal=18@18,plan=1.2.2.2.5.5.-5,states=30776395,transitions=51435375732
root_stream_action,day=1,index=22,robust=6/17/17,slice_best=6/18/18,improves=0,terminal=18@18,plan=3.2.1.1.5.-6,states=31093376,transitions=52456441249
root_stream_action,day=1,index=23,robust=6/16/16,slice_best=6/18/18,improves=0,terminal=18@17,plan=3.2.2.1.0.5.-6,states=31290563,transitions=53064486365
root_stream_action,day=1,index=24,robust=6/16/16,slice_best=6/18/18,improves=0,terminal=18@15,plan=3.2.1.2.3.0.0.5,states=31375584,transitions=53240122327
root_stream_action,day=1,index=25,robust=6/17/17,slice_best=6/18/18,improves=0,terminal=18@16,plan=3.2.2.2.0.0.5.-4,states=31436769,transitions=53409406512
root_stream_action,day=1,index=26,robust=6/16/16,slice_best=6/18/18,improves=0,terminal=18@14,plan=3.2.2.2.5.1.0.5.-3,states=31471330,transitions=53505608821
root_stream_action,day=1,index=27,robust=6/14/14,slice_best=6/18/18,improves=0,terminal=18@11,plan=3.2.2.1.4.2.5.1.0.5,states=31528053,transitions=53584449389
root_stream_action,day=1,index=28,robust=6/17/17,slice_best=6/18/18,improves=0,terminal=18@18,plan=3.0.1.2.2.5.-5,states=31766899,transitions=54285086542
root_stream_action,day=1,index=29,robust=6/17/17,slice_best=6/18/18,improves=0,terminal=18@16,plan=1.4.3.2.1.1.5.-2,states=31776995,transitions=54317345561
root_stream_action,day=1,index=30,robust=6/16/16,slice_best=6/18/18,improves=0,terminal=18@15,plan=1.4.3.2.2.1.0.5.-2,states=31794093,transitions=54364721968
root_stream_action,day=1,index=31,robust=6/17/17,slice_best=6/18/18,improves=0,terminal=18@14,plan=1.4.3.2.2.2.0.0.5,states=31797573,transitions=54369812226
root_stream_action,day=1,index=32,robust=6/17/17,slice_best=6/18/18,improves=0,terminal=18@16,plan=3.2.1.1.2.5.5.-2,states=31825762,transitions=54469415769
root_stream_action,day=1,index=33,robust=6/17/17,slice_best=6/18/18,improves=0,terminal=18@16,plan=3.2.2.1.1.5.5.-4,states=31829563,transitions=54489415626
root_stream_action,day=1,index=34,robust=6/17/17,slice_best=6/18/18,improves=0,terminal=18@15,plan=3.2.2.2.0.1.5.5.-2,states=31864301,transitions=54602838686
root_stream_action,day=1,index=35,robust=6/16/16,slice_best=6/18/18,improves=0,terminal=18@13,plan=3.2.2.2.5.1.1.5.5.-1,states=31876022,transitions=54647031305
root_stream_action,day=1,index=36,robust=6/17/17,slice_best=6/18/18,improves=0,terminal=18@16,plan=3.0.1.2.2.2.5.5.-1,states=31968930,transitions=54957456398
root_stream_action,day=1,index=37,robust=6/16/16,slice_best=6/18/18,improves=0,terminal=18@14,plan=1.4.3.2.2.1.1.5.5,states=31980110,transitions=54975707869
root_stream_action,day=1,index=38,robust=6/18/18,slice_best=6/18/18,improves=0,terminal=19@21,plan=1.2.2.-11,states=31997707,transitions=55075355454
root_stream_action,day=1,index=39,robust=6/17/17,slice_best=6/18/18,improves=0,terminal=19@17,plan=1.2.2.3.3.0.0.-3,states=32043100,transitions=55304020210
root_stream_action,day=1,index=40,robust=6/18/18,slice_best=6/18/18,improves=0,terminal=19@19,plan=1.2.2.2.5.-7,states=32090948,transitions=55603904430
root_stream_action,day=1,index=41,robust=6/15/15,slice_best=6/18/18,improves=0,terminal=19@12,plan=1.2.3.3.5.2.1.1.5,states=32161062,transitions=55759656276
root_stream_action,day=1,index=42,robust=6/17/17,slice_best=6/18/18,improves=0,terminal=19@16,plan=1.2.2.2.4.3.0.0.-1,states=32171148,transitions=55788239850
root_stream_action,day=1,index=43,robust=6/15/15,slice_best=6/18/18,improves=0,terminal=19@12,plan=1.2.3.3.2.5.1.1.5,states=32191973,transitions=55864227316
root_stream_action,day=1,index=44,robust=6/18/18,slice_best=6/18/18,improves=0,terminal=19@19,plan=3.2.1.1.-8,states=32509373,transitions=57055180804
root_stream_action,day=1,index=45,robust=6/17/17,slice_best=6/18/18,improves=0,terminal=19@18,plan=3.2.2.1.0.-8,states=32545872,transitions=57226130506
root_stream_action,day=1,index=46,robust=6/17/17,slice_best=6/18/18,improves=0,terminal=19@16,plan=3.2.1.2.3.0.0.-2,states=32561299,transitions=57267850557
root_stream_action,day=1,index=47,robust=6/18/18,slice_best=6/18/18,improves=0,terminal=19@17,plan=3.2.2.2.0.0.-6,states=32618171,transitions=57462746886
root_stream_action,day=1,index=48,robust=6/17/17,slice_best=6/18/18,improves=0,terminal=19@15,plan=3.2.2.2.5.1.0.-5,states=32629228,transitions=57505683657
root_stream_action,day=1,index=49,robust=6/15/15,slice_best=6/18/18,improves=0,terminal=19@12,plan=3.2.2.1.4.2.5.1.0.-2,states=32648614,transitions=57552422738
root_stream_action,day=1,index=50,robust=6/18/18,slice_best=6/18/18,improves=0,terminal=19@19,plan=3.0.1.2.2.-7,states=32651187,transitions=57560413878
root_stream_action,day=1,index=51,robust=6/18/18,slice_best=6/18/18,improves=0,terminal=19@17,plan=1.4.3.2.1.1.-4,states=32653056,transitions=57570454632
root_stream_action,day=1,index=52,robust=6/17/17,slice_best=6/18/18,improves=0,terminal=19@16,plan=1.4.3.2.2.1.0.-4,states=32665489,transitions=57622745753
root_stream_action,day=1,index=53,robust=6/18/18,slice_best=6/18/18,improves=0,terminal=19@15,plan=1.4.3.2.2.2.0.0.-2,states=32674597,transitions=57655355049
root_stream_action,day=1,index=54,robust=6/17/17,slice_best=6/18/18,improves=0,terminal=19@13,plan=1.4.3.2.2.2.5.1.0.-1,states=32678521,transitions=57670407624
root_stream_action,day=1,index=55,robust=6/18/18,slice_best=6/18/18,improves=0,terminal=19@17,plan=3.2.1.1.2.5.-4,states=32686333,transitions=57688289104
root_stream_action,day=1,index=56,robust=6/18/18,slice_best=6/18/18,improves=0,terminal=19@17,plan=3.2.2.1.1.5.-6,states=32689197,transitions=57703426621
root_stream_action,day=1,index=57,robust=6/18/18,slice_best=6/18/18,improves=0,terminal=19@15,plan=3.2.1.2.3.0.1.5,states=32694988,transitions=57716962791
root_stream_action,day=1,index=58,robust=6/18/18,slice_best=6/18/18,improves=0,terminal=19@16,plan=3.2.2.2.0.1.5.-4,states=32712644,transitions=57781935234
root_stream_action,day=1,index=59,robust=6/17/17,slice_best=6/18/18,improves=0,terminal=19@14,plan=3.2.2.2.5.1.1.5.-3,states=32715147,transitions=57794563741
root_stream_action,day=1,index=60,robust=6/15/15,slice_best=6/18/18,improves=0,terminal=19@11,plan=3.2.2.1.4.2.5.1.1.5,states=32726475,transitions=57818764620
root_stream_action,day=1,index=61,robust=6/18/18,slice_best=6/18/18,improves=0,terminal=19@17,plan=3.0.1.2.2.2.5.-3,states=32748294,transitions=57964424198
root_stream_action,day=1,index=62,robust=6/18/18,slice_best=6/18/18,improves=0,terminal=19@15,plan=1.4.3.2.1.1.2.5,states=32750530,transitions=57968418788
root_stream_action,day=1,index=63,robust=6/18/18,slice_best=6/18/18,improves=0,terminal=19@15,plan=1.4.3.2.2.1.1.5.-2,states=32752273,transitions=57976958766
root_stream_action,day=1,index=64,robust=6/18/18,slice_best=6/18/18,improves=0,terminal=19@14,plan=1.4.3.2.2.2.0.1.5,states=32754071,transitions=57987925637
root_stream_action,day=1,index=65,robust=6/17/17,slice_best=6/18/18,improves=0,terminal=20@18,plan=3.2.2.1.1.-8,states=33600681,transitions=59976263947
root_stream_action,day=1,index=66,robust=6/17/17,slice_best=6/18/18,improves=0,terminal=20@16,plan=3.2.1.2.3.0.1.-2,states=33696659,transitions=60192591892
root_stream_action,day=1,index=67,robust=6/18/18,slice_best=6/18/18,improves=0,terminal=20@17,plan=3.2.2.2.0.1.-6,states=33780333,transitions=60416045933
root_stream_action,day=1,index=68,robust=6/17/17,slice_best=6/18/18,improves=0,terminal=20@15,plan=3.2.2.2.5.1.1.-5,states=33804394,transitions=60486633714
root_stream_action,day=1,index=69,robust=6/15/15,slice_best=6/18/18,improves=0,terminal=20@12,plan=3.2.2.1.4.2.5.1.1.-2,states=33821844,transitions=60516539001
root_stream_action,day=1,index=70,robust=6/17/17,slice_best=6/18/18,improves=0,terminal=20@16,plan=1.4.3.2.2.1.1.-4,states=33874936,transitions=60686905307
root_stream_action,day=1,index=71,robust=6/18/18,slice_best=6/18/18,improves=0,terminal=20@15,plan=1.4.3.2.2.2.0.1.-2,states=33894385,transitions=60738871156
root_stream_action,day=1,index=72,robust=6/17/17,slice_best=6/18/18,improves=0,terminal=20@13,plan=1.4.3.2.2.2.5.1.1.-1,states=33906113,transitions=60771996138
root_stream_action,day=1,index=73,robust=6/18/18,slice_best=6/18/18,improves=0,terminal=20@20,plan=1.2.2.2.-9,states=33913174,transitions=60811720610
root_stream_action,day=1,index=74,robust=6/16/16,slice_best=6/18/18,improves=0,terminal=20@16,plan=1.2.2.3.4.1.1.-4,states=33966161,transitions=60975235910
root_stream_action,day=1,index=75,robust=6/15/15,slice_best=6/18/18,improves=0,terminal=20@13,plan=1.2.2.3.4.5.2.1.1.-1,states=33981326,transitions=61014116040
root_stream_action,day=1,index=76,robust=6/18/18,slice_best=6/18/18,improves=0,terminal=20@17,plan=1.2.2.3.3.0.1.-3,states=33981735,transitions=61016670593
root_stream_action,day=1,index=77,robust=6/17/17,slice_best=6/18/18,improves=0,terminal=20@15,plan=1.2.2.3.3.5.1.1.-2,states=33987455,transitions=61036987073
root_stream_action,day=1,index=78,robust=6/16/16,slice_best=6/18/18,improves=0,terminal=20@13,plan=1.2.2.3.4.2.5.1.1.-1,states=33990566,transitions=61051434556
root_stream_action,day=1,index=79,robust=6/18/18,slice_best=6/18/18,improves=0,terminal=20@18,plan=3.2.1.1.2.-6,states=33991844,transitions=61054564766
root_stream_action,day=1,index=80,robust=6/18/18,slice_best=6/18/18,improves=0,terminal=20@17,plan=3.2.2.1.0.2.-6,states=33992513,transitions=61057877133
root_stream_action,day=1,index=81,robust=6/18/18,slice_best=6/18/18,improves=0,terminal=20@15,plan=3.2.1.1.3.3.0.1,states=33994176,transitions=61061274872
root_stream_action,day=1,index=82,robust=6/18/18,slice_best=6/18/18,improves=0,terminal=20@16,plan=3.2.2.2.0.0.2.-4,states=33994267,transitions=61062054917
root_stream_action,day=1,index=83,robust=6/17/17,slice_best=6/18/18,improves=0,terminal=20@14,plan=3.2.2.2.5.1.0.2.-3,states=33994751,transitions=61063447175
root_stream_action,day=1,index=84,robust=6/15/15,slice_best=6/18/18,improves=0,terminal=20@11,plan=3.2.2.1.4.2.5.1.0.2,states=33996093,transitions=61065244170
root_stream_action,day=1,index=85,robust=6/18/18,slice_best=6/18/18,improves=0,terminal=20@18,plan=3.0.1.2.2.2.-5,states=34003969,transitions=61107215106
root_stream_end,day=1,begin=0,end=86,full=0,has_result=1,slice_best=6/18/18,states=34003969,transitions=61107215106
minimax_slice,seed=1720100,family=adversarial-balanced,fuel=default,begin=0,end=86,own_count=344,opponent_count=65,slice_best=6/18/18
root_stream_case,seed=1720100,begin=0,end=86,policy=maximum-dwell,slice_robust=6/18/18,oracle=6/18/18,head=6/18/18,oracle_valid=1,head_valid=1,oracle_hash=d7da01504c279fff,head_hash=35e474ba2e7bd8ab
root_stream_case,seed=1720100,begin=0,end=86,policy=minimum-dwell,slice_robust=6/18/18,oracle=6/18/18,head=6/18/18,oracle_valid=1,head_valid=1,oracle_hash=929ad958a7da8b17,head_hash=35e474ba2e7bd8ab
root_stream_case,seed=1720100,begin=0,end=86,policy=status-toggle,slice_robust=6/18/18,oracle=6/18/18,head=6/18/18,oracle_valid=1,head_valid=1,oracle_hash=d7da01504c279fff,head_hash=35e474ba2e7bd8ab
summary,cases=0,oracle_wins=0,ties=0,head_wins=0,invalid=0,tier1=0,tier2=0,tier3=0,max_gain=0,hash=14650fb0739d0383
