case_begin order=forward mask=0 started=2026-08-31T09:58:35.2399207+00:00
day=1 score=8/8/42 daily=8/42 profile_lb=8/8/42 profile_cert=8/8/42 profile_q50=8/25/123 candidates=16 candidate_ms=308 certification_ms=1115 terminals=a0@716/121,a1@168/95,a2@563/111,a3@457/120,a4@807/120,a5@807/120,a6@12/113,a7@563/118 post_ack_contingencies=0 elapsed_ms=3375
day=2 score=8/16/84 daily=8/42 profile_lb=8/16/84 profile_cert=8/16/84 profile_q50=8/30/140 candidates=16 candidate_ms=313 certification_ms=1116 terminals=a0@574/86,a1@807/42,a2@716/71,a3@955/65,a4@836/64,a5@992/71,a6@406/73,a7@799/79 post_ack_contingencies=0 elapsed_ms=3376
day=3 score=8/24/128 daily=8/44 profile_lb=8/32/154 profile_cert=8/32/154 profile_q50=8/32/154 candidates=16 candidate_ms=309 certification_ms=282 terminals=a0@807/46,a1@297/3,a2@574/36,a3@168/7,a4@333/24,a5@836/29,a6@716/35,a7@574/39 post_ack_contingencies=0 elapsed_ms=2542
day=4 score=8/32/163 daily=8/35 profile_lb=8/32/163 profile_cert=8/32/163 profile_q50=8/32/163 candidates=16 candidate_ms=1 certification_ms=0 terminals=a0@168/0,a1@297/3,a2@716/1,a3@297/2,a4@505/5,a5@955/1,a6@574/0,a7@716/6 post_ack_contingencies=0 elapsed_ms=1951
summary role_mask=0 days=4 score=8/32/163
case_complete order=forward mask=0 exit=0
case_elapsed_ms order=forward mask=0 value=13805

case_begin order=forward mask=1 started=2026-08-31T09:58:49.0681223+00:00
day=1 score=8/8/38 daily=8/38 profile_lb=8/8/38 profile_cert=8/8/38 profile_q50=8/24/117 candidates=16 candidate_ms=312 certification_ms=1116 terminals=a0@325/160,a1@168/148,a2@563/140,a3@457/152,a4@807/120,a5@807/120,a6@12/113,a7@505/103 post_ack_contingencies=0 elapsed_ms=3376
day=2 score=8/16/75 daily=8/37 profile_lb=8/16/75 profile_cert=8/16/75 profile_q50=8/29/119 candidates=16 candidate_ms=309 certification_ms=1115 terminals=a0@325/160,a1@955/113,a2@297/155,a3@799/108,a4@836/130,a5@836/130,a6@807/113,a7@297/155 post_ack_contingencies=0 elapsed_ms=3376
day=3 score=8/24/113 daily=8/38 profile_lb=8/31/140 profile_cert=8/31/140 profile_q50=8/31/142 candidates=16 candidate_ms=310 certification_ms=1115 terminals=a0@325/160,a1@168/149,a2@955/113,a3@505/68,a4@333/150,a5@333/150,a6@992/137,a7@505/108 post_ack_contingencies=0 elapsed_ms=3375
day=4 score=8/32/148 daily=8/35 profile_lb=8/32/148 profile_cert=8/32/148 profile_q50=8/32/148 candidates=16 candidate_ms=2 certification_ms=0 terminals=a0@1011/160,a1@955/151,a2@168/54,a3@799/144,a4@716/149,a5@1011/160,a6@836/95,a7@791/147 post_ack_contingencies=0 elapsed_ms=1956
summary role_mask=1 days=4 score=8/32/148
case_complete order=forward mask=1 exit=0
case_elapsed_ms order=forward mask=1 value=14730

case_begin order=forward mask=2 started=2026-08-31T09:59:03.8054432+00:00
day=1 score=8/8/37 daily=8/37 profile_lb=8/8/37 profile_cert=8/8/37 profile_q50=8/26/115 candidates=16 candidate_ms=310 certification_ms=1115 terminals=a0@1011/151,a1@955/160,a2@563/111,a3@791/83,a4@807/120,a5@807/120,a6@12/113,a7@505/103 post_ack_contingencies=0 elapsed_ms=3375
day=2 score=8/16/75 daily=8/38 profile_lb=8/16/75 profile_cert=8/16/75 profile_q50=8/31/129 candidates=16 candidate_ms=313 certification_ms=1116 terminals=a0@807/117,a1@1011/160,a2@505/136,a3@297/117,a4@836/64,a5@836/64,a6@1011/160,a7@799/144 post_ack_contingencies=0 elapsed_ms=3376
day=3 score=8/24/114 daily=8/39 profile_lb=8/31/140 profile_cert=8/31/140 profile_q50=8/32/141 candidates=16 candidate_ms=307 certification_ms=1115 terminals=a0@955/151,a1@1011/160,a2@799/144,a3@955/151,a4@333/24,a5@333/24,a6@168/113,a7@505/136 post_ack_contingencies=0 elapsed_ms=3376
day=4 score=8/32/149 daily=8/35 profile_lb=8/32/149 profile_cert=8/32/149 profile_q50=8/32/149 candidates=16 candidate_ms=2 certification_ms=0 terminals=a0@297/108,a1@406/160,a2@505/156,a3@168/92,a4@505/151,a5@505/151,a6@799/50,a7@791/98 post_ack_contingencies=0 elapsed_ms=1951
summary role_mask=2 days=4 score=8/32/149
case_complete order=forward mask=2 exit=0
case_elapsed_ms order=forward mask=2 value=14756

case_begin order=forward mask=4 started=2026-08-31T09:59:18.5671142+00:00
day=1 score=8/8/37 daily=8/37 profile_lb=8/8/37 profile_cert=8/8/37 profile_q50=8/26/116 candidates=16 candidate_ms=309 certification_ms=1116 terminals=a0@716/121,a1@168/148,a2@325/160,a3@457/152,a4@807/120,a5@807/120,a6@12/137,a7@563/130 post_ack_contingencies=0 elapsed_ms=3376
day=2 score=8/16/75 daily=8/38 profile_lb=8/16/75 profile_cert=8/16/75 profile_q50=8/30/124 candidates=16 candidate_ms=315 certification_ms=1115 terminals=a0@574/86,a1@807/113,a2@325/160,a3@799/108,a4@836/130,a5@836/130,a6@1011/122,a7@297/155 post_ack_contingencies=0 elapsed_ms=3375
day=3 score=8/24/114 daily=8/39 profile_lb=8/31/143 profile_cert=8/31/143 profile_q50=8/32/144 candidates=16 candidate_ms=313 certification_ms=923 terminals=a0@807/147,a1@955/146,a2@848/160,a3@505/141,a4@333/90,a5@333/90,a6@168/75,a7@799/141 post_ack_contingencies=0 elapsed_ms=3183
day=4 score=8/32/150 daily=8/36 profile_lb=8/32/150 profile_cert=8/32/150 profile_q50=8/32/150 candidates=16 candidate_ms=2 certification_ms=0 terminals=a0@836/92,a1@297/103,a2@1011/160,a3@1011/160,a4@955/151,a5@716/149,a6@955/151,a7@505/136 post_ack_contingencies=0 elapsed_ms=1950
summary role_mask=4 days=4 score=8/32/150
case_complete order=forward mask=4 exit=0
case_elapsed_ms order=forward mask=4 value=14544

case_begin order=forward mask=8 started=2026-08-31T09:59:33.1159237+00:00
day=1 score=8/8/38 daily=8/38 profile_lb=8/8/38 profile_cert=8/8/38 profile_q50=8/24/113 candidates=16 candidate_ms=308 certification_ms=1116 terminals=a0@1011/160,a1@168/110,a2@563/111,a3@1011/160,a4@807/142,a5@807/120,a6@12/113,a7@563/118 post_ack_contingencies=0 elapsed_ms=3376
day=2 score=8/16/75 daily=8/37 profile_lb=8/16/75 profile_cert=8/16/75 profile_q50=8/31/121 candidates=16 candidate_ms=312 certification_ms=1115 terminals=a0@168/113,a1@807/57,a2@716/149,a3@1011/160,a4@992/93,a5@836/64,a6@1011/160,a7@716/149 post_ack_contingencies=0 elapsed_ms=3375
day=3 score=8/24/106 daily=8/31 profile_lb=8/29/128 profile_cert=8/29/128 profile_q50=8/30/125 candidates=16 candidate_ms=311 certification_ms=1076 terminals=a0@955/60,a1@992/9,a2@955/78,a3@574/160,a4@791/57,a5@992/13,a6@574/160,a7@955/78 post_ack_contingencies=0 elapsed_ms=3336
day=4 score=8/32/140 daily=8/34 profile_lb=8/32/140 profile_cert=8/32/140 profile_q50=8/32/140 candidates=16 candidate_ms=2 certification_ms=0 terminals=a0@297/17,a1@707/0,a2@168/19,a3@574/160,a4@836/19,a5@807/3,a6@186/113,a7@168/19 post_ack_contingencies=0 elapsed_ms=1953
summary role_mask=8 days=4 score=8/32/140
case_complete order=forward mask=8 exit=0
case_elapsed_ms order=forward mask=8 value=14689

case_begin order=forward mask=16 started=2026-08-31T09:59:47.8091894+00:00
day=1 score=8/8/36 daily=8/36 profile_lb=8/8/36 profile_cert=8/8/36 profile_q50=8/24/109 candidates=16 candidate_ms=307 certification_ms=1116 terminals=a0@848/155,a1@168/110,a2@563/111,a3@1011/160,a4@1011/160,a5@807/120,a6@12/113,a7@563/118 post_ack_contingencies=0 elapsed_ms=3376
day=2 score=8/16/72 daily=8/36 profile_lb=8/16/72 profile_cert=8/16/72 profile_q50=8/30/124 candidates=16 candidate_ms=312 certification_ms=1115 terminals=a0@505/129,a1@807/57,a2@716/149,a3@168/113,a4@1011/160,a5@836/64,a6@1011/160,a7@716/149 post_ack_contingencies=0 elapsed_ms=3375
day=3 score=8/24/112 daily=8/40 profile_lb=8/24/112 profile_cert=8/24/112 profile_q50=8/32/136 candidates=16 candidate_ms=374 certification_ms=1115 terminals=a0@716/149,a1@836/2,a2@574/136,a3@807/62,a4@1011/160,a5@333/24,a6@168/113,a7@574/136 post_ack_contingencies=0 elapsed_ms=3375
day=4 score=8/32/146 daily=8/34 profile_lb=8/32/146 profile_cert=8/32/146 profile_q50=8/32/146 candidates=16 candidate_ms=2 certification_ms=0 terminals=a0@574/136,a1@836/2,a2@807/142,a3@836/7,a4@1011/160,a5@505/5,a6@1011/160,a7@807/142 post_ack_contingencies=0 elapsed_ms=1949
summary role_mask=16 days=4 score=8/32/146
case_complete order=forward mask=16 exit=0
case_elapsed_ms order=forward mask=16 value=14757

case_begin order=forward mask=32 started=2026-08-31T10:00:02.5702687+00:00
day=1 score=8/8/37 daily=8/37 profile_lb=8/8/37 profile_cert=8/8/37 profile_q50=8/25/112 candidates=16 candidate_ms=314 certification_ms=1115 terminals=a0@716/121,a1@168/148,a2@563/130,a3@457/152,a4@807/120,a5@325/160,a6@12/137,a7@563/130 post_ack_contingencies=0 elapsed_ms=3375
day=2 score=8/16/74 daily=8/37 profile_lb=8/16/74 profile_cert=8/16/74 profile_q50=8/29/126 candidates=16 candidate_ms=307 certification_ms=1115 terminals=a0@574/86,a1@807/113,a2@297/155,a3@799/108,a4@836/130,a5@325/160,a6@406/141,a7@297/155 post_ack_contingencies=0 elapsed_ms=3376
day=3 score=8/24/112 daily=8/38 profile_lb=8/31/142 profile_cert=8/31/142 profile_q50=8/32/139 candidates=16 candidate_ms=314 certification_ms=1116 terminals=a0@807/147,a1@836/58,a2@955/146,a3@505/141,a4@333/90,a5@848/160,a6@716/154,a7@505/141 post_ack_contingencies=0 elapsed_ms=3376
day=4 score=8/32/151 daily=8/39 profile_lb=8/32/151 profile_cert=8/32/151 profile_q50=8/32/151 candidates=16 candidate_ms=3 certification_ms=0 terminals=a0@836/92,a1@333/17,a2@168/110,a3@1011/160,a4@1011/160,a5@1011/160,a6@574/136,a7@799/144 post_ack_contingencies=0 elapsed_ms=1950
summary role_mask=32 days=4 score=8/32/151
case_complete order=forward mask=32 exit=0
case_elapsed_ms order=forward mask=32 value=14747

case_begin order=forward mask=64 started=2026-08-31T10:00:17.3218036+00:00
day=1 score=8/8/30 daily=8/30 profile_lb=8/23/105 profile_cert=8/23/105 profile_q50=8/23/106 candidates=16 candidate_ms=311 certification_ms=1090 terminals=a0@955/140,a1@325/160,a2@992/127,a3@992/137,a4@325/160,a5@791/103,a6@325/160,a7@955/113 post_ack_contingencies=0 elapsed_ms=3350
day=2 score=8/16/68 daily=8/38 profile_lb=8/16/68 profile_cert=8/16/68 profile_q50=8/29/120 candidates=16 candidate_ms=308 certification_ms=1115 terminals=a0@505/107,a1@807/126,a2@791/91,a3@807/99,a4@807/126,a5@297/160,a6@297/160,a7@168/154 post_ack_contingencies=0 elapsed_ms=3375
day=3 score=8/24/106 daily=8/38 profile_lb=8/32/132 profile_cert=8/32/132 profile_q50=8/32/132 candidates=16 candidate_ms=373 certification_ms=1116 terminals=a0@799/67,a1@836/71,a2@807/57,a3@297/160,a4@836/71,a5@505/103,a6@297/160,a7@1011/98 post_ack_contingencies=0 elapsed_ms=3376
day=4 score=8/32/146 daily=8/40 profile_lb=8/32/146 profile_cert=8/32/146 profile_q50=8/32/146 candidates=16 candidate_ms=2 certification_ms=0 terminals=a0@505/27,a1@333/155,a2@574/18,a3@955/117,a4@333/155,a5@297/160,a6@297/160,a7@168/51 post_ack_contingencies=0 elapsed_ms=1956
summary role_mask=64 days=4 score=8/32/146
case_complete order=forward mask=64 exit=0
case_elapsed_ms order=forward mask=64 value=14867

case_begin order=forward mask=128 started=2026-08-31T10:00:32.1966158+00:00
day=1 score=8/8/29 daily=8/29 profile_lb=8/24/103 profile_cert=8/24/103 profile_q50=8/24/104 candidates=16 candidate_ms=312 certification_ms=952 terminals=a0@955/140,a1@325/160,a2@992/127,a3@992/137,a4@325/160,a5@791/103,a6@992/127,a7@325/160 post_ack_contingencies=0 elapsed_ms=3213
day=2 score=8/16/66 daily=8/37 profile_lb=8/16/66 profile_cert=8/16/66 profile_q50=8/29/117 candidates=16 candidate_ms=308 certification_ms=1115 terminals=a0@505/107,a1@807/126,a2@807/89,a3@807/99,a4@807/126,a5@297/160,a6@791/91,a7@297/160 post_ack_contingencies=0 elapsed_ms=3375
day=3 score=8/24/103 daily=8/37 profile_lb=8/31/129 profile_cert=8/31/129 profile_q50=8/31/130 candidates=16 candidate_ms=306 certification_ms=1115 terminals=a0@799/67,a1@955/113,a2@836/130,a3@836/130,a4@297/155,a5@799/108,a6@325/160,a7@325/160 post_ack_contingencies=0 elapsed_ms=3375
day=4 score=8/32/143 daily=8/40 profile_lb=8/32/143 profile_cert=8/32/143 profile_q50=8/32/143 candidates=16 candidate_ms=3 certification_ms=0 terminals=a0@297/160,a1@168/154,a2@333/155,a3@333/155,a4@791/95,a5@505/68,a6@807/126,a7@297/160 post_ack_contingencies=0 elapsed_ms=1953
summary role_mask=128 days=4 score=8/32/143
case_complete order=forward mask=128 exit=0
case_elapsed_ms order=forward mask=128 value=15039

case_begin order=reverse mask=128 started=2026-08-31T10:00:47.2475982+00:00
day=1 score=8/8/37 daily=8/37 profile_lb=8/8/37 profile_cert=8/8/37 profile_q50=8/24/116 candidates=16 candidate_ms=309 certification_ms=1115 terminals=a0@505/110,a1@168/148,a2@563/131,a3@457/152,a4@807/120,a5@807/120,a6@12/137,a7@325/160 post_ack_contingencies=0 elapsed_ms=3376
day=2 score=8/16/74 daily=8/37 profile_lb=8/16/74 profile_cert=8/16/74 profile_q50=8/32/125 candidates=16 candidate_ms=307 certification_ms=1115 terminals=a0@799/144,a1@807/95,a2@716/149,a3@716/149,a4@955/151,a5@836/64,a6@1011/160,a7@1011/160 post_ack_contingencies=0 elapsed_ms=3376
day=3 score=8/24/114 daily=8/40 profile_lb=8/24/114 profile_cert=8/24/114 profile_q50=8/30/141 candidates=16 candidate_ms=307 certification_ms=1115 terminals=a0@574/104,a1@836/40,a2@574/114,a3@574/114,a4@168/154,a5@333/155,a6@168/113,a7@297/160 post_ack_contingencies=0 elapsed_ms=3376
day=4 score=8/32/150 daily=8/36 profile_lb=8/32/150 profile_cert=8/32/150 profile_q50=8/32/150 candidates=16 candidate_ms=3 certification_ms=0 terminals=a0@807/147,a1@799/5,a2@807/147,a3@807/147,a4@1011/155,a5@716/154,a6@1011/155,a7@848/160 post_ack_contingencies=0 elapsed_ms=1954
summary role_mask=128 days=4 score=8/32/150
case_complete order=reverse mask=128 exit=0
case_elapsed_ms order=reverse mask=128 value=14745

case_begin order=reverse mask=64 started=2026-08-31T10:01:01.9964627+00:00
day=1 score=8/8/37 daily=8/37 profile_lb=8/24/113 profile_cert=8/24/113 profile_q50=8/24/122 candidates=16 candidate_ms=309 certification_ms=936 terminals=a0@716/121,a1@168/148,a2@563/111,a3@457/152,a4@807/120,a5@807/120,a6@325/160,a7@563/130 post_ack_contingencies=0 elapsed_ms=3196
day=2 score=8/16/75 daily=8/38 profile_lb=8/16/75 profile_cert=8/16/75 profile_q50=8/29/127 candidates=16 candidate_ms=309 certification_ms=1115 terminals=a0@574/86,a1@807/113,a2@297/155,a3@799/108,a4@836/130,a5@836/130,a6@325/160,a7@505/91 post_ack_contingencies=0 elapsed_ms=3375
day=3 score=8/24/114 daily=8/39 profile_lb=8/31/143 profile_cert=8/31/143 profile_q50=8/32/144 candidates=16 candidate_ms=311 certification_ms=1114 terminals=a0@807/142,a1@836/58,a2@955/151,a3@505/68,a4@333/90,a5@12/107,a6@1011/160,a7@799/144 post_ack_contingencies=0 elapsed_ms=3375
day=4 score=8/32/154 daily=8/40 profile_lb=8/32/154 profile_cert=8/32/154 profile_q50=8/32/154 candidates=16 candidate_ms=3 certification_ms=0 terminals=a0@836/87,a1@333/17,a2@168/115,a3@791/152,a4@848/160,a5@716/48,a6@848/160,a7@505/141 post_ack_contingencies=0 elapsed_ms=1954
summary role_mask=64 days=4 score=8/32/154
case_complete order=reverse mask=64 exit=0
case_elapsed_ms order=reverse mask=64 value=14593

case_begin order=reverse mask=32 started=2026-08-31T10:01:16.5933268+00:00
day=1 score=8/8/37 daily=8/37 profile_lb=8/8/37 profile_cert=8/8/37 profile_q50=8/25/112 candidates=16 candidate_ms=310 certification_ms=1115 terminals=a0@716/121,a1@168/148,a2@563/130,a3@457/152,a4@807/120,a5@325/160,a6@12/137,a7@563/130 post_ack_contingencies=0 elapsed_ms=3375
day=2 score=8/16/74 daily=8/37 profile_lb=8/16/74 profile_cert=8/16/74 profile_q50=8/29/126 candidates=16 candidate_ms=313 certification_ms=1115 terminals=a0@574/86,a1@807/113,a2@297/155,a3@799/108,a4@836/130,a5@325/160,a6@406/141,a7@297/155 post_ack_contingencies=0 elapsed_ms=3376
day=3 score=8/24/112 daily=8/38 profile_lb=8/24/112 profile_cert=8/24/112 profile_q50=8/32/139 candidates=16 candidate_ms=311 certification_ms=1116 terminals=a0@807/147,a1@836/58,a2@505/141,a3@505/141,a4@333/90,a5@848/160,a6@716/154,a7@799/141 post_ack_contingencies=0 elapsed_ms=3377
day=4 score=8/32/150 daily=8/38 profile_lb=8/32/150 profile_cert=8/32/150 profile_q50=8/32/150 candidates=16 candidate_ms=3 certification_ms=0 terminals=a0@836/92,a1@333/17,a2@563/150,a3@563/150,a4@716/154,a5@848/160,a6@574/131,a7@505/141 post_ack_contingencies=0 elapsed_ms=1957
summary role_mask=32 days=4 score=8/32/150
case_complete order=reverse mask=32 exit=0
case_elapsed_ms order=reverse mask=32 value=14768

case_begin order=reverse mask=16 started=2026-08-31T10:01:31.3672727+00:00
day=1 score=8/8/36 daily=8/36 profile_lb=8/8/36 profile_cert=8/8/36 profile_q50=8/24/109 candidates=16 candidate_ms=316 certification_ms=1115 terminals=a0@848/155,a1@168/110,a2@563/111,a3@1011/160,a4@1011/160,a5@807/120,a6@12/113,a7@563/118 post_ack_contingencies=0 elapsed_ms=3376
day=2 score=8/16/72 daily=8/36 profile_lb=8/16/72 profile_cert=8/16/72 profile_q50=8/30/124 candidates=16 candidate_ms=313 certification_ms=1115 terminals=a0@505/129,a1@807/57,a2@716/149,a3@168/113,a4@1011/160,a5@836/64,a6@1011/160,a7@716/149 post_ack_contingencies=0 elapsed_ms=3376
day=3 score=8/24/112 daily=8/40 profile_lb=8/24/112 profile_cert=8/24/112 profile_q50=8/32/136 candidates=16 candidate_ms=374 certification_ms=1115 terminals=a0@716/149,a1@836/2,a2@574/136,a3@807/62,a4@1011/160,a5@333/24,a6@168/113,a7@574/136 post_ack_contingencies=0 elapsed_ms=3375
day=4 score=8/32/146 daily=8/34 profile_lb=8/32/146 profile_cert=8/32/146 profile_q50=8/32/146 candidates=16 candidate_ms=1 certification_ms=0 terminals=a0@574/136,a1@836/2,a2@807/142,a3@836/7,a4@1011/160,a5@505/5,a6@1011/160,a7@807/142 post_ack_contingencies=0 elapsed_ms=1951
summary role_mask=16 days=4 score=8/32/146
case_complete order=reverse mask=16 exit=0
case_elapsed_ms order=reverse mask=16 value=14997

case_begin order=reverse mask=8 started=2026-08-31T10:01:46.3699843+00:00
day=1 score=8/8/38 daily=8/38 profile_lb=8/8/38 profile_cert=8/8/38 profile_q50=8/24/113 candidates=16 candidate_ms=304 certification_ms=1116 terminals=a0@1011/160,a1@168/110,a2@563/111,a3@1011/160,a4@807/142,a5@807/120,a6@12/113,a7@563/118 post_ack_contingencies=0 elapsed_ms=3376
day=2 score=8/16/75 daily=8/37 profile_lb=8/16/75 profile_cert=8/16/75 profile_q50=8/31/121 candidates=16 candidate_ms=314 certification_ms=1116 terminals=a0@168/113,a1@807/57,a2@716/149,a3@1011/160,a4@992/93,a5@836/64,a6@1011/160,a7@716/149 post_ack_contingencies=0 elapsed_ms=3376
day=3 score=8/24/106 daily=8/31 profile_lb=8/29/128 profile_cert=8/29/128 profile_q50=8/30/125 candidates=16 candidate_ms=307 certification_ms=1094 terminals=a0@955/60,a1@992/9,a2@955/78,a3@574/160,a4@791/57,a5@992/13,a6@574/160,a7@955/78 post_ack_contingencies=0 elapsed_ms=3355
day=4 score=8/32/140 daily=8/34 profile_lb=8/32/140 profile_cert=8/32/140 profile_q50=8/32/140 candidates=16 candidate_ms=2 certification_ms=0 terminals=a0@297/17,a1@707/0,a2@168/19,a3@574/160,a4@836/19,a5@807/3,a6@186/113,a7@168/19 post_ack_contingencies=0 elapsed_ms=1955
summary role_mask=8 days=4 score=8/32/140
case_complete order=reverse mask=8 exit=0
case_elapsed_ms order=reverse mask=8 value=14749

case_begin order=reverse mask=4 started=2026-08-31T10:02:01.1233539+00:00
day=1 score=8/8/37 daily=8/37 profile_lb=8/8/37 profile_cert=8/8/37 profile_q50=8/26/116 candidates=16 candidate_ms=308 certification_ms=1115 terminals=a0@716/121,a1@168/148,a2@325/160,a3@457/152,a4@807/120,a5@807/120,a6@12/137,a7@563/130 post_ack_contingencies=0 elapsed_ms=3375
day=2 score=8/16/75 daily=8/38 profile_lb=8/16/75 profile_cert=8/16/75 profile_q50=8/30/124 candidates=16 candidate_ms=314 certification_ms=1114 terminals=a0@574/86,a1@807/113,a2@325/160,a3@799/108,a4@836/130,a5@836/130,a6@1011/122,a7@297/155 post_ack_contingencies=0 elapsed_ms=3375
day=3 score=8/24/114 daily=8/39 profile_lb=8/31/143 profile_cert=8/31/143 profile_q50=8/32/144 candidates=16 candidate_ms=309 certification_ms=1000 terminals=a0@807/147,a1@955/146,a2@848/160,a3@505/141,a4@333/90,a5@333/90,a6@168/75,a7@799/141 post_ack_contingencies=0 elapsed_ms=3261
day=4 score=8/32/150 daily=8/36 profile_lb=8/32/150 profile_cert=8/32/150 profile_q50=8/32/150 candidates=16 candidate_ms=3 certification_ms=0 terminals=a0@836/92,a1@297/103,a2@1011/160,a3@1011/160,a4@955/151,a5@716/149,a6@955/151,a7@505/136 post_ack_contingencies=0 elapsed_ms=1949
summary role_mask=4 days=4 score=8/32/150
case_complete order=reverse mask=4 exit=0
case_elapsed_ms order=reverse mask=4 value=14672

case_begin order=reverse mask=2 started=2026-08-31T10:02:15.8005556+00:00
day=1 score=8/8/37 daily=8/37 profile_lb=8/8/37 profile_cert=8/8/37 profile_q50=8/26/118 candidates=16 candidate_ms=308 certification_ms=1116 terminals=a0@716/149,a1@1011/160,a2@563/111,a3@791/152,a4@807/142,a5@807/120,a6@12/113,a7@505/103 post_ack_contingencies=0 elapsed_ms=3376
day=2 score=8/16/76 daily=8/39 profile_lb=8/16/76 profile_cert=8/16/76 profile_q50=8/32/130 candidates=16 candidate_ms=316 certification_ms=1114 terminals=a0@574/136,a1@1011/160,a2@791/147,a3@297/117,a4@836/86,a5@836/64,a6@1011/160,a7@799/144 post_ack_contingencies=0 elapsed_ms=3375
day=3 score=8/24/116 daily=8/40 profile_lb=8/31/143 profile_cert=8/31/143 profile_q50=8/31/145 candidates=16 candidate_ms=310 certification_ms=1115 terminals=a0@807/96,a1@297/160,a2@836/109,a3@955/75,a4@333/155,a5@333/155,a6@168/113,a7@505/104 post_ack_contingencies=0 elapsed_ms=3375
day=4 score=8/32/154 daily=8/38 profile_lb=8/32/154 profile_cert=8/32/154 profile_q50=8/32/154 candidates=16 candidate_ms=2 certification_ms=0 terminals=a0@836/130,a1@325/160,a2@333/149,a3@168/148,a4@799/116,a5@716/111,a6@1011/122,a7@799/64 post_ack_contingencies=0 elapsed_ms=1953
summary role_mask=2 days=4 score=8/32/154
case_complete order=reverse mask=2 exit=0
case_elapsed_ms order=reverse mask=2 value=14845

case_begin order=reverse mask=1 started=2026-08-31T10:02:30.6512464+00:00
day=1 score=8/8/38 daily=8/38 profile_lb=8/8/38 profile_cert=8/8/38 profile_q50=8/24/117 candidates=16 candidate_ms=312 certification_ms=1115 terminals=a0@325/160,a1@168/148,a2@563/140,a3@457/152,a4@807/120,a5@807/120,a6@12/113,a7@505/103 post_ack_contingencies=0 elapsed_ms=3375
day=2 score=8/16/75 daily=8/37 profile_lb=8/16/75 profile_cert=8/16/75 profile_q50=8/29/119 candidates=16 candidate_ms=309 certification_ms=1115 terminals=a0@325/160,a1@955/113,a2@297/155,a3@799/108,a4@836/130,a5@836/130,a6@807/113,a7@297/155 post_ack_contingencies=0 elapsed_ms=3375
day=3 score=8/24/113 daily=8/38 profile_lb=8/31/140 profile_cert=8/31/140 profile_q50=8/31/142 candidates=16 candidate_ms=312 certification_ms=1115 terminals=a0@325/160,a1@168/149,a2@505/108,a3@505/68,a4@333/150,a5@333/150,a6@992/137,a7@955/113 post_ack_contingencies=0 elapsed_ms=3375
day=4 score=8/32/149 daily=8/36 profile_lb=8/32/149 profile_cert=8/32/149 profile_q50=8/32/149 candidates=16 candidate_ms=2 certification_ms=0 terminals=a0@955/160,a1@955/160,a2@799/153,a3@799/153,a4@716/92,a5@955/160,a6@836/95,a7@168/54 post_ack_contingencies=0 elapsed_ms=1953
summary role_mask=1 days=4 score=8/32/149
case_complete order=reverse mask=1 exit=0
case_elapsed_ms order=reverse mask=1 value=14806

case_begin order=reverse mask=0 started=2026-08-31T10:02:45.4614357+00:00
day=1 score=8/8/42 daily=8/42 profile_lb=8/8/42 profile_cert=8/8/42 profile_q50=8/25/123 candidates=16 candidate_ms=309 certification_ms=1116 terminals=a0@716/121,a1@168/95,a2@563/111,a3@457/120,a4@807/120,a5@807/120,a6@12/113,a7@563/118 post_ack_contingencies=0 elapsed_ms=3376
day=2 score=8/16/84 daily=8/42 profile_lb=8/16/84 profile_cert=8/16/84 profile_q50=8/30/140 candidates=16 candidate_ms=313 certification_ms=1114 terminals=a0@574/86,a1@807/42,a2@716/71,a3@955/65,a4@836/64,a5@992/71,a6@406/73,a7@799/79 post_ack_contingencies=0 elapsed_ms=3375
day=3 score=8/24/128 daily=8/44 profile_lb=8/32/154 profile_cert=8/32/154 profile_q50=8/32/154 candidates=16 candidate_ms=308 certification_ms=771 terminals=a0@807/46,a1@297/3,a2@574/36,a3@168/7,a4@333/24,a5@836/29,a6@716/35,a7@574/39 post_ack_contingencies=0 elapsed_ms=3032
day=4 score=8/32/163 daily=8/35 profile_lb=8/32/163 profile_cert=8/32/163 profile_q50=8/32/163 candidates=16 candidate_ms=1 certification_ms=0 terminals=a0@168/0,a1@297/3,a2@716/1,a3@297/2,a4@505/5,a5@955/1,a6@574/0,a7@716/6 post_ack_contingencies=0 elapsed_ms=1953
summary role_mask=0 days=4 score=8/32/163
case_complete order=reverse mask=0 exit=0
case_elapsed_ms order=reverse mask=0 value=14437

run_complete cases=18
