case_begin case=m6134-d8 replay=artifacts/btc/m-6134-ab3d699-series.jsonl day=8 started=2026-09-01T16:07:36.7353104+00:00 max_states=50000 max_routes=64
ledger_before=7/49/261
day_score=7/7/39
score_after=7/56/300
agent=0 kind=patrol claims=7 served=7 path_steps=96 raw_path_fuel=40 initial_fuel=188 spots=12:5,13:6,3:3,5:5,10:3,9:2,8:1 terminal=25:182
agent=1 kind=patrol claims=8 served=8 path_steps=96 raw_path_fuel=46 initial_fuel=171 spots=2:2,5:5,10:3,15:1,12:5,14:0,13:6,4:4 terminal=138:157
agent=2 kind=patrol claims=8 served=8 path_steps=96 raw_path_fuel=68 initial_fuel=189 spots=11:4,5:5,10:3,13:6,3:3,2:2,8:1,0:0 terminal=79:134
agent=3 kind=tanker claims=0 served=0 path_steps=96 raw_path_fuel=11 initial_fuel=192 spots= terminal=33:192
agent=4 kind=patrol claims=8 served=8 path_steps=96 raw_path_fuel=60 initial_fuel=183 spots=14:0,13:6,3:3,5:5,15:1,12:5,10:3,11:4 terminal=146:184
agent=5 kind=patrol claims=8 served=8 path_steps=96 raw_path_fuel=60 initial_fuel=183 spots=14:0,13:6,3:3,5:5,15:1,12:5,10:3,11:4 terminal=146:184
spot=0 brand=0 cell=79 stock=6 served=1 denied=0 agents=2S
spot=2 brand=2 cell=104 stock=2 served=2 denied=0 agents=1S,2S
spot=3 brand=3 cell=134 stock=4 served=4 denied=0 agents=4S,5S,0S,2S
spot=4 brand=4 cell=138 stock=1 served=1 denied=0 agents=1S
spot=5 brand=5 cell=52 stock=6 served=5 denied=0 agents=1S,2S,4S,5S,0S
spot=8 brand=1 cell=25 stock=3 served=2 denied=0 agents=0S,2S
spot=9 brand=2 cell=6 stock=1 served=1 denied=0 agents=0S
spot=10 brand=3 cell=33 stock=6 served=5 denied=0 agents=1S,2S,0S,4S,5S
spot=11 brand=4 cell=146 stock=3 served=3 denied=0 agents=2S,4S,5S
spot=12 brand=5 cell=242 stock=4 served=4 denied=0 agents=0S,1S,4S,5S
spot=13 brand=6 cell=251 stock=6 served=5 denied=0 agents=4S,5S,0S,2S,1S
spot=14 brand=0 cell=230 stock=3 served=3 denied=0 agents=4S,5S,1S
spot=15 brand=1 cell=180 stock=6 served=3 denied=0 agents=1S,4S,5S
sparse_agent=0 cap=50000 settled=50000 labels=51117 emitted_masks=148 protected_masks=45 retained=105 valid=105 best=7/56/302 mask=0x9F7D protected=7/56/300 protected_mask=0x0
sparse_agent=1 cap=50000 settled=50000 labels=51024 emitted_masks=104 protected_masks=26 retained=90 valid=90 best=7/56/302 mask=0xAFFE protected=7/56/300 protected_mask=0x0
sparse_agent=2 cap=50000 settled=50000 labels=51065 emitted_masks=159 protected_masks=21 retained=85 valid=85 best=7/56/302 mask=0x8F7F protected=7/56/300 protected_mask=0x0
sparse_agent=4 cap=50000 settled=50000 labels=51037 emitted_masks=145 protected_masks=52 retained=116 valid=116 best=7/56/302 mask=0xEF7E protected=7/56/300 protected_mask=0x0
sparse_agent=5 cap=50000 settled=50000 labels=51037 emitted_masks=145 protected_masks=52 retained=116 valid=116 best=7/56/302 mask=0xEF7E protected=7/56/300 protected_mask=0x0
sparse_global_best=7/56/302 baseline=7/56/300 agent=0 mask=0x9F7D
sparse_protected_best=7/56/300 baseline=7/56/300 agent=-1 mask=0x0
road_equivalent_summary exact=0 strict=0 strict_changed_terminal=0 baseline=7/56/300 best=7/56/300 agent=-1 mask=0x0 terminal_distance=0 fuel_delta=0
traffic_nonincreasing_summary candidates=0 strict=0 strict_changed_terminal=0 baseline=7/56/300 best=7/56/300 agent=-1 mask=0x0 terminal_distance=0 fuel_delta=0 road_reduction=0
sparse_best_plan=[[-1,1,1,1,1,0,0,5,1,2,2,2,2,1,1,2,2,3,3,3,2,2,2,1,2,0,0,1,1,0,0,0,5,5,5,5,5,0,5,5,4,4,4,5,0,5,5,-11],[-1,5,0,0,0,5,5,0,5,5,3,3,3,3,3,4,3,3,4,4,4,4,4,2,2,2,1,2,2,2,3,2,2,0,0,0,0,1,1,1,-24],[-1,0,1,1,1,1,1,0,5,5,3,3,3,3,3,3,3,2,2,2,3,3,3,3,3,3,0,0,0,0,0,0,5,0,1,1,2,0,0,0,1,1,2,2,2,2,2,2,3,3,3,-11],[0,1,0,0,0,0,0,0,1,-80],[-1,2,2,3,2,2,0,0,0,0,0,0,5,0,0,0,0,0,0,3,3,4,4,4,3,3,4,4,4,4,4,1,1,0,1,1,1,0,0,0,0,0,0,1,3,3,3,3,4,4,4,-5],[-1,2,2,3,2,2,0,0,0,0,0,0,5,0,0,0,0,0,0,3,3,4,4,4,3,3,4,4,4,4,4,1,1,0,1,1,1,0,0,0,0,0,0,1,3,3,3,3,4,4,4,-5]]
penultimate_robust_summary current_strict=1 lower_valid=1 closes=0 parent_current=7/56/300 candidate_current=7/56/302 lower=7/63/335 parent_upper=7/63/356 terminal_day=7/33 serving_upper=56 patrols=5 filtered_patrols=0 truncated_patrols=0 stationary_refuels=4 stationary_refuel_mode=1 terminal_solve_ms=1949
case_complete case=m6134-d8 exit=0
case_elapsed_ms case=m6134-d8 value=3570

case_begin case=m6213-d9 replay=artifacts/btc/m-6213-ab3d699-series.jsonl day=9 started=2026-09-01T16:07:40.3258110+00:00 max_states=50000 max_routes=64
ledger_before=8/64/502
day_score=8/8/63
score_after=8/72/565
agent=0 kind=patrol claims=8 served=8 path_steps=144 raw_path_fuel=70 initial_fuel=389 spots=5:5,7:7,2:2,4:4,8:0,6:6,19:3,9:1 terminal=491:407
agent=1 kind=patrol claims=9 served=9 path_steps=144 raw_path_fuel=73 initial_fuel=334 spots=7:7,5:5,17:1,4:4,14:6,0:0,18:2,10:2,11:3 terminal=342:261
agent=2 kind=patrol claims=9 served=9 path_steps=144 raw_path_fuel=81 initial_fuel=397 spots=10:2,5:5,7:7,2:2,4:4,8:0,6:6,19:3,9:1 terminal=491:407
agent=3 kind=patrol claims=9 served=9 path_steps=144 raw_path_fuel=74 initial_fuel=397 spots=10:2,5:5,4:4,0:0,17:1,14:6,15:7,22:6,1:1 terminal=165:323
agent=4 kind=patrol claims=10 served=10 path_steps=144 raw_path_fuel=91 initial_fuel=395 spots=13:5,5:5,7:7,17:1,4:4,14:6,0:0,18:2,10:2,11:3 terminal=342:304
agent=5 kind=tanker claims=0 served=0 path_steps=144 raw_path_fuel=0 initial_fuel=432 spots= terminal=194:432
agent=6 kind=patrol claims=10 served=10 path_steps=144 raw_path_fuel=73 initial_fuel=414 spots=16:0,23:7,12:4,4:4,8:0,6:6,19:3,2:2,9:1,10:2 terminal=349:399
agent=7 kind=patrol claims=8 served=8 path_steps=144 raw_path_fuel=63 initial_fuel=432 spots=6:6,8:0,14:6,17:1,18:2,5:5,20:4,7:7 terminal=569:369
spot=0 brand=0 cell=159 stock=7 served=3 denied=0 agents=3S,1S,4S
spot=1 brand=1 cell=165 stock=1 served=1 denied=0 agents=3S
spot=2 brand=2 cell=249 stock=3 served=3 denied=0 agents=0S,2S,6S
spot=4 brand=4 cell=104 stock=8 served=6 denied=0 agents=6S,3S,0S,1S,2S,4S
spot=5 brand=5 cell=405 stock=8 served=6 denied=0 agents=0S,4S,1S,2S,3S,7S
spot=6 brand=6 cell=194 stock=7 served=4 denied=0 agents=7S,6S,0S,2S
spot=7 brand=7 cell=569 stock=7 served=5 denied=0 agents=1S,0S,4S,2S,7S
spot=8 brand=0 cell=49 stock=8 served=4 denied=0 agents=7S,6S,0S,2S
spot=9 brand=1 cell=491 stock=5 served=3 denied=0 agents=0S,6S,2S
spot=10 brand=2 cell=349 stock=5 served=5 denied=0 agents=2S,3S,1S,4S,6S
spot=11 brand=3 cell=342 stock=2 served=2 denied=0 agents=1S,4S
spot=12 brand=4 cell=533 stock=6 served=1 denied=0 agents=6S
spot=13 brand=5 cell=503 stock=3 served=1 denied=0 agents=4S
spot=14 brand=6 cell=10 stock=4 served=4 denied=0 agents=7S,1S,4S,3S
spot=15 brand=7 cell=46 stock=3 served=1 denied=0 agents=3S
spot=16 brand=0 cell=552 stock=5 served=1 denied=0 agents=6S
spot=17 brand=1 cell=16 stock=8 served=4 denied=0 agents=1S,7S,4S,3S
spot=18 brand=2 cell=281 stock=3 served=3 denied=0 agents=7S,1S,4S
spot=19 brand=3 cell=288 stock=6 served=3 denied=0 agents=6S,0S,2S
spot=20 brand=4 cell=447 stock=4 served=1 denied=0 agents=7S
spot=22 brand=6 cell=95 stock=2 served=1 denied=0 agents=3S
spot=23 brand=7 cell=529 stock=4 served=1 denied=0 agents=6S
sparse_agent=0 cap=50000 settled=50000 labels=51454 emitted_masks=254 protected_masks=17 retained=78 valid=78 best=8/72/568 mask=0x5EE4F3 protected=8/72/565 protected_mask=0x0
sparse_agent=1 cap=50000 settled=50000 labels=51425 emitted_masks=371 protected_masks=51 retained=112 valid=112 best=8/72/570 mask=0xD7CC9F protected=8/72/565 protected_mask=0x0
sparse_agent=2 cap=50000 settled=50000 labels=51342 emitted_masks=153 protected_masks=28 retained=92 valid=92 best=8/72/568 mask=0x72EE37 protected=8/72/565 protected_mask=0x0
sparse_agent=3 cap=50000 settled=50000 labels=51342 emitted_masks=153 protected_masks=21 retained=85 valid=85 best=8/72/569 mask=0x72EE37 protected=8/72/565 protected_mask=0x0
sparse_agent=4 cap=50000 settled=50000 labels=51039 emitted_masks=199 protected_masks=29 retained=93 valid=93 best=8/72/570 mask=0xF7AE2B protected=8/72/565 protected_mask=0x0
sparse_agent=6 cap=50000 settled=50000 labels=51488 emitted_masks=215 protected_masks=32 retained=96 valid=96 best=8/72/568 mask=0xF5B62B protected=8/72/565 protected_mask=0x0
sparse_agent=7 cap=50000 settled=50000 labels=51384 emitted_masks=206 protected_masks=19 retained=79 valid=79 best=8/72/571 mask=0xFF966A protected=8/72/565 protected_mask=0x0
sparse_global_best=8/72/571 baseline=8/72/565 agent=7 mask=0xFF966A
sparse_protected_best=8/72/565 baseline=8/72/565 agent=-1 mask=0x0
road_equivalent_summary exact=0 strict=0 strict_changed_terminal=0 baseline=8/72/565 best=8/72/565 agent=-1 mask=0x0 terminal_distance=0 fuel_delta=0
traffic_nonincreasing_summary candidates=0 strict=0 strict_changed_terminal=0 baseline=8/72/565 best=8/72/565 agent=-1 mask=0x0 terminal_distance=0 fuel_delta=0 road_reduction=0
sparse_best_plan=[[-1,4,4,4,4,4,4,4,5,0,0,5,0,0,0,0,0,0,0,0,0,0,0,0,1,0,0,1,0,0,5,0,5,5,5,5,5,3,3,3,3,4,4,4,4,4,4,2,3,3,3,2,3,2,3,2,2,2,2,3,3,3,-30],[-1,2,1,1,1,1,1,1,1,0,0,0,0,0,0,0,1,0,0,0,1,0,1,0,0,4,5,4,4,4,5,5,5,5,5,1,1,1,1,2,2,3,3,3,3,3,3,3,3,3,3,4,4,4,4,5,5,5,5,5,5,5,5,5,-27],[-1,2,2,2,3,2,2,2,2,3,4,4,4,4,4,4,4,5,0,0,5,0,0,0,0,0,0,0,0,0,0,0,0,1,0,0,1,0,0,5,0,5,5,5,5,5,3,3,3,3,4,4,4,4,4,4,2,3,3,3,2,3,2,3,2,2,2,2,3,3,3,-14],[-1,2,2,2,3,2,2,2,2,3,0,0,0,0,0,0,0,0,0,0,0,0,5,5,5,5,5,5,5,2,2,2,2,2,2,3,3,0,0,1,1,1,1,5,5,5,5,5,5,2,2,2,2,3,2,2,2,2,2,2,2,3,3,4,4,4,-19],[-1,0,0,0,0,4,4,4,4,4,4,4,5,0,0,1,1,1,1,1,0,1,0,0,1,1,0,1,0,0,0,1,0,1,0,0,4,5,4,4,4,5,5,5,5,5,1,1,1,1,2,2,3,3,3,3,3,3,3,3,3,3,4,4,4,4,5,5,5,5,5,5,5,5,5,-12],[-144],[-1,1,2,2,2,2,2,0,1,0,1,1,0,0,0,1,1,1,1,1,1,1,1,1,0,0,5,0,5,5,5,5,5,3,3,3,3,4,4,4,4,4,4,1,1,2,2,2,2,2,2,2,2,3,3,3,4,4,4,3,3,3,3,0,1,1,1,1,1,-12],[-1,4,4,4,4,3,4,3,3,3,3,3,4,4,4,4,5,1,2,2,2,2,2,1,1,2,2,2,2,2,1,1,2,2,2,0,0,0,0,2,1,1,1,2,3,3,3,2,2,3,3,0,1,1,1,1,0,1,0,0,0,1,1,1,0,0,0,5,5,5,5,5]]
penultimate_robust_summary current_strict=1 lower_valid=1 closes=0 parent_current=8/72/565 candidate_current=8/72/571 lower=8/80/629 parent_upper=8/80/675 terminal_day=8/58 serving_upper=110 patrols=7 filtered_patrols=0 truncated_patrols=0 stationary_refuels=5 stationary_refuel_mode=1 terminal_solve_ms=1949
case_complete case=m6213-d9 exit=0
case_elapsed_ms case=m6213-d9 value=4510

run_complete cases=2 max_states=50000 max_routes=64
