ledger_before=8/48/153
day_score=8/8/21
score_after=8/56/174
agent=0 kind=tanker claims=0 served=0 path_steps=64 raw_path_fuel=0 initial_fuel=192 spots= terminal=912:192
agent=1 kind=patrol claims=1 served=1 path_steps=64 raw_path_fuel=0 initial_fuel=2 spots=2:2 terminal=107:2
agent=2 kind=patrol claims=5 served=5 path_steps=64 raw_path_fuel=47 initial_fuel=121 spots=0:0,5:5,12:4,3:3,17:1 terminal=912:192
agent=3 kind=patrol claims=5 served=5 path_steps=64 raw_path_fuel=36 initial_fuel=192 spots=17:1,1:1,3:3,5:5,0:0 terminal=310:156
agent=4 kind=patrol claims=5 served=5 path_steps=64 raw_path_fuel=31 initial_fuel=156 spots=0:0,5:5,12:4,2:2,22:6 terminal=6:125
agent=5 kind=patrol claims=5 served=5 path_steps=64 raw_path_fuel=36 initial_fuel=121 spots=0:0,5:5,12:4,21:5,7:7 terminal=454:85
spot=0 brand=0 cell=310 stock=5 served=4 denied=0 agents=2S,4S,5S,3S
spot=1 brand=1 cell=982 stock=6 served=1 denied=0 agents=3S
spot=2 brand=2 cell=107 stock=4 served=2 denied=0 agents=4S,1S
spot=3 brand=3 cell=624 stock=6 served=2 denied=0 agents=3S,2S
spot=5 brand=5 cell=401 stock=6 served=4 denied=0 agents=2S,4S,5S,3S
spot=7 brand=7 cell=454 stock=5 served=1 denied=0 agents=5S
spot=12 brand=4 cell=178 stock=6 served=3 denied=0 agents=2S,4S,5S
spot=17 brand=1 cell=912 stock=4 served=2 denied=0 agents=3S,2S
spot=21 brand=5 cell=297 stock=6 served=1 denied=0 agents=5S
spot=22 brand=6 cell=6 stock=2 served=1 denied=0 agents=4S
rendezvous_portfolio=45/5/64/64/64/64 coordination_queries=76 coordination_ms=15 deadline=0
rendezvous_pair group=18 patrol=1 tanker=0 valid=1 score=8/56/175 refuel=107@36 patrol_servings=2 patrol_terminal=178:183 tanker_terminal=109 plan=[[0,0,0,0,0,1,0,0,1,1,1,1,0,0,0,0,0,0,1,1,0,0,0,0,0,-1,2,2,-24],[-35,-1,2,2,2,2,2,3,2,3,-13],[-1,4,4,4,5,5,5,0,0,0,1,1,1,1,4,4,4,3,4,4,4,4,4,4,3,3,3,3,4,4,4,4,3,3,3,3,3,-2],[-1,2,2,2,2,2,3,3,0,0,0,0,0,0,0,0,0,0,0,5,0,0,1,1,1,1,1,2,2,1,1,1,2,-3],[-1,4,4,4,5,5,5,0,0,0,1,1,1,1,0,5,0,5,5,5,5,5,5,5,0,0,0,5,-13],[-1,4,4,4,5,5,5,0,0,0,1,1,1,1,5,5,4,5,4,4,5,5,4,5,5,4,4,4,4,4,-12]]
rendezvous_pair group=17 patrol=1 tanker=0 valid=1 score=8/56/175 refuel=107@36 patrol_servings=2 patrol_terminal=401:177 tanker_terminal=172 plan=[[0,0,0,0,0,1,0,0,1,1,1,1,0,0,0,0,0,0,1,1,0,0,0,0,0,-1,3,3,-24],[-35,-1,3,3,3,3,3,3,3,3,2,2,3,-10],[-1,4,4,4,5,5,5,0,0,0,1,1,1,1,4,4,4,3,4,4,4,4,4,4,3,3,3,3,4,4,4,4,3,3,3,3,3,-2],[-1,2,2,2,2,2,3,3,0,0,0,0,0,0,0,0,0,0,0,5,0,0,1,1,1,1,1,2,2,1,1,1,2,-3],[-1,4,4,4,5,5,5,0,0,0,1,1,1,1,0,5,0,5,5,5,5,5,5,5,0,0,0,5,-13],[-1,4,4,4,5,5,5,0,0,0,1,1,1,1,5,5,4,5,4,4,5,5,4,5,5,4,4,4,4,4,-12]]
rendezvous_pair group=16 patrol=1 tanker=0 valid=1 score=8/56/175 refuel=107@36 patrol_servings=2 patrol_terminal=624:168 tanker_terminal=172 plan=[[0,0,0,0,0,1,0,0,1,1,1,1,0,0,0,0,0,0,1,1,0,0,0,0,0,-1,3,3,-24],[-35,-1,3,3,3,3,3,4,4,3,3,4,3,3,3,3,3,3,-4],[-1,4,4,4,5,5,5,0,0,0,1,1,1,1,4,4,4,3,4,4,4,4,4,4,3,3,3,3,4,4,4,4,3,3,3,3,3,-2],[-1,2,2,2,2,2,3,3,0,0,0,0,0,0,0,0,0,0,0,5,0,0,1,1,1,1,1,2,2,1,1,1,2,-3],[-1,4,4,4,5,5,5,0,0,0,1,1,1,1,0,5,0,5,5,5,5,5,5,5,0,0,0,5,-13],[-1,4,4,4,5,5,5,0,0,0,1,1,1,1,5,5,4,5,4,4,5,5,4,5,5,4,4,4,4,4,-12]]
rendezvous_pair group=23 patrol=2 tanker=0 valid=1 score=8/56/172 refuel=107@36 patrol_servings=3 patrol_terminal=624:168 tanker_terminal=172 plan=[[0,0,0,0,0,1,0,0,1,1,1,1,0,0,0,0,0,0,1,1,0,0,0,0,0,-1,3,3,-24],[-64],[-8,0,0,0,0,0,5,5,5,0,5,5,5,5,5,-1,3,3,3,3,3,4,4,3,3,4,3,3,3,3,3,3,-4],[-1,2,2,2,2,2,3,3,0,0,0,0,0,0,0,0,0,0,0,5,0,0,1,1,1,1,1,2,2,1,1,1,2,-3],[-1,4,4,4,5,5,5,0,0,0,1,1,1,1,0,5,0,5,5,5,5,5,5,5,0,0,0,5,-13],[-1,4,4,4,5,5,5,0,0,0,1,1,1,1,5,5,4,5,4,4,5,5,4,5,5,4,4,4,4,4,-12]]
rendezvous_summary pairs=4 valid=4 best=8/56/175
