===== m-4195 mask=12 =====
day=1 score=8/8/20 daily=8/20 profile_lb=8/8/20 profile_cert=8/8/20 profile_q50=8/40/100 candidates=16 candidate_ms=928 certification_ms=1115 terminals=a0@36/176,a1@18/173,a2@78/180,a3@2/180 elapsed_ms=3377
day=2 score=8/16/40 daily=8/20 profile_lb=8/16/40 profile_cert=8/16/40 profile_q50=8/40/100 candidates=16 candidate_ms=344 certification_ms=1115 terminals=a0@2/180,a1@78/180,a2@78/180,a3@2/180 elapsed_ms=3378
day=3 score=8/24/60 daily=8/20 profile_lb=8/24/60 profile_cert=8/24/60 profile_q50=8/40/100 candidates=16 candidate_ms=1453 certification_ms=1115 terminals=a0@78/180,a1@18/175,a2@78/180,a3@2/180 elapsed_ms=3376
day=4 score=8/32/80 daily=8/20 profile_lb=8/32/80 profile_cert=8/32/80 profile_q50=8/40/100 candidates=16 candidate_ms=1232 certification_ms=1117 terminals=a0@81/165,a1@78/180,a2@78/180,a3@75/180 elapsed_ms=3380
day=5 score=8/40/100 daily=8/20 profile_lb=8/40/100 profile_cert=8/40/100 profile_q50=8/40/100 candidates=16 candidate_ms=2 certification_ms=0 terminals=a0@18/180,a1@85/176,a2@18/180,a3@75/180 elapsed_ms=760
summary role_mask=12 days=5 score=8/40/100
===== m-4195 mask=8 =====
day=1 score=8/8/26 daily=8/26 profile_lb=8/8/26 profile_cert=8/8/26 profile_q50=8/40/130 candidates=16 candidate_ms=317 certification_ms=1113 terminals=a0@2/180,a1@119/152,a2@35/147,a3@2/180 elapsed_ms=3377
day=2 score=8/16/52 daily=8/26 profile_lb=8/16/52 profile_cert=8/16/52 profile_q50=8/40/130 candidates=16 candidate_ms=1135 certification_ms=1116 terminals=a0@78/145,a1@2/180,a2@2/180,a3@2/180 elapsed_ms=3376
day=3 score=8/24/78 daily=8/26 profile_lb=8/24/78 profile_cert=8/24/78 profile_q50=8/40/130 candidates=16 candidate_ms=1554 certification_ms=1113 terminals=a0@2/180,a1@75/146,a2@85/138,a3@2/180 elapsed_ms=3376
day=4 score=8/32/104 daily=8/26 profile_lb=8/32/104 profile_cert=8/32/104 profile_q50=8/40/130 candidates=16 candidate_ms=1174 certification_ms=1115 terminals=a0@53/162,a1@106/179,a2@2/154,a3@119/180 elapsed_ms=3377
day=5 score=8/40/130 daily=8/26 profile_lb=8/40/130 profile_cert=8/40/130 profile_q50=8/40/130 candidates=16 candidate_ms=1 certification_ms=0 terminals=a0@119/180,a1@127/136,a2@119/180,a3@119/180 elapsed_ms=1948
summary role_mask=8 days=5 score=8/40/130
===== m-4195 mask=4 =====
day=1 score=8/8/26 daily=8/26 profile_lb=8/8/26 profile_cert=8/8/26 profile_q50=8/40/130 candidates=16 candidate_ms=317 certification_ms=1115 terminals=a0@18/166,a1@119/164,a2@78/180,a3@78/180 elapsed_ms=3377
day=2 score=8/16/52 daily=8/26 profile_lb=8/16/52 profile_cert=8/16/52 profile_q50=8/40/130 candidates=16 candidate_ms=1178 certification_ms=1113 terminals=a0@78/180,a1@58/174,a2@78/180,a3@58/137 elapsed_ms=3376
day=3 score=8/24/78 daily=8/26 profile_lb=8/24/78 profile_cert=8/24/78 profile_q50=8/40/130 candidates=16 candidate_ms=930 certification_ms=1115 terminals=a0@2/180,a1@2/180,a2@2/180,a3@2/180 elapsed_ms=3375
day=4 score=8/29/91 daily=5/13 profile_lb=8/37/117 profile_cert=8/37/117 profile_q50=8/37/117 candidates=16 candidate_ms=1717 certification_ms=1115 terminals=a0@75/151,a1@75/151,a2@2/180,a3@75/151 elapsed_ms=3375
day=5 score=8/37/117 daily=8/26 profile_lb=8/37/117 profile_cert=8/37/117 profile_q50=8/37/117 candidates=16 candidate_ms=2 certification_ms=0 terminals=a0@2/180,a1@2/180,a2@2/180,a3@119/157 elapsed_ms=1948
summary role_mask=4 days=5 score=8/37/117
===== m-4195 mask=2 =====
day=1 score=8/8/26 daily=8/26 profile_lb=8/8/26 profile_cert=8/8/26 profile_q50=8/40/130 candidates=16 candidate_ms=314 certification_ms=1116 terminals=a0@27/166,a1@78/180,a2@78/180,a3@113/155 elapsed_ms=3377
day=2 score=8/16/52 daily=8/26 profile_lb=8/16/52 profile_cert=8/16/52 profile_q50=8/40/130 candidates=16 candidate_ms=1069 certification_ms=1116 terminals=a0@35/128,a1@2/180,a2@2/180,a3@2/180 elapsed_ms=3377
day=3 score=8/24/78 daily=8/26 profile_lb=8/24/78 profile_cert=8/24/78 profile_q50=8/40/130 candidates=16 candidate_ms=1539 certification_ms=1116 terminals=a0@2/180,a1@2/180,a2@75/146,a3@85/138 elapsed_ms=3377
day=4 score=8/32/104 daily=8/26 profile_lb=8/32/104 profile_cert=8/32/104 profile_q50=8/40/130 candidates=16 candidate_ms=1110 certification_ms=1117 terminals=a0@78/180,a1@78/180,a2@119/169,a3@2/168 elapsed_ms=3377
day=5 score=8/40/130 daily=8/26 profile_lb=8/40/130 profile_cert=8/40/130 profile_q50=8/40/130 candidates=16 candidate_ms=1 certification_ms=0 terminals=a0@2/141,a1@78/180,a2@58/174,a3@78/180 elapsed_ms=1366
summary role_mask=2 days=5 score=8/40/130
===== m-4195 mask=1 =====
day=1 score=8/8/26 daily=8/26 profile_lb=8/8/26 profile_cert=8/8/26 profile_q50=8/40/130 candidates=16 candidate_ms=314 certification_ms=1115 terminals=a0@78/180,a1@119/164,a2@78/180,a3@78/180 elapsed_ms=3376
day=2 score=8/16/52 daily=8/26 profile_lb=8/16/52 profile_cert=8/16/52 profile_q50=8/40/130 candidates=16 candidate_ms=1630 certification_ms=1115 terminals=a0@78/180,a1@2/155,a2@2/145,a3@58/137 elapsed_ms=3375
day=3 score=8/24/78 daily=8/26 profile_lb=8/24/78 profile_cert=8/24/78 profile_q50=8/40/110 candidates=16 candidate_ms=392 certification_ms=1117 terminals=a0@2/180,a1@75/121,a2@85/103,a3@2/180 elapsed_ms=3379
day=4 score=8/32/102 daily=8/24 profile_lb=8/32/102 profile_cert=8/32/102 profile_q50=8/40/128 candidates=16 candidate_ms=1060 certification_ms=1116 terminals=a0@78/180,a1@18/173,a2@78/180,a3@18/173 elapsed_ms=3376
day=5 score=8/40/128 daily=8/26 profile_lb=8/40/128 profile_cert=8/40/128 profile_q50=8/40/128 candidates=16 candidate_ms=1 certification_ms=0 terminals=a0@78/180,a1@78/180,a2@2/145,a3@78/180 elapsed_ms=1170
summary role_mask=1 days=5 score=8/40/128
===== m-4195 mask=0 =====
day=1 score=8/8/27 daily=8/27 profile_lb=8/8/27 profile_cert=8/8/27 profile_q50=8/35/99 candidates=16 candidate_ms=398 certification_ms=1113 terminals=a0@36/143,a1@119/141,a2@2/138,a3@35/145 elapsed_ms=3376
day=2 score=8/16/54 daily=8/27 profile_lb=8/16/54 profile_cert=8/16/54 profile_q50=8/37/98 candidates=16 candidate_ms=315 certification_ms=1121 terminals=a0@85/107,a1@2/102,a2@78/103,a3@18/107 elapsed_ms=3382
day=3 score=8/24/76 daily=8/22 profile_lb=8/24/76 profile_cert=8/24/76 profile_q50=8/39/105 candidates=16 candidate_ms=313 certification_ms=1119 terminals=a0@127/67,a1@35/62,a2@127/68,a3@78/61 elapsed_ms=3380
day=4 score=8/32/103 daily=8/27 profile_lb=8/40/128 profile_cert=8/40/128 profile_q50=8/40/128 candidates=16 candidate_ms=314 certification_ms=1118 terminals=a0@58/24,a1@113/29,a2@18/21,a3@85/11 elapsed_ms=3378
day=5 score=8/40/128 daily=8/25 profile_lb=8/40/128 profile_cert=8/40/128 profile_q50=8/40/128 candidates=16 candidate_ms=1 certification_ms=0 terminals=a0@2/0,a1@2/0,a2@113/0,a3@113/0 elapsed_ms=1947
summary role_mask=0 days=5 score=8/40/128
===== m-4196 mask=12 =====
day=1 score=8/8/18 daily=8/18 profile_lb=8/8/18 profile_cert=8/8/18 profile_q50=8/40/94 candidates=16 candidate_ms=315 certification_ms=1114 terminals=a0@51/174,a1@2/174,a2@60/180,a3@136/180 elapsed_ms=3376
day=2 score=8/16/37 daily=8/19 profile_lb=8/16/37 profile_cert=8/16/37 profile_q50=8/40/94 candidates=16 candidate_ms=775 certification_ms=1115 terminals=a0@136/180,a1@91/180,a2@91/180,a3@136/180 elapsed_ms=3376
day=3 score=8/24/56 daily=8/19 profile_lb=8/24/56 profile_cert=8/24/56 profile_q50=8/40/94 candidates=16 candidate_ms=1701 certification_ms=1116 terminals=a0@60/157,a1@2/162,a2@91/180,a3@136/180 elapsed_ms=3376
day=4 score=8/32/75 daily=8/19 profile_lb=8/40/93 profile_cert=8/40/93 profile_q50=8/40/94 candidates=16 candidate_ms=315 certification_ms=1115 terminals=a0@136/180,a1@91/180,a2@91/180,a3@136/180 elapsed_ms=3376
day=5 score=8/40/94 daily=8/19 profile_lb=8/40/94 profile_cert=8/40/94 profile_q50=8/40/94 candidates=16 candidate_ms=1 certification_ms=0 terminals=a0@60/172,a1@2/180,a2@91/180,a3@2/180 elapsed_ms=643
summary role_mask=12 days=5 score=8/40/94
===== m-4196 mask=8 =====
day=1 score=8/8/26 daily=8/26 profile_lb=8/8/26 profile_cert=8/8/26 profile_q50=8/40/130 candidates=16 candidate_ms=316 certification_ms=1115 terminals=a0@2/155,a1@2/164,a2@136/180,a3@136/180 elapsed_ms=3377
day=2 score=8/16/52 daily=8/26 profile_lb=8/16/52 profile_cert=8/16/52 profile_q50=8/40/130 candidates=16 candidate_ms=313 certification_ms=1116 terminals=a0@136/180,a1@136/180,a2@108/137,a3@136/180 elapsed_ms=3377
day=3 score=8/24/78 daily=8/26 profile_lb=8/24/78 profile_cert=8/24/78 profile_q50=8/40/130 candidates=16 candidate_ms=982 certification_ms=1114 terminals=a0@17/177,a1@60/172,a2@2/180,a3@2/180 elapsed_ms=3376
day=4 score=8/32/104 daily=8/26 profile_lb=8/32/104 profile_cert=8/32/104 profile_q50=8/40/130 candidates=16 candidate_ms=317 certification_ms=1113 terminals=a0@91/163,a1@136/180,a2@91/163,a3@136/180 elapsed_ms=3376
day=5 score=8/40/130 daily=8/26 profile_lb=8/40/130 profile_cert=8/40/130 profile_q50=8/40/130 candidates=16 candidate_ms=2 certification_ms=0 terminals=a0@2/180,a1@17/177,a2@60/172,a3@2/180 elapsed_ms=1953
summary role_mask=8 days=5 score=8/40/130
===== m-4196 mask=4 =====
day=1 score=8/8/26 daily=8/26 profile_lb=8/8/26 profile_cert=8/8/26 profile_q50=8/40/130 candidates=16 candidate_ms=315 certification_ms=1115 terminals=a0@2/172,a1@2/174,a2@60/180,a3@17/171 elapsed_ms=3376
day=2 score=8/16/52 daily=8/26 profile_lb=8/16/52 profile_cert=8/16/52 profile_q50=8/40/130 candidates=16 candidate_ms=316 certification_ms=1113 terminals=a0@136/148,a1@136/148,a2@60/180,a3@91/152 elapsed_ms=3375
day=3 score=8/24/78 daily=8/26 profile_lb=8/24/78 profile_cert=8/24/78 profile_q50=8/40/130 candidates=16 candidate_ms=314 certification_ms=1115 terminals=a0@60/172,a1@2/180,a2@2/180,a3@2/180 elapsed_ms=3376
day=4 score=8/32/104 daily=8/26 profile_lb=8/32/104 profile_cert=8/32/104 profile_q50=8/40/130 candidates=16 candidate_ms=998 certification_ms=1113 terminals=a0@136/180,a1@91/163,a2@136/180,a3@136/180 elapsed_ms=3376
day=5 score=8/40/130 daily=8/26 profile_lb=8/40/130 profile_cert=8/40/130 profile_q50=8/40/130 candidates=16 candidate_ms=1 certification_ms=0 terminals=a0@60/172,a1@2/180,a2@2/180,a3@2/180 elapsed_ms=1195
summary role_mask=4 days=5 score=8/40/130
===== m-4196 mask=2 =====
day=1 score=8/8/26 daily=8/26 profile_lb=8/8/26 profile_cert=8/8/26 profile_q50=8/40/130 candidates=16 candidate_ms=315 certification_ms=1114 terminals=a0@2/172,a1@60/180,a2@2/174,a3@60/180 elapsed_ms=3376
day=2 score=8/16/52 daily=8/26 profile_lb=8/16/52 profile_cert=8/16/52 profile_q50=8/40/130 candidates=16 candidate_ms=314 certification_ms=1113 terminals=a0@91/162,a1@136/180,a2@136/180,a3@136/180 elapsed_ms=3376
day=3 score=8/24/78 daily=8/26 profile_lb=8/24/78 profile_cert=8/24/78 profile_q50=8/40/130 candidates=16 candidate_ms=957 certification_ms=1115 terminals=a0@2/162,a1@136/180,a2@60/139,a3@2/140 elapsed_ms=3377
day=4 score=8/32/104 daily=8/26 profile_lb=8/32/104 profile_cert=8/32/104 profile_q50=8/40/130 candidates=16 candidate_ms=312 certification_ms=1114 terminals=a0@91/163,a1@136/180,a2@136/180,a3@136/180 elapsed_ms=3377
day=5 score=8/40/130 daily=8/26 profile_lb=8/40/130 profile_cert=8/40/130 profile_q50=8/40/130 candidates=16 candidate_ms=1 certification_ms=0 terminals=a0@2/180,a1@2/180,a2@60/172,a3@2/180 elapsed_ms=1289
summary role_mask=2 days=5 score=8/40/130
===== m-4196 mask=1 =====
day=1 score=8/8/26 daily=8/26 profile_lb=8/8/26 profile_cert=8/8/26 profile_q50=8/40/130 candidates=16 candidate_ms=313 certification_ms=1113 terminals=a0@140/180,a1@2/144,a2@2/160,a3@60/145 elapsed_ms=3376
day=2 score=8/16/52 daily=8/26 profile_lb=8/16/52 profile_cert=8/16/52 profile_q50=8/40/130 candidates=16 candidate_ms=315 certification_ms=1117 terminals=a0@136/180,a1@91/162,a2@91/162,a3@91/162 elapsed_ms=3378
day=3 score=8/24/78 daily=8/26 profile_lb=8/24/78 profile_cert=8/24/78 profile_q50=8/40/130 candidates=16 candidate_ms=374 certification_ms=1115 terminals=a0@136/180,a1@17/155,a2@2/162,a3@60/156 elapsed_ms=3376
day=4 score=8/32/104 daily=8/26 profile_lb=8/32/104 profile_cert=8/32/104 profile_q50=8/40/130 candidates=16 candidate_ms=315 certification_ms=1115 terminals=a0@136/180,a1@136/180,a2@91/163,a3@136/180 elapsed_ms=3376
day=5 score=8/40/130 daily=8/26 profile_lb=8/40/130 profile_cert=8/40/130 profile_q50=8/40/130 candidates=16 candidate_ms=2 certification_ms=0 terminals=a0@2/180,a1@60/172,a2@2/180,a3@2/180 elapsed_ms=1227
summary role_mask=1 days=5 score=8/40/130
===== m-4196 mask=0 =====
day=1 score=8/8/30 daily=8/30 profile_lb=8/8/30 profile_cert=8/8/30 profile_q50=8/30/96 candidates=16 candidate_ms=378 certification_ms=1115 terminals=a0@2/132,a1@2/136,a2@17/144,a3@130/126 elapsed_ms=3378
day=2 score=8/16/60 daily=8/30 profile_lb=8/16/60 profile_cert=8/16/60 profile_q50=8/34/95 candidates=16 candidate_ms=315 certification_ms=1119 terminals=a0@136/92,a1@136/96,a2@82/104,a3@17/85 elapsed_ms=3383
day=3 score=8/24/83 daily=8/23 profile_lb=8/24/83 profile_cert=8/24/83 profile_q50=8/38/107 candidates=16 candidate_ms=316 certification_ms=1122 terminals=a0@140/45,a1@107/49,a2@2/53,a3@91/31 elapsed_ms=3384
day=4 score=8/32/105 daily=8/22 profile_lb=8/32/105 profile_cert=8/32/105 profile_q50=8/40/118 candidates=16 candidate_ms=313 certification_ms=1117 terminals=a0@50/3,a1@91/31,a2@60/4,a3@17/3 elapsed_ms=3377
day=5 score=8/40/118 daily=8/13 profile_lb=8/40/118 profile_cert=8/40/118 profile_q50=8/40/118 candidates=16 candidate_ms=2 certification_ms=0 terminals=a0@50/3,a1@12/0,a2@108/0,a3@2/0 elapsed_ms=535
summary role_mask=0 days=5 score=8/40/118
===== m-4149 mask=0 =====
day=1 score=4/4/17 daily=4/17 profile_lb=4/16/62 profile_cert=4/16/62 profile_q50=4/16/62 candidates=16 candidate_ms=314 certification_ms=463 terminals=a0@40/42,a1@13/50,a2@63/38,a3@11/35 elapsed_ms=2723
day=2 score=4/8/35 daily=4/18 profile_lb=4/16/65 profile_cert=4/16/65 profile_q50=4/16/68 candidates=16 candidate_ms=315 certification_ms=283 terminals=a0@63/25,a1@50/35,a2@0/26,a3@63/16 elapsed_ms=2544
day=3 score=4/12/52 daily=4/17 profile_lb=4/16/68 profile_cert=4/16/68 profile_q50=4/16/68 candidates=16 candidate_ms=144 certification_ms=124 terminals=a0@0/13,a1@2/23,a2@40/12,a3@0/4 elapsed_ms=2214
day=4 score=4/16/68 daily=4/16 profile_lb=4/16/68 profile_cert=4/16/68 profile_q50=4/16/68 candidates=16 candidate_ms=2 certification_ms=0 terminals=a0@63/1,a1@40/7,a2@0/0,a3@11/1 elapsed_ms=1949
summary role_mask=0 days=4 score=4/16/68
===== m-4149 mask=8 =====
day=1 score=4/4/16 daily=4/16 profile_lb=4/16/64 profile_cert=4/16/64 profile_q50=4/16/64 candidates=16 candidate_ms=276 certification_ms=185 terminals=a0@40/48,a1@63/44,a2@63/36,a3@0/60 elapsed_ms=1470
day=2 score=4/8/32 daily=4/16 profile_lb=4/16/63 profile_cert=4/16/63 profile_q50=4/16/64 candidates=16 candidate_ms=312 certification_ms=339 terminals=a0@0/60,a1@11/57,a2@0/60,a3@0/60 elapsed_ms=2599
day=3 score=4/12/48 daily=4/16 profile_lb=4/16/64 profile_cert=4/16/64 profile_q50=4/16/64 candidates=16 candidate_ms=273 certification_ms=102 terminals=a0@63/37,a1@63/48,a2@40/44,a3@0/60 elapsed_ms=824
day=4 score=4/16/64 daily=4/16 profile_lb=4/16/64 profile_cert=4/16/64 profile_q50=4/16/64 candidates=16 candidate_ms=1 certification_ms=0 terminals=a0@2/58,a1@0/60,a2@0/60,a3@0/60 elapsed_ms=1947
summary role_mask=8 days=4 score=4/16/64
===== m-4149 mask=4 =====
day=1 score=4/4/16 daily=4/16 profile_lb=4/16/64 profile_cert=4/16/64 profile_q50=4/16/64 candidates=16 candidate_ms=308 certification_ms=364 terminals=a0@24/45,a1@63/44,a2@0/60,a3@2/58 elapsed_ms=1691
day=2 score=4/8/32 daily=4/16 profile_lb=4/16/62 profile_cert=4/16/62 profile_q50=4/16/64 candidates=16 candidate_ms=732 certification_ms=264 terminals=a0@13/55,a1@11/57,a2@0/60,a3@63/48 elapsed_ms=2464
day=3 score=4/12/48 daily=4/16 profile_lb=4/16/64 profile_cert=4/16/64 profile_q50=4/16/64 candidates=16 candidate_ms=212 certification_ms=195 terminals=a0@11/57,a1@63/48,a2@0/60,a3@11/57 elapsed_ms=1168
day=4 score=4/16/64 daily=4/16 profile_lb=4/16/64 profile_cert=4/16/64 profile_q50=4/16/64 candidates=16 candidate_ms=1 certification_ms=0 terminals=a0@50/51,a1@0/60,a2@0/60,a3@63/43 elapsed_ms=1946
summary role_mask=4 days=4 score=4/16/64
===== m-4149 mask=2 =====
day=1 score=4/4/16 daily=4/16 profile_lb=4/16/64 profile_cert=4/16/64 profile_q50=4/16/64 candidates=16 candidate_ms=299 certification_ms=497 terminals=a0@63/44,a1@0/60,a2@13/55,a3@2/58 elapsed_ms=2024
day=2 score=4/8/32 daily=4/16 profile_lb=4/16/63 profile_cert=4/16/63 profile_q50=4/16/64 candidates=16 candidate_ms=582 certification_ms=364 terminals=a0@11/57,a1@0/60,a2@50/50,a3@63/48 elapsed_ms=2480
day=3 score=4/12/48 daily=4/16 profile_lb=4/16/64 profile_cert=4/16/64 profile_q50=4/16/64 candidates=16 candidate_ms=306 certification_ms=153 terminals=a0@63/48,a1@0/60,a2@13/55,a3@11/57 elapsed_ms=2407
day=4 score=4/16/64 daily=4/16 profile_lb=4/16/64 profile_cert=4/16/64 profile_q50=4/16/64 candidates=16 candidate_ms=2 certification_ms=0 terminals=a0@0/60,a1@0/60,a2@11/57,a3@63/43 elapsed_ms=1950
summary role_mask=2 days=4 score=4/16/64
===== m-4149 mask=1 =====
day=1 score=4/4/16 daily=4/16 profile_lb=4/16/64 profile_cert=4/16/64 profile_q50=4/16/64 candidates=16 candidate_ms=496 certification_ms=688 terminals=a0@0/60,a1@63/44,a2@13/55,a3@2/58 elapsed_ms=2492
day=2 score=4/8/32 daily=4/16 profile_lb=4/16/63 profile_cert=4/16/63 profile_q50=4/16/64 candidates=16 candidate_ms=556 certification_ms=263 terminals=a0@0/60,a1@11/57,a2@40/50,a3@63/48 elapsed_ms=2441
day=3 score=4/12/48 daily=4/16 profile_lb=4/16/64 profile_cert=4/16/64 profile_q50=4/16/64 candidates=16 candidate_ms=234 certification_ms=161 terminals=a0@0/60,a1@63/42,a2@0/60,a3@0/60 elapsed_ms=1685
day=4 score=4/16/64 daily=4/16 profile_lb=4/16/64 profile_cert=4/16/64 profile_q50=4/16/64 candidates=16 candidate_ms=1 certification_ms=0 terminals=a0@0/60,a1@0/60,a2@63/37,a3@40/44 elapsed_ms=487
summary role_mask=1 days=4 score=4/16/64
===== m-4155 mask=0 =====
day=1 score=4/4/20 daily=4/20 profile_lb=4/16/69 profile_cert=4/16/69 profile_q50=4/16/69 candidates=16 candidate_ms=314 certification_ms=447 terminals=a0@3/42,a1@8/39,a2@58/36,a3@8/36 elapsed_ms=2707
day=2 score=4/8/41 daily=4/21 profile_lb=4/16/70 profile_cert=4/16/70 profile_q50=4/16/70 candidates=16 candidate_ms=314 certification_ms=171 terminals=a0@32/28,a1@63/22,a2@47/17,a3@47/16 elapsed_ms=2432
day=3 score=4/12/60 daily=4/19 profile_lb=4/16/71 profile_cert=4/16/71 profile_q50=4/16/71 candidates=16 candidate_ms=118 certification_ms=51 terminals=a0@3/14,a1@8/4,a2@21/4,a3@8/0 elapsed_ms=2118
day=4 score=4/16/71 daily=4/11 profile_lb=4/16/71 profile_cert=4/16/71 profile_q50=4/16/71 candidates=16 candidate_ms=1 certification_ms=0 terminals=a0@63/5,a1@32/0,a2@47/0,a3@8/0 elapsed_ms=235
summary role_mask=0 days=4 score=4/16/71
===== m-4155 mask=8 =====
day=1 score=4/4/17 daily=4/17 profile_lb=4/16/69 profile_cert=4/16/69 profile_q50=4/16/70 candidates=16 candidate_ms=328 certification_ms=388 terminals=a0@21/38,a1@8/46,a2@8/40,a3@47/60 elapsed_ms=1817
day=2 score=4/8/34 daily=4/17 profile_lb=4/16/67 profile_cert=4/16/67 profile_q50=4/16/69 candidates=16 candidate_ms=314 certification_ms=279 terminals=a0@58/46,a1@3/53,a2@63/58,a3@47/60 elapsed_ms=2540
day=3 score=4/12/50 daily=4/16 profile_lb=4/16/67 profile_cert=4/16/67 profile_q50=4/16/69 candidates=16 candidate_ms=220 certification_ms=95 terminals=a0@47/48,a1@8/56,a2@32/60,a3@32/60 elapsed_ms=2261
day=4 score=4/16/69 daily=4/19 profile_lb=4/16/69 profile_cert=4/16/69 profile_q50=4/16/69 candidates=16 candidate_ms=1 certification_ms=0 terminals=a0@8/60,a1@47/38,a2@63/45,a3@8/60 elapsed_ms=1950
summary role_mask=8 days=4 score=4/16/69
===== m-4155 mask=4 =====
day=1 score=4/4/18 daily=4/18 profile_lb=4/16/69 profile_cert=4/16/69 profile_q50=4/16/73 candidates=16 candidate_ms=290 certification_ms=340 terminals=a0@63/37,a1@8/60,a2@8/60,a3@8/60 elapsed_ms=1698
day=2 score=4/8/35 daily=4/17 profile_lb=4/16/67 profile_cert=4/16/67 profile_q50=4/16/70 candidates=16 candidate_ms=627 certification_ms=346 terminals=a0@8/56,a1@3/43,a2@32/60,a3@63/44 elapsed_ms=1389
day=3 score=4/12/52 daily=4/17 profile_lb=4/16/69 profile_cert=4/16/69 profile_q50=4/16/70 candidates=16 candidate_ms=246 certification_ms=88 terminals=a0@21/49,a1@8/56,a2@32/60,a3@32/60 elapsed_ms=2191
day=4 score=4/16/70 daily=4/18 profile_lb=4/16/70 profile_cert=4/16/70 profile_q50=4/16/70 candidates=16 candidate_ms=1 certification_ms=0 terminals=a0@47/57,a1@47/57,a2@37/60,a3@63/55 elapsed_ms=1948
summary role_mask=4 days=4 score=4/16/70
===== m-4155 mask=2 =====
day=1 score=4/4/17 daily=4/17 profile_lb=4/16/68 profile_cert=4/16/68 profile_q50=4/16/73 candidates=16 candidate_ms=287 certification_ms=343 terminals=a0@47/46,a1@32/60,a2@9/55,a3@3/52 elapsed_ms=1756
day=2 score=4/8/34 daily=4/17 profile_lb=4/16/68 profile_cert=4/16/68 profile_q50=4/16/68 candidates=16 candidate_ms=315 certification_ms=202 terminals=a0@32/60,a1@32/60,a2@63/47,a3@8/56 elapsed_ms=2462
day=3 score=4/12/50 daily=4/16 profile_lb=4/16/66 profile_cert=4/16/66 profile_q50=4/16/68 candidates=16 candidate_ms=228 certification_ms=124 terminals=a0@47/55,a1@21/60,a2@21/60,a3@3/57 elapsed_ms=2299
day=4 score=4/16/68 daily=4/18 profile_lb=4/16/68 profile_cert=4/16/68 profile_q50=4/16/68 candidates=16 candidate_ms=0 certification_ms=0 terminals=a0@8/56,a1@32/60,a2@8/56,a3@8/56 elapsed_ms=1425
summary role_mask=2 days=4 score=4/16/68
===== m-4155 mask=1 =====
day=1 score=4/4/11 daily=4/11 profile_lb=4/16/61 profile_cert=4/16/61 profile_q50=4/16/64 candidates=16 candidate_ms=311 certification_ms=441 terminals=a0@32/60,a1@63/51,a2@21/41,a3@21/43 elapsed_ms=1970
day=2 score=4/8/28 daily=4/17 profile_lb=4/16/60 profile_cert=4/16/60 profile_q50=4/16/63 candidates=16 candidate_ms=314 certification_ms=233 terminals=a0@32/60,a1@8/56,a2@3/52,a3@58/56 elapsed_ms=2493
day=3 score=4/12/45 daily=4/17 profile_lb=4/16/62 profile_cert=4/16/62 profile_q50=4/16/63 candidates=16 candidate_ms=282 certification_ms=124 terminals=a0@37/60,a1@63/56,a2@8/49,a3@37/60 elapsed_ms=2351
day=4 score=4/16/63 daily=4/18 profile_lb=4/16/63 profile_cert=4/16/63 profile_q50=4/16/63 candidates=16 candidate_ms=1 certification_ms=0 terminals=a0@32/60,a1@8/56,a2@47/27,a3@32/60 elapsed_ms=1568
summary role_mask=1 days=4 score=4/16/63
===== m-3810 mask=0 =====
day=1 score=1/1/6 daily=1/6 profile_lb=1/4/24 profile_cert=1/4/24 profile_q50=1/4/24 candidates=16 candidate_ms=97 certification_ms=67 terminals=a0@30/35,a1@1/32,a2@34/35 elapsed_ms=338
day=2 score=1/2/12 daily=1/6 profile_lb=1/4/24 profile_cert=1/4/24 profile_q50=1/4/24 candidates=16 candidate_ms=100 certification_ms=49 terminals=a0@34/31,a1@34/28,a2@1/31 elapsed_ms=311
day=3 score=1/3/18 daily=1/6 profile_lb=1/4/24 profile_cert=1/4/24 profile_q50=1/4/24 candidates=16 candidate_ms=67 certification_ms=19 terminals=a0@1/27,a1@30/24,a2@34/27 elapsed_ms=328
day=4 score=1/4/24 daily=1/6 profile_lb=1/4/24 profile_cert=1/4/24 profile_q50=1/4/24 candidates=16 candidate_ms=0 certification_ms=0 terminals=a0@34/23,a1@34/20,a2@1/23 elapsed_ms=283
summary role_mask=0 days=4 score=1/4/24
===== m-3810 mask=1 =====
day=1 score=1/1/5 daily=1/5 profile_lb=1/4/20 profile_cert=1/4/20 profile_q50=1/4/20 candidates=16 candidate_ms=188 certification_ms=92 terminals=a0@30/40,a1@1/32,a2@30/40 elapsed_ms=456
day=2 score=1/2/10 daily=1/5 profile_lb=1/4/20 profile_cert=1/4/20 profile_q50=1/4/20 candidates=16 candidate_ms=105 certification_ms=34 terminals=a0@1/40,a1@1/40,a2@1/40 elapsed_ms=233
day=3 score=1/3/15 daily=1/5 profile_lb=1/4/20 profile_cert=1/4/20 profile_q50=1/4/20 candidates=16 candidate_ms=55 certification_ms=18 terminals=a0@30/40,a1@30/40,a2@30/40 elapsed_ms=116
day=4 score=1/4/20 daily=1/5 profile_lb=1/4/20 profile_cert=1/4/20 profile_q50=1/4/20 candidates=16 candidate_ms=2 certification_ms=0 terminals=a0@1/40,a1@1/40,a2@1/40 elapsed_ms=73
summary role_mask=1 days=4 score=1/4/20
===== m-3810 mask=2 =====
day=1 score=1/1/5 daily=1/5 profile_lb=1/4/20 profile_cert=1/4/20 profile_q50=1/4/20 candidates=16 candidate_ms=92 certification_ms=53 terminals=a0@1/35,a1@30/40,a2@30/40 elapsed_ms=251
day=2 score=1/2/10 daily=1/5 profile_lb=1/4/20 profile_cert=1/4/20 profile_q50=1/4/20 candidates=16 candidate_ms=84 certification_ms=30 terminals=a0@30/40,a1@30/40,a2@1/28 elapsed_ms=169
day=3 score=1/3/15 daily=1/5 profile_lb=1/4/20 profile_cert=1/4/20 profile_q50=1/4/20 candidates=16 candidate_ms=44 certification_ms=19 terminals=a0@1/40,a1@1/40,a2@1/40 elapsed_ms=130
day=4 score=1/4/20 daily=1/5 profile_lb=1/4/20 profile_cert=1/4/20 profile_q50=1/4/20 candidates=16 candidate_ms=1 certification_ms=0 terminals=a0@34/40,a1@34/40,a2@34/40 elapsed_ms=61
summary role_mask=2 days=4 score=1/4/20
===== m-3810 mask=4 =====
day=1 score=1/1/4 daily=1/4 profile_lb=1/4/18 profile_cert=1/4/18 profile_q50=1/4/19 candidates=16 candidate_ms=82 certification_ms=33 terminals=a0@34/40,a1@34/40,a2@34/40 elapsed_ms=216
day=2 score=1/2/9 daily=1/5 profile_lb=1/4/19 profile_cert=1/4/19 profile_q50=1/4/19 candidates=16 candidate_ms=83 certification_ms=20 terminals=a0@1/40,a1@1/40,a2@1/40 elapsed_ms=147
day=3 score=1/3/14 daily=1/5 profile_lb=1/4/19 profile_cert=1/4/19 profile_q50=1/4/19 candidates=16 candidate_ms=43 certification_ms=12 terminals=a0@30/32,a1@30/32,a2@1/40 elapsed_ms=102
day=4 score=1/4/19 daily=1/5 profile_lb=1/4/19 profile_cert=1/4/19 profile_q50=1/4/19 candidates=16 candidate_ms=0 certification_ms=0 terminals=a0@1/40,a1@1/40,a2@1/40 elapsed_ms=51
summary role_mask=4 days=4 score=1/4/19
===== m-3907-bugfix mask=0 =====
day=1 score=1/1/4 daily=1/4 profile_lb=1/4/16 profile_cert=1/4/16 profile_q50=1/4/16 candidates=16 candidate_ms=130 certification_ms=69 terminals=a0@6/27,a1@24/39,a2@54/34 elapsed_ms=335
day=2 score=1/2/8 daily=1/4 profile_lb=1/4/16 profile_cert=1/4/16 profile_q50=1/4/16 candidates=16 candidate_ms=89 certification_ms=38 terminals=a0@54/20,a1@24/39,a2@54/34 elapsed_ms=227
day=3 score=1/3/12 daily=1/4 profile_lb=1/4/16 profile_cert=1/4/16 profile_q50=1/4/16 candidates=16 candidate_ms=52 certification_ms=19 terminals=a0@54/20,a1@24/39,a2@6/27 elapsed_ms=171
day=4 score=1/4/16 daily=1/4 profile_lb=1/4/16 profile_cert=1/4/16 profile_q50=1/4/16 candidates=16 candidate_ms=0 certification_ms=0 terminals=a0@54/20,a1@24/39,a2@54/20 elapsed_ms=83
summary role_mask=0 days=4 score=1/4/16
===== m-3907-bugfix mask=1 =====
day=1 score=1/1/3 daily=1/3 profile_lb=1/4/15 profile_cert=1/4/15 profile_q50=1/4/15 candidates=16 candidate_ms=103 certification_ms=54 terminals=a0@54/40,a1@54/40,a2@54/40 elapsed_ms=244
day=2 score=1/2/7 daily=1/4 profile_lb=1/4/15 profile_cert=1/4/15 profile_q50=1/4/15 candidates=16 candidate_ms=106 certification_ms=24 terminals=a0@54/40,a1@54/40,a2@26/23 elapsed_ms=195
day=3 score=1/3/11 daily=1/4 profile_lb=1/4/15 profile_cert=1/4/15 profile_q50=1/4/15 candidates=16 candidate_ms=52 certification_ms=10 terminals=a0@54/40,a1@54/40,a2@54/40 elapsed_ms=132
day=4 score=1/4/15 daily=1/4 profile_lb=1/4/15 profile_cert=1/4/15 profile_q50=1/4/15 candidates=16 candidate_ms=1 certification_ms=0 terminals=a0@24/40,a1@6/35,a2@24/40 elapsed_ms=63
summary role_mask=1 days=4 score=1/4/15
===== m-3907-bugfix mask=2 =====
day=1 score=1/1/4 daily=1/4 profile_lb=1/4/16 profile_cert=1/4/16 profile_q50=1/4/16 candidates=16 candidate_ms=143 certification_ms=56 terminals=a0@54/40,a1@54/40,a2@54/40 elapsed_ms=307
day=2 score=1/2/8 daily=1/4 profile_lb=1/4/16 profile_cert=1/4/16 profile_q50=1/4/16 candidates=16 candidate_ms=104 certification_ms=21 terminals=a0@54/40,a1@54/40,a2@26/23 elapsed_ms=187
day=3 score=1/3/12 daily=1/4 profile_lb=1/4/16 profile_cert=1/4/16 profile_q50=1/4/16 candidates=16 candidate_ms=50 certification_ms=10 terminals=a0@54/40,a1@54/40,a2@54/40 elapsed_ms=129
day=4 score=1/4/16 daily=1/4 profile_lb=1/4/16 profile_cert=1/4/16 profile_q50=1/4/16 candidates=16 candidate_ms=0 certification_ms=0 terminals=a0@6/35,a1@24/40,a2@24/40 elapsed_ms=62
summary role_mask=2 days=4 score=1/4/16
===== m-3907-bugfix mask=4 =====
day=1 score=1/1/4 daily=1/4 profile_lb=1/4/16 profile_cert=1/4/16 profile_q50=1/4/16 candidates=16 candidate_ms=105 certification_ms=57 terminals=a0@54/40,a1@54/40,a2@54/40 elapsed_ms=250
day=2 score=1/2/8 daily=1/4 profile_lb=1/4/16 profile_cert=1/4/16 profile_q50=1/4/16 candidates=16 candidate_ms=88 certification_ms=22 terminals=a0@6/32,a1@24/25,a2@54/40 elapsed_ms=174
day=3 score=1/3/12 daily=1/4 profile_lb=1/4/16 profile_cert=1/4/16 profile_q50=1/4/16 candidates=16 candidate_ms=50 certification_ms=6 terminals=a0@54/40,a1@54/40,a2@54/40 elapsed_ms=124
day=4 score=1/4/16 daily=1/4 profile_lb=1/4/16 profile_cert=1/4/16 profile_q50=1/4/16 candidates=16 candidate_ms=0 certification_ms=0 terminals=a0@6/35,a1@24/40,a2@24/40 elapsed_ms=76
summary role_mask=4 days=4 score=1/4/16
