day_tier,replay=artifacts/btc/m-4043.jsonl,day=1,tier=production,routes=192,terminal_mismatch=192,duplicate=0,generated=0,invalid=0,reject_footprint=0,reject_fuel=0,reject_brand=0,reject_not_strict=0,certified=0
day_tier,replay=artifacts/btc/m-4043.jsonl,day=1,tier=raised,routes=768,terminal_mismatch=738,duplicate=15,generated=15,invalid=0,reject_footprint=15,reject_fuel=0,reject_brand=0,reject_not_strict=0,certified=0
day_tier,replay=artifacts/btc/m-4043.jsonl,day=2,tier=production,routes=64,terminal_mismatch=63,duplicate=0,generated=1,invalid=0,reject_footprint=1,reject_fuel=0,reject_brand=0,reject_not_strict=0,certified=0
day_tier,replay=artifacts/btc/m-4043.jsonl,day=2,tier=raised,routes=309,terminal_mismatch=304,duplicate=0,generated=5,invalid=0,reject_footprint=1,reject_fuel=0,reject_brand=0,reject_not_strict=4,certified=0
day_tier,replay=artifacts/btc/m-4043.jsonl,day=3,tier=production,routes=96,terminal_mismatch=91,duplicate=0,generated=5,invalid=0,reject_footprint=5,reject_fuel=0,reject_brand=0,reject_not_strict=0,certified=0
day_tier,replay=artifacts/btc/m-4043.jsonl,day=3,tier=raised,routes=384,terminal_mismatch=350,duplicate=0,generated=34,invalid=0,reject_footprint=34,reject_fuel=0,reject_brand=0,reject_not_strict=0,certified=0
day_tier,replay=artifacts/btc/m-4043.jsonl,day=4,tier=production,routes=96,terminal_mismatch=89,duplicate=0,generated=7,invalid=0,reject_footprint=7,reject_fuel=0,reject_brand=0,reject_not_strict=0,certified=0
day_tier,replay=artifacts/btc/m-4043.jsonl,day=4,tier=raised,routes=384,terminal_mismatch=371,duplicate=0,generated=13,invalid=0,reject_footprint=13,reject_fuel=0,reject_brand=0,reject_not_strict=0,certified=0
day_tier,replay=artifacts/btc/m-4043.jsonl,day=5,tier=production,routes=96,terminal_mismatch=90,duplicate=0,generated=6,invalid=0,reject_footprint=6,reject_fuel=0,reject_brand=0,reject_not_strict=0,certified=0
day_tier,replay=artifacts/btc/m-4043.jsonl,day=5,tier=raised,routes=384,terminal_mismatch=367,duplicate=0,generated=17,invalid=0,reject_footprint=17,reject_fuel=0,reject_brand=0,reject_not_strict=0,certified=0
day_tier,replay=artifacts/btc/m-4043.jsonl,day=6,tier=production,routes=64,terminal_mismatch=59,duplicate=0,generated=5,invalid=0,reject_footprint=5,reject_fuel=0,reject_brand=0,reject_not_strict=0,certified=0
day_tier,replay=artifacts/btc/m-4043.jsonl,day=6,tier=raised,routes=257,terminal_mismatch=238,duplicate=0,generated=19,invalid=0,reject_footprint=18,reject_fuel=0,reject_brand=0,reject_not_strict=1,certified=0
day_tier,replay=artifacts/btc/m-4044.jsonl,day=1,tier=production,routes=448,terminal_mismatch=434,duplicate=7,generated=7,invalid=0,reject_footprint=7,reject_fuel=0,reject_brand=0,reject_not_strict=0,certified=0
day_tier,replay=artifacts/btc/m-4044.jsonl,day=1,tier=raised,routes=1792,terminal_mismatch=1738,duplicate=27,generated=27,invalid=0,reject_footprint=27,reject_fuel=0,reject_brand=0,reject_not_strict=0,certified=0
day_tier,replay=artifacts/btc/m-4044.jsonl,day=2,tier=production,routes=224,terminal_mismatch=206,duplicate=0,generated=18,invalid=0,reject_footprint=18,reject_fuel=0,reject_brand=0,reject_not_strict=0,certified=0
day_tier,replay=artifacts/btc/m-4044.jsonl,day=2,tier=raised,routes=896,terminal_mismatch=836,duplicate=0,generated=60,invalid=0,reject_footprint=60,reject_fuel=0,reject_brand=0,reject_not_strict=0,certified=0
day_tier,replay=artifacts/btc/m-4044.jsonl,day=3,tier=production,routes=224,terminal_mismatch=217,duplicate=0,generated=7,invalid=0,reject_footprint=7,reject_fuel=0,reject_brand=0,reject_not_strict=0,certified=0
day_tier,replay=artifacts/btc/m-4044.jsonl,day=3,tier=raised,routes=896,terminal_mismatch=865,duplicate=0,generated=31,invalid=0,reject_footprint=31,reject_fuel=0,reject_brand=0,reject_not_strict=0,certified=0
day_tier,replay=artifacts/btc/m-4044.jsonl,day=4,tier=production,routes=224,terminal_mismatch=205,duplicate=0,generated=19,invalid=0,reject_footprint=19,reject_fuel=0,reject_brand=0,reject_not_strict=0,certified=0
day_tier,replay=artifacts/btc/m-4044.jsonl,day=4,tier=raised,routes=896,terminal_mismatch=800,duplicate=0,generated=96,invalid=0,reject_footprint=96,reject_fuel=0,reject_brand=0,reject_not_strict=0,certified=0
day_tier,replay=artifacts/btc/m-4044.jsonl,day=5,tier=production,routes=224,terminal_mismatch=217,duplicate=0,generated=7,invalid=0,reject_footprint=7,reject_fuel=0,reject_brand=0,reject_not_strict=0,certified=0
day_tier,replay=artifacts/btc/m-4044.jsonl,day=5,tier=raised,routes=896,terminal_mismatch=847,duplicate=0,generated=49,invalid=0,reject_footprint=49,reject_fuel=0,reject_brand=0,reject_not_strict=0,certified=0
day_tier,replay=artifacts/btc/m-4044.jsonl,day=6,tier=production,routes=224,terminal_mismatch=209,duplicate=1,generated=14,invalid=0,reject_footprint=14,reject_fuel=0,reject_brand=0,reject_not_strict=0,certified=0
day_tier,replay=artifacts/btc/m-4044.jsonl,day=6,tier=raised,routes=896,terminal_mismatch=833,duplicate=1,generated=62,invalid=0,reject_footprint=61,reject_fuel=0,reject_brand=0,reject_not_strict=1,certified=0
day_tier,replay=artifacts/btc/m-4044.jsonl,day=7,tier=production,routes=160,terminal_mismatch=148,duplicate=0,generated=12,invalid=0,reject_footprint=12,reject_fuel=0,reject_brand=0,reject_not_strict=0,certified=0
day_tier,replay=artifacts/btc/m-4044.jsonl,day=7,tier=raised,routes=769,terminal_mismatch=723,duplicate=1,generated=45,invalid=0,reject_footprint=41,reject_fuel=0,reject_brand=0,reject_not_strict=4,certified=0
day_tier,replay=artifacts/btc/m-4044.jsonl,day=8,tier=production,routes=192,terminal_mismatch=180,duplicate=0,generated=12,invalid=0,reject_footprint=12,reject_fuel=0,reject_brand=0,reject_not_strict=0,certified=0
day_tier,replay=artifacts/btc/m-4044.jsonl,day=8,tier=raised,routes=769,terminal_mismatch=714,duplicate=0,generated=55,invalid=0,reject_footprint=54,reject_fuel=0,reject_brand=0,reject_not_strict=1,certified=0
day_tier,replay=artifacts/btc/m-4044.jsonl,day=9,tier=production,routes=192,terminal_mismatch=179,duplicate=0,generated=13,invalid=0,reject_footprint=13,reject_fuel=0,reject_brand=0,reject_not_strict=0,certified=0
day_tier,replay=artifacts/btc/m-4044.jsonl,day=9,tier=raised,routes=769,terminal_mismatch=712,duplicate=0,generated=57,invalid=0,reject_footprint=56,reject_fuel=0,reject_brand=0,reject_not_strict=1,certified=0
day_tier,replay=artifacts/btc/m-4045.jsonl,day=1,tier=production,routes=192,terminal_mismatch=192,duplicate=0,generated=0,invalid=0,reject_footprint=0,reject_fuel=0,reject_brand=0,reject_not_strict=0,certified=0
day_tier,replay=artifacts/btc/m-4045.jsonl,day=1,tier=raised,routes=768,terminal_mismatch=744,duplicate=12,generated=12,invalid=0,reject_footprint=12,reject_fuel=0,reject_brand=0,reject_not_strict=0,certified=0
day_tier,replay=artifacts/btc/m-4045.jsonl,day=2,tier=production,routes=96,terminal_mismatch=86,duplicate=0,generated=10,invalid=0,reject_footprint=10,reject_fuel=0,reject_brand=0,reject_not_strict=0,certified=0
day_tier,replay=artifacts/btc/m-4045.jsonl,day=2,tier=raised,routes=384,terminal_mismatch=346,duplicate=1,generated=37,invalid=0,reject_footprint=37,reject_fuel=0,reject_brand=0,reject_not_strict=0,certified=0
day_tier,replay=artifacts/btc/m-4045.jsonl,day=3,tier=production,routes=64,terminal_mismatch=54,duplicate=0,generated=10,invalid=0,reject_footprint=10,reject_fuel=0,reject_brand=0,reject_not_strict=0,certified=0
day_tier,replay=artifacts/btc/m-4045.jsonl,day=3,tier=raised,routes=257,terminal_mismatch=216,duplicate=0,generated=41,invalid=0,reject_footprint=40,reject_fuel=0,reject_brand=0,reject_not_strict=1,certified=0
day_tier,replay=artifacts/btc/m-4045.jsonl,day=4,tier=production,routes=64,terminal_mismatch=60,duplicate=0,generated=4,invalid=0,reject_footprint=4,reject_fuel=0,reject_brand=0,reject_not_strict=0,certified=0
day_tier,replay=artifacts/btc/m-4045.jsonl,day=4,tier=raised,routes=257,terminal_mismatch=242,duplicate=0,generated=15,invalid=0,reject_footprint=14,reject_fuel=0,reject_brand=0,reject_not_strict=1,certified=0
day_tier,replay=artifacts/btc/m-4045.jsonl,day=5,tier=production,routes=96,terminal_mismatch=87,duplicate=0,generated=9,invalid=0,reject_footprint=9,reject_fuel=0,reject_brand=0,reject_not_strict=0,certified=0
day_tier,replay=artifacts/btc/m-4045.jsonl,day=5,tier=raised,routes=384,terminal_mismatch=366,duplicate=0,generated=18,invalid=0,reject_footprint=18,reject_fuel=0,reject_brand=0,reject_not_strict=0,certified=0
day_tier,replay=artifacts/btc/m-4045.jsonl,day=6,tier=production,routes=96,terminal_mismatch=86,duplicate=0,generated=10,invalid=0,reject_footprint=10,reject_fuel=0,reject_brand=0,reject_not_strict=0,certified=0
day_tier,replay=artifacts/btc/m-4045.jsonl,day=6,tier=raised,routes=384,terminal_mismatch=347,duplicate=0,generated=37,invalid=0,reject_footprint=37,reject_fuel=0,reject_brand=0,reject_not_strict=0,certified=0
day_tier,replay=artifacts/btc/m-4045.jsonl,day=7,tier=production,routes=96,terminal_mismatch=92,duplicate=0,generated=4,invalid=0,reject_footprint=4,reject_fuel=0,reject_brand=0,reject_not_strict=0,certified=0
day_tier,replay=artifacts/btc/m-4045.jsonl,day=7,tier=raised,routes=384,terminal_mismatch=358,duplicate=0,generated=26,invalid=0,reject_footprint=26,reject_fuel=0,reject_brand=0,reject_not_strict=0,certified=0
day_tier,replay=artifacts/btc/m-4045.jsonl,day=8,tier=production,routes=32,terminal_mismatch=31,duplicate=0,generated=1,invalid=0,reject_footprint=1,reject_fuel=0,reject_brand=0,reject_not_strict=0,certified=0
day_tier,replay=artifacts/btc/m-4045.jsonl,day=8,tier=raised,routes=144,terminal_mismatch=139,duplicate=0,generated=5,invalid=0,reject_footprint=3,reject_fuel=0,reject_brand=0,reject_not_strict=2,certified=0
day_tier,replay=artifacts/btc/m-4045.jsonl,day=9,tier=production,routes=32,terminal_mismatch=32,duplicate=0,generated=0,invalid=0,reject_footprint=0,reject_fuel=0,reject_brand=0,reject_not_strict=0,certified=0
day_tier,replay=artifacts/btc/m-4045.jsonl,day=9,tier=raised,routes=144,terminal_mismatch=135,duplicate=0,generated=9,invalid=0,reject_footprint=8,reject_fuel=0,reject_brand=0,reject_not_strict=1,certified=0
day_tier,replay=artifacts/btc/m-4037.jsonl,day=1,tier=production,routes=448,terminal_mismatch=352,duplicate=50,generated=46,invalid=0,reject_footprint=45,reject_fuel=0,reject_brand=0,reject_not_strict=1,certified=0
day_tier,replay=artifacts/btc/m-4037.jsonl,day=1,tier=raised,routes=1792,terminal_mismatch=1470,duplicate=165,generated=157,invalid=0,reject_footprint=155,reject_fuel=0,reject_brand=0,reject_not_strict=2,certified=0
day_tier,replay=artifacts/btc/m-4037.jsonl,day=2,tier=production,routes=224,terminal_mismatch=191,duplicate=3,generated=30,invalid=0,reject_footprint=30,reject_fuel=0,reject_brand=0,reject_not_strict=0,certified=0
day_tier,replay=artifacts/btc/m-4037.jsonl,day=2,tier=raised,routes=896,terminal_mismatch=776,duplicate=5,generated=115,invalid=0,reject_footprint=109,reject_fuel=0,reject_brand=0,reject_not_strict=6,certified=0
day_tier,replay=artifacts/btc/m-4037.jsonl,day=3,tier=production,routes=224,terminal_mismatch=200,duplicate=1,generated=23,invalid=0,reject_footprint=22,reject_fuel=0,reject_brand=0,reject_not_strict=1,certified=0
day_tier,replay=artifacts/btc/m-4037.jsonl,day=3,tier=raised,routes=896,terminal_mismatch=776,duplicate=1,generated=119,invalid=0,reject_footprint=117,reject_fuel=0,reject_brand=0,reject_not_strict=2,certified=0
day_tier,replay=artifacts/btc/m-4037.jsonl,day=4,tier=production,routes=224,terminal_mismatch=212,duplicate=0,generated=12,invalid=0,reject_footprint=12,reject_fuel=0,reject_brand=0,reject_not_strict=0,certified=0
day_tier,replay=artifacts/btc/m-4037.jsonl,day=4,tier=raised,routes=896,terminal_mismatch=851,duplicate=1,generated=44,invalid=0,reject_footprint=44,reject_fuel=0,reject_brand=0,reject_not_strict=0,certified=0
day_tier,replay=artifacts/btc/m-4037.jsonl,day=5,tier=production,routes=224,terminal_mismatch=209,duplicate=0,generated=15,invalid=0,reject_footprint=15,reject_fuel=0,reject_brand=0,reject_not_strict=0,certified=0
day_tier,replay=artifacts/btc/m-4037.jsonl,day=5,tier=raised,routes=896,terminal_mismatch=827,duplicate=2,generated=67,invalid=0,reject_footprint=67,reject_fuel=0,reject_brand=0,reject_not_strict=0,certified=0
day_tier,replay=artifacts/btc/m-4037.jsonl,day=6,tier=production,routes=224,terminal_mismatch=204,duplicate=2,generated=18,invalid=0,reject_footprint=18,reject_fuel=0,reject_brand=0,reject_not_strict=0,certified=0
day_tier,replay=artifacts/btc/m-4037.jsonl,day=6,tier=raised,routes=896,terminal_mismatch=818,duplicate=3,generated=75,invalid=0,reject_footprint=73,reject_fuel=0,reject_brand=0,reject_not_strict=2,certified=0
certified,replay=artifacts/btc/m-4037.jsonl,tier=production,day=7,agent=2,daily_delta=0,servings_delta=1,spots=427,used_steps=98
certified,replay=artifacts/btc/m-4037.jsonl,tier=production,day=7,agent=4,daily_delta=0,servings_delta=1,spots=427,used_steps=98
day_tier,replay=artifacts/btc/m-4037.jsonl,day=7,tier=production,routes=224,terminal_mismatch=183,duplicate=3,generated=38,invalid=0,reject_footprint=36,reject_fuel=0,reject_brand=0,reject_not_strict=0,certified=2
certified,replay=artifacts/btc/m-4037.jsonl,tier=raised,day=7,agent=2,daily_delta=0,servings_delta=1,spots=427,used_steps=98
certified,replay=artifacts/btc/m-4037.jsonl,tier=raised,day=7,agent=4,daily_delta=0,servings_delta=1,spots=427,used_steps=98
day_tier,replay=artifacts/btc/m-4037.jsonl,day=7,tier=raised,routes=896,terminal_mismatch=746,duplicate=7,generated=143,invalid=0,reject_footprint=138,reject_fuel=0,reject_brand=0,reject_not_strict=3,certified=2
day_tier,replay=artifacts/btc/m-4037.jsonl,day=8,tier=production,routes=224,terminal_mismatch=197,duplicate=2,generated=25,invalid=0,reject_footprint=24,reject_fuel=0,reject_brand=0,reject_not_strict=1,certified=0
day_tier,replay=artifacts/btc/m-4037.jsonl,day=8,tier=raised,routes=896,terminal_mismatch=804,duplicate=4,generated=88,invalid=0,reject_footprint=87,reject_fuel=0,reject_brand=0,reject_not_strict=1,certified=0
day_tier,replay=artifacts/btc/m-4037.jsonl,day=9,tier=production,routes=224,terminal_mismatch=193,duplicate=2,generated=29,invalid=0,reject_footprint=29,reject_fuel=0,reject_brand=0,reject_not_strict=0,certified=0
day_tier,replay=artifacts/btc/m-4037.jsonl,day=9,tier=raised,routes=896,terminal_mismatch=782,duplicate=2,generated=112,invalid=0,reject_footprint=111,reject_fuel=0,reject_brand=0,reject_not_strict=1,certified=0
day_tier,replay=artifacts/btc/m-4038.jsonl,day=1,tier=production,routes=448,terminal_mismatch=414,duplicate=17,generated=17,invalid=0,reject_footprint=16,reject_fuel=0,reject_brand=0,reject_not_strict=1,certified=0
day_tier,replay=artifacts/btc/m-4038.jsonl,day=1,tier=raised,routes=1792,terminal_mismatch=1636,duplicate=78,generated=78,invalid=0,reject_footprint=76,reject_fuel=0,reject_brand=0,reject_not_strict=2,certified=0
day_tier,replay=artifacts/btc/m-4038.jsonl,day=2,tier=production,routes=224,terminal_mismatch=217,duplicate=0,generated=7,invalid=0,reject_footprint=6,reject_fuel=1,reject_brand=0,reject_not_strict=0,certified=0
day_tier,replay=artifacts/btc/m-4038.jsonl,day=2,tier=raised,routes=896,terminal_mismatch=853,duplicate=1,generated=42,invalid=0,reject_footprint=38,reject_fuel=3,reject_brand=0,reject_not_strict=1,certified=0
certified,replay=artifacts/btc/m-4038.jsonl,tier=production,day=3,agent=4,daily_delta=0,servings_delta=1,spots=199112,used_steps=98
day_tier,replay=artifacts/btc/m-4038.jsonl,day=3,tier=production,routes=224,terminal_mismatch=209,duplicate=0,generated=15,invalid=0,reject_footprint=12,reject_fuel=2,reject_brand=0,reject_not_strict=0,certified=1
certified,replay=artifacts/btc/m-4038.jsonl,tier=raised,day=3,agent=4,daily_delta=0,servings_delta=1,spots=199112,used_steps=98
certified,replay=artifacts/btc/m-4038.jsonl,tier=raised,day=3,agent=4,daily_delta=0,servings_delta=1,spots=197064,used_steps=94
day_tier,replay=artifacts/btc/m-4038.jsonl,day=3,tier=raised,routes=896,terminal_mismatch=839,duplicate=0,generated=57,invalid=0,reject_footprint=52,reject_fuel=3,reject_brand=0,reject_not_strict=0,certified=2
day_tier,replay=artifacts/btc/m-4038.jsonl,day=4,tier=production,routes=224,terminal_mismatch=218,duplicate=0,generated=6,invalid=0,reject_footprint=5,reject_fuel=1,reject_brand=0,reject_not_strict=0,certified=0
day_tier,replay=artifacts/btc/m-4038.jsonl,day=4,tier=raised,routes=896,terminal_mismatch=861,duplicate=0,generated=35,invalid=0,reject_footprint=32,reject_fuel=3,reject_brand=0,reject_not_strict=0,certified=0
certified,replay=artifacts/btc/m-4038.jsonl,tier=production,day=5,agent=0,daily_delta=0,servings_delta=2,spots=199112,used_steps=98
certified,replay=artifacts/btc/m-4038.jsonl,tier=production,day=5,agent=0,daily_delta=0,servings_delta=1,spots=68040,used_steps=96
day_tier,replay=artifacts/btc/m-4038.jsonl,day=5,tier=production,routes=224,terminal_mismatch=217,duplicate=0,generated=7,invalid=0,reject_footprint=3,reject_fuel=0,reject_brand=0,reject_not_strict=2,certified=2
certified,replay=artifacts/btc/m-4038.jsonl,tier=raised,day=5,agent=0,daily_delta=0,servings_delta=2,spots=199112,used_steps=98
certified,replay=artifacts/btc/m-4038.jsonl,tier=raised,day=5,agent=0,daily_delta=0,servings_delta=1,spots=197064,used_steps=94
certified,replay=artifacts/btc/m-4038.jsonl,tier=raised,day=5,agent=0,daily_delta=0,servings_delta=1,spots=68040,used_steps=96
day_tier,replay=artifacts/btc/m-4038.jsonl,day=5,tier=raised,routes=896,terminal_mismatch=855,duplicate=0,generated=41,invalid=0,reject_footprint=34,reject_fuel=0,reject_brand=0,reject_not_strict=4,certified=3
certified,replay=artifacts/btc/m-4038.jsonl,tier=production,day=6,agent=5,daily_delta=0,servings_delta=1,spots=199112,used_steps=98
day_tier,replay=artifacts/btc/m-4038.jsonl,day=6,tier=production,routes=224,terminal_mismatch=202,duplicate=0,generated=22,invalid=0,reject_footprint=18,reject_fuel=0,reject_brand=0,reject_not_strict=3,certified=1
certified,replay=artifacts/btc/m-4038.jsonl,tier=raised,day=6,agent=5,daily_delta=0,servings_delta=1,spots=199112,used_steps=98
certified,replay=artifacts/btc/m-4038.jsonl,tier=raised,day=6,agent=5,daily_delta=0,servings_delta=1,spots=197064,used_steps=94
day_tier,replay=artifacts/btc/m-4038.jsonl,day=6,tier=raised,routes=896,terminal_mismatch=825,duplicate=0,generated=71,invalid=0,reject_footprint=63,reject_fuel=1,reject_brand=0,reject_not_strict=5,certified=2
day_tier,replay=artifacts/btc/m-4038.jsonl,day=7,tier=production,routes=224,terminal_mismatch=216,duplicate=0,generated=8,invalid=0,reject_footprint=5,reject_fuel=0,reject_brand=0,reject_not_strict=3,certified=0
day_tier,replay=artifacts/btc/m-4038.jsonl,day=7,tier=raised,routes=896,terminal_mismatch=844,duplicate=1,generated=51,invalid=0,reject_footprint=43,reject_fuel=4,reject_brand=0,reject_not_strict=4,certified=0
day_tier,replay=artifacts/btc/m-4038.jsonl,day=8,tier=production,routes=224,terminal_mismatch=208,duplicate=0,generated=16,invalid=0,reject_footprint=14,reject_fuel=0,reject_brand=0,reject_not_strict=2,certified=0
day_tier,replay=artifacts/btc/m-4038.jsonl,day=8,tier=raised,routes=896,terminal_mismatch=823,duplicate=0,generated=73,invalid=0,reject_footprint=71,reject_fuel=0,reject_brand=0,reject_not_strict=2,certified=0
certified,replay=artifacts/btc/m-4038.jsonl,tier=production,day=9,agent=2,daily_delta=0,servings_delta=2,spots=199112,used_steps=98
certified,replay=artifacts/btc/m-4038.jsonl,tier=production,day=9,agent=2,daily_delta=0,servings_delta=1,spots=68040,used_steps=96
day_tier,replay=artifacts/btc/m-4038.jsonl,day=9,tier=production,routes=224,terminal_mismatch=211,duplicate=0,generated=13,invalid=0,reject_footprint=9,reject_fuel=0,reject_brand=0,reject_not_strict=2,certified=2
certified,replay=artifacts/btc/m-4038.jsonl,tier=raised,day=9,agent=1,daily_delta=0,servings_delta=1,spots=148712,used_steps=98
certified,replay=artifacts/btc/m-4038.jsonl,tier=raised,day=9,agent=2,daily_delta=0,servings_delta=2,spots=199112,used_steps=98
certified,replay=artifacts/btc/m-4038.jsonl,tier=raised,day=9,agent=2,daily_delta=0,servings_delta=1,spots=197064,used_steps=94
certified,replay=artifacts/btc/m-4038.jsonl,tier=raised,day=9,agent=2,daily_delta=0,servings_delta=1,spots=68040,used_steps=96
day_tier,replay=artifacts/btc/m-4038.jsonl,day=9,tier=raised,routes=896,terminal_mismatch=839,duplicate=1,generated=56,invalid=0,reject_footprint=50,reject_fuel=0,reject_brand=0,reject_not_strict=2,certified=4
day_tier,replay=artifacts/btc/m-4039.jsonl,day=1,tier=production,routes=192,terminal_mismatch=164,duplicate=14,generated=14,invalid=0,reject_footprint=13,reject_fuel=1,reject_brand=0,reject_not_strict=0,certified=0
day_tier,replay=artifacts/btc/m-4039.jsonl,day=1,tier=raised,routes=768,terminal_mismatch=660,duplicate=54,generated=54,invalid=0,reject_footprint=50,reject_fuel=4,reject_brand=0,reject_not_strict=0,certified=0
certified,replay=artifacts/btc/m-4039.jsonl,tier=production,day=2,agent=3,daily_delta=0,servings_delta=3,spots=96441,used_steps=92
certified,replay=artifacts/btc/m-4039.jsonl,tier=production,day=2,agent=3,daily_delta=0,servings_delta=3,spots=96317,used_steps=95
day_tier,replay=artifacts/btc/m-4039.jsonl,day=2,tier=production,routes=96,terminal_mismatch=88,duplicate=0,generated=8,invalid=0,reject_footprint=6,reject_fuel=0,reject_brand=0,reject_not_strict=0,certified=2
certified,replay=artifacts/btc/m-4039.jsonl,tier=raised,day=2,agent=3,daily_delta=0,servings_delta=3,spots=96441,used_steps=92
certified,replay=artifacts/btc/m-4039.jsonl,tier=raised,day=2,agent=3,daily_delta=0,servings_delta=3,spots=96317,used_steps=95
certified,replay=artifacts/btc/m-4039.jsonl,tier=raised,day=2,agent=3,daily_delta=0,servings_delta=3,spots=80061,used_steps=97
certified,replay=artifacts/btc/m-4039.jsonl,tier=raised,day=2,agent=3,daily_delta=0,servings_delta=3,spots=96444,used_steps=98
day_tier,replay=artifacts/btc/m-4039.jsonl,day=2,tier=raised,routes=384,terminal_mismatch=366,duplicate=0,generated=18,invalid=0,reject_footprint=14,reject_fuel=0,reject_brand=0,reject_not_strict=0,certified=4
day_tier,replay=artifacts/btc/m-4039.jsonl,day=3,tier=production,routes=96,terminal_mismatch=91,duplicate=0,generated=5,invalid=0,reject_footprint=5,reject_fuel=0,reject_brand=0,reject_not_strict=0,certified=0
day_tier,replay=artifacts/btc/m-4039.jsonl,day=3,tier=raised,routes=384,terminal_mismatch=356,duplicate=0,generated=28,invalid=0,reject_footprint=28,reject_fuel=0,reject_brand=0,reject_not_strict=0,certified=0
certified,replay=artifacts/btc/m-4039.jsonl,tier=production,day=4,agent=2,daily_delta=0,servings_delta=2,spots=97309,used_steps=100
day_tier,replay=artifacts/btc/m-4039.jsonl,day=4,tier=production,routes=96,terminal_mismatch=93,duplicate=0,generated=3,invalid=0,reject_footprint=2,reject_fuel=0,reject_brand=0,reject_not_strict=0,certified=1
certified,replay=artifacts/btc/m-4039.jsonl,tier=raised,day=4,agent=2,daily_delta=0,servings_delta=2,spots=96413,used_steps=97
certified,replay=artifacts/btc/m-4039.jsonl,tier=raised,day=4,agent=2,daily_delta=0,servings_delta=2,spots=97309,used_steps=100
certified,replay=artifacts/btc/m-4039.jsonl,tier=raised,day=4,agent=2,daily_delta=0,servings_delta=1,spots=31885,used_steps=91
certified,replay=artifacts/btc/m-4039.jsonl,tier=raised,day=4,agent=3,daily_delta=0,servings_delta=1,spots=96303,used_steps=98
certified,replay=artifacts/btc/m-4039.jsonl,tier=raised,day=4,agent=3,daily_delta=0,servings_delta=1,spots=89135,used_steps=99
certified,replay=artifacts/btc/m-4039.jsonl,tier=raised,day=4,agent=3,daily_delta=0,servings_delta=1,spots=89262,used_steps=99
day_tier,replay=artifacts/btc/m-4039.jsonl,day=4,tier=raised,routes=384,terminal_mismatch=352,duplicate=0,generated=32,invalid=0,reject_footprint=23,reject_fuel=3,reject_brand=0,reject_not_strict=0,certified=6
day_tier,replay=artifacts/btc/m-4039.jsonl,day=5,tier=production,routes=96,terminal_mismatch=95,duplicate=0,generated=1,invalid=0,reject_footprint=1,reject_fuel=0,reject_brand=0,reject_not_strict=0,certified=0
certified,replay=artifacts/btc/m-4039.jsonl,tier=raised,day=5,agent=1,daily_delta=0,servings_delta=1,spots=89262,used_steps=99
certified,replay=artifacts/btc/m-4039.jsonl,tier=raised,day=5,agent=2,daily_delta=0,servings_delta=2,spots=97323,used_steps=94
certified,replay=artifacts/btc/m-4039.jsonl,tier=raised,day=5,agent=2,daily_delta=0,servings_delta=2,spots=96427,used_steps=95
certified,replay=artifacts/btc/m-4039.jsonl,tier=raised,day=5,agent=2,daily_delta=0,servings_delta=2,spots=97450,used_steps=97
certified,replay=artifacts/btc/m-4039.jsonl,tier=raised,day=5,agent=2,daily_delta=0,servings_delta=1,spots=96303,used_steps=98
certified,replay=artifacts/btc/m-4039.jsonl,tier=raised,day=5,agent=2,daily_delta=0,servings_delta=1,spots=89135,used_steps=99
certified,replay=artifacts/btc/m-4039.jsonl,tier=raised,day=5,agent=2,daily_delta=0,servings_delta=1,spots=89262,used_steps=99
day_tier,replay=artifacts/btc/m-4039.jsonl,day=5,tier=raised,routes=384,terminal_mismatch=369,duplicate=0,generated=15,invalid=0,reject_footprint=8,reject_fuel=0,reject_brand=0,reject_not_strict=0,certified=7
day_tier,replay=artifacts/btc/m-4039.jsonl,day=6,tier=production,routes=96,terminal_mismatch=95,duplicate=0,generated=1,invalid=0,reject_footprint=1,reject_fuel=0,reject_brand=0,reject_not_strict=0,certified=0
day_tier,replay=artifacts/btc/m-4039.jsonl,day=6,tier=raised,routes=384,terminal_mismatch=381,duplicate=0,generated=3,invalid=0,reject_footprint=3,reject_fuel=0,reject_brand=0,reject_not_strict=0,certified=0
total,tier=production,routes=8640,terminal_mismatch=7978,duplicate=102,generated=560,invalid=0,reject_footprint=528,reject_fuel=5,reject_brand=0,reject_not_strict=16,certified=11
total,tier=raised,routes=34779,terminal_mismatch=32038,duplicate=382,generated=2359,invalid=0,reject_footprint=2254,reject_fuel=21,reject_brand=0,reject_not_strict=54,certified=30
