run_begin,seed=1721100,protected_reserve_ms=1100
protected_head,seed=1721100,policy=maximum-dwell,protected_reserve_ms=1100,score=5/17/17,virtual=5/17/17,valid=1,takeovers=0,generated=0,valid_plans=0,liftable=0,protected_deadline_days=0,solver_deadline_days=0,terminal_sparse_routes=0,terminal_valid_plans=0,terminal_improvements=0,terminal_rounds=0,terminal_deadline_days=0,plan_hash=32dcfc4fa4a20fd6
protected_head_day,seed=1721100,policy=maximum-dwell,day=1,daily=5/5,cumulative=5/5/5,pos_fuel=20/16,plan=3.2.2.2.0.0.2.-3|-16|-16
protected_head_day,seed=1721100,policy=maximum-dwell,day=2,daily=5/5,cumulative=5/10/10,pos_fuel=33/9,plan=-1.5.3.3.5.5.5.-3|-18|-18
protected_head_day,seed=1721100,policy=maximum-dwell,day=3,daily=5/5,cumulative=5/15/15,pos_fuel=36/2,plan=-1.2.1.1.2.4.3.-3|-17|-17
protected_head_day,seed=1721100,policy=maximum-dwell,day=4,daily=2/2,cumulative=5/17/17,pos_fuel=19/0,plan=-1.0.0.-12|-17|-17
protected_head,seed=1721100,policy=minimum-dwell,protected_reserve_ms=1100,score=5/16/17,virtual=5/16/17,valid=1,takeovers=0,generated=0,valid_plans=0,liftable=0,protected_deadline_days=0,solver_deadline_days=0,terminal_sparse_routes=0,terminal_valid_plans=0,terminal_improvements=0,terminal_rounds=0,terminal_deadline_days=0,plan_hash=a9d910dc3b481ff7
protected_head_day,seed=1721100,policy=minimum-dwell,day=1,daily=5/5,cumulative=5/5/5,pos_fuel=20/16,plan=3.2.2.2.0.0.2.-3|-16|-16
protected_head_day,seed=1721100,policy=minimum-dwell,day=2,daily=5/6,cumulative=5/10/11,pos_fuel=36/7,plan=-1.5.5.5.4.3.2.2.2.-2|-18|-18
protected_head_day,seed=1721100,policy=minimum-dwell,day=3,daily=5/5,cumulative=5/15/16,pos_fuel=33/0,plan=-1.0.1.5.4.4.5.-3|-17|-17
protected_head_day,seed=1721100,policy=minimum-dwell,day=4,daily=1/1,cumulative=5/16/17,pos_fuel=33/0,plan=-1.-16|-17|-17
protected_head,seed=1721100,policy=status-toggle,protected_reserve_ms=1100,score=5/17/17,virtual=5/17/17,valid=1,takeovers=0,generated=0,valid_plans=0,liftable=0,protected_deadline_days=0,solver_deadline_days=0,terminal_sparse_routes=0,terminal_valid_plans=0,terminal_improvements=0,terminal_rounds=0,terminal_deadline_days=0,plan_hash=32dcfc4fa4a20fd6
protected_head_day,seed=1721100,policy=status-toggle,day=1,daily=5/5,cumulative=5/5/5,pos_fuel=20/16,plan=3.2.2.2.0.0.2.-3|-16|-16
protected_head_day,seed=1721100,policy=status-toggle,day=2,daily=5/5,cumulative=5/10/10,pos_fuel=33/9,plan=-1.5.3.3.5.5.5.-3|-18|-18
protected_head_day,seed=1721100,policy=status-toggle,day=3,daily=5/5,cumulative=5/15/15,pos_fuel=36/2,plan=-1.2.1.1.2.4.3.-3|-17|-17
protected_head_day,seed=1721100,policy=status-toggle,day=4,daily=2/2,cumulative=5/17/17,pos_fuel=19/0,plan=-1.0.0.-12|-17|-17
run_begin,seed=1721200,protected_reserve_ms=1100
protected_head,seed=1721200,policy=maximum-dwell,protected_reserve_ms=1100,score=5/19/22,virtual=5/19/22,valid=1,takeovers=0,generated=0,valid_plans=0,liftable=0,protected_deadline_days=0,solver_deadline_days=0,terminal_sparse_routes=0,terminal_valid_plans=0,terminal_improvements=0,terminal_rounds=0,terminal_deadline_days=0,plan_hash=c6aebcf618cd571f
protected_head_day,seed=1721200,policy=maximum-dwell,day=1,daily=5/6,cumulative=5/5/6,pos_fuel=17/22,plan=3.2.2.2.0.1.5.5.5|-17|-17
protected_head_day,seed=1721200,policy=maximum-dwell,day=2,daily=5/6,cumulative=5/10/12,pos_fuel=36/13,plan=-1.4.3.2.1.1.2.4.3|-18|-18
protected_head_day,seed=1721200,policy=maximum-dwell,day=3,daily=5/6,cumulative=5/15/18,pos_fuel=34/5,plan=-1.0.1.5.5.5.4.3.2.-1|-18|-18
protected_head_day,seed=1721200,policy=maximum-dwell,day=4,daily=4/4,cumulative=5/19/22,pos_fuel=19/0,plan=-1.5.0.1.2.2.-5|-16|-16
protected_head,seed=1721200,policy=minimum-dwell,protected_reserve_ms=1100,score=5/19/22,virtual=5/19/22,valid=1,takeovers=0,generated=0,valid_plans=0,liftable=0,protected_deadline_days=0,solver_deadline_days=0,terminal_sparse_routes=0,terminal_valid_plans=0,terminal_improvements=0,terminal_rounds=0,terminal_deadline_days=0,plan_hash=c6aebcf618cd571f
protected_head_day,seed=1721200,policy=minimum-dwell,day=1,daily=5/6,cumulative=5/5/6,pos_fuel=17/22,plan=3.2.2.2.0.1.5.5.5|-17|-17
protected_head_day,seed=1721200,policy=minimum-dwell,day=2,daily=5/6,cumulative=5/10/12,pos_fuel=36/13,plan=-1.4.3.2.1.1.2.4.3|-18|-18
protected_head_day,seed=1721200,policy=minimum-dwell,day=3,daily=5/6,cumulative=5/15/18,pos_fuel=34/5,plan=-1.0.1.5.5.5.4.3.2.-1|-18|-18
protected_head_day,seed=1721200,policy=minimum-dwell,day=4,daily=4/4,cumulative=5/19/22,pos_fuel=19/0,plan=-1.5.0.1.2.2.-5|-16|-16
protected_head,seed=1721200,policy=status-toggle,protected_reserve_ms=1100,score=5/19/22,virtual=5/19/22,valid=1,takeovers=0,generated=0,valid_plans=0,liftable=0,protected_deadline_days=0,solver_deadline_days=0,terminal_sparse_routes=0,terminal_valid_plans=0,terminal_improvements=0,terminal_rounds=0,terminal_deadline_days=0,plan_hash=c6aebcf618cd571f
protected_head_day,seed=1721200,policy=status-toggle,day=1,daily=5/6,cumulative=5/5/6,pos_fuel=17/22,plan=3.2.2.2.0.1.5.5.5|-17|-17
protected_head_day,seed=1721200,policy=status-toggle,day=2,daily=5/6,cumulative=5/10/12,pos_fuel=36/13,plan=-1.4.3.2.1.1.2.4.3|-18|-18
protected_head_day,seed=1721200,policy=status-toggle,day=3,daily=5/6,cumulative=5/15/18,pos_fuel=34/5,plan=-1.0.1.5.5.5.4.3.2.-1|-18|-18
protected_head_day,seed=1721200,policy=status-toggle,day=4,daily=4/4,cumulative=5/19/22,pos_fuel=19/0,plan=-1.5.0.1.2.2.-5|-16|-16
run_begin,seed=1721100,protected_reserve_ms=0
protected_head,seed=1721100,policy=maximum-dwell,protected_reserve_ms=0,score=5/17/17,virtual=5/17/17,valid=1,takeovers=0,generated=0,valid_plans=0,liftable=0,protected_deadline_days=0,solver_deadline_days=0,terminal_sparse_routes=0,terminal_valid_plans=0,terminal_improvements=0,terminal_rounds=0,terminal_deadline_days=0,plan_hash=32dcfc4fa4a20fd6
protected_head_day,seed=1721100,policy=maximum-dwell,day=1,daily=5/5,cumulative=5/5/5,pos_fuel=20/16,plan=3.2.2.2.0.0.2.-3|-16|-16
protected_head_day,seed=1721100,policy=maximum-dwell,day=2,daily=5/5,cumulative=5/10/10,pos_fuel=33/9,plan=-1.5.3.3.5.5.5.-3|-18|-18
protected_head_day,seed=1721100,policy=maximum-dwell,day=3,daily=5/5,cumulative=5/15/15,pos_fuel=36/2,plan=-1.2.1.1.2.4.3.-3|-17|-17
protected_head_day,seed=1721100,policy=maximum-dwell,day=4,daily=2/2,cumulative=5/17/17,pos_fuel=19/0,plan=-1.0.0.-12|-17|-17
protected_head,seed=1721100,policy=minimum-dwell,protected_reserve_ms=0,score=5/16/17,virtual=5/16/17,valid=1,takeovers=0,generated=0,valid_plans=0,liftable=0,protected_deadline_days=0,solver_deadline_days=0,terminal_sparse_routes=0,terminal_valid_plans=0,terminal_improvements=0,terminal_rounds=0,terminal_deadline_days=0,plan_hash=a9d910dc3b481ff7
protected_head_day,seed=1721100,policy=minimum-dwell,day=1,daily=5/5,cumulative=5/5/5,pos_fuel=20/16,plan=3.2.2.2.0.0.2.-3|-16|-16
protected_head_day,seed=1721100,policy=minimum-dwell,day=2,daily=5/6,cumulative=5/10/11,pos_fuel=36/7,plan=-1.5.5.5.4.3.2.2.2.-2|-18|-18
protected_head_day,seed=1721100,policy=minimum-dwell,day=3,daily=5/5,cumulative=5/15/16,pos_fuel=33/0,plan=-1.0.1.5.4.4.5.-3|-17|-17
protected_head_day,seed=1721100,policy=minimum-dwell,day=4,daily=1/1,cumulative=5/16/17,pos_fuel=33/0,plan=-1.-16|-17|-17
protected_head,seed=1721100,policy=status-toggle,protected_reserve_ms=0,score=5/17/17,virtual=5/17/17,valid=1,takeovers=0,generated=0,valid_plans=0,liftable=0,protected_deadline_days=0,solver_deadline_days=0,terminal_sparse_routes=0,terminal_valid_plans=0,terminal_improvements=0,terminal_rounds=0,terminal_deadline_days=0,plan_hash=32dcfc4fa4a20fd6
protected_head_day,seed=1721100,policy=status-toggle,day=1,daily=5/5,cumulative=5/5/5,pos_fuel=20/16,plan=3.2.2.2.0.0.2.-3|-16|-16
protected_head_day,seed=1721100,policy=status-toggle,day=2,daily=5/5,cumulative=5/10/10,pos_fuel=33/9,plan=-1.5.3.3.5.5.5.-3|-18|-18
protected_head_day,seed=1721100,policy=status-toggle,day=3,daily=5/5,cumulative=5/15/15,pos_fuel=36/2,plan=-1.2.1.1.2.4.3.-3|-17|-17
protected_head_day,seed=1721100,policy=status-toggle,day=4,daily=2/2,cumulative=5/17/17,pos_fuel=19/0,plan=-1.0.0.-12|-17|-17
run_begin,seed=1721200,protected_reserve_ms=0
protected_head,seed=1721200,policy=maximum-dwell,protected_reserve_ms=0,score=5/19/22,virtual=5/19/22,valid=1,takeovers=0,generated=0,valid_plans=0,liftable=0,protected_deadline_days=0,solver_deadline_days=0,terminal_sparse_routes=0,terminal_valid_plans=0,terminal_improvements=0,terminal_rounds=0,terminal_deadline_days=0,plan_hash=c6aebcf618cd571f
protected_head_day,seed=1721200,policy=maximum-dwell,day=1,daily=5/6,cumulative=5/5/6,pos_fuel=17/22,plan=3.2.2.2.0.1.5.5.5|-17|-17
protected_head_day,seed=1721200,policy=maximum-dwell,day=2,daily=5/6,cumulative=5/10/12,pos_fuel=36/13,plan=-1.4.3.2.1.1.2.4.3|-18|-18
protected_head_day,seed=1721200,policy=maximum-dwell,day=3,daily=5/6,cumulative=5/15/18,pos_fuel=34/5,plan=-1.0.1.5.5.5.4.3.2.-1|-18|-18
protected_head_day,seed=1721200,policy=maximum-dwell,day=4,daily=4/4,cumulative=5/19/22,pos_fuel=19/0,plan=-1.5.0.1.2.2.-5|-16|-16
protected_head,seed=1721200,policy=minimum-dwell,protected_reserve_ms=0,score=5/19/22,virtual=5/19/22,valid=1,takeovers=0,generated=0,valid_plans=0,liftable=0,protected_deadline_days=0,solver_deadline_days=0,terminal_sparse_routes=0,terminal_valid_plans=0,terminal_improvements=0,terminal_rounds=0,terminal_deadline_days=0,plan_hash=c6aebcf618cd571f
protected_head_day,seed=1721200,policy=minimum-dwell,day=1,daily=5/6,cumulative=5/5/6,pos_fuel=17/22,plan=3.2.2.2.0.1.5.5.5|-17|-17
protected_head_day,seed=1721200,policy=minimum-dwell,day=2,daily=5/6,cumulative=5/10/12,pos_fuel=36/13,plan=-1.4.3.2.1.1.2.4.3|-18|-18
protected_head_day,seed=1721200,policy=minimum-dwell,day=3,daily=5/6,cumulative=5/15/18,pos_fuel=34/5,plan=-1.0.1.5.5.5.4.3.2.-1|-18|-18
protected_head_day,seed=1721200,policy=minimum-dwell,day=4,daily=4/4,cumulative=5/19/22,pos_fuel=19/0,plan=-1.5.0.1.2.2.-5|-16|-16
protected_head,seed=1721200,policy=status-toggle,protected_reserve_ms=0,score=5/19/22,virtual=5/19/22,valid=1,takeovers=0,generated=0,valid_plans=0,liftable=0,protected_deadline_days=0,solver_deadline_days=0,terminal_sparse_routes=0,terminal_valid_plans=0,terminal_improvements=0,terminal_rounds=0,terminal_deadline_days=0,plan_hash=c6aebcf618cd571f
protected_head_day,seed=1721200,policy=status-toggle,day=1,daily=5/6,cumulative=5/5/6,pos_fuel=17/22,plan=3.2.2.2.0.1.5.5.5|-17|-17
protected_head_day,seed=1721200,policy=status-toggle,day=2,daily=5/6,cumulative=5/10/12,pos_fuel=36/13,plan=-1.4.3.2.1.1.2.4.3|-18|-18
protected_head_day,seed=1721200,policy=status-toggle,day=3,daily=5/6,cumulative=5/15/18,pos_fuel=34/5,plan=-1.0.1.5.5.5.4.3.2.-1|-18|-18
protected_head_day,seed=1721200,policy=status-toggle,day=4,daily=4/4,cumulative=5/19/22,pos_fuel=19/0,plan=-1.5.0.1.2.2.-5|-16|-16
