ledger_before=8/56/174
day_score=8/8/21
score_after=8/64/195
agent=0 kind=tanker claims=0 served=0 path_steps=64 raw_path_fuel=0 initial_fuel=192 spots= terminal=912:192
agent=1 kind=patrol claims=1 served=1 path_steps=64 raw_path_fuel=0 initial_fuel=2 spots=2:2 terminal=107:2
agent=2 kind=patrol claims=5 served=5 path_steps=64 raw_path_fuel=36 initial_fuel=192 spots=17:1,1:1,3:3,5:5,0:0 terminal=310:156
agent=3 kind=patrol claims=5 served=5 path_steps=64 raw_path_fuel=31 initial_fuel=156 spots=0:0,5:5,12:4,2:2,22:6 terminal=6:125
agent=4 kind=patrol claims=5 served=5 path_steps=64 raw_path_fuel=31 initial_fuel=125 spots=22:6,21:5,2:2,12:4,0:0 terminal=310:94
agent=5 kind=patrol claims=5 served=5 path_steps=64 raw_path_fuel=55 initial_fuel=85 spots=7:7,21:5,5:5,3:3,17:1 terminal=912:192
spot=0 brand=0 cell=310 stock=5 served=3 denied=0 agents=3S,4S,2S
spot=1 brand=1 cell=982 stock=6 served=1 denied=0 agents=2S
spot=2 brand=2 cell=107 stock=4 served=3 denied=0 agents=4S,3S,1S
spot=3 brand=3 cell=624 stock=6 served=2 denied=0 agents=2S,5S
spot=5 brand=5 cell=401 stock=6 served=3 denied=0 agents=3S,5S,2S
spot=7 brand=7 cell=454 stock=5 served=1 denied=0 agents=5S
spot=12 brand=4 cell=178 stock=6 served=2 denied=0 agents=3S,4S
spot=17 brand=1 cell=912 stock=4 served=2 denied=0 agents=2S,5S
spot=21 brand=5 cell=297 stock=6 served=2 denied=0 agents=5S,4S
spot=22 brand=6 cell=6 stock=2 served=2 denied=0 agents=4S,3S
rendezvous_portfolio=12/5/12/12/12/12 coordination_queries=83 coordination_ms=13 deadline=0
rendezvous_summary pairs=0 valid=0 best=8/64/195
