case_begin order=forward mask=0 started=2026-09-01T16:32:29.0597896+00:00
day=1 score=3/3/50 daily=3/50 profile_lb=3/15/142 profile_cert=3/15/142 profile_q50=3/15/146 candidates=16 candidate_ms=311 certification_ms=1115 terminals=a0@4/164,a1@252/179,a2@431/152,a3@199/176,a4@475/142,a5@210/178,a6@519/175 post_ack_contingencies=0 elapsed_ms=3376
day=2 score=3/6/77 daily=3/27 profile_lb=3/6/77 profile_cert=3/6/77 profile_q50=3/15/152 candidates=16 candidate_ms=482 certification_ms=1114 terminals=a0@167/140,a1@552/137,a2@87/127,a3@87/134,a4@87/115,a5@574/108,a6@490/169 post_ack_contingencies=0 elapsed_ms=3375
day=3 score=3/9/106 daily=3/29 profile_lb=3/9/106 profile_cert=3/9/106 profile_q50=3/15/158 candidates=16 candidate_ms=314 certification_ms=1114 terminals=a0@333/103,a1@87/105,a2@490/99,a3@490/106,a4@490/87,a5@490/93,a6@552/146 post_ack_contingencies=0 elapsed_ms=3375
day=4 score=3/12/142 daily=3/36 profile_lb=3/15/160 profile_cert=3/15/160 profile_q50=3/15/161 candidates=16 candidate_ms=315 certification_ms=603 terminals=a0@333/103,a1@490/22,a2@147/18,a3@350/15,a4@475/3,a5@350/2,a6@290/135 post_ack_contingencies=0 elapsed_ms=2864
day=5 score=3/15/160 daily=3/18 profile_lb=3/15/160 profile_cert=3/15/160 profile_q50=3/15/160 candidates=16 candidate_ms=1 certification_ms=0 terminals=a0@167/94,a1@475/2,a2@483/1,a3@167/0,a4@475/3,a5@350/2,a6@552/108 post_ack_contingencies=0 elapsed_ms=983
summary role_mask=0 days=5 score=3/15/160
case_complete order=forward mask=0 exit=0
case_elapsed_ms order=forward mask=0 value=16373

case_begin order=forward mask=1 started=2026-09-01T16:32:45.4571850+00:00
day=1 score=3/3/43 daily=3/43 profile_lb=3/15/127 profile_cert=3/15/127 profile_q50=3/15/128 candidates=16 candidate_ms=314 certification_ms=798 terminals=a0@252/240,a1@252/240,a2@431/152,a3@252/240,a4@475/142,a5@210/178,a6@252/240 post_ack_contingencies=0 elapsed_ms=3058
day=2 score=3/6/61 daily=3/18 profile_lb=3/15/128 profile_cert=3/15/128 profile_q50=3/15/129 candidates=16 candidate_ms=315 certification_ms=1013 terminals=a0@519/240,a1@519/240,a2@167/139,a3@519/240,a4@167/127,a5@574/230,a6@519/240 post_ack_contingencies=0 elapsed_ms=3273
day=3 score=3/9/89 daily=3/28 profile_lb=3/9/89 profile_cert=3/9/89 profile_q50=3/15/132 candidates=16 candidate_ms=312 certification_ms=1116 terminals=a0@519/240,a1@490/211,a2@333/101,a3@490/211,a4@333/89,a5@490/234,a6@490/211 post_ack_contingencies=0 elapsed_ms=3376
day=4 score=3/12/120 daily=3/31 profile_lb=3/15/140 profile_cert=3/15/140 profile_q50=3/15/146 candidates=16 candidate_ms=314 certification_ms=813 terminals=a0@87/240,a1@147/192,a2@87/240,a3@147/192,a4@147/59,a5@147/192,a6@350/182 post_ack_contingencies=0 elapsed_ms=3074
day=5 score=3/15/143 daily=3/23 profile_lb=3/15/143 profile_cert=3/15/143 profile_q50=3/15/143 candidates=16 candidate_ms=2 certification_ms=0 terminals=a0@87/240,a1@167/129,a2@147/190,a3@167/129,a4@147/21,a5@167/129,a6@167/228 post_ack_contingencies=0 elapsed_ms=1953
summary role_mask=1 days=5 score=3/15/143
case_complete order=forward mask=1 exit=0
case_elapsed_ms order=forward mask=1 value=17204

case_begin order=forward mask=2 started=2026-09-01T16:33:02.6674813+00:00
day=1 score=3/3/43 daily=3/43 profile_lb=3/15/130 profile_cert=3/15/130 profile_q50=3/15/133 candidates=16 candidate_ms=311 certification_ms=1115 terminals=a0@4/214,a1@167/240,a2@431/216,a3@350/217,a4@475/222,a5@210/178,a6@252/212 post_ack_contingencies=0 elapsed_ms=3376
day=2 score=3/6/66 daily=3/23 profile_lb=3/15/133 profile_cert=3/15/133 profile_q50=3/15/133 candidates=16 candidate_ms=309 certification_ms=1016 terminals=a0@167/240,a1@167/240,a2@87/228,a3@167/240,a4@87/228,a5@167/240,a6@167/240 post_ack_contingencies=0 elapsed_ms=3277
day=3 score=3/9/87 daily=3/21 profile_lb=3/15/128 profile_cert=3/15/128 profile_q50=3/15/130 candidates=16 candidate_ms=314 certification_ms=308 terminals=a0@333/227,a1@87/240,a2@147/200,a3@333/227,a4@147/200,a5@333/227,a6@333/227 post_ack_contingencies=0 elapsed_ms=2568
day=4 score=3/12/117 daily=3/30 profile_lb=3/15/138 profile_cert=3/15/138 profile_q50=3/15/138 candidates=16 candidate_ms=313 certification_ms=317 terminals=a0@167/188,a1@87/240,a2@490/169,a3@167/188,a4@490/169,a5@167/188,a6@167/188 post_ack_contingencies=0 elapsed_ms=2577
day=5 score=3/15/137 daily=3/20 profile_lb=3/15/137 profile_cert=3/15/137 profile_q50=3/15/137 candidates=16 candidate_ms=1 certification_ms=0 terminals=a0@333/223,a1@87/240,a2@552/145,a3@333/223,a4@552/145,a5@333/223,a6@333/223 post_ack_contingencies=0 elapsed_ms=1948
summary role_mask=2 days=5 score=3/15/137
case_complete order=forward mask=2 exit=0
case_elapsed_ms order=forward mask=2 value=16240

case_begin order=forward mask=4 started=2026-09-01T16:33:18.9120000+00:00
day=1 score=3/3/43 daily=3/43 profile_lb=3/15/128 profile_cert=3/15/128 profile_q50=3/15/132 candidates=16 candidate_ms=307 certification_ms=1098 terminals=a0@4/214,a1@12/224,a2@167/240,a3@350/217,a4@475/222,a5@210/178,a6@252/212 post_ack_contingencies=0 elapsed_ms=3359
day=2 score=3/6/65 daily=3/22 profile_lb=3/15/131 profile_cert=3/15/131 profile_q50=3/15/132 candidates=16 candidate_ms=313 certification_ms=974 terminals=a0@167/240,a1@147/203,a2@167/240,a3@167/240,a4@87/228,a5@167/240,a6@167/240 post_ack_contingencies=0 elapsed_ms=3234
day=3 score=3/9/87 daily=3/22 profile_lb=3/15/128 profile_cert=3/15/128 profile_q50=3/15/128 candidates=16 candidate_ms=313 certification_ms=790 terminals=a0@552/199,a1@167/240,a2@167/240,a3@333/216,a4@147/205,a5@333/216,a6@333/216 post_ack_contingencies=0 elapsed_ms=3051
day=4 score=3/12/108 daily=3/21 profile_lb=3/15/128 profile_cert=3/15/128 profile_q50=3/15/128 candidates=16 candidate_ms=312 certification_ms=453 terminals=a0@552/161,a1@333/211,a2@167/240,a3@87/228,a4@167/240,a5@87/228,a6@87/228 post_ack_contingencies=0 elapsed_ms=2713
day=5 score=3/15/128 daily=3/20 profile_lb=3/15/128 profile_cert=3/15/128 profile_q50=3/15/128 candidates=16 candidate_ms=1 certification_ms=0 terminals=a0@552/123,a1@87/228,a2@167/240,a3@147/202,a4@333/211,a5@147/202,a6@147/202 post_ack_contingencies=0 elapsed_ms=1947
summary role_mask=4 days=5 score=3/15/128
case_complete order=forward mask=4 exit=0
case_elapsed_ms order=forward mask=4 value=16792

case_begin order=forward mask=8 started=2026-09-01T16:33:35.7081948+00:00
day=1 score=3/3/44 daily=3/44 profile_lb=3/15/131 profile_cert=3/15/131 profile_q50=3/15/134 candidates=16 candidate_ms=311 certification_ms=1043 terminals=a0@4/214,a1@350/217,a2@431/216,a3@167/240,a4@475/222,a5@210/178,a6@252/212 post_ack_contingencies=0 elapsed_ms=3305
day=2 score=3/6/67 daily=3/23 profile_lb=3/15/134 profile_cert=3/15/134 profile_q50=3/15/134 candidates=16 candidate_ms=314 certification_ms=963 terminals=a0@167/240,a1@167/240,a2@87/228,a3@167/240,a4@87/228,a5@167/240,a6@167/240 post_ack_contingencies=0 elapsed_ms=3224
day=3 score=3/9/88 daily=3/21 profile_lb=3/15/131 profile_cert=3/15/131 profile_q50=3/15/133 candidates=16 candidate_ms=314 certification_ms=431 terminals=a0@552/199,a1@333/216,a2@147/205,a3@167/240,a4@147/205,a5@333/216,a6@333/216 post_ack_contingencies=0 elapsed_ms=2691
day=4 score=3/12/111 daily=3/23 profile_lb=3/15/131 profile_cert=3/15/131 profile_q50=3/15/135 candidates=16 candidate_ms=311 certification_ms=701 terminals=a0@552/161,a1@87/228,a2@167/240,a3@167/240,a4@167/240,a5@87/228,a6@87/228 post_ack_contingencies=0 elapsed_ms=2962
day=5 score=3/15/136 daily=3/25 profile_lb=3/15/136 profile_cert=3/15/136 profile_q50=3/15/136 candidates=16 candidate_ms=2 certification_ms=0 terminals=a0@87/116,a1@147/206,a2@87/193,a3@167/240,a4@87/193,a5@147/206,a6@147/206 post_ack_contingencies=0 elapsed_ms=1951
summary role_mask=8 days=5 score=3/15/136
case_complete order=forward mask=8 exit=0
case_elapsed_ms order=forward mask=8 value=16651

case_begin order=forward mask=16 started=2026-09-01T16:33:52.3645309+00:00
day=1 score=3/3/43 daily=3/43 profile_lb=3/15/129 profile_cert=3/15/129 profile_q50=3/15/131 candidates=16 candidate_ms=310 certification_ms=962 terminals=a0@4/214,a1@12/224,a2@431/216,a3@252/212,a4@167/240,a5@210/178,a6@350/217 post_ack_contingencies=0 elapsed_ms=3223
day=2 score=3/6/65 daily=3/22 profile_lb=3/15/131 profile_cert=3/15/131 profile_q50=3/15/132 candidates=16 candidate_ms=311 certification_ms=1006 terminals=a0@167/240,a1@147/203,a2@87/228,a3@167/240,a4@167/240,a5@167/240,a6@167/240 post_ack_contingencies=0 elapsed_ms=3267
day=3 score=3/9/87 daily=3/22 profile_lb=3/15/128 profile_cert=3/15/128 profile_q50=3/15/128 candidates=16 candidate_ms=312 certification_ms=569 terminals=a0@552/199,a1@167/240,a2@147/205,a3@333/216,a4@167/240,a5@333/216,a6@333/216 post_ack_contingencies=0 elapsed_ms=2829
day=4 score=3/12/108 daily=3/21 profile_lb=3/15/128 profile_cert=3/15/128 profile_q50=3/15/128 candidates=16 candidate_ms=311 certification_ms=392 terminals=a0@552/161,a1@333/211,a2@167/240,a3@87/228,a4@167/240,a5@87/228,a6@87/228 post_ack_contingencies=0 elapsed_ms=2652
day=5 score=3/15/128 daily=3/20 profile_lb=3/15/128 profile_cert=3/15/128 profile_q50=3/15/128 candidates=16 candidate_ms=1 certification_ms=0 terminals=a0@552/123,a1@87/228,a2@333/211,a3@147/202,a4@167/240,a5@147/202,a6@147/202 post_ack_contingencies=0 elapsed_ms=1950
summary role_mask=16 days=5 score=3/15/128
case_complete order=forward mask=16 exit=0
case_elapsed_ms order=forward mask=16 value=16424

case_begin order=forward mask=32 started=2026-09-01T16:34:08.7932396+00:00
day=1 score=3/3/42 daily=3/42 profile_lb=3/15/128 profile_cert=3/15/128 profile_q50=3/15/132 candidates=16 candidate_ms=308 certification_ms=1100 terminals=a0@4/214,a1@12/224,a2@431/216,a3@252/212,a4@475/222,a5@167/240,a6@350/217 post_ack_contingencies=0 elapsed_ms=3361
day=2 score=3/6/64 daily=3/22 profile_lb=3/15/133 profile_cert=3/15/133 profile_q50=3/15/140 candidates=16 candidate_ms=313 certification_ms=873 terminals=a0@490/177,a1@167/240,a2@167/240,a3@552/182,a4@87/228,a5@167/240,a6@431/222 post_ack_contingencies=0 elapsed_ms=3133
day=3 score=3/9/84 daily=3/20 profile_lb=3/15/129 profile_cert=3/15/129 profile_q50=3/15/130 candidates=16 candidate_ms=311 certification_ms=810 terminals=a0@87/155,a1@333/216,a2@333/216,a3@552/144,a4@147/205,a5@167/240,a6@87/229 post_ack_contingencies=0 elapsed_ms=3071
day=4 score=3/12/111 daily=3/27 profile_lb=3/15/135 profile_cert=3/15/135 profile_q50=3/15/135 candidates=16 candidate_ms=313 certification_ms=807 terminals=a0@147/205,a1@167/240,a2@167/240,a3@552/106,a4@167/240,a5@167/240,a6@147/205 post_ack_contingencies=0 elapsed_ms=3069
day=5 score=3/15/135 daily=3/24 profile_lb=3/15/135 profile_cert=3/15/135 profile_q50=3/15/135 candidates=16 candidate_ms=2 certification_ms=0 terminals=a0@290/176,a1@333/213,a2@333/213,a3@490/233,a4@333/213,a5@552/240,a6@290/176 post_ack_contingencies=0 elapsed_ms=1948
summary role_mask=32 days=5 score=3/15/135
case_complete order=forward mask=32 exit=0
case_elapsed_ms order=forward mask=32 value=17097

case_begin order=forward mask=64 started=2026-09-01T16:34:25.9034919+00:00
day=1 score=3/3/43 daily=3/43 profile_lb=3/15/131 profile_cert=3/15/131 profile_q50=3/15/132 candidates=16 candidate_ms=311 certification_ms=1114 terminals=a0@4/214,a1@252/212,a2@431/216,a3@333/220,a4@475/222,a5@210/178,a6@167/240 post_ack_contingencies=0 elapsed_ms=3376
day=2 score=3/6/66 daily=3/23 profile_lb=3/15/134 profile_cert=3/15/134 profile_q50=3/15/138 candidates=16 candidate_ms=312 certification_ms=894 terminals=a0@167/240,a1@167/240,a2@87/228,a3@87/228,a4@87/228,a5@167/240,a6@167/240 post_ack_contingencies=0 elapsed_ms=3154
day=3 score=3/9/88 daily=3/22 profile_lb=3/15/133 profile_cert=3/15/133 profile_q50=3/15/136 candidates=16 candidate_ms=311 certification_ms=642 terminals=a0@333/216,a1@333/216,a2@147/205,a3@147/205,a4@147/205,a5@552/199,a6@167/240 post_ack_contingencies=0 elapsed_ms=2902
day=4 score=3/12/113 daily=3/25 profile_lb=3/15/133 profile_cert=3/15/133 profile_q50=3/15/137 candidates=16 candidate_ms=340 certification_ms=469 terminals=a0@87/228,a1@87/228,a2@167/240,a3@167/240,a4@167/240,a5@552/161,a6@167/240 post_ack_contingencies=0 elapsed_ms=2729
day=5 score=3/15/133 daily=3/20 profile_lb=3/15/133 profile_cert=3/15/133 profile_q50=3/15/133 candidates=16 candidate_ms=1 certification_ms=0 terminals=a0@147/202,a1@147/202,a2@333/211,a3@333/211,a4@333/211,a5@552/123,a6@167/240 post_ack_contingencies=0 elapsed_ms=1951
summary role_mask=64 days=5 score=3/15/133
case_complete order=forward mask=64 exit=0
case_elapsed_ms order=forward mask=64 value=16637

case_begin order=reverse mask=64 started=2026-09-01T16:34:42.5454760+00:00
day=1 score=3/3/43 daily=3/43 profile_lb=3/15/131 profile_cert=3/15/131 profile_q50=3/15/132 candidates=16 candidate_ms=310 certification_ms=1116 terminals=a0@4/214,a1@252/212,a2@431/216,a3@333/220,a4@475/222,a5@210/178,a6@167/240 post_ack_contingencies=0 elapsed_ms=3377
day=2 score=3/6/66 daily=3/23 profile_lb=3/15/134 profile_cert=3/15/134 profile_q50=3/15/138 candidates=16 candidate_ms=309 certification_ms=958 terminals=a0@167/240,a1@167/240,a2@87/228,a3@87/228,a4@87/228,a5@167/240,a6@167/240 post_ack_contingencies=0 elapsed_ms=3218
day=3 score=3/9/88 daily=3/22 profile_lb=3/15/133 profile_cert=3/15/133 profile_q50=3/15/136 candidates=16 candidate_ms=313 certification_ms=646 terminals=a0@552/199,a1@333/216,a2@147/205,a3@147/205,a4@147/205,a5@333/216,a6@167/240 post_ack_contingencies=0 elapsed_ms=2906
day=4 score=3/12/113 daily=3/25 profile_lb=3/15/133 profile_cert=3/15/133 profile_q50=3/15/137 candidates=16 candidate_ms=682 certification_ms=700 terminals=a0@552/161,a1@87/228,a2@167/240,a3@167/240,a4@167/240,a5@87/228,a6@167/240 post_ack_contingencies=0 elapsed_ms=2962
day=5 score=3/15/133 daily=3/20 profile_lb=3/15/133 profile_cert=3/15/133 profile_q50=3/15/133 candidates=16 candidate_ms=2 certification_ms=0 terminals=a0@552/123,a1@147/202,a2@333/211,a3@333/211,a4@333/211,a5@147/202,a6@167/240 post_ack_contingencies=0 elapsed_ms=1951
summary role_mask=64 days=5 score=3/15/133
case_complete order=reverse mask=64 exit=0
case_elapsed_ms order=reverse mask=64 value=16940

case_begin order=reverse mask=32 started=2026-09-01T16:34:59.4891224+00:00
day=1 score=3/3/42 daily=3/42 profile_lb=3/15/128 profile_cert=3/15/128 profile_q50=3/15/132 candidates=16 candidate_ms=314 certification_ms=1106 terminals=a0@4/214,a1@12/224,a2@431/216,a3@252/212,a4@475/222,a5@167/240,a6@350/217 post_ack_contingencies=0 elapsed_ms=3367
day=2 score=3/6/63 daily=3/21 profile_lb=3/15/131 profile_cert=3/15/131 profile_q50=3/15/131 candidates=16 candidate_ms=310 certification_ms=811 terminals=a0@167/142,a1@87/240,a2@87/240,a3@167/189,a4@87/240,a5@87/240,a6@167/186 post_ack_contingencies=0 elapsed_ms=3071
day=3 score=3/9/83 daily=3/20 profile_lb=3/15/129 profile_cert=3/15/129 profile_q50=3/15/130 candidates=16 candidate_ms=312 certification_ms=497 terminals=a0@87/240,a1@147/194,a2@147/194,a3@333/227,a4@147/194,a5@87/240,a6@333/227 post_ack_contingencies=0 elapsed_ms=2757
day=4 score=3/12/108 daily=3/25 profile_lb=3/15/129 profile_cert=3/15/129 profile_q50=3/15/131 candidates=16 candidate_ms=311 certification_ms=352 terminals=a0@147/176,a1@167/125,a2@167/125,a3@87/240,a4@167/125,a5@87/240,a6@87/240 post_ack_contingencies=0 elapsed_ms=2612
day=5 score=3/15/128 daily=3/20 profile_lb=3/15/128 profile_cert=3/15/128 profile_q50=3/15/128 candidates=16 candidate_ms=1 certification_ms=0 terminals=a0@167/113,a1@333/223,a2@333/223,a3@147/190,a4@333/223,a5@87/240,a6@147/190 post_ack_contingencies=0 elapsed_ms=1948
summary role_mask=32 days=5 score=3/15/128
case_complete order=reverse mask=32 exit=0
case_elapsed_ms order=reverse mask=32 value=16319

case_begin order=reverse mask=16 started=2026-09-01T16:35:15.8128032+00:00
day=1 score=3/3/43 daily=3/43 profile_lb=3/15/129 profile_cert=3/15/129 profile_q50=3/15/131 candidates=16 candidate_ms=313 certification_ms=1027 terminals=a0@4/214,a1@12/224,a2@431/216,a3@252/212,a4@167/240,a5@210/178,a6@350/217 post_ack_contingencies=0 elapsed_ms=3287
day=2 score=3/6/65 daily=3/22 profile_lb=3/15/131 profile_cert=3/15/131 profile_q50=3/15/132 candidates=16 candidate_ms=310 certification_ms=1014 terminals=a0@167/240,a1@147/203,a2@87/228,a3@167/240,a4@167/240,a5@167/240,a6@167/240 post_ack_contingencies=0 elapsed_ms=3274
day=3 score=3/9/87 daily=3/22 profile_lb=3/15/128 profile_cert=3/15/128 profile_q50=3/15/128 candidates=16 candidate_ms=309 certification_ms=663 terminals=a0@552/199,a1@167/240,a2@147/205,a3@333/216,a4@167/240,a5@333/216,a6@333/216 post_ack_contingencies=0 elapsed_ms=2923
day=4 score=3/12/108 daily=3/21 profile_lb=3/15/128 profile_cert=3/15/128 profile_q50=3/15/128 candidates=16 candidate_ms=312 certification_ms=408 terminals=a0@552/161,a1@333/211,a2@167/240,a3@87/228,a4@167/240,a5@87/228,a6@87/228 post_ack_contingencies=0 elapsed_ms=2669
day=5 score=3/15/128 daily=3/20 profile_lb=3/15/128 profile_cert=3/15/128 profile_q50=3/15/128 candidates=16 candidate_ms=2 certification_ms=0 terminals=a0@552/123,a1@87/228,a2@333/211,a3@147/202,a4@167/240,a5@147/202,a6@147/202 post_ack_contingencies=0 elapsed_ms=1948
summary role_mask=16 days=5 score=3/15/128
case_complete order=reverse mask=16 exit=0
case_elapsed_ms order=reverse mask=16 value=16654

case_begin order=reverse mask=8 started=2026-09-01T16:35:32.4729690+00:00
day=1 score=3/3/44 daily=3/44 profile_lb=3/15/131 profile_cert=3/15/131 profile_q50=3/15/134 candidates=16 candidate_ms=309 certification_ms=1093 terminals=a0@4/214,a1@350/217,a2@431/216,a3@167/240,a4@475/222,a5@210/178,a6@252/212 post_ack_contingencies=0 elapsed_ms=3354
day=2 score=3/6/67 daily=3/23 profile_lb=3/15/134 profile_cert=3/15/134 profile_q50=3/15/134 candidates=16 candidate_ms=315 certification_ms=1003 terminals=a0@167/240,a1@167/240,a2@87/228,a3@167/240,a4@87/228,a5@167/240,a6@167/240 post_ack_contingencies=0 elapsed_ms=3264
day=3 score=3/9/88 daily=3/21 profile_lb=3/15/131 profile_cert=3/15/131 profile_q50=3/15/133 candidates=16 candidate_ms=315 certification_ms=585 terminals=a0@552/199,a1@333/216,a2@147/205,a3@167/240,a4@147/205,a5@333/216,a6@333/216 post_ack_contingencies=0 elapsed_ms=2845
day=4 score=3/12/111 daily=3/23 profile_lb=3/15/131 profile_cert=3/15/131 profile_q50=3/15/135 candidates=16 candidate_ms=310 certification_ms=674 terminals=a0@552/161,a1@87/228,a2@167/240,a3@167/240,a4@167/240,a5@87/228,a6@87/228 post_ack_contingencies=0 elapsed_ms=2934
day=5 score=3/15/136 daily=3/25 profile_lb=3/15/136 profile_cert=3/15/136 profile_q50=3/15/136 candidates=16 candidate_ms=1 certification_ms=0 terminals=a0@87/116,a1@147/206,a2@87/193,a3@167/240,a4@87/193,a5@147/206,a6@147/206 post_ack_contingencies=0 elapsed_ms=1947
summary role_mask=8 days=5 score=3/15/136
case_complete order=reverse mask=8 exit=0
case_elapsed_ms order=reverse mask=8 value=16985

case_begin order=reverse mask=4 started=2026-09-01T16:35:49.4616923+00:00
day=1 score=3/3/43 daily=3/43 profile_lb=3/15/128 profile_cert=3/15/128 profile_q50=3/15/132 candidates=16 candidate_ms=315 certification_ms=1070 terminals=a0@4/214,a1@12/224,a2@167/240,a3@350/217,a4@475/222,a5@210/178,a6@252/212 post_ack_contingencies=0 elapsed_ms=3330
day=2 score=3/6/65 daily=3/22 profile_lb=3/15/131 profile_cert=3/15/131 profile_q50=3/15/132 candidates=16 candidate_ms=313 certification_ms=1023 terminals=a0@167/240,a1@147/203,a2@167/240,a3@167/240,a4@87/228,a5@167/240,a6@167/240 post_ack_contingencies=0 elapsed_ms=3283
day=3 score=3/9/87 daily=3/22 profile_lb=3/15/128 profile_cert=3/15/128 profile_q50=3/15/128 candidates=16 candidate_ms=310 certification_ms=868 terminals=a0@552/199,a1@167/240,a2@167/240,a3@333/216,a4@147/205,a5@333/216,a6@333/216 post_ack_contingencies=0 elapsed_ms=3128
day=4 score=3/12/108 daily=3/21 profile_lb=3/15/128 profile_cert=3/15/128 profile_q50=3/15/128 candidates=16 candidate_ms=310 certification_ms=621 terminals=a0@552/161,a1@333/211,a2@167/240,a3@87/228,a4@167/240,a5@87/228,a6@87/228 post_ack_contingencies=0 elapsed_ms=2881
day=5 score=3/15/128 daily=3/20 profile_lb=3/15/128 profile_cert=3/15/128 profile_q50=3/15/128 candidates=16 candidate_ms=2 certification_ms=0 terminals=a0@552/123,a1@87/228,a2@167/240,a3@147/202,a4@333/211,a5@147/202,a6@147/202 post_ack_contingencies=0 elapsed_ms=1950
summary role_mask=4 days=5 score=3/15/128
case_complete order=reverse mask=4 exit=0
case_elapsed_ms order=reverse mask=4 value=17135

case_begin order=reverse mask=2 started=2026-09-01T16:36:06.6029364+00:00
day=1 score=3/3/43 daily=3/43 profile_lb=3/15/132 profile_cert=3/15/132 profile_q50=3/15/136 candidates=16 candidate_ms=312 certification_ms=1115 terminals=a0@4/226,a1@87/240,a2@431/152,a3@252/143,a4@475/179,a5@210/232,a6@519/192 post_ack_contingencies=0 elapsed_ms=3375
day=2 score=3/6/66 daily=3/23 profile_lb=3/15/134 profile_cert=3/15/134 profile_q50=3/15/134 candidates=16 candidate_ms=314 certification_ms=787 terminals=a0@167/154,a1@87/240,a2@87/240,a3@167/228,a4@87/240,a5@167/228,a6@490/207 post_ack_contingencies=0 elapsed_ms=3047
day=3 score=3/9/88 daily=3/22 profile_lb=3/15/132 profile_cert=3/15/132 profile_q50=3/15/135 candidates=16 candidate_ms=314 certification_ms=964 terminals=a0@333/227,a1@87/240,a2@147/194,a3@333/227,a4@147/194,a5@552/188,a6@552/184 post_ack_contingencies=0 elapsed_ms=3224
day=4 score=3/12/112 daily=3/24 profile_lb=3/15/133 profile_cert=3/15/133 profile_q50=3/15/137 candidates=16 candidate_ms=309 certification_ms=199 terminals=a0@87/206,a1@167/240,a2@167/240,a3@87/206,a4@167/240,a5@552/150,a6@552/146 post_ack_contingencies=0 elapsed_ms=2460
day=5 score=3/15/133 daily=3/21 profile_lb=3/15/133 profile_cert=3/15/133 profile_q50=3/15/133 candidates=16 candidate_ms=2 certification_ms=0 terminals=a0@147/156,a1@552/240,a2@333/211,a3@147/156,a4@333/211,a5@552/240,a6@552/240 post_ack_contingencies=0 elapsed_ms=1952
summary role_mask=2 days=5 score=3/15/133
case_complete order=reverse mask=2 exit=0
case_elapsed_ms order=reverse mask=2 value=16613

case_begin order=reverse mask=1 started=2026-09-01T16:36:23.2208512+00:00
day=1 score=3/3/43 daily=3/43 profile_lb=3/15/127 profile_cert=3/15/127 profile_q50=3/15/128 candidates=16 candidate_ms=313 certification_ms=1015 terminals=a0@252/240,a1@252/240,a2@431/152,a3@252/240,a4@475/142,a5@210/178,a6@252/240 post_ack_contingencies=0 elapsed_ms=3275
day=2 score=3/6/61 daily=3/18 profile_lb=3/15/128 profile_cert=3/15/128 profile_q50=3/15/129 candidates=16 candidate_ms=313 certification_ms=1085 terminals=a0@519/240,a1@519/240,a2@167/139,a3@519/240,a4@167/127,a5@574/230,a6@519/240 post_ack_contingencies=0 elapsed_ms=3346
day=3 score=3/9/89 daily=3/28 profile_lb=3/9/89 profile_cert=3/9/89 profile_q50=3/15/132 candidates=16 candidate_ms=311 certification_ms=1115 terminals=a0@519/240,a1@490/211,a2@333/101,a3@490/211,a4@333/89,a5@490/234,a6@490/211 post_ack_contingencies=0 elapsed_ms=3375
day=4 score=3/12/120 daily=3/31 profile_lb=3/15/140 profile_cert=3/15/140 profile_q50=3/15/146 candidates=16 candidate_ms=314 certification_ms=839 terminals=a0@87/240,a1@147/192,a2@87/240,a3@147/192,a4@147/59,a5@147/192,a6@350/182 post_ack_contingencies=0 elapsed_ms=3099
day=5 score=3/15/143 daily=3/23 profile_lb=3/15/143 profile_cert=3/15/143 profile_q50=3/15/143 candidates=16 candidate_ms=2 certification_ms=0 terminals=a0@87/240,a1@167/129,a2@147/190,a3@167/129,a4@147/21,a5@167/129,a6@167/228 post_ack_contingencies=0 elapsed_ms=1952
summary role_mask=1 days=5 score=3/15/143
case_complete order=reverse mask=1 exit=0
case_elapsed_ms order=reverse mask=1 value=17588

case_begin order=reverse mask=0 started=2026-09-01T16:36:40.8135000+00:00
day=1 score=3/3/50 daily=3/50 profile_lb=3/15/142 profile_cert=3/15/142 profile_q50=3/15/146 candidates=16 candidate_ms=314 certification_ms=1116 terminals=a0@4/164,a1@252/179,a2@431/152,a3@199/176,a4@475/142,a5@210/178,a6@519/175 post_ack_contingencies=0 elapsed_ms=3377
day=2 score=3/6/77 daily=3/27 profile_lb=3/6/77 profile_cert=3/6/77 profile_q50=3/15/152 candidates=16 candidate_ms=312 certification_ms=1114 terminals=a0@147/139,a1@552/137,a2@87/127,a3@87/134,a4@87/115,a5@574/108,a6@490/169 post_ack_contingencies=0 elapsed_ms=3375
day=3 score=3/9/106 daily=3/29 profile_lb=3/15/159 profile_cert=3/15/159 profile_q50=3/15/163 candidates=16 candidate_ms=314 certification_ms=1034 terminals=a0@87/94,a1@87/105,a2@490/99,a3@490/106,a4@490/87,a5@490/93,a6@552/146 post_ack_contingencies=0 elapsed_ms=3295
day=4 score=3/12/147 daily=3/41 profile_lb=3/15/164 profile_cert=3/15/164 profile_q50=3/15/165 candidates=16 candidate_ms=309 certification_ms=502 terminals=a0@490/11,a1@490/22,a2@147/18,a3@350/15,a4@475/3,a5@350/2,a6@290/135 post_ack_contingencies=0 elapsed_ms=2762
day=5 score=3/15/165 daily=3/18 profile_lb=3/15/165 profile_cert=3/15/165 profile_q50=3/15/165 candidates=16 candidate_ms=2 certification_ms=0 terminals=a0@519/5,a1@475/2,a2@483/1,a3@167/0,a4@475/3,a5@350/2,a6@552/108 post_ack_contingencies=0 elapsed_ms=1950
summary role_mask=0 days=5 score=3/15/165
case_complete order=reverse mask=0 exit=0
case_elapsed_ms order=reverse mask=0 value=17346

run_complete cases=16
