case split=development family=plain-open seed=10200000 targets=6 forward_work=14658 bidirectional_work=8416 work_ratio=0.574157 frontier_mismatch=0 best_rank_mismatch=0 deterministic_failure=0 invalid=0 reverse_cost_failure=0 reconstruction_failure=0
detail seed=10200000 forward_settled=1356 forward_arcs=12000 forward_dominance=1302 bidirectional_settled=532 bidirectional_arcs=5272 bidirectional_dominance=1130 bidirectional_join=1482 hash=524bcb4d771ac784
case split=development family=plain-open seed=10200001 targets=6 forward_work=10836 bidirectional_work=5791 work_ratio=0.534422 frontier_mismatch=0 best_rank_mismatch=0 deterministic_failure=0 invalid=0 reverse_cost_failure=0 reconstruction_failure=0
detail seed=10200001 forward_settled=946 forward_arcs=9540 forward_dominance=350 bidirectional_settled=384 bidirectional_arcs=4342 bidirectional_dominance=804 bidirectional_join=261 hash=536807c02b8bfcc2
case split=development family=mixed-terrain seed=10200100 targets=8 forward_work=32974 bidirectional_work=21608 work_ratio=0.655304 frontier_mismatch=0 best_rank_mismatch=0 deterministic_failure=0 invalid=0 reverse_cost_failure=0 reconstruction_failure=0
detail seed=10200100 forward_settled=3191 forward_arcs=23562 forward_dominance=6221 bidirectional_settled=1409 bidirectional_arcs=10104 bidirectional_dominance=3237 bidirectional_join=6858 hash=9695c1c1b8975119
case split=development family=mixed-terrain seed=10200101 targets=8 forward_work=30517 bidirectional_work=26901 work_ratio=0.881509 frontier_mismatch=0 best_rank_mismatch=0 deterministic_failure=0 invalid=0 reverse_cost_failure=0 reconstruction_failure=0
detail seed=10200101 forward_settled=2979 forward_arcs=23026 forward_dominance=4512 bidirectional_settled=2079 bidirectional_arcs=14403 bidirectional_dominance=4202 bidirectional_join=6217 hash=ca755d2f19b27ba4
case split=development family=road-threshold seed=10200200 targets=8 forward_work=52957 bidirectional_work=30092 work_ratio=0.568235 frontier_mismatch=0 best_rank_mismatch=0 deterministic_failure=0 invalid=0 reverse_cost_failure=0 reconstruction_failure=0
detail seed=10200200 forward_settled=5472 forward_arcs=37792 forward_dominance=9693 bidirectional_settled=2005 bidirectional_arcs=13916 bidirectional_dominance=3684 bidirectional_join=10487 hash=a0a99cbff4d1c2c
case split=development family=road-threshold seed=10200201 targets=8 forward_work=42530 bidirectional_work=22635 work_ratio=0.532213 frontier_mismatch=0 best_rank_mismatch=0 deterministic_failure=0 invalid=0 reverse_cost_failure=0 reconstruction_failure=0
detail seed=10200201 forward_settled=4282 forward_arcs=30844 forward_dominance=7404 bidirectional_settled=1613 bidirectional_arcs=11742 bidirectional_dominance=3281 bidirectional_join=5999 hash=1ab88f70b2422c6e
case split=development family=pond-bottleneck seed=10200300 targets=8 forward_work=32019 bidirectional_work=18775 work_ratio=0.586371 frontier_mismatch=0 best_rank_mismatch=0 deterministic_failure=0 invalid=0 reverse_cost_failure=0 reconstruction_failure=0
detail seed=10200300 forward_settled=2788 forward_arcs=27672 forward_dominance=1559 bidirectional_settled=1362 bidirectional_arcs=13713 bidirectional_dominance=3112 bidirectional_join=588 hash=3f78c3e9cd31549
case split=development family=pond-bottleneck seed=10200301 targets=8 forward_work=38332 bidirectional_work=21735 work_ratio=0.567020 frontier_mismatch=0 best_rank_mismatch=0 deterministic_failure=0 invalid=0 reverse_cost_failure=0 reconstruction_failure=0
detail seed=10200301 forward_settled=3465 forward_arcs=31894 forward_dominance=2973 bidirectional_settled=1437 bidirectional_arcs=14197 bidirectional_dominance=3440 bidirectional_join=2661 hash=442d3c9014cbb7b1
case split=development family=mixed-terrain seed=10200400 targets=10 forward_work=80924 bidirectional_work=49809 work_ratio=0.615503 frontier_mismatch=0 best_rank_mismatch=0 deterministic_failure=0 invalid=0 reverse_cost_failure=0 reconstruction_failure=0
detail seed=10200400 forward_settled=7658 forward_arcs=60268 forward_dominance=12998 bidirectional_settled=3452 bidirectional_arcs=26881 bidirectional_dominance=9895 bidirectional_join=9581 hash=f7ab0bab75384594
case split=development family=mixed-terrain seed=10200401 targets=10 forward_work=165726 bidirectional_work=117557 work_ratio=0.709346 frontier_mismatch=0 best_rank_mismatch=0 deterministic_failure=0 invalid=0 reverse_cost_failure=0 reconstruction_failure=0
detail seed=10200401 forward_settled=14975 forward_arcs=103490 forward_dominance=47261 bidirectional_settled=5622 bidirectional_arcs=38949 bidirectional_dominance=16890 bidirectional_join=56096 hash=7b53ab18a6ba8e6c
case split=development family=road-threshold seed=10200500 targets=10 forward_work=67782 bidirectional_work=39308 work_ratio=0.579918 frontier_mismatch=0 best_rank_mismatch=0 deterministic_failure=0 invalid=0 reverse_cost_failure=0 reconstruction_failure=0
detail seed=10200500 forward_settled=6206 forward_arcs=52196 forward_dominance=9380 bidirectional_settled=2933 bidirectional_arcs=24696 bidirectional_dominance=7161 bidirectional_join=4518 hash=e57e102440d7dd06
case split=development family=road-threshold seed=10200501 targets=10 forward_work=124345 bidirectional_work=56718 work_ratio=0.456134 frontier_mismatch=0 best_rank_mismatch=0 deterministic_failure=0 invalid=0 reverse_cost_failure=0 reconstruction_failure=0
detail seed=10200501 forward_settled=11915 forward_arcs=85970 forward_dominance=26460 bidirectional_settled=3884 bidirectional_arcs=29592 bidirectional_dominance=10231 bidirectional_join=13011 hash=24e47335617dc960
summary experiment=ATTR-BIDIRECTIONAL-RCSP-FRONTIER-297 split=development cases=12 frontier_mismatch=0 best_rank_mismatch=0 deterministic_failure=0 invalid=0 reverse_cost_failure=0 reconstruction_failure=0 median_work_ratio=0.577038 reduced_families=4 parity_pass=1 result_hash=cb4dd1eab59f7742
