root_stream_begin,day=1,own_count=175,opponent_count=61,begin=36,end=37
root_stream_action,day=1,index=36,robust=5/17/18,slice_best=5/17/18,improves=1,terminal=19@16,plan=3.2.2.2.0.1.5.-3,states=4418788,transitions=3741592268
root_stream_end,day=1,begin=36,end=37,full=0,has_result=1,slice_best=5/17/18,states=4418788,transitions=3741592268
minimax_slice,seed=1721100,family=adversarial-threshold,fuel=default,begin=36,end=37,own_count=175,opponent_count=61,slice_best=5/17/18
root_stream_case,seed=1721100,begin=36,end=37,policy=maximum-dwell,slice_robust=5/17/18,oracle=5/17/18,head=5/17/17,oracle_valid=1,head_valid=1,oracle_hash=425e7304e13a7358,head_hash=32dcfc4fa4a20fd6
trace_membership,seed=1721100,root=36,policy=maximum-dwell,day=1,plan=3.2.2.2.0.1.5.-3|-16|-16,oracle_mask=62,day_brands=5,day_servings=5,exact_valid=1,mask_maximal=1,mask_terminal=1,strict_supersets=0,same_terminal_fuel_supersets=0,reachability_complete=1,w1_outcome=0,w1_first=0,prod_outcome=1,prod_first=0,first_cap=32,witness_widths=3,production_widths=16,cum=5/5/5
trace_membership,seed=1721100,root=36,policy=maximum-dwell,day=2,plan=-1.2.4.3.5.5.5.-3|-18|-18,oracle_mask=62,day_brands=5,day_servings=5,exact_valid=1,mask_maximal=1,mask_terminal=1,strict_supersets=0,same_terminal_fuel_supersets=0,reachability_complete=1,w1_outcome=0,w1_first=0,prod_outcome=1,prod_first=1,first_cap=32,witness_widths=3,production_widths=16,cum=5/10/10
trace_membership,seed=1721100,root=36,policy=maximum-dwell,day=3,plan=-1.2.-14|-17|-17,oracle_mask=34,day_brands=2,day_servings=2,exact_valid=1,mask_maximal=0,mask_terminal=0,strict_supersets=3,same_terminal_fuel_supersets=0,reachability_complete=1,w1_outcome=0,w1_first=0,prod_outcome=0,prod_first=0,first_cap=-1,witness_widths=3,production_widths=16,cum=5/12/12
trace_membership,seed=1721100,root=36,policy=maximum-dwell,day=4,plan=-1.5.0.1.2.2.2.4.3|-17|-17,oracle_mask=63,day_brands=5,day_servings=6,exact_valid=1,mask_maximal=1,mask_terminal=0,strict_supersets=0,same_terminal_fuel_supersets=0,reachability_complete=1,w1_outcome=0,w1_first=0,prod_outcome=0,prod_first=0,first_cap=-1,witness_widths=2,production_widths=16,cum=5/17/18
trace_membership_summary,seed=1721100,root=36,policy=maximum-dwell,final=5/17/18
root_stream_case,seed=1721100,begin=36,end=37,policy=minimum-dwell,slice_robust=5/17/18,oracle=5/17/18,head=5/16/17,oracle_valid=1,head_valid=1,oracle_hash=a9d35c4bee56d77f,head_hash=a9d910dc3b481ff7
trace_membership,seed=1721100,root=36,policy=minimum-dwell,day=1,plan=3.2.2.2.0.1.5.-3|-16|-16,oracle_mask=62,day_brands=5,day_servings=5,exact_valid=1,mask_maximal=1,mask_terminal=1,strict_supersets=0,same_terminal_fuel_supersets=0,reachability_complete=1,w1_outcome=0,w1_first=0,prod_outcome=1,prod_first=0,first_cap=32,witness_widths=3,production_widths=16,cum=5/5/5
trace_membership,seed=1721100,root=36,policy=minimum-dwell,day=2,plan=-1.2.4.3.5.5.5.-6|-18|-18,oracle_mask=62,day_brands=5,day_servings=5,exact_valid=1,mask_maximal=0,mask_terminal=0,strict_supersets=1,same_terminal_fuel_supersets=0,reachability_complete=1,w1_outcome=0,w1_first=0,prod_outcome=1,prod_first=0,first_cap=32,witness_widths=3,production_widths=16,cum=5/10/10
trace_membership,seed=1721100,root=36,policy=minimum-dwell,day=3,plan=-1.2.-14|-17|-17,oracle_mask=34,day_brands=2,day_servings=2,exact_valid=1,mask_maximal=0,mask_terminal=0,strict_supersets=1,same_terminal_fuel_supersets=0,reachability_complete=1,w1_outcome=0,w1_first=0,prod_outcome=0,prod_first=0,first_cap=-1,witness_widths=3,production_widths=16,cum=5/12/12
trace_membership,seed=1721100,root=36,policy=minimum-dwell,day=4,plan=-1.5.0.1.2.2.2.4.3|-17|-17,oracle_mask=63,day_brands=5,day_servings=6,exact_valid=1,mask_maximal=1,mask_terminal=0,strict_supersets=0,same_terminal_fuel_supersets=0,reachability_complete=1,w1_outcome=0,w1_first=0,prod_outcome=0,prod_first=0,first_cap=-1,witness_widths=2,production_widths=16,cum=5/17/18
trace_membership_summary,seed=1721100,root=36,policy=minimum-dwell,final=5/17/18
root_stream_case,seed=1721100,begin=36,end=37,policy=status-toggle,slice_robust=5/17/18,oracle=5/17/18,head=5/17/17,oracle_valid=1,head_valid=1,oracle_hash=425e7304e13a7358,head_hash=32dcfc4fa4a20fd6
trace_membership,seed=1721100,root=36,policy=status-toggle,day=1,plan=3.2.2.2.0.1.5.-3|-16|-16,oracle_mask=62,day_brands=5,day_servings=5,exact_valid=1,mask_maximal=1,mask_terminal=1,strict_supersets=0,same_terminal_fuel_supersets=0,reachability_complete=1,w1_outcome=0,w1_first=0,prod_outcome=1,prod_first=0,first_cap=32,witness_widths=3,production_widths=16,cum=5/5/5
trace_membership,seed=1721100,root=36,policy=status-toggle,day=2,plan=-1.2.4.3.5.5.5.-3|-18|-18,oracle_mask=62,day_brands=5,day_servings=5,exact_valid=1,mask_maximal=1,mask_terminal=1,strict_supersets=0,same_terminal_fuel_supersets=0,reachability_complete=1,w1_outcome=0,w1_first=0,prod_outcome=1,prod_first=1,first_cap=32,witness_widths=3,production_widths=16,cum=5/10/10
trace_membership,seed=1721100,root=36,policy=status-toggle,day=3,plan=-1.2.-14|-17|-17,oracle_mask=34,day_brands=2,day_servings=2,exact_valid=1,mask_maximal=0,mask_terminal=0,strict_supersets=3,same_terminal_fuel_supersets=0,reachability_complete=1,w1_outcome=0,w1_first=0,prod_outcome=0,prod_first=0,first_cap=-1,witness_widths=3,production_widths=16,cum=5/12/12
trace_membership,seed=1721100,root=36,policy=status-toggle,day=4,plan=-1.5.0.1.2.2.2.4.3|-17|-17,oracle_mask=63,day_brands=5,day_servings=6,exact_valid=1,mask_maximal=1,mask_terminal=0,strict_supersets=0,same_terminal_fuel_supersets=0,reachability_complete=1,w1_outcome=0,w1_first=0,prod_outcome=0,prod_first=0,first_cap=-1,witness_widths=2,production_widths=16,cum=5/17/18
trace_membership_summary,seed=1721100,root=36,policy=status-toggle,final=5/17/18
summary,cases=0,oracle_wins=0,ties=0,head_wins=0,invalid=0,tier1=0,tier2=0,tier3=0,max_gain=0,hash=14650fb0739d0383
