case_begin order=forward mask=0 started=2026-08-31T13:12:57.2237793+00:00
day=1 score=7/7/41 daily=7/41 profile_lb=7/35/172 profile_cert=7/35/172 profile_q50=7/35/172 candidates=16 candidate_ms=299 certification_ms=1032 terminals=a0@138/144,a1@146/132,a2@25/158,a3@251/140,a4@230/131,a5@251/161 post_ack_contingencies=0 elapsed_ms=3294
day=2 score=7/14/85 daily=7/44 profile_lb=7/14/85 profile_cert=7/14/85 profile_q50=7/40/193 candidates=16 candidate_ms=312 certification_ms=1116 terminals=a0@25/77,a1@104/80,a2@251/120,a3@146/86,a4@25/95,a5@146/107 post_ack_contingencies=0 elapsed_ms=3377
day=3 score=7/21/120 daily=7/35 profile_lb=7/44/192 profile_cert=7/44/192 profile_q50=7/51/198 candidates=16 candidate_ms=375 certification_ms=1025 terminals=a0@79/68,a1@242/22,a2@146/80,a3@104/34,a4@251/65,a5@104/55 post_ack_contingencies=0 elapsed_ms=3286
day=4 score=7/28/160 daily=7/40 profile_lb=7/48/206 profile_cert=7/48/206 profile_q50=7/52/206 candidates=16 candidate_ms=314 certification_ms=391 terminals=a0@25/26,a1@33/5,a2@255/43,a3@230/3,a4@146/11,a5@138/9 post_ack_contingencies=0 elapsed_ms=2654
day=5 score=7/35/177 daily=7/17 profile_lb=7/56/203 profile_cert=7/56/203 profile_q50=7/56/203 candidates=16 candidate_ms=313 certification_ms=182 terminals=a0@79/17,a1@52/2,a2@138/1,a3@230/3,a4@33/1,a5@251/0 post_ack_contingencies=0 elapsed_ms=2442
day=6 score=7/42/186 daily=7/9 profile_lb=7/60/204 profile_cert=7/60/204 profile_q50=7/60/204 candidates=16 candidate_ms=217 certification_ms=44 terminals=a0@180/1,a1@52/2,a2@138/1,a3@230/3,a4@33/1,a5@251/0 post_ack_contingencies=0 elapsed_ms=574
day=7 score=7/48/192 daily=6/6 profile_lb=7/60/204 profile_cert=7/60/204 profile_q50=7/60/204 candidates=16 candidate_ms=114 certification_ms=24 terminals=a0@180/1,a1@52/2,a2@138/1,a3@230/3,a4@33/1,a5@251/0 post_ack_contingencies=0 elapsed_ms=279
day=8 score=7/54/198 daily=6/6 profile_lb=7/60/204 profile_cert=7/60/204 profile_q50=7/60/204 candidates=16 candidate_ms=60 certification_ms=15 terminals=a0@180/1,a1@52/2,a2@138/1,a3@230/3,a4@33/1,a5@251/0 post_ack_contingencies=0 elapsed_ms=237
day=9 score=7/60/204 daily=6/6 profile_lb=7/60/204 profile_cert=7/60/204 profile_q50=7/60/204 candidates=16 candidate_ms=1 certification_ms=0 terminals=a0@180/1,a1@52/2,a2@138/1,a3@230/3,a4@33/1,a5@251/0 post_ack_contingencies=0 elapsed_ms=119
summary role_mask=0 days=9 score=7/60/204
case_complete order=forward mask=0 exit=0
case_elapsed_ms order=forward mask=0 value=19155

case_begin order=forward mask=1 started=2026-08-31T13:13:16.4319238+00:00
day=1 score=7/7/36 daily=7/36 profile_lb=7/37/167 profile_cert=7/37/167 profile_q50=7/37/167 candidates=16 candidate_ms=309 certification_ms=853 terminals=a0@33/192,a1@138/164,a2@146/184,a3@251/171,a4@230/177,a5@251/161 post_ack_contingencies=0 elapsed_ms=3115
day=2 score=7/14/73 daily=7/37 profile_lb=7/14/73 profile_cert=7/14/73 profile_q50=7/42/187 candidates=16 candidate_ms=307 certification_ms=1115 terminals=a0@33/192,a1@79/173,a2@104/150,a3@146/184,a4@146/184,a5@104/111 post_ack_contingencies=0 elapsed_ms=3376
day=3 score=7/21/109 daily=7/36 profile_lb=7/45/208 profile_cert=7/45/208 profile_q50=7/45/212 candidates=16 candidate_ms=317 certification_ms=1113 terminals=a0@134/192,a1@146/164,a2@242/170,a3@79/175,a4@79/175,a5@138/163 post_ack_contingencies=0 elapsed_ms=3376
day=4 score=7/28/140 daily=7/31 profile_lb=7/49/232 profile_cert=7/49/232 profile_q50=7/50/228 candidates=16 candidate_ms=307 certification_ms=962 terminals=a0@52/192,a1@79/131,a2@104/159,a3@146/172,a4@52/192,a5@134/187 post_ack_contingencies=0 elapsed_ms=3225
day=5 score=7/35/177 daily=7/37 profile_lb=7/52/259 profile_cert=7/52/259 profile_q50=7/54/254 candidates=16 candidate_ms=302 certification_ms=955 terminals=a0@52/192,a1@104/159,a2@230/174,a3@230/135,a4@138/158,a5@251/163 post_ack_contingencies=0 elapsed_ms=3215
day=6 score=7/42/214 daily=7/37 profile_lb=7/56/271 profile_cert=7/56/271 profile_q50=7/56/275 candidates=16 candidate_ms=312 certification_ms=1017 terminals=a0@104/192,a1@146/136,a2@104/192,a3@104/192,a4@104/192,a5@104/192 post_ack_contingencies=0 elapsed_ms=3279
day=7 score=7/49/242 daily=7/28 profile_lb=7/58/285 profile_cert=7/58/285 profile_q50=7/60/285 candidates=16 candidate_ms=307 certification_ms=434 terminals=a0@79/192,a1@242/78,a2@242/133,a3@79/192,a4@242/133,a5@242/133 post_ack_contingencies=0 elapsed_ms=2695
day=8 score=7/56/275 daily=7/33 profile_lb=7/63/295 profile_cert=7/63/295 profile_q50=7/63/298 candidates=16 candidate_ms=313 certification_ms=362 terminals=a0@146/192,a1@25/38,a2@230/87,a3@138/175,a4@104/73,a5@104/73 post_ack_contingencies=0 elapsed_ms=2623
day=9 score=7/63/313 daily=7/38 profile_lb=7/63/313 profile_cert=7/63/313 profile_q50=7/63/313 candidates=16 candidate_ms=2 certification_ms=1 terminals=a0@180/192,a1@251/177,a2@146/182,a3@146/182,a4@230/188,a5@242/188 post_ack_contingencies=0 elapsed_ms=1966
summary role_mask=1 days=9 score=7/63/313
case_complete order=forward mask=1 exit=0
case_elapsed_ms order=forward mask=1 value=29796

case_begin order=forward mask=2 started=2026-08-31T13:13:46.2480516+00:00
day=1 score=7/7/36 daily=7/36 profile_lb=7/37/165 profile_cert=7/37/165 profile_q50=7/37/167 candidates=16 candidate_ms=315 certification_ms=801 terminals=a0@25/162,a1@251/192,a2@146/134,a3@251/192,a4@230/157,a5@138/183 post_ack_contingencies=0 elapsed_ms=3061
day=2 score=7/14/58 daily=7/22 profile_lb=7/40/175 profile_cert=7/40/175 profile_q50=7/42/171 candidates=16 candidate_ms=309 certification_ms=1114 terminals=a0@230/161,a1@251/192,a2@52/175,a3@33/172,a4@251/192,a5@52/175 post_ack_contingencies=0 elapsed_ms=3376
day=3 score=7/21/86 daily=7/28 profile_lb=7/45/191 profile_cert=7/45/191 profile_q50=7/45/191 candidates=16 candidate_ms=314 certification_ms=581 terminals=a0@242/158,a1@251/192,a2@146/176,a3@104/162,a4@146/152,a5@146/176 post_ack_contingencies=0 elapsed_ms=2844
day=4 score=7/28/122 daily=7/36 profile_lb=7/48/210 profile_cert=7/48/210 profile_q50=7/49/210 candidates=16 candidate_ms=305 certification_ms=805 terminals=a0@138/156,a1@134/192,a2@104/158,a3@134/192,a4@79/168,a5@242/183 post_ack_contingencies=0 elapsed_ms=3065
day=5 score=7/35/159 daily=7/37 profile_lb=7/54/235 profile_cert=7/54/235 profile_q50=7/54/237 candidates=16 candidate_ms=309 certification_ms=937 terminals=a0@25/150,a1@134/192,a2@230/169,a3@146/133,a4@104/187,a5@25/174 post_ack_contingencies=0 elapsed_ms=3198
day=6 score=7/42/193 daily=7/34 profile_lb=7/57/252 profile_cert=7/57/252 profile_q50=7/57/255 candidates=16 candidate_ms=311 certification_ms=841 terminals=a0@242/192,a1@242/192,a2@146/186,a3@104/180,a4@242/192,a5@146/186 post_ack_contingencies=0 elapsed_ms=3101
day=7 score=7/49/229 daily=7/36 profile_lb=7/60/273 profile_cert=7/60/273 profile_q50=7/61/271 candidates=16 candidate_ms=304 certification_ms=329 terminals=a0@146/186,a1@242/192,a2@255/149,a3@242/192,a4@104/173,a5@230/149 post_ack_contingencies=0 elapsed_ms=2590
day=8 score=7/56/267 daily=7/38 profile_lb=7/63/288 profile_cert=7/63/288 profile_q50=7/63/289 candidates=16 candidate_ms=307 certification_ms=484 terminals=a0@255/149,a1@242/192,a2@146/169,a3@104/173,a4@251/181,a5@146/169 post_ack_contingencies=0 elapsed_ms=2744
day=9 score=7/63/304 daily=7/37 profile_lb=7/63/304 profile_cert=7/63/304 profile_q50=7/63/304 candidates=16 candidate_ms=1 certification_ms=0 terminals=a0@138/168,a1@180/192,a2@104/184,a3@230/188,a4@104/169,a5@104/184 post_ack_contingencies=0 elapsed_ms=1946
summary role_mask=2 days=9 score=7/63/304
case_complete order=forward mask=2 exit=0
case_elapsed_ms order=forward mask=2 value=28907

case_begin order=forward mask=4 started=2026-08-31T13:14:15.1658900+00:00
day=1 score=7/7/36 daily=7/36 profile_lb=7/37/165 profile_cert=7/37/165 profile_q50=7/37/167 candidates=16 candidate_ms=316 certification_ms=723 terminals=a0@25/182,a1@146/184,a2@33/192,a3@251/142,a4@230/177,a5@138/152 post_ack_contingencies=0 elapsed_ms=2984
day=2 score=7/14/74 daily=7/38 profile_lb=7/39/192 profile_cert=7/39/192 profile_q50=7/41/189 candidates=16 candidate_ms=292 certification_ms=1114 terminals=a0@138/172,a1@104/132,a2@242/192,a3@104/173,a4@146/169,a5@146/169 post_ack_contingencies=0 elapsed_ms=3376
day=3 score=7/21/110 daily=7/36 profile_lb=7/21/110 profile_cert=7/21/110 profile_q50=7/46/215 candidates=16 candidate_ms=313 certification_ms=1116 terminals=a0@230/183,a1@230/188,a2@180/192,a3@138/126,a4@104/184,a5@104/184 post_ack_contingencies=0 elapsed_ms=3376
day=4 score=7/28/141 daily=7/31 profile_lb=7/49/226 profile_cert=7/49/226 profile_q50=7/49/227 candidates=16 candidate_ms=293 certification_ms=849 terminals=a0@146/184,a1@104/176,a2@33/192,a3@146/184,a4@134/184,a5@134/184 post_ack_contingencies=0 elapsed_ms=3111
day=5 score=7/35/178 daily=7/37 profile_lb=7/54/251 profile_cert=7/54/251 profile_q50=7/54/254 candidates=16 candidate_ms=293 certification_ms=759 terminals=a0@104/170,a1@230/157,a2@251/192,a3@242/170,a4@138/183,a5@138/183 post_ack_contingencies=0 elapsed_ms=3020
day=6 score=7/42/212 daily=7/34 profile_lb=7/56/271 profile_cert=7/56/271 profile_q50=7/56/274 candidates=16 candidate_ms=315 certification_ms=768 terminals=a0@242/192,a1@242/192,a2@242/192,a3@146/186,a4@146/186,a5@146/186 post_ack_contingencies=0 elapsed_ms=3030
day=7 score=7/49/248 daily=7/36 profile_lb=7/59/292 profile_cert=7/59/292 profile_q50=7/60/291 candidates=16 candidate_ms=314 certification_ms=251 terminals=a0@104/173,a1@104/173,a2@242/192,a3@255/149,a4@242/192,a5@230/149 post_ack_contingencies=0 elapsed_ms=2512
day=8 score=7/56/285 daily=7/37 profile_lb=7/63/306 profile_cert=7/63/306 profile_q50=7/63/307 candidates=16 candidate_ms=305 certification_ms=372 terminals=a0@251/181,a1@230/113,a2@242/192,a3@146/169,a4@104/173,a5@146/169 post_ack_contingencies=0 elapsed_ms=2633
day=9 score=7/63/322 daily=7/37 profile_lb=7/63/322 profile_cert=7/63/322 profile_q50=7/63/322 candidates=16 candidate_ms=1 certification_ms=1 terminals=a0@104/192,a1@104/192,a2@104/192,a3@104/192,a4@230/113,a5@104/192 post_ack_contingencies=0 elapsed_ms=1947
summary role_mask=4 days=9 score=7/63/322
case_complete order=forward mask=4 exit=0
case_elapsed_ms order=forward mask=4 value=28922

case_begin order=forward mask=8 started=2026-08-31T13:14:44.0955105+00:00
day=1 score=7/7/36 daily=7/36 profile_lb=7/37/167 profile_cert=7/37/167 profile_q50=7/37/167 candidates=16 candidate_ms=314 certification_ms=633 terminals=a0@251/149,a1@146/184,a2@146/184,a3@33/192,a4@230/177,a5@143/158 post_ack_contingencies=0 elapsed_ms=2894
day=2 score=7/14/74 daily=7/38 profile_lb=7/42/189 profile_cert=7/42/189 profile_q50=7/42/192 candidates=16 candidate_ms=309 certification_ms=1117 terminals=a0@104/173,a1@230/148,a2@104/132,a3@242/192,a4@146/169,a5@33/177 post_ack_contingencies=0 elapsed_ms=3377
day=3 score=7/21/108 daily=7/34 profile_lb=7/44/213 profile_cert=7/44/213 profile_q50=7/45/211 candidates=16 candidate_ms=306 certification_ms=1009 terminals=a0@242/192,a1@146/186,a2@242/192,a3@242/192,a4@104/180,a5@104/180 post_ack_contingencies=0 elapsed_ms=3269
day=4 score=7/28/142 daily=7/34 profile_lb=7/48/229 profile_cert=7/48/229 profile_q50=7/48/232 candidates=16 candidate_ms=309 certification_ms=562 terminals=a0@104/173,a1@242/192,a2@104/173,a3@242/192,a4@251/181,a5@180/124 post_ack_contingencies=0 elapsed_ms=2822
day=5 score=7/35/177 daily=7/35 profile_lb=7/54/253 profile_cert=7/54/253 profile_q50=7/54/254 candidates=16 candidate_ms=311 certification_ms=710 terminals=a0@251/181,a1@104/173,a2@230/113,a3@242/192,a4@146/169,a5@255/86 post_ack_contingencies=0 elapsed_ms=2971
day=6 score=7/42/212 daily=7/35 profile_lb=7/57/271 profile_cert=7/57/271 profile_q50=7/57/274 candidates=16 candidate_ms=292 certification_ms=875 terminals=a0@146/186,a1@242/192,a2@242/192,a3@242/192,a4@104/180,a5@146/186 post_ack_contingencies=0 elapsed_ms=3135
day=7 score=7/49/248 daily=7/36 profile_lb=7/60/293 profile_cert=7/60/293 profile_q50=7/61/290 candidates=16 candidate_ms=315 certification_ms=625 terminals=a0@255/149,a1@146/186,a2@104/173,a3@242/192,a4@242/192,a5@230/149 post_ack_contingencies=0 elapsed_ms=2885
day=8 score=7/56/286 daily=7/38 profile_lb=7/63/308 profile_cert=7/63/308 profile_q50=7/63/308 candidates=16 candidate_ms=302 certification_ms=616 terminals=a0@146/169,a1@255/149,a2@251/181,a3@242/192,a4@104/173,a5@146/169 post_ack_contingencies=0 elapsed_ms=2877
day=9 score=7/63/323 daily=7/37 profile_lb=7/63/323 profile_cert=7/63/323 profile_q50=7/63/323 candidates=16 candidate_ms=3 certification_ms=0 terminals=a0@104/192,a1@138/188,a2@104/192,a3@104/192,a4@230/113,a5@104/192 post_ack_contingencies=0 elapsed_ms=1948
summary role_mask=8 days=9 score=7/63/323
case_complete order=forward mask=8 exit=0
case_elapsed_ms order=forward mask=8 value=29200

case_begin order=forward mask=16 started=2026-08-31T13:15:13.3020861+00:00
day=1 score=7/7/28 daily=7/28 profile_lb=7/37/156 profile_cert=7/37/156 profile_q50=7/37/156 candidates=16 candidate_ms=292 certification_ms=1059 terminals=a0@134/187,a1@146/155,a2@146/155,a3@251/167,a4@52/192,a5@79/180 post_ack_contingencies=0 elapsed_ms=3320
day=2 score=7/14/65 daily=7/37 profile_lb=7/14/65 profile_cert=7/14/65 profile_q50=7/40/184 candidates=16 candidate_ms=302 certification_ms=1115 terminals=a0@104/139,a1@230/163,a2@79/134,a3@146/184,a4@33/192,a5@33/192 post_ack_contingencies=0 elapsed_ms=3376
day=3 score=7/21/102 daily=7/37 profile_lb=7/21/102 profile_cert=7/21/102 profile_q50=7/45/207 candidates=16 candidate_ms=313 certification_ms=1115 terminals=a0@242/178,a1@138/163,a2@146/172,a3@25/182,a4@33/192,a5@104/135 post_ack_contingencies=0 elapsed_ms=3375
day=4 score=7/28/129 daily=7/27 profile_lb=7/48/217 profile_cert=7/48/217 profile_q50=7/48/217 candidates=16 candidate_ms=313 certification_ms=596 terminals=a0@104/164,a1@146/150,a2@242/183,a3@79/173,a4@134/192,a5@134/192 post_ack_contingencies=0 elapsed_ms=2858
day=5 score=7/35/161 daily=7/32 profile_lb=7/52/233 profile_cert=7/52/233 profile_q50=7/53/232 candidates=16 candidate_ms=310 certification_ms=991 terminals=a0@134/192,a1@242/182,a2@33/158,a3@33/158,a4@134/192,a5@146/133 post_ack_contingencies=0 elapsed_ms=3251
day=6 score=7/42/185 daily=7/24 profile_lb=7/58/246 profile_cert=7/58/246 profile_q50=7/58/247 candidates=16 candidate_ms=312 certification_ms=944 terminals=a0@146/176,a1@255/167,a2@104/148,a3@242/155,a4@134/192,a5@242/170 post_ack_contingencies=0 elapsed_ms=3205
day=7 score=7/49/223 daily=7/38 profile_lb=7/61/265 profile_cert=7/61/265 profile_q50=7/61/267 candidates=16 candidate_ms=295 certification_ms=448 terminals=a0@25/179,a1@104/158,a2@230/174,a3@138/160,a4@52/192,a5@230/170 post_ack_contingencies=0 elapsed_ms=2709
day=8 score=7/56/262 daily=7/39 profile_lb=7/62/283 profile_cert=7/62/283 profile_q50=7/62/284 candidates=16 candidate_ms=314 certification_ms=589 terminals=a0@143/158,a1@230/177,a2@146/184,a3@79/160,a4@33/192,a5@146/184 post_ack_contingencies=0 elapsed_ms=2850
day=9 score=7/63/301 daily=7/39 profile_lb=7/63/301 profile_cert=7/63/301 profile_q50=7/63/301 candidates=16 candidate_ms=2 certification_ms=0 terminals=a0@104/192,a1@138/188,a2@104/192,a3@242/113,a4@104/192,a5@79/177 post_ack_contingencies=0 elapsed_ms=1963
summary role_mask=16 days=9 score=7/63/301
case_complete order=forward mask=16 exit=0
case_elapsed_ms order=forward mask=16 value=29832

case_begin order=forward mask=32 started=2026-08-31T13:15:43.1422408+00:00
day=1 score=7/7/31 daily=7/31 profile_lb=7/37/160 profile_cert=7/37/160 profile_q50=7/37/160 candidates=16 candidate_ms=301 certification_ms=877 terminals=a0@251/158,a1@221/172,a2@221/172,a3@138/149,a4@230/174,a5@52/192 post_ack_contingencies=0 elapsed_ms=3138
day=2 score=7/14/69 daily=7/38 profile_lb=7/39/187 profile_cert=7/39/187 profile_q50=7/41/183 candidates=16 candidate_ms=300 certification_ms=1117 terminals=a0@104/173,a1@146/169,a2@146/169,a3@25/165,a4@146/169,a5@242/192 post_ack_contingencies=0 elapsed_ms=3377
day=3 score=7/21/104 daily=7/35 profile_lb=7/21/104 profile_cert=7/21/104 profile_q50=7/44/210 candidates=16 candidate_ms=296 certification_ms=1113 terminals=a0@230/157,a1@255/185,a2@255/185,a3@230/163,a4@255/185,a5@251/192 post_ack_contingencies=0 elapsed_ms=3376
day=4 score=7/28/142 daily=7/38 profile_lb=7/47/225 profile_cert=7/47/225 profile_q50=7/48/234 candidates=16 candidate_ms=310 certification_ms=695 terminals=a0@221/169,a1@221/169,a2@146/184,a3@146/184,a4@146/184,a5@33/192 post_ack_contingencies=0 elapsed_ms=2956
day=5 score=7/35/180 daily=7/38 profile_lb=7/52/260 profile_cert=7/52/260 profile_q50=7/54/254 candidates=16 candidate_ms=293 certification_ms=972 terminals=a0@146/169,a1@104/173,a2@79/120,a3@242/192,a4@230/149,a5@242/192 post_ack_contingencies=0 elapsed_ms=3234
day=6 score=7/42/215 daily=7/35 profile_lb=7/57/276 profile_cert=7/57/276 profile_q50=7/57/277 candidates=16 candidate_ms=313 certification_ms=1053 terminals=a0@104/180,a1@242/192,a2@242/192,a3@146/186,a4@146/186,a5@242/192 post_ack_contingencies=0 elapsed_ms=3313
day=7 score=7/49/251 daily=7/36 profile_lb=7/60/295 profile_cert=7/60/295 profile_q50=7/61/293 candidates=16 candidate_ms=315 certification_ms=683 terminals=a0@242/192,a1@146/186,a2@104/173,a3@255/149,a4@230/149,a5@242/192 post_ack_contingencies=0 elapsed_ms=2943
day=8 score=7/56/289 daily=7/38 profile_lb=7/63/311 profile_cert=7/63/311 profile_q50=7/63/311 candidates=16 candidate_ms=309 certification_ms=333 terminals=a0@104/173,a1@255/149,a2@251/181,a3@146/169,a4@146/169,a5@242/192 post_ack_contingencies=0 elapsed_ms=2593
day=9 score=7/63/326 daily=7/37 profile_lb=7/63/326 profile_cert=7/63/326 profile_q50=7/63/326 candidates=16 candidate_ms=2 certification_ms=0 terminals=a0@230/188,a1@138/168,a2@104/169,a3@104/184,a4@104/184,a5@180/192 post_ack_contingencies=0 elapsed_ms=1967
summary role_mask=32 days=9 score=7/63/326
case_complete order=forward mask=32 exit=0
case_elapsed_ms order=forward mask=32 value=29798

case_begin order=reverse mask=32 started=2026-08-31T13:16:12.9603106+00:00
day=1 score=7/7/31 daily=7/31 profile_lb=7/37/160 profile_cert=7/37/160 profile_q50=7/37/160 candidates=16 candidate_ms=316 certification_ms=855 terminals=a0@251/158,a1@221/172,a2@221/172,a3@138/149,a4@230/174,a5@52/192 post_ack_contingencies=0 elapsed_ms=3118
day=2 score=7/14/69 daily=7/38 profile_lb=7/39/187 profile_cert=7/39/187 profile_q50=7/41/183 candidates=16 candidate_ms=293 certification_ms=1115 terminals=a0@104/173,a1@146/169,a2@146/169,a3@25/165,a4@146/169,a5@242/192 post_ack_contingencies=0 elapsed_ms=3376
day=3 score=7/21/104 daily=7/35 profile_lb=7/21/104 profile_cert=7/21/104 profile_q50=7/44/210 candidates=16 candidate_ms=297 certification_ms=1114 terminals=a0@230/157,a1@255/185,a2@255/185,a3@230/163,a4@255/185,a5@251/192 post_ack_contingencies=0 elapsed_ms=3375
day=4 score=7/28/142 daily=7/38 profile_lb=7/47/225 profile_cert=7/47/225 profile_q50=7/48/234 candidates=16 candidate_ms=297 certification_ms=644 terminals=a0@221/169,a1@221/169,a2@146/184,a3@146/184,a4@146/184,a5@33/192 post_ack_contingencies=0 elapsed_ms=2906
day=5 score=7/35/168 daily=7/26 profile_lb=7/51/245 profile_cert=7/51/245 profile_q50=7/53/245 candidates=16 candidate_ms=315 certification_ms=1048 terminals=a0@255/166,a1@33/177,a2@242/192,a3@104/171,a4@242/192,a5@242/192 post_ack_contingencies=0 elapsed_ms=3310
day=6 score=7/42/202 daily=7/34 profile_lb=7/57/263 profile_cert=7/57/263 profile_q50=7/57/264 candidates=16 candidate_ms=311 certification_ms=916 terminals=a0@242/192,a1@104/180,a2@146/186,a3@242/192,a4@146/186,a5@242/192 post_ack_contingencies=0 elapsed_ms=3176
day=7 score=7/49/238 daily=7/36 profile_lb=7/60/283 profile_cert=7/60/283 profile_q50=7/61/280 candidates=16 candidate_ms=310 certification_ms=644 terminals=a0@146/186,a1@242/192,a2@255/149,a3@104/173,a4@230/149,a5@242/192 post_ack_contingencies=0 elapsed_ms=2905
day=8 score=7/56/276 daily=7/38 profile_lb=7/63/298 profile_cert=7/63/298 profile_q50=7/63/298 candidates=16 candidate_ms=308 certification_ms=590 terminals=a0@255/149,a1@104/173,a2@146/169,a3@251/181,a4@146/169,a5@242/192 post_ack_contingencies=0 elapsed_ms=2850
day=9 score=7/63/313 daily=7/37 profile_lb=7/63/313 profile_cert=7/63/313 profile_q50=7/63/313 candidates=16 candidate_ms=1 certification_ms=0 terminals=a0@138/168,a1@230/188,a2@104/184,a3@104/169,a4@104/184,a5@180/192 post_ack_contingencies=0 elapsed_ms=1967
summary role_mask=32 days=9 score=7/63/313
case_complete order=reverse mask=32 exit=0
case_elapsed_ms order=reverse mask=32 value=29894

case_begin order=reverse mask=16 started=2026-08-31T13:16:42.8627968+00:00
day=1 score=7/7/28 daily=7/28 profile_lb=7/37/156 profile_cert=7/37/156 profile_q50=7/37/156 candidates=16 candidate_ms=304 certification_ms=1080 terminals=a0@134/187,a1@146/155,a2@146/155,a3@251/167,a4@52/192,a5@79/180 post_ack_contingencies=0 elapsed_ms=3341
day=2 score=7/14/65 daily=7/37 profile_lb=7/14/65 profile_cert=7/14/65 profile_q50=7/40/184 candidates=16 candidate_ms=308 certification_ms=1117 terminals=a0@104/139,a1@230/163,a2@79/134,a3@146/184,a4@33/192,a5@33/192 post_ack_contingencies=0 elapsed_ms=3378
day=3 score=7/21/102 daily=7/37 profile_lb=7/21/102 profile_cert=7/21/102 profile_q50=7/45/207 candidates=16 candidate_ms=315 certification_ms=1114 terminals=a0@242/178,a1@138/163,a2@146/172,a3@25/182,a4@33/192,a5@104/135 post_ack_contingencies=0 elapsed_ms=3375
day=4 score=7/28/129 daily=7/27 profile_lb=7/48/217 profile_cert=7/48/217 profile_q50=7/48/217 candidates=16 candidate_ms=312 certification_ms=635 terminals=a0@104/164,a1@146/150,a2@242/183,a3@79/173,a4@134/192,a5@134/192 post_ack_contingencies=0 elapsed_ms=2895
day=5 score=7/35/166 daily=7/37 profile_lb=7/54/239 profile_cert=7/54/239 profile_q50=7/54/240 candidates=16 candidate_ms=317 certification_ms=1046 terminals=a0@251/127,a1@255/173,a2@138/160,a3@104/187,a4@134/192,a5@146/133 post_ack_contingencies=0 elapsed_ms=3309
day=6 score=7/42/201 daily=7/35 profile_lb=7/55/261 profile_cert=7/55/261 profile_q50=7/57/259 candidates=16 candidate_ms=313 certification_ms=871 terminals=a0@146/186,a1@146/186,a2@146/186,a3@242/192,a4@242/192,a5@104/180 post_ack_contingencies=0 elapsed_ms=3131
day=7 score=7/49/237 daily=7/36 profile_lb=7/59/281 profile_cert=7/59/281 profile_q50=7/60/279 candidates=16 candidate_ms=305 certification_ms=561 terminals=a0@255/149,a1@242/192,a2@230/149,a3@104/173,a4@242/192,a5@242/192 post_ack_contingencies=0 elapsed_ms=2822
day=8 score=7/56/273 daily=7/36 profile_lb=7/62/292 profile_cert=7/62/292 profile_q50=7/62/294 candidates=16 candidate_ms=307 certification_ms=657 terminals=a0@146/169,a1@104/173,a2@146/169,a3@180/117,a4@242/192,a5@104/173 post_ack_contingencies=0 elapsed_ms=2917
day=9 score=7/63/308 daily=7/35 profile_lb=7/63/308 profile_cert=7/63/308 profile_q50=7/63/308 candidates=16 candidate_ms=2 certification_ms=0 terminals=a0@255/185,a1@230/157,a2@255/185,a3@104/173,a4@251/192,a5@230/157 post_ack_contingencies=0 elapsed_ms=1958
summary role_mask=16 days=9 score=7/63/308
case_complete order=reverse mask=16 exit=0
case_elapsed_ms order=reverse mask=16 value=30025

case_begin order=reverse mask=8 started=2026-08-31T13:17:12.8958571+00:00
day=1 score=7/7/36 daily=7/36 profile_lb=7/37/167 profile_cert=7/37/167 profile_q50=7/37/167 candidates=16 candidate_ms=314 certification_ms=747 terminals=a0@251/149,a1@146/184,a2@146/184,a3@33/192,a4@230/177,a5@143/158 post_ack_contingencies=0 elapsed_ms=3007
day=2 score=7/14/74 daily=7/38 profile_lb=7/14/74 profile_cert=7/14/74 profile_q50=7/42/192 candidates=16 candidate_ms=299 certification_ms=1116 terminals=a0@104/173,a1@230/148,a2@104/132,a3@242/192,a4@146/169,a5@33/177 post_ack_contingencies=0 elapsed_ms=3376
day=3 score=7/21/108 daily=7/34 profile_lb=7/44/213 profile_cert=7/44/213 profile_q50=7/45/211 candidates=16 candidate_ms=315 certification_ms=1025 terminals=a0@242/192,a1@146/186,a2@242/192,a3@242/192,a4@104/180,a5@104/180 post_ack_contingencies=0 elapsed_ms=3286
day=4 score=7/28/142 daily=7/34 profile_lb=7/48/229 profile_cert=7/48/229 profile_q50=7/48/232 candidates=16 candidate_ms=311 certification_ms=520 terminals=a0@104/173,a1@242/192,a2@104/173,a3@242/192,a4@251/181,a5@180/124 post_ack_contingencies=0 elapsed_ms=2780
day=5 score=7/35/177 daily=7/35 profile_lb=7/54/253 profile_cert=7/54/253 profile_q50=7/54/254 candidates=16 candidate_ms=315 certification_ms=772 terminals=a0@251/181,a1@104/173,a2@230/113,a3@242/192,a4@146/169,a5@255/86 post_ack_contingencies=0 elapsed_ms=3032
day=6 score=7/42/212 daily=7/35 profile_lb=7/57/271 profile_cert=7/57/271 profile_q50=7/57/274 candidates=16 candidate_ms=294 certification_ms=939 terminals=a0@146/186,a1@242/192,a2@242/192,a3@242/192,a4@104/180,a5@146/186 post_ack_contingencies=0 elapsed_ms=3200
day=7 score=7/49/248 daily=7/36 profile_lb=7/60/293 profile_cert=7/60/293 profile_q50=7/61/290 candidates=16 candidate_ms=374 certification_ms=647 terminals=a0@255/149,a1@146/186,a2@104/173,a3@242/192,a4@242/192,a5@230/149 post_ack_contingencies=0 elapsed_ms=2908
day=8 score=7/56/286 daily=7/38 profile_lb=7/63/308 profile_cert=7/63/308 profile_q50=7/63/308 candidates=16 candidate_ms=317 certification_ms=537 terminals=a0@146/169,a1@255/149,a2@251/181,a3@242/192,a4@104/173,a5@146/169 post_ack_contingencies=0 elapsed_ms=2799
day=9 score=7/63/323 daily=7/37 profile_lb=7/63/323 profile_cert=7/63/323 profile_q50=7/63/323 candidates=16 candidate_ms=2 certification_ms=0 terminals=a0@104/192,a1@138/188,a2@104/192,a3@104/192,a4@230/113,a5@104/192 post_ack_contingencies=0 elapsed_ms=1955
summary role_mask=8 days=9 score=7/63/323
case_complete order=reverse mask=8 exit=0
case_elapsed_ms order=reverse mask=8 value=29259

case_begin order=reverse mask=4 started=2026-08-31T13:17:42.1636469+00:00
day=1 score=7/7/36 daily=7/36 profile_lb=7/37/165 profile_cert=7/37/165 profile_q50=7/37/167 candidates=16 candidate_ms=306 certification_ms=702 terminals=a0@25/182,a1@146/184,a2@33/192,a3@251/142,a4@230/177,a5@138/152 post_ack_contingencies=0 elapsed_ms=2963
day=2 score=7/14/74 daily=7/38 profile_lb=7/39/192 profile_cert=7/39/192 profile_q50=7/41/189 candidates=16 candidate_ms=295 certification_ms=1115 terminals=a0@138/172,a1@104/132,a2@242/192,a3@104/173,a4@146/169,a5@146/169 post_ack_contingencies=0 elapsed_ms=3375
day=3 score=7/21/110 daily=7/36 profile_lb=7/21/110 profile_cert=7/21/110 profile_q50=7/46/215 candidates=16 candidate_ms=315 certification_ms=1115 terminals=a0@230/183,a1@230/188,a2@180/192,a3@138/126,a4@104/184,a5@104/184 post_ack_contingencies=0 elapsed_ms=3375
day=4 score=7/28/141 daily=7/31 profile_lb=7/49/226 profile_cert=7/49/226 profile_q50=7/49/227 candidates=16 candidate_ms=311 certification_ms=850 terminals=a0@146/184,a1@104/176,a2@33/192,a3@146/184,a4@134/184,a5@134/184 post_ack_contingencies=0 elapsed_ms=3111
day=5 score=7/35/178 daily=7/37 profile_lb=7/54/251 profile_cert=7/54/251 profile_q50=7/54/254 candidates=16 candidate_ms=313 certification_ms=1018 terminals=a0@104/170,a1@230/157,a2@251/192,a3@242/170,a4@138/183,a5@138/183 post_ack_contingencies=0 elapsed_ms=3279
day=6 score=7/42/212 daily=7/34 profile_lb=7/56/271 profile_cert=7/56/271 profile_q50=7/56/274 candidates=16 candidate_ms=311 certification_ms=850 terminals=a0@242/192,a1@242/192,a2@242/192,a3@146/186,a4@146/186,a5@146/186 post_ack_contingencies=0 elapsed_ms=3112
day=7 score=7/49/248 daily=7/36 profile_lb=7/59/292 profile_cert=7/59/292 profile_q50=7/60/291 candidates=16 candidate_ms=311 certification_ms=275 terminals=a0@104/173,a1@104/173,a2@242/192,a3@255/149,a4@242/192,a5@230/149 post_ack_contingencies=0 elapsed_ms=2536
day=8 score=7/56/285 daily=7/37 profile_lb=7/63/306 profile_cert=7/63/306 profile_q50=7/63/307 candidates=16 candidate_ms=313 certification_ms=386 terminals=a0@251/181,a1@230/113,a2@242/192,a3@146/169,a4@104/173,a5@146/169 post_ack_contingencies=0 elapsed_ms=2646
day=9 score=7/63/322 daily=7/37 profile_lb=7/63/322 profile_cert=7/63/322 profile_q50=7/63/322 candidates=16 candidate_ms=1 certification_ms=1 terminals=a0@104/192,a1@104/192,a2@104/192,a3@104/192,a4@230/113,a5@104/192 post_ack_contingencies=0 elapsed_ms=1960
summary role_mask=4 days=9 score=7/63/322
case_complete order=reverse mask=4 exit=0
case_elapsed_ms order=reverse mask=4 value=29250

case_begin order=reverse mask=2 started=2026-08-31T13:18:11.4234475+00:00
day=1 score=7/7/36 daily=7/36 profile_lb=7/37/169 profile_cert=7/37/169 profile_q50=7/37/169 candidates=16 candidate_ms=310 certification_ms=871 terminals=a0@251/149,a1@33/192,a2@146/184,a3@251/171,a4@230/177,a5@143/158 post_ack_contingencies=0 elapsed_ms=3133
day=2 score=7/14/73 daily=7/37 profile_lb=7/40/192 profile_cert=7/40/192 profile_q50=7/42/189 candidates=16 candidate_ms=313 certification_ms=1115 terminals=a0@104/173,a1@242/192,a2@255/147,a3@146/169,a4@146/169,a5@104/173 post_ack_contingencies=0 elapsed_ms=3376
day=3 score=7/21/99 daily=7/26 profile_lb=7/43/202 profile_cert=7/43/202 profile_q50=7/43/202 candidates=16 candidate_ms=315 certification_ms=1116 terminals=a0@251/192,a1@251/192,a2@221/101,a3@251/192,a4@251/192,a5@251/192 post_ack_contingencies=0 elapsed_ms=3377
day=4 score=7/28/125 daily=7/26 profile_lb=7/50/212 profile_cert=7/50/212 profile_q50=7/50/212 candidates=16 candidate_ms=306 certification_ms=544 terminals=a0@104/179,a1@251/192,a2@146/138,a3@146/138,a4@255/187,a5@146/138 post_ack_contingencies=0 elapsed_ms=2804
day=5 score=7/35/162 daily=7/37 profile_lb=7/53/233 profile_cert=7/53/233 profile_q50=7/54/236 candidates=16 candidate_ms=308 certification_ms=904 terminals=a0@138/183,a1@251/192,a2@255/185,a3@79/160,a4@146/138,a5@79/160 post_ack_contingencies=0 elapsed_ms=3166
day=6 score=7/42/198 daily=7/36 profile_lb=7/57/260 profile_cert=7/57/260 profile_q50=7/57/260 candidates=16 candidate_ms=311 certification_ms=830 terminals=a0@146/152,a1@251/192,a2@242/158,a3@242/158,a4@104/170,a5@146/152 post_ack_contingencies=0 elapsed_ms=3092
day=7 score=7/49/235 daily=7/37 profile_lb=7/60/274 profile_cert=7/60/274 profile_q50=7/60/278 candidates=16 candidate_ms=301 certification_ms=422 terminals=a0@79/168,a1@134/192,a2@230/165,a3@138/155,a4@230/169,a5@255/173 post_ack_contingencies=0 elapsed_ms=2684
day=8 score=7/56/268 daily=7/33 profile_lb=7/63/286 profile_cert=7/63/286 profile_q50=7/63/287 candidates=16 candidate_ms=312 certification_ms=517 terminals=a0@104/160,a1@146/192,a2@146/192,a3@146/192,a4@146/192,a5@146/192 post_ack_contingencies=0 elapsed_ms=2778
day=9 score=7/63/303 daily=7/35 profile_lb=7/63/303 profile_cert=7/63/303 profile_q50=7/63/303 candidates=16 candidate_ms=4 certification_ms=0 terminals=a0@138/112,a1@104/192,a2@104/192,a3@104/192,a4@104/192,a5@104/192 post_ack_contingencies=0 elapsed_ms=1954
summary role_mask=2 days=9 score=7/63/303
case_complete order=reverse mask=2 exit=0
case_elapsed_ms order=reverse mask=2 value=29287

case_begin order=reverse mask=1 started=2026-08-31T13:18:40.7167256+00:00
day=1 score=7/7/36 daily=7/36 profile_lb=7/37/167 profile_cert=7/37/167 profile_q50=7/37/167 candidates=16 candidate_ms=313 certification_ms=813 terminals=a0@33/192,a1@138/164,a2@146/184,a3@251/171,a4@230/177,a5@251/161 post_ack_contingencies=0 elapsed_ms=3074
day=2 score=7/14/73 daily=7/37 profile_lb=7/42/187 profile_cert=7/42/187 profile_q50=7/42/188 candidates=16 candidate_ms=290 certification_ms=1115 terminals=a0@33/192,a1@79/173,a2@104/150,a3@146/184,a4@146/184,a5@104/111 post_ack_contingencies=0 elapsed_ms=3375
day=3 score=7/21/109 daily=7/36 profile_lb=7/21/109 profile_cert=7/21/109 profile_q50=7/46/212 candidates=16 candidate_ms=306 certification_ms=1116 terminals=a0@180/192,a1@138/173,a2@230/188,a3@79/125,a4@104/184,a5@242/188 post_ack_contingencies=0 elapsed_ms=3376
day=4 score=7/28/147 daily=7/38 profile_lb=7/48/236 profile_cert=7/48/236 profile_q50=7/50/237 candidates=16 candidate_ms=315 certification_ms=1065 terminals=a0@180/192,a1@25/161,a2@146/165,a3@104/170,a4@230/188,a5@25/148 post_ack_contingencies=0 elapsed_ms=3326
day=5 score=7/35/186 daily=7/39 profile_lb=7/53/259 profile_cert=7/53/259 profile_q50=7/53/260 candidates=16 candidate_ms=312 certification_ms=996 terminals=a0@180/192,a1@138/168,a2@134/153,a3@230/188,a4@146/165,a5@134/166 post_ack_contingencies=0 elapsed_ms=3257
day=6 score=7/42/216 daily=7/30 profile_lb=7/57/275 profile_cert=7/57/275 profile_q50=7/57/278 candidates=16 candidate_ms=314 certification_ms=682 terminals=a0@52/192,a1@146/169,a2@33/189,a3@146/169,a4@104/153,a5@33/189 post_ack_contingencies=0 elapsed_ms=2943
day=7 score=7/49/253 daily=7/37 profile_lb=7/60/295 profile_cert=7/60/295 profile_q50=7/61/299 candidates=16 candidate_ms=314 certification_ms=151 terminals=a0@251/192,a1@79/156,a2@138/183,a3@255/185,a4@230/157,a5@251/192 post_ack_contingencies=0 elapsed_ms=2411
day=8 score=7/56/292 daily=7/39 profile_lb=7/63/311 profile_cert=7/63/311 profile_q50=7/63/311 candidates=16 candidate_ms=312 certification_ms=234 terminals=a0@146/192,a1@104/94,a2@25/116,a3@146/192,a4@146/192,a5@146/192 post_ack_contingencies=0 elapsed_ms=2494
day=9 score=7/63/327 daily=7/35 profile_lb=7/63/327 profile_cert=7/63/327 profile_q50=7/63/327 candidates=16 candidate_ms=2 certification_ms=0 terminals=a0@251/192,a1@138/175,a2@255/187,a3@104/170,a4@104/170,a5@104/170 post_ack_contingencies=0 elapsed_ms=1950
summary role_mask=1 days=9 score=7/63/327
case_complete order=reverse mask=1 exit=0
case_elapsed_ms order=reverse mask=1 value=29134

case_begin order=reverse mask=0 started=2026-08-31T13:19:09.8565792+00:00
day=1 score=7/7/41 daily=7/41 profile_lb=7/35/172 profile_cert=7/35/172 profile_q50=7/35/172 candidates=16 candidate_ms=314 certification_ms=628 terminals=a0@138/144,a1@146/132,a2@25/158,a3@251/142,a4@230/131,a5@251/161 post_ack_contingencies=0 elapsed_ms=2889
day=2 score=7/14/85 daily=7/44 profile_lb=7/39/194 profile_cert=7/39/194 profile_q50=7/41/188 candidates=16 candidate_ms=311 certification_ms=772 terminals=a0@79/96,a1@104/80,a2@251/120,a3@146/88,a4@146/71,a5@104/111 post_ack_contingencies=0 elapsed_ms=3032
day=3 score=7/21/127 daily=7/42 profile_lb=7/47/198 profile_cert=7/47/198 profile_q50=7/47/202 candidates=16 candidate_ms=312 certification_ms=1107 terminals=a0@242/50,a1@230/21,a2@138/71,a3@255/51,a4@255/34,a5@242/53 post_ack_contingencies=0 elapsed_ms=3367
day=4 score=7/28/169 daily=7/42 profile_lb=7/59/202 profile_cert=7/59/202 profile_q50=7/59/202 candidates=16 candidate_ms=307 certification_ms=216 terminals=a0@79/1,a1@33/4,a2@25/4,a3@33/1,a4@146/1,a5@79/4 post_ack_contingencies=0 elapsed_ms=2477
day=5 score=7/35/178 daily=7/9 profile_lb=7/59/202 profile_cert=7/59/202 profile_q50=7/59/202 candidates=16 candidate_ms=200 certification_ms=55 terminals=a0@79/1,a1@52/1,a2@6/0,a3@33/1,a4@146/1,a5@143/0 post_ack_contingencies=0 elapsed_ms=506
day=6 score=7/41/184 daily=6/6 profile_lb=7/59/202 profile_cert=7/59/202 profile_q50=7/59/202 candidates=16 candidate_ms=158 certification_ms=43 terminals=a0@79/1,a1@52/1,a2@6/0,a3@33/1,a4@146/1,a5@143/0 post_ack_contingencies=0 elapsed_ms=389
day=7 score=7/47/190 daily=6/6 profile_lb=7/59/202 profile_cert=7/59/202 profile_q50=7/59/202 candidates=16 candidate_ms=122 certification_ms=29 terminals=a0@79/1,a1@52/1,a2@6/0,a3@33/1,a4@146/1,a5@143/0 post_ack_contingencies=0 elapsed_ms=324
day=8 score=7/53/196 daily=6/6 profile_lb=7/59/202 profile_cert=7/59/202 profile_q50=7/59/202 candidates=16 candidate_ms=62 certification_ms=17 terminals=a0@79/1,a1@52/1,a2@6/0,a3@33/1,a4@146/1,a5@143/0 post_ack_contingencies=0 elapsed_ms=223
day=9 score=7/59/202 daily=6/6 profile_lb=7/59/202 profile_cert=7/59/202 profile_q50=7/59/202 candidates=16 candidate_ms=0 certification_ms=0 terminals=a0@79/1,a1@52/1,a2@6/0,a3@33/1,a4@146/1,a5@143/0 post_ack_contingencies=0 elapsed_ms=158
summary role_mask=0 days=9 score=7/59/202
case_complete order=reverse mask=0 exit=0
case_elapsed_ms order=reverse mask=0 value=16300

run_complete cases=14
