===== m-3810 rep1 =====
rank=1 roles=PPP patrols=3 sustainable=1 rollout_valid=1 rollout_complete=1 rollout=1/4/23 upper=1/4/24
rank=2 roles=PTP patrols=2 sustainable=1 rollout_valid=1 rollout_complete=1 rollout=1/4/20 upper=1/4/24
rank=3 roles=TPP patrols=2 sustainable=1 rollout_valid=1 rollout_complete=1 rollout=1/4/20 upper=1/4/24
rank=4 roles=PPT patrols=2 sustainable=1 rollout_valid=1 rollout_complete=1 rollout=1/4/19 upper=1/4/24
rank=5 roles=TTP patrols=1 sustainable=1 rollout_valid=1 rollout_complete=1 rollout=1/4/12 upper=1/4/12
rank=6 roles=PTT patrols=1 sustainable=1 rollout_valid=1 rollout_complete=1 rollout=1/4/11 upper=1/4/12
rank=7 roles=TPT patrols=1 sustainable=1 rollout_valid=1 rollout_complete=1 rollout=1/4/11 upper=1/4/12
elapsed_ms=363
===== m-3810 rep2 =====
rank=1 roles=PPP patrols=3 sustainable=1 rollout_valid=1 rollout_complete=1 rollout=1/4/23 upper=1/4/24
rank=2 roles=PTP patrols=2 sustainable=1 rollout_valid=1 rollout_complete=1 rollout=1/4/20 upper=1/4/24
rank=3 roles=TPP patrols=2 sustainable=1 rollout_valid=1 rollout_complete=1 rollout=1/4/20 upper=1/4/24
rank=4 roles=PPT patrols=2 sustainable=1 rollout_valid=1 rollout_complete=1 rollout=1/4/19 upper=1/4/24
rank=5 roles=TTP patrols=1 sustainable=1 rollout_valid=1 rollout_complete=1 rollout=1/4/12 upper=1/4/12
rank=6 roles=PTT patrols=1 sustainable=1 rollout_valid=1 rollout_complete=1 rollout=1/4/11 upper=1/4/12
rank=7 roles=TPT patrols=1 sustainable=1 rollout_valid=1 rollout_complete=1 rollout=1/4/11 upper=1/4/12
elapsed_ms=370
===== m-3907-bugfix rep1 =====
rank=1 roles=PPP patrols=3 sustainable=1 rollout_valid=1 rollout_complete=1 rollout=1/4/16 upper=1/4/16
rank=2 roles=PPT patrols=2 sustainable=1 rollout_valid=1 rollout_complete=1 rollout=1/4/16 upper=1/4/16
rank=3 roles=PTP patrols=2 sustainable=1 rollout_valid=1 rollout_complete=1 rollout=1/4/16 upper=1/4/16
rank=4 roles=TPP patrols=2 sustainable=1 rollout_valid=1 rollout_complete=1 rollout=1/4/15 upper=1/4/16
rank=5 roles=PTT patrols=1 sustainable=1 rollout_valid=1 rollout_complete=1 rollout=1/4/8 upper=1/4/12
rank=6 roles=TPT patrols=1 sustainable=1 rollout_valid=1 rollout_complete=1 rollout=1/4/8 upper=1/4/12
rank=7 roles=TTP patrols=1 sustainable=1 rollout_valid=1 rollout_complete=1 rollout=1/4/8 upper=1/4/12
elapsed_ms=310
===== m-3907-bugfix rep2 =====
rank=1 roles=PPP patrols=3 sustainable=1 rollout_valid=1 rollout_complete=1 rollout=1/4/16 upper=1/4/16
rank=2 roles=PPT patrols=2 sustainable=1 rollout_valid=1 rollout_complete=1 rollout=1/4/16 upper=1/4/16
rank=3 roles=PTP patrols=2 sustainable=1 rollout_valid=1 rollout_complete=1 rollout=1/4/16 upper=1/4/16
rank=4 roles=TPP patrols=2 sustainable=1 rollout_valid=1 rollout_complete=1 rollout=1/4/15 upper=1/4/16
rank=5 roles=PTT patrols=1 sustainable=1 rollout_valid=1 rollout_complete=1 rollout=1/4/8 upper=1/4/12
rank=6 roles=TPT patrols=1 sustainable=1 rollout_valid=1 rollout_complete=1 rollout=1/4/8 upper=1/4/12
rank=7 roles=TTP patrols=1 sustainable=1 rollout_valid=1 rollout_complete=1 rollout=1/4/8 upper=1/4/12
elapsed_ms=317
===== m-4149 rep1 =====
rank=1 roles=PPPP patrols=4 sustainable=4 rollout_valid=1 rollout_complete=0 rollout=4/16/57 upper=4/16/72
rank=2 roles=PPPT patrols=3 sustainable=3 rollout_valid=1 rollout_complete=0 rollout=4/16/53 upper=4/16/72
rank=3 roles=PTPP patrols=3 sustainable=3 rollout_valid=1 rollout_complete=0 rollout=4/16/52 upper=4/16/72
rank=4 roles=TPPP patrols=3 sustainable=3 rollout_valid=1 rollout_complete=0 rollout=4/16/52 upper=4/16/72
rank=5 roles=PPTP patrols=3 sustainable=3 rollout_valid=1 rollout_complete=0 rollout=4/16/51 upper=4/16/72
rank=6 roles=PPTT patrols=2 sustainable=2 rollout_valid=1 rollout_complete=0 rollout=4/16/44 upper=4/16/64
rank=7 roles=PTPT patrols=2 sustainable=2 rollout_valid=1 rollout_complete=0 rollout=4/16/43 upper=4/16/64
rank=8 roles=PTTP patrols=2 sustainable=2 rollout_valid=1 rollout_complete=0 rollout=4/16/42 upper=4/16/64
elapsed_ms=1375
===== m-4149 rep2 =====
rank=1 roles=PPPP patrols=4 sustainable=4 rollout_valid=1 rollout_complete=0 rollout=4/16/57 upper=4/16/72
rank=2 roles=PTPP patrols=3 sustainable=3 rollout_valid=1 rollout_complete=0 rollout=4/16/52 upper=4/16/72
rank=3 roles=TPPP patrols=3 sustainable=3 rollout_valid=1 rollout_complete=0 rollout=4/16/52 upper=4/16/72
rank=4 roles=PPTP patrols=3 sustainable=3 rollout_valid=1 rollout_complete=0 rollout=4/16/51 upper=4/16/72
rank=5 roles=PPPT patrols=3 sustainable=3 rollout_valid=1 rollout_complete=0 rollout=4/16/50 upper=4/16/72
rank=6 roles=PPTT patrols=2 sustainable=2 rollout_valid=1 rollout_complete=0 rollout=4/16/44 upper=4/16/64
rank=7 roles=PTPT patrols=2 sustainable=2 rollout_valid=1 rollout_complete=0 rollout=4/16/44 upper=4/16/64
rank=8 roles=PTTP patrols=2 sustainable=2 rollout_valid=1 rollout_complete=0 rollout=4/16/43 upper=4/16/64
elapsed_ms=1366
===== m-4155 rep1 =====
rank=1 roles=PPPP patrols=4 sustainable=4 rollout_valid=1 rollout_complete=0 rollout=4/16/64 upper=4/16/88
rank=2 roles=PPPT patrols=3 sustainable=3 rollout_valid=1 rollout_complete=0 rollout=4/16/60 upper=4/16/88
rank=3 roles=PTPP patrols=3 sustainable=3 rollout_valid=1 rollout_complete=0 rollout=4/16/56 upper=4/16/88
rank=4 roles=PPTP patrols=3 sustainable=3 rollout_valid=1 rollout_complete=0 rollout=4/16/55 upper=4/16/88
rank=5 roles=TPPP patrols=3 sustainable=3 rollout_valid=1 rollout_complete=0 rollout=4/16/53 upper=4/16/88
rank=6 roles=PPTT patrols=2 sustainable=2 rollout_valid=1 rollout_complete=0 rollout=4/16/44 upper=4/16/64
rank=7 roles=PTTP patrols=2 sustainable=2 rollout_valid=1 rollout_complete=0 rollout=4/16/44 upper=4/16/64
rank=8 roles=PTPT patrols=2 sustainable=2 rollout_valid=1 rollout_complete=0 rollout=4/16/41 upper=4/16/64
elapsed_ms=1354
===== m-4155 rep2 =====
rank=1 roles=PPPP patrols=4 sustainable=4 rollout_valid=1 rollout_complete=0 rollout=4/16/64 upper=4/16/88
rank=2 roles=PPPT patrols=3 sustainable=3 rollout_valid=1 rollout_complete=0 rollout=4/16/60 upper=4/16/88
rank=3 roles=PTPP patrols=3 sustainable=3 rollout_valid=1 rollout_complete=0 rollout=4/16/60 upper=4/16/88
rank=4 roles=PPTP patrols=3 sustainable=3 rollout_valid=1 rollout_complete=0 rollout=4/16/55 upper=4/16/88
rank=5 roles=TPPP patrols=3 sustainable=3 rollout_valid=1 rollout_complete=0 rollout=4/16/53 upper=4/16/88
rank=6 roles=PPTT patrols=2 sustainable=2 rollout_valid=1 rollout_complete=0 rollout=4/16/44 upper=4/16/64
rank=7 roles=PTTP patrols=2 sustainable=2 rollout_valid=1 rollout_complete=0 rollout=4/16/44 upper=4/16/64
rank=8 roles=PTPT patrols=2 sustainable=2 rollout_valid=1 rollout_complete=0 rollout=4/16/41 upper=4/16/64
elapsed_ms=1356
===== m-4195 rep1 =====
rank=1 roles=PTPT patrols=2 sustainable=2 rollout_valid=1 rollout_complete=0 rollout=8/38/56 upper=8/40/120
rank=2 roles=PPTT patrols=2 sustainable=2 rollout_valid=1 rollout_complete=0 rollout=8/37/55 upper=8/40/120
rank=3 roles=PPPP patrols=4 sustainable=4 rollout_valid=1 rollout_complete=0 rollout=8/36/79 upper=8/40/135
rank=4 roles=PPTP patrols=3 sustainable=3 rollout_valid=1 rollout_complete=0 rollout=8/36/64 upper=8/40/135
rank=5 roles=PTPP patrols=3 sustainable=3 rollout_valid=1 rollout_complete=0 rollout=8/36/64 upper=8/40/135
rank=6 roles=TPPP patrols=3 sustainable=3 rollout_valid=1 rollout_complete=0 rollout=8/36/62 upper=8/40/135
rank=7 roles=PPPT patrols=3 sustainable=3 rollout_valid=1 rollout_complete=0 rollout=8/36/60 upper=8/40/135
rank=8 roles=PTTP patrols=2 sustainable=2 rollout_valid=1 rollout_complete=0 rollout=8/36/55 upper=8/40/120
elapsed_ms=1684
===== m-4195 rep2 =====
rank=1 roles=PPTT patrols=2 sustainable=2 rollout_valid=1 rollout_complete=0 rollout=8/37/55 upper=8/40/120
rank=2 roles=PPPP patrols=4 sustainable=4 rollout_valid=1 rollout_complete=0 rollout=8/36/79 upper=8/40/135
rank=3 roles=PPTP patrols=3 sustainable=3 rollout_valid=1 rollout_complete=0 rollout=8/36/64 upper=8/40/135
rank=4 roles=PTPP patrols=3 sustainable=3 rollout_valid=1 rollout_complete=0 rollout=8/36/64 upper=8/40/135
rank=5 roles=TPPP patrols=3 sustainable=3 rollout_valid=1 rollout_complete=0 rollout=8/36/62 upper=8/40/135
rank=6 roles=PPPT patrols=3 sustainable=3 rollout_valid=1 rollout_complete=0 rollout=8/36/60 upper=8/40/135
rank=7 roles=PTPT patrols=2 sustainable=2 rollout_valid=1 rollout_complete=0 rollout=8/36/55 upper=8/40/120
rank=8 roles=PTTP patrols=2 sustainable=2 rollout_valid=1 rollout_complete=0 rollout=8/36/55 upper=8/40/120
elapsed_ms=1673
===== m-4196 rep1 =====
rank=1 roles=PPTT patrols=2 sustainable=2 rollout_valid=1 rollout_complete=0 rollout=8/37/54 upper=8/40/120
rank=2 roles=PTTP patrols=2 sustainable=2 rollout_valid=1 rollout_complete=0 rollout=8/36/54 upper=8/40/120
rank=3 roles=PTPT patrols=2 sustainable=2 rollout_valid=1 rollout_complete=0 rollout=8/35/54 upper=8/40/120
rank=4 roles=PPPP patrols=4 sustainable=4 rollout_valid=1 rollout_complete=0 rollout=8/33/58 upper=8/40/150
rank=5 roles=PPTP patrols=3 sustainable=3 rollout_valid=1 rollout_complete=0 rollout=8/33/52 upper=8/40/150
rank=6 roles=PPPT patrols=3 sustainable=3 rollout_valid=1 rollout_complete=0 rollout=8/32/51 upper=8/40/150
rank=7 roles=PTPP patrols=3 sustainable=3 rollout_valid=1 rollout_complete=0 rollout=8/32/51 upper=8/40/150
rank=8 roles=TPPP patrols=3 sustainable=3 rollout_valid=1 rollout_complete=0 rollout=8/32/51 upper=8/40/150
elapsed_ms=1708
===== m-4196 rep2 =====
rank=1 roles=PPTT patrols=2 sustainable=2 rollout_valid=1 rollout_complete=0 rollout=8/37/54 upper=8/40/120
rank=2 roles=PTPT patrols=2 sustainable=2 rollout_valid=1 rollout_complete=0 rollout=8/35/51 upper=8/40/120
rank=3 roles=PTTP patrols=2 sustainable=2 rollout_valid=1 rollout_complete=0 rollout=8/34/53 upper=8/40/120
rank=4 roles=PPPP patrols=4 sustainable=4 rollout_valid=1 rollout_complete=0 rollout=8/33/58 upper=8/40/150
rank=5 roles=PPTP patrols=3 sustainable=3 rollout_valid=1 rollout_complete=0 rollout=8/33/52 upper=8/40/150
rank=6 roles=PPPT patrols=3 sustainable=3 rollout_valid=1 rollout_complete=0 rollout=8/32/51 upper=8/40/150
rank=7 roles=PTPP patrols=3 sustainable=3 rollout_valid=1 rollout_complete=0 rollout=8/32/51 upper=8/40/150
rank=8 roles=TPPP patrols=3 sustainable=3 rollout_valid=1 rollout_complete=0 rollout=8/32/51 upper=8/40/150
elapsed_ms=1710
===== m-4043 rep1 =====
rank=1 roles=PPPT patrols=3 sustainable=3 rollout_valid=1 rollout_complete=0 rollout=6/37/73 upper=6/42/329
rank=2 roles=PTTP patrols=2 sustainable=2 rollout_valid=1 rollout_complete=0 rollout=6/38/54 upper=6/42/252
rank=3 roles=PTPT patrols=2 sustainable=2 rollout_valid=1 rollout_complete=0 rollout=6/37/69 upper=6/42/252
rank=4 roles=PPTP patrols=3 sustainable=3 rollout_valid=1 rollout_complete=0 rollout=6/35/77 upper=6/42/329
rank=5 roles=PPTT patrols=2 sustainable=2 rollout_valid=1 rollout_complete=0 rollout=6/34/73 upper=6/42/252
rank=6 roles=TPPP patrols=3 sustainable=3 rollout_valid=1 rollout_complete=0 rollout=6/34/71 upper=6/42/329
rank=7 roles=PPPP patrols=4 sustainable=4 rollout_valid=1 rollout_complete=0 rollout=6/34/63 upper=6/42/329
rank=8 roles=PTPP patrols=3 sustainable=3 rollout_valid=1 rollout_complete=0 rollout=6/33/71 upper=6/42/329
elapsed_ms=2554
===== m-4044 rep1 =====
rank=1 roles=PPTPPPPP patrols=7 sustainable=6 rollout_valid=1 rollout_complete=0 rollout=6/59/235 upper=6/60/760
rank=2 roles=TPPPPPPP patrols=7 sustainable=6 rollout_valid=1 rollout_complete=0 rollout=6/59/234 upper=6/60/760
rank=3 roles=PPPPPTPP patrols=7 sustainable=6 rollout_valid=1 rollout_complete=0 rollout=6/59/233 upper=6/60/760
rank=4 roles=PPPPPPPT patrols=7 sustainable=6 rollout_valid=1 rollout_complete=0 rollout=6/59/232 upper=6/60/760
rank=5 roles=PPPPTPPP patrols=7 sustainable=6 rollout_valid=1 rollout_complete=0 rollout=6/59/222 upper=6/60/760
rank=6 roles=PPPPPPTP patrols=7 sustainable=6 rollout_valid=1 rollout_complete=0 rollout=6/57/210 upper=6/60/760
rank=7 roles=PPPTPPPP patrols=7 sustainable=6 rollout_valid=1 rollout_complete=0 rollout=6/56/207 upper=6/60/760
rank=8 roles=PPPPPPPP patrols=8 sustainable=6 rollout_valid=1 rollout_complete=0 rollout=6/51/168 upper=6/60/760
elapsed_ms=3950
===== m-4045 rep1 =====
rank=1 roles=PTPP patrols=3 sustainable=3 rollout_valid=1 rollout_complete=0 rollout=6/55/97 upper=6/60/540
rank=2 roles=PPTP patrols=3 sustainable=3 rollout_valid=1 rollout_complete=0 rollout=6/54/96 upper=6/60/540
rank=3 roles=PPPT patrols=3 sustainable=3 rollout_valid=1 rollout_complete=0 rollout=6/53/97 upper=6/60/540
rank=4 roles=TPPP patrols=3 sustainable=3 rollout_valid=1 rollout_complete=0 rollout=6/53/94 upper=6/60/540
rank=5 roles=PTPT patrols=2 sustainable=2 rollout_valid=1 rollout_complete=0 rollout=6/53/74 upper=6/60/360
rank=6 roles=PPTT patrols=2 sustainable=2 rollout_valid=1 rollout_complete=0 rollout=6/52/86 upper=6/60/360
rank=7 roles=PTTP patrols=2 sustainable=2 rollout_valid=1 rollout_complete=0 rollout=6/49/87 upper=6/60/360
rank=8 roles=PPPP patrols=4 sustainable=4 rollout_valid=1 rollout_complete=0 rollout=6/39/65 upper=6/60/540
elapsed_ms=3397
===== m-4194 rep1 =====
rank=1 roles=TPPP patrols=3 sustainable=3 rollout_valid=1 rollout_complete=0 rollout=4/40/144 upper=4/40/220
rank=2 roles=PTPP patrols=3 sustainable=3 rollout_valid=1 rollout_complete=0 rollout=4/40/144 upper=4/40/220
rank=3 roles=PPPT patrols=3 sustainable=3 rollout_valid=1 rollout_complete=0 rollout=4/40/143 upper=4/40/220
rank=4 roles=PPTP patrols=3 sustainable=3 rollout_valid=1 rollout_complete=0 rollout=4/40/143 upper=4/40/220
rank=5 roles=PPTT patrols=2 sustainable=2 rollout_valid=1 rollout_complete=0 rollout=4/40/110 upper=4/40/160
rank=6 roles=PTPT patrols=2 sustainable=2 rollout_valid=1 rollout_complete=0 rollout=4/40/110 upper=4/40/160
rank=7 roles=PTTP patrols=2 sustainable=2 rollout_valid=1 rollout_complete=0 rollout=4/40/108 upper=4/40/160
rank=8 roles=PPPP patrols=4 sustainable=4 rollout_valid=1 rollout_complete=0 rollout=4/35/94 upper=4/40/220
elapsed_ms=2600
