case_id=01-m6134-d1 replay=m-6134-ab3d699-series.jsonl day=1 stratum=early started_unix_ms=1788192133702
ledger_before=0/0/0
day_score=7/7/36
score_after=7/7/36
agent=0 kind=patrol claims=7 served=7 path_steps=96 raw_path_fuel=43 initial_fuel=192 spots=5:5,2:2,3:3,15:1,12:5,14:0,13:6 terminal=251:149
agent=1 kind=patrol claims=7 served=7 path_steps=96 raw_path_fuel=60 initial_fuel=192 spots=13:6,3:3,5:5,15:1,12:5,10:3,11:4 terminal=146:184
agent=2 kind=patrol claims=7 served=7 path_steps=96 raw_path_fuel=58 initial_fuel=192 spots=13:6,3:3,5:5,15:1,12:5,10:3,11:4 terminal=146:184
agent=3 kind=tanker claims=0 served=0 path_steps=96 raw_path_fuel=11 initial_fuel=192 spots= terminal=33:192
agent=4 kind=patrol claims=8 served=8 path_steps=96 raw_path_fuel=61 initial_fuel=192 spots=2:2,5:5,13:6,3:3,10:3,11:4,15:1,14:0 terminal=230:177
agent=5 kind=patrol claims=7 served=7 path_steps=96 raw_path_fuel=65 initial_fuel=192 spots=5:5,15:1,12:5,10:3,9:2,4:4,6:6 terminal=143:158
spot=2 brand=2 cell=104 stock=2 served=2 denied=0 agents=4S,0S
spot=3 brand=3 cell=134 stock=4 served=4 denied=0 agents=2S,1S,0S,4S
spot=4 brand=4 cell=138 stock=1 served=1 denied=0 agents=5S
spot=5 brand=5 cell=52 stock=6 served=5 denied=0 agents=5S,0S,4S,2S,1S
spot=6 brand=6 cell=143 stock=1 served=1 denied=0 agents=5S
spot=9 brand=2 cell=6 stock=1 served=1 denied=0 agents=5S
spot=10 brand=3 cell=33 stock=6 served=4 denied=0 agents=5S,4S,2S,1S
spot=11 brand=4 cell=146 stock=3 served=3 denied=0 agents=4S,2S,1S
spot=12 brand=5 cell=242 stock=4 served=4 denied=0 agents=5S,0S,2S,1S
spot=13 brand=6 cell=251 stock=6 served=4 denied=0 agents=2S,1S,4S,0S
spot=14 brand=0 cell=230 stock=3 served=2 denied=0 agents=0S,4S
spot=15 brand=1 cell=180 stock=6 served=5 denied=0 agents=5S,0S,2S,1S,4S
sparse_agent=0 cap=50000 settled=50000 labels=50897 emitted_masks=132 protected_masks=37 retained=55 valid=55 best=7/7/39 mask=0xEFAE protected=7/7/36 protected_mask=0x0
sparse_agent=1 cap=50000 settled=50000 labels=50858 emitted_masks=160 protected_masks=27 retained=59 valid=59 best=7/7/39 mask=0xEDBE protected=7/7/36 protected_mask=0x0
sparse_agent=2 cap=50000 settled=50000 labels=50841 emitted_masks=87 protected_masks=32 retained=64 valid=64 best=7/7/39 mask=0xEFBE protected=7/7/36 protected_mask=0x0
sparse_agent=4 cap=50000 settled=50000 labels=50879 emitted_masks=134 protected_masks=36 retained=56 valid=56 best=7/7/39 mask=0xEFAE protected=7/7/36 protected_mask=0x0
sparse_agent=5 cap=50000 settled=50000 labels=50637 emitted_masks=126 protected_masks=37 retained=59 valid=59 best=7/7/39 mask=0xAFFE protected=7/7/36 protected_mask=0x0
sparse_global_best=7/7/39 baseline=7/7/36 agent=0 mask=0xEFAE
sparse_protected_best=7/7/36 baseline=7/7/36 agent=-1 mask=0x0
sparse_best_plan=[[4,5,5,4,4,4,5,4,4,0,0,5,0,1,1,1,1,1,0,5,5,1,1,2,2,2,2,2,2,3,5,4,4,3,4,3,4,3,3,3,4,4,4,4,2,2,2,2,3,1,1,2,2,3,3,-2],[3,4,3,3,3,0,5,0,0,0,0,0,0,0,0,0,0,0,3,3,4,4,4,3,3,4,4,4,4,4,1,1,0,1,1,1,0,0,0,0,0,0,1,3,3,3,3,4,4,4,-6],[4,4,4,0,5,0,0,0,0,0,0,0,0,0,0,0,3,3,4,4,4,3,3,4,4,4,4,4,1,1,0,1,1,1,0,0,0,0,0,0,1,3,3,3,3,4,4,4,-8],[0,5,0,0,5,5,5,5,5,-80],[0,5,0,0,0,5,5,2,3,3,3,3,3,3,3,3,3,3,3,3,0,5,0,0,0,0,0,0,0,0,0,0,0,0,5,5,3,3,3,3,4,4,4,2,3,3,3,3,3,2,-7],[5,5,3,3,4,4,4,3,3,4,4,4,4,4,1,1,0,1,1,1,0,0,0,0,0,0,1,1,1,2,2,2,2,3,3,4,3,4,3,3,3,2,2,3,2,2,2,2,1,-14]]
stage_membership strict=1 changed_agents=1 agent=0 route_present=0 full_plan_present=0 baseline=7/7/36 sparse=7/7/39 portfolio_columns=96 agent_columns=16 exact_supported=0 exact_bundles=0 candidates=32 combinations=1356 master_complete=1 master_deadline=0
case_complete=01-m6134-d1 exit_code=0 elapsed_ms=561
case_id=02-m6134-d4 replay=m-6134-ab3d699-series.jsonl day=4 stratum=middle started_unix_ms=1788192134285
ledger_before=7/21/111
day_score=7/7/38
score_after=7/28/149
agent=0 kind=patrol claims=7 served=7 path_steps=96 raw_path_fuel=40 initial_fuel=188 spots=12:5,13:6,3:3,5:5,10:3,9:2,8:1 terminal=25:174
agent=1 kind=patrol claims=8 served=8 path_steps=96 raw_path_fuel=60 initial_fuel=188 spots=14:0,13:6,3:3,5:5,15:1,12:5,10:3,11:4 terminal=146:150
agent=2 kind=patrol claims=8 served=8 path_steps=96 raw_path_fuel=52 initial_fuel=182 spots=11:4,5:5,10:3,3:3,13:6,1:1,7:0,2:2 terminal=104:158
agent=3 kind=tanker claims=0 served=0 path_steps=96 raw_path_fuel=5 initial_fuel=192 spots= terminal=134:192
agent=4 kind=patrol claims=8 served=6 path_steps=96 raw_path_fuel=61 initial_fuel=110 spots=0:0,13:6,3:3,5:5,15:1,12:5,11:4,2:2 terminal=104:155
agent=5 kind=patrol claims=9 served=9 path_steps=96 raw_path_fuel=67 initial_fuel=168 spots=4:4,13:6,3:3,5:5,15:1,12:5,14:0,2:2,8:1 terminal=25:146
spot=0 brand=0 cell=79 stock=6 served=1 denied=0 agents=4S
spot=1 brand=1 cell=221 stock=4 served=1 denied=0 agents=2S
spot=2 brand=2 cell=104 stock=2 served=2 denied=1 agents=2S,5S,4D
spot=3 brand=3 cell=134 stock=4 served=4 denied=1 agents=1S,5S,0S,2S,4D
spot=4 brand=4 cell=138 stock=1 served=1 denied=0 agents=5S
spot=5 brand=5 cell=52 stock=6 served=5 denied=0 agents=2S,1S,5S,0S,4S
spot=7 brand=0 cell=255 stock=6 served=1 denied=0 agents=2S
spot=8 brand=1 cell=25 stock=3 served=2 denied=0 agents=0S,5S
spot=9 brand=2 cell=6 stock=1 served=1 denied=0 agents=0S
spot=10 brand=3 cell=33 stock=6 served=3 denied=0 agents=2S,0S,1S
spot=11 brand=4 cell=146 stock=3 served=3 denied=0 agents=2S,4S,1S
spot=12 brand=5 cell=242 stock=4 served=4 denied=0 agents=0S,1S,5S,4S
spot=13 brand=6 cell=251 stock=6 served=5 denied=0 agents=1S,5S,0S,4S,2S
spot=14 brand=0 cell=230 stock=3 served=2 denied=0 agents=1S,5S
spot=15 brand=1 cell=180 stock=6 served=3 denied=0 agents=1S,5S,4S
sparse_agent=0 cap=50000 settled=50000 labels=51231 emitted_masks=148 protected_masks=45 retained=61 valid=61 best=7/28/151 mask=0x9F7D protected=7/28/149 protected_mask=0x0
sparse_agent=1 cap=50000 settled=50000 labels=51337 emitted_masks=152 protected_masks=51 retained=64 valid=64 best=7/28/151 mask=0xEF7E protected=7/28/149 protected_mask=0x0
sparse_agent=2 cap=50000 settled=50000 labels=51070 emitted_masks=158 protected_masks=53 retained=64 valid=64 best=7/28/151 mask=0xF8DF protected=7/28/149 protected_mask=0x0
sparse_agent=4 cap=50000 settled=50000 labels=51375 emitted_masks=165 protected_masks=54 retained=64 valid=64 best=7/28/152 mask=0xABFF protected=7/28/149 protected_mask=0x0
sparse_agent=5 cap=50000 settled=50000 labels=51023 emitted_masks=143 protected_masks=13 retained=45 valid=45 best=7/28/151 mask=0x8DFF protected=7/28/149 protected_mask=0x0
sparse_global_best=7/28/152 baseline=7/28/149 agent=4 mask=0xABFF
sparse_protected_best=7/28/149 baseline=7/28/149 agent=-1 mask=0x0
sparse_best_plan=[[-1,2,2,2,2,2,2,2,2,2,0,5,0,0,0,0,0,0,0,0,0,0,0,0,5,5,1,1,2,2,2,2,2,2,3,-33],[-1,2,2,2,2,3,0,5,0,0,0,0,0,0,0,0,0,0,0,3,3,4,4,4,3,3,4,4,4,4,4,1,1,0,1,1,1,0,0,0,0,0,0,1,3,3,3,3,4,4,4,-5],[-1,0,1,1,1,1,1,0,5,5,2,2,3,3,3,3,3,3,3,2,3,3,3,3,3,3,1,1,2,2,3,3,0,0,0,0,0,0,5,5,0,0,0,-19],[1,1,1,2,-89],[-1,4,3,4,3,4,5,5,5,0,5,5,0,0,5,4,4,5,4,4,4,0,0,5,0,1,1,1,1,1,1,1,1,2,2,2,3,5,4,4,3,4,3,4,3,3,3,3,3,3,3,3,1,1,2,2,3,3],[-1,3,4,4,4,3,3,3,0,5,0,0,0,0,0,0,0,0,0,0,0,3,3,4,4,4,3,3,4,4,4,4,4,2,2,2,1,2,1,1,1,1,0,1,0,1,0,0,0,1,1,2,-9]]
stage_membership strict=1 changed_agents=1 agent=4 route_present=0 full_plan_present=0 baseline=7/28/149 sparse=7/28/152 portfolio_columns=96 agent_columns=16 exact_supported=0 exact_bundles=0 candidates=32 combinations=16385 master_complete=1 master_deadline=0
case_complete=02-m6134-d4 exit_code=0 elapsed_ms=3318
case_id=03-m6134-d8 replay=m-6134-ab3d699-series.jsonl day=8 stratum=late started_unix_ms=1788192137608
ledger_before=7/49/261
day_score=7/7/39
score_after=7/56/300
agent=0 kind=patrol claims=7 served=7 path_steps=96 raw_path_fuel=40 initial_fuel=188 spots=12:5,13:6,3:3,5:5,10:3,9:2,8:1 terminal=25:182
agent=1 kind=patrol claims=8 served=8 path_steps=96 raw_path_fuel=46 initial_fuel=171 spots=2:2,5:5,10:3,15:1,12:5,14:0,13:6,4:4 terminal=138:157
agent=2 kind=patrol claims=8 served=8 path_steps=96 raw_path_fuel=68 initial_fuel=189 spots=11:4,5:5,10:3,13:6,3:3,2:2,8:1,0:0 terminal=79:134
agent=3 kind=tanker claims=0 served=0 path_steps=96 raw_path_fuel=11 initial_fuel=192 spots= terminal=33:192
agent=4 kind=patrol claims=8 served=8 path_steps=96 raw_path_fuel=60 initial_fuel=183 spots=14:0,13:6,3:3,5:5,15:1,12:5,10:3,11:4 terminal=146:184
agent=5 kind=patrol claims=8 served=8 path_steps=96 raw_path_fuel=60 initial_fuel=183 spots=14:0,13:6,3:3,5:5,15:1,12:5,10:3,11:4 terminal=146:184
spot=0 brand=0 cell=79 stock=6 served=1 denied=0 agents=2S
spot=2 brand=2 cell=104 stock=2 served=2 denied=0 agents=1S,2S
spot=3 brand=3 cell=134 stock=4 served=4 denied=0 agents=4S,5S,0S,2S
spot=4 brand=4 cell=138 stock=1 served=1 denied=0 agents=1S
spot=5 brand=5 cell=52 stock=6 served=5 denied=0 agents=1S,2S,4S,5S,0S
spot=8 brand=1 cell=25 stock=3 served=2 denied=0 agents=0S,2S
spot=9 brand=2 cell=6 stock=1 served=1 denied=0 agents=0S
spot=10 brand=3 cell=33 stock=6 served=5 denied=0 agents=1S,2S,0S,4S,5S
spot=11 brand=4 cell=146 stock=3 served=3 denied=0 agents=2S,4S,5S
spot=12 brand=5 cell=242 stock=4 served=4 denied=0 agents=0S,1S,4S,5S
spot=13 brand=6 cell=251 stock=6 served=5 denied=0 agents=4S,5S,0S,2S,1S
spot=14 brand=0 cell=230 stock=3 served=3 denied=0 agents=4S,5S,1S
spot=15 brand=1 cell=180 stock=6 served=3 denied=0 agents=1S,4S,5S
sparse_agent=0 cap=50000 settled=50000 labels=51117 emitted_masks=148 protected_masks=45 retained=61 valid=61 best=7/56/302 mask=0x9F7D protected=7/56/300 protected_mask=0x0
sparse_agent=1 cap=50000 settled=50000 labels=51024 emitted_masks=104 protected_masks=26 retained=58 valid=58 best=7/56/302 mask=0xAFFE protected=7/56/300 protected_mask=0x0
sparse_agent=2 cap=50000 settled=50000 labels=51065 emitted_masks=159 protected_masks=21 retained=53 valid=53 best=7/56/302 mask=0x8F7F protected=7/56/300 protected_mask=0x0
sparse_agent=4 cap=50000 settled=50000 labels=51037 emitted_masks=145 protected_masks=52 retained=64 valid=64 best=7/56/302 mask=0xEF7E protected=7/56/300 protected_mask=0x0
sparse_agent=5 cap=50000 settled=50000 labels=51037 emitted_masks=145 protected_masks=52 retained=64 valid=64 best=7/56/302 mask=0xEF7E protected=7/56/300 protected_mask=0x0
sparse_global_best=7/56/302 baseline=7/56/300 agent=0 mask=0x9F7D
sparse_protected_best=7/56/300 baseline=7/56/300 agent=-1 mask=0x0
sparse_best_plan=[[-1,1,1,1,1,0,0,5,1,2,2,2,2,1,1,2,2,3,3,3,2,2,2,1,2,0,0,1,1,0,0,0,5,5,5,5,5,0,5,5,4,4,4,5,0,5,5,-11],[-1,5,0,0,0,5,5,0,5,5,3,3,3,3,3,4,3,3,4,4,4,4,4,2,2,2,1,2,2,2,3,2,2,0,0,0,0,1,1,1,-24],[-1,0,1,1,1,1,1,0,5,5,3,3,3,3,3,3,3,2,2,2,3,3,3,3,3,3,0,0,0,0,0,0,5,0,1,1,2,0,0,0,1,1,2,2,2,2,2,2,3,3,3,-11],[0,1,0,0,0,0,0,0,1,-80],[-1,2,2,3,2,2,0,0,0,0,0,0,5,0,0,0,0,0,0,3,3,4,4,4,3,3,4,4,4,4,4,1,1,0,1,1,1,0,0,0,0,0,0,1,3,3,3,3,4,4,4,-5],[-1,2,2,3,2,2,0,0,0,0,0,0,5,0,0,0,0,0,0,3,3,4,4,4,3,3,4,4,4,4,4,1,1,0,1,1,1,0,0,0,0,0,0,1,3,3,3,3,4,4,4,-5]]
stage_membership strict=1 changed_agents=1 agent=0 route_present=0 full_plan_present=0 baseline=7/56/300 sparse=7/56/302 portfolio_columns=96 agent_columns=16 exact_supported=0 exact_bundles=0 candidates=32 combinations=30000 master_complete=0 master_deadline=0
case_complete=03-m6134-d8 exit_code=0 elapsed_ms=3946
case_id=04-m6213-d1 replay=m-6213-ab3d699-series.jsonl day=1 stratum=early started_unix_ms=1788192141559
ledger_before=0/0/0
day_score=8/8/60
score_after=8/8/60
agent=0 kind=patrol claims=11 served=11 path_steps=144 raw_path_fuel=90 initial_fuel=432 spots=4:4,17:1,14:6,8:0,6:6,19:3,23:7,11:3,2:2,10:2,5:5 terminal=405:342
agent=1 kind=patrol claims=8 served=8 path_steps=144 raw_path_fuel=62 initial_fuel=432 spots=8:0,6:6,19:3,4:4,2:2,9:1,7:7,5:5 terminal=405:397
agent=2 kind=patrol claims=8 served=8 path_steps=144 raw_path_fuel=85 initial_fuel=432 spots=5:5,7:7,10:2,4:4,8:0,6:6,19:3,9:1 terminal=491:391
agent=3 kind=patrol claims=9 served=9 path_steps=144 raw_path_fuel=125 initial_fuel=432 spots=5:5,17:1,7:7,10:2,4:4,8:0,6:6,19:3,3:3 terminal=434:406
agent=4 kind=patrol claims=8 served=8 path_steps=144 raw_path_fuel=88 initial_fuel=432 spots=17:1,5:5,4:4,8:0,6:6,19:3,23:7,16:0 terminal=552:400
agent=5 kind=tanker claims=0 served=0 path_steps=144 raw_path_fuel=4 initial_fuel=432 spots= terminal=104:432
agent=6 kind=patrol claims=8 served=8 path_steps=144 raw_path_fuel=96 initial_fuel=432 spots=5:5,4:4,11:3,12:4,16:0,23:7,9:1,10:2 terminal=349:385
agent=7 kind=patrol claims=8 served=8 path_steps=144 raw_path_fuel=67 initial_fuel=432 spots=6:6,8:0,19:3,4:4,2:2,9:1,7:7,5:5 terminal=405:397
spot=2 brand=2 cell=249 stock=3 served=3 denied=0 agents=1S,7S,0S
spot=3 brand=3 cell=434 stock=1 served=1 denied=0 agents=3S
spot=4 brand=4 cell=104 stock=8 served=7 denied=0 agents=0S,1S,2S,6S,7S,4S,3S
spot=5 brand=5 cell=405 stock=8 served=7 denied=0 agents=3S,2S,6S,4S,1S,7S,0S
spot=6 brand=6 cell=194 stock=7 served=6 denied=0 agents=7S,1S,0S,2S,4S,3S
spot=7 brand=7 cell=569 stock=7 served=4 denied=0 agents=2S,3S,1S,7S
spot=8 brand=0 cell=49 stock=8 served=6 denied=0 agents=1S,7S,0S,2S,4S,3S
spot=9 brand=1 cell=491 stock=5 served=4 denied=0 agents=1S,7S,2S,6S
spot=10 brand=2 cell=349 stock=5 served=4 denied=0 agents=2S,3S,0S,6S
spot=11 brand=3 cell=342 stock=2 served=2 denied=0 agents=6S,0S
spot=12 brand=4 cell=533 stock=6 served=1 denied=0 agents=6S
spot=14 brand=6 cell=10 stock=4 served=1 denied=0 agents=0S
spot=16 brand=0 cell=552 stock=5 served=2 denied=0 agents=6S,4S
spot=17 brand=1 cell=16 stock=8 served=3 denied=0 agents=4S,0S,3S
spot=19 brand=3 cell=288 stock=6 served=6 denied=0 agents=1S,7S,0S,2S,4S,3S
spot=23 brand=7 cell=529 stock=4 served=3 denied=0 agents=0S,6S,4S
sparse_agent=0 cap=50000 settled=50000 labels=51173 emitted_masks=170 protected_masks=12 retained=41 valid=41 best=8/8/63 mask=0x76CE17 protected=8/8/60 protected_mask=0x0
sparse_agent=1 cap=50000 settled=50000 labels=51241 emitted_masks=174 protected_masks=31 retained=57 valid=57 best=8/8/67 mask=0xFF964B protected=8/8/60 protected_mask=0x0
sparse_agent=2 cap=50000 settled=50000 labels=51117 emitted_masks=215 protected_masks=12 retained=44 valid=44 best=8/8/67 mask=0xF7B62B protected=8/8/60 protected_mask=0x0
sparse_agent=3 cap=50000 settled=50000 labels=51225 emitted_masks=198 protected_masks=17 retained=49 valid=49 best=8/8/64 mask=0x975E3D protected=8/8/60 protected_mask=0x0
sparse_agent=4 cap=50000 settled=50000 labels=51399 emitted_masks=217 protected_masks=24 retained=48 valid=48 best=8/8/66 mask=0xF5B6AA protected=8/8/60 protected_mask=0x0
sparse_agent=6 cap=50000 settled=50000 labels=50930 emitted_masks=203 protected_masks=38 retained=61 valid=61 best=8/8/65 mask=0xEFD15A protected=8/8/60 protected_mask=0x0
sparse_agent=7 cap=50000 settled=50000 labels=51048 emitted_masks=196 protected_masks=15 retained=45 valid=45 best=8/8/67 mask=0x7EC573 protected=8/8/60 protected_mask=0x0
sparse_global_best=8/8/67 baseline=8/8/60 agent=1 mask=0xFF964B
sparse_protected_best=8/8/60 baseline=8/8/60 agent=-1 mask=0x0
sparse_best_plan=[[1,1,1,1,1,2,2,2,2,2,1,2,5,5,5,5,5,5,5,5,5,5,4,4,5,5,5,5,3,3,3,3,4,4,4,4,4,4,3,3,3,3,3,3,4,4,4,4,1,1,1,1,1,1,2,1,1,1,1,1,1,2,3,3,2,3,3,2,3,2,2,2,2,2,2,2,3,-1],[2,3,4,4,4,4,3,3,3,3,3,4,3,4,4,4,4,5,1,2,2,2,2,2,1,1,2,2,2,2,2,1,1,2,2,2,0,0,0,0,2,1,1,1,2,0,0,0,0,1,0,1,1,1,0,1,2,2,2,2,2,3,3,3,4,4,4,4,3,3,3,3,-3],[0,0,1,1,4,4,4,4,4,4,4,5,0,1,1,0,1,0,0,0,5,5,0,0,0,0,0,0,0,0,0,0,0,0,5,0,5,5,5,5,5,3,3,3,3,4,4,4,4,4,4,3,3,3,2,2,3,2,3,2,2,2,2,3,3,3,-27],[2,3,3,3,0,0,0,0,0,0,0,1,0,0,0,1,0,0,0,1,3,4,4,3,3,3,4,3,3,3,4,4,4,3,3,3,4,4,4,3,4,3,4,0,1,1,0,1,0,0,0,5,5,0,0,0,0,0,0,0,0,0,0,0,0,5,0,5,5,5,5,5,3,3,3,3,4,4,4,4,4,4,3,3,3,3,3,4,-1],[0,0,0,0,0,5,5,5,5,3,4,4,3,3,3,4,3,3,3,3,3,3,3,3,3,0,0,0,0,0,0,0,0,0,0,0,0,5,5,5,5,5,5,5,0,5,0,5,5,5,5,5,3,3,3,3,4,4,4,4,4,4,3,3,3,3,3,3,4,4,4,4,4,5,-10],[2,2,2,2,-136],[1,1,1,2,2,1,2,2,1,2,2,2,2,2,2,2,3,0,0,0,0,0,0,0,0,0,0,0,0,5,5,5,5,5,5,5,3,3,3,4,4,4,4,4,4,4,4,4,3,3,3,4,4,4,4,5,5,5,5,5,1,2,1,2,2,2,1,2,2,2,2,2,2,1,1,1,1,1,0,-3],[0,1,1,1,0,0,0,0,1,1,3,3,3,3,4,4,4,4,4,4,1,1,1,1,1,1,1,1,2,2,2,2,3,3,3,3,4,4,3,3,3,4,4,4,3,3,3,3,2,2,2,3,2,3,3,2,1,1,1,1,1,1,1,-22]]
stage_membership strict=1 changed_agents=1 agent=1 route_present=0 full_plan_present=0 baseline=8/8/60 sparse=8/8/67 portfolio_columns=128 agent_columns=16 exact_supported=0 exact_bundles=0 candidates=32 combinations=35000 master_complete=0 master_deadline=0
case_complete=04-m6213-d1 exit_code=0 elapsed_ms=10689
case_id=05-m6213-d5 replay=m-6213-ab3d699-series.jsonl day=5 stratum=middle started_unix_ms=1788192152252
ledger_before=8/32/250
day_score=8/8/60
score_after=8/40/310
agent=0 kind=patrol claims=8 served=8 path_steps=144 raw_path_fuel=71 initial_fuel=432 spots=8:0,14:6,17:1,6:6,19:3,23:7,12:4,10:2 terminal=349:361
agent=1 kind=patrol claims=10 served=10 path_steps=144 raw_path_fuel=84 initial_fuel=399 spots=9:1,5:5,7:7,2:2,4:4,17:1,14:6,0:0,18:2,10:2 terminal=349:315
agent=2 kind=patrol claims=8 served=8 path_steps=144 raw_path_fuel=71 initial_fuel=432 spots=8:0,14:6,17:1,6:6,19:3,23:7,12:4,10:2 terminal=349:361
agent=3 kind=patrol claims=9 served=9 path_steps=144 raw_path_fuel=103 initial_fuel=381 spots=5:5,7:7,0:0,17:1,18:2,20:4,11:3,6:6,8:0 terminal=194:426
agent=4 kind=patrol claims=9 served=9 path_steps=144 raw_path_fuel=76 initial_fuel=383 spots=13:5,5:5,7:7,2:2,4:4,8:0,6:6,19:3,9:1 terminal=491:399
agent=5 kind=tanker claims=0 served=0 path_steps=144 raw_path_fuel=0 initial_fuel=432 spots= terminal=49:432
agent=6 kind=patrol claims=8 served=8 path_steps=144 raw_path_fuel=72 initial_fuel=381 spots=5:5,7:7,2:2,4:4,8:0,6:6,19:3,9:1 terminal=491:399
agent=7 kind=patrol claims=9 served=8 path_steps=144 raw_path_fuel=72 initial_fuel=432 spots=8:0,14:6,17:1,4:4,11:3,2:2,10:2,5:5,7:7 terminal=569:360
spot=0 brand=0 cell=159 stock=7 served=2 denied=0 agents=3S,1S
spot=2 brand=2 cell=249 stock=3 served=3 denied=1 agents=6S,4S,1S,7D
spot=4 brand=4 cell=104 stock=8 served=4 denied=0 agents=7S,6S,4S,1S
spot=5 brand=5 cell=405 stock=8 served=5 denied=0 agents=3S,6S,4S,1S,7S
spot=6 brand=6 cell=194 stock=7 served=5 denied=0 agents=0S,2S,6S,4S,3S
spot=7 brand=7 cell=569 stock=7 served=5 denied=0 agents=3S,6S,4S,1S,7S
spot=8 brand=0 cell=49 stock=8 served=6 denied=0 agents=0S,2S,7S,6S,4S,3S
spot=9 brand=1 cell=491 stock=5 served=3 denied=0 agents=1S,6S,4S
spot=10 brand=2 cell=349 stock=5 served=4 denied=0 agents=7S,0S,2S,1S
spot=11 brand=3 cell=342 stock=2 served=2 denied=0 agents=7S,3S
spot=12 brand=4 cell=533 stock=6 served=2 denied=0 agents=0S,2S
spot=13 brand=5 cell=503 stock=3 served=1 denied=0 agents=4S
spot=14 brand=6 cell=10 stock=4 served=4 denied=0 agents=0S,2S,7S,1S
spot=17 brand=1 cell=16 stock=8 served=5 denied=0 agents=0S,2S,7S,3S,1S
spot=18 brand=2 cell=281 stock=3 served=2 denied=0 agents=3S,1S
spot=19 brand=3 cell=288 stock=6 served=4 denied=0 agents=0S,2S,6S,4S
spot=20 brand=4 cell=447 stock=4 served=1 denied=0 agents=3S
spot=23 brand=7 cell=529 stock=4 served=2 denied=0 agents=0S,2S
sparse_agent=0 cap=50000 settled=50000 labels=51347 emitted_masks=193 protected_masks=29 retained=61 valid=61 best=8/40/318 mask=0xFD976A protected=8/40/310 protected_mask=0x0
sparse_agent=1 cap=50000 settled=50000 labels=51266 emitted_masks=287 protected_masks=26 retained=58 valid=58 best=8/40/317 mask=0xDFC65B protected=8/40/310 protected_mask=0x0
sparse_agent=2 cap=50000 settled=50000 labels=51347 emitted_masks=193 protected_masks=29 retained=61 valid=61 best=8/40/318 mask=0xFD976A protected=8/40/310 protected_mask=0x0
sparse_agent=3 cap=50000 settled=50000 labels=51377 emitted_masks=248 protected_masks=40 retained=63 valid=63 best=8/40/315 mask=0x5EE4F3 protected=8/40/310 protected_mask=0x0
sparse_agent=4 cap=50000 settled=50000 labels=51163 emitted_masks=225 protected_masks=13 retained=45 valid=45 best=8/40/318 mask=0xF7B62B protected=8/40/310 protected_mask=0x0
sparse_agent=6 cap=50000 settled=50000 labels=51377 emitted_masks=248 protected_masks=19 retained=50 valid=50 best=8/40/317 mask=0x5EE4F3 protected=8/40/310 protected_mask=0x0
sparse_agent=7 cap=50000 settled=50000 labels=51347 emitted_masks=193 protected_masks=15 retained=43 valid=43 best=8/40/318 mask=0xFD976A protected=8/40/310 protected_mask=0x0
sparse_global_best=8/40/318 baseline=8/40/310 agent=0 mask=0xFD976A
sparse_protected_best=8/40/310 baseline=8/40/310 agent=-1 mask=0x0
sparse_best_plan=[[-1,3,3,3,3,4,4,4,4,4,4,3,3,3,3,3,4,3,4,4,4,4,5,1,2,2,2,2,2,1,1,2,2,2,2,2,1,1,2,2,2,0,0,0,0,2,1,1,1,2,3,3,3,2,2,3,3,0,1,1,1,1,0,1,0,0,0,1,1,1,0,0,-4],[-1,1,1,1,2,1,1,2,2,2,2,2,2,3,4,4,4,4,4,4,4,5,0,0,5,0,0,0,0,0,0,0,0,0,0,0,0,1,0,0,1,0,1,1,1,2,2,2,2,2,2,1,5,5,5,5,5,5,2,2,3,3,3,3,3,3,3,3,3,3,4,4,4,4,5,5,-1],[-1,1,1,2,2,2,2,2,2,2,2,2,2,2,2,2,2,4,5,4,4,4,4,4,4,5,5,5,5,5,5,5,5,5,4,4,4,4,4,3,3,3,3,3,3,4,4,4,4,2,2,2,2,1,1,1,1,1,1,2,2,2,2,1,1,-21],[-1,4,4,4,4,4,4,4,5,1,1,1,0,1,0,1,0,1,0,0,1,1,0,0,0,0,5,0,0,1,1,1,1,3,3,3,4,4,3,4,3,3,4,4,3,4,3,4,4,4,4,0,5,5,5,5,5,0,5,0,0,5,0,0,0,0,0,5,0,0,0,0,0,1,1,3,3,3,3,4,4,-6],[-1,0,0,0,0,4,4,4,4,4,4,4,5,0,0,5,0,0,0,0,0,0,0,0,0,0,0,0,1,0,0,1,0,0,5,0,5,5,5,5,5,3,3,3,3,4,4,4,4,4,4,3,3,3,2,2,3,2,3,2,2,2,2,3,3,3,-24],[-144],[-1,4,4,4,4,4,4,4,5,0,0,5,0,0,0,0,0,0,0,0,0,0,0,0,1,0,0,1,0,0,5,0,5,5,5,5,5,3,3,3,3,4,4,4,4,4,4,3,3,3,2,2,3,2,3,2,2,2,2,3,3,3,-32],[-1,1,1,2,2,2,2,2,2,2,2,2,2,2,2,2,2,4,5,4,4,4,5,5,5,5,5,3,3,3,4,4,4,4,4,4,4,1,1,1,1,2,3,3,2,3,3,2,2,3,2,2,2,2,2,2,3,4,4,4,4,4,4,4,5,-22]]
stage_membership strict=1 changed_agents=1 agent=0 route_present=0 full_plan_present=0 baseline=8/40/310 sparse=8/40/318 portfolio_columns=128 agent_columns=16 exact_supported=0 exact_bundles=0 candidates=32 combinations=30000 master_complete=0 master_deadline=0
case_complete=05-m6213-d5 exit_code=0 elapsed_ms=7383
case_id=06-m6213-d8 replay=m-6213-ab3d699-series.jsonl day=8 stratum=late started_unix_ms=1788192159639
ledger_before=8/56/437
day_score=8/8/65
score_after=8/64/502
agent=0 kind=patrol claims=10 served=10 path_steps=144 raw_path_fuel=83 initial_fuel=303 spots=16:0,23:7,12:4,4:4,8:0,6:6,19:3,2:2,9:1,5:5 terminal=405:389
agent=1 kind=patrol claims=9 served=9 path_steps=144 raw_path_fuel=72 initial_fuel=406 spots=8:0,14:6,17:1,4:4,11:3,2:2,10:2,5:5,7:7 terminal=569:334
agent=2 kind=patrol claims=8 served=8 path_steps=144 raw_path_fuel=71 initial_fuel=406 spots=8:0,14:6,17:1,6:6,19:3,23:7,12:4,10:2 terminal=349:397
agent=3 kind=patrol claims=8 served=8 path_steps=144 raw_path_fuel=71 initial_fuel=415 spots=8:0,14:6,17:1,6:6,19:3,23:7,12:4,10:2 terminal=349:397
agent=4 kind=patrol claims=11 served=11 path_steps=144 raw_path_fuel=71 initial_fuel=426 spots=15:7,17:1,0:0,4:4,8:0,6:6,19:3,2:2,10:2,5:5,13:5 terminal=503:395
agent=5 kind=tanker claims=0 served=0 path_steps=144 raw_path_fuel=19 initial_fuel=432 spots= terminal=194:432
agent=6 kind=patrol claims=9 served=9 path_steps=144 raw_path_fuel=86 initial_fuel=423 spots=22:6,17:1,5:5,4:4,8:0,6:6,19:3,23:7,16:0 terminal=552:414
agent=7 kind=patrol claims=10 served=10 path_steps=144 raw_path_fuel=111 initial_fuel=400 spots=13:5,5:5,7:7,0:0,17:1,18:2,20:4,11:3,6:6,8:0 terminal=194:432
spot=0 brand=0 cell=159 stock=7 served=2 denied=0 agents=4S,7S
spot=2 brand=2 cell=249 stock=3 served=3 denied=0 agents=1S,4S,0S
spot=4 brand=4 cell=104 stock=8 served=4 denied=0 agents=4S,0S,1S,6S
spot=5 brand=5 cell=405 stock=8 served=5 denied=0 agents=7S,6S,1S,4S,0S
spot=6 brand=6 cell=194 stock=7 served=6 denied=0 agents=2S,3S,4S,0S,6S,7S
spot=7 brand=7 cell=569 stock=7 served=2 denied=0 agents=7S,1S
spot=8 brand=0 cell=49 stock=8 served=7 denied=0 agents=1S,2S,3S,4S,0S,6S,7S
spot=9 brand=1 cell=491 stock=5 served=1 denied=0 agents=0S
spot=10 brand=2 cell=349 stock=5 served=4 denied=0 agents=1S,4S,2S,3S
spot=11 brand=3 cell=342 stock=2 served=2 denied=0 agents=1S,7S
spot=12 brand=4 cell=533 stock=6 served=3 denied=0 agents=0S,2S,3S
spot=13 brand=5 cell=503 stock=3 served=2 denied=0 agents=7S,4S
spot=14 brand=6 cell=10 stock=4 served=3 denied=0 agents=1S,2S,3S
spot=15 brand=7 cell=46 stock=3 served=1 denied=0 agents=4S
spot=16 brand=0 cell=552 stock=5 served=2 denied=0 agents=0S,6S
spot=17 brand=1 cell=16 stock=8 served=6 denied=0 agents=4S,6S,1S,2S,3S,7S
spot=18 brand=2 cell=281 stock=3 served=1 denied=0 agents=7S
spot=19 brand=3 cell=288 stock=6 served=5 denied=0 agents=2S,3S,4S,0S,6S
spot=20 brand=4 cell=447 stock=4 served=1 denied=0 agents=7S
spot=22 brand=6 cell=95 stock=2 served=1 denied=0 agents=6S
spot=23 brand=7 cell=529 stock=4 served=4 denied=0 agents=0S,2S,3S,6S
sparse_agent=0 cap=50000 settled=50000 labels=51463 emitted_masks=208 protected_masks=26 retained=52 valid=52 best=8/64/507 mask=0xF5B62B protected=8/64/502 protected_mask=0x0
sparse_agent=1 cap=50000 settled=50000 labels=51284 emitted_masks=193 protected_masks=18 retained=46 valid=46 best=8/64/508 mask=0xFD976A protected=8/64/502 protected_mask=0x0
sparse_agent=2 cap=50000 settled=50000 labels=51284 emitted_masks=193 protected_masks=27 retained=59 valid=59 best=8/64/510 mask=0xFD976A protected=8/64/502 protected_mask=0x0
sparse_agent=3 cap=50000 settled=50000 labels=51284 emitted_masks=193 protected_masks=27 retained=59 valid=59 best=8/64/510 mask=0xFD976A protected=8/64/502 protected_mask=0x0
sparse_agent=4 cap=50000 settled=50000 labels=51485 emitted_masks=281 protected_masks=6 retained=38 valid=38 best=8/64/506 mask=0x7CE4F3 protected=8/64/502 protected_mask=0x0
sparse_agent=6 cap=50000 settled=50000 labels=51375 emitted_masks=243 protected_masks=36 retained=57 valid=57 best=8/64/508 mask=0xF5B6AA protected=8/64/502 protected_mask=0x0
sparse_agent=7 cap=50000 settled=50000 labels=51124 emitted_masks=220 protected_masks=26 retained=54 valid=54 best=8/64/508 mask=0x7EAE6B protected=8/64/502 protected_mask=0x0
sparse_global_best=8/64/510 baseline=8/64/502 agent=2 mask=0xFD976A
sparse_protected_best=8/64/502 baseline=8/64/502 agent=-1 mask=0x0
sparse_best_plan=[[-1,1,2,2,2,2,2,0,1,0,1,1,0,0,0,1,1,1,1,1,1,1,1,1,0,0,5,0,5,5,5,5,5,3,3,3,3,4,4,4,4,4,4,1,1,2,2,2,2,2,2,2,2,3,3,3,4,4,4,3,3,3,3,1,1,1,2,1,1,2,2,2,2,2,2,3,-1],[-1,1,1,2,2,2,2,2,2,2,2,2,2,2,2,2,2,4,5,4,4,4,5,5,5,5,5,3,3,3,4,4,4,4,4,4,4,1,1,1,1,2,3,3,2,3,3,2,2,3,2,2,2,2,2,2,3,4,4,4,4,4,4,4,5,-22],[-1,3,3,3,3,4,4,4,4,4,4,3,3,3,3,3,4,3,4,4,4,4,5,1,2,2,2,2,2,1,1,2,2,2,2,2,1,1,2,2,2,0,0,0,0,2,1,1,1,2,3,3,3,2,2,3,3,0,1,1,1,1,0,1,0,0,0,1,1,1,0,0,-4],[-1,1,1,2,2,2,2,2,2,2,2,2,2,2,2,2,2,4,5,4,4,4,4,4,4,5,5,5,5,5,5,5,5,5,4,4,4,4,4,3,3,3,3,3,3,4,4,4,4,2,2,2,2,1,1,1,1,1,1,2,2,2,2,1,1,-21],[-1,0,5,5,5,5,5,3,3,4,4,4,4,0,0,5,5,5,5,5,5,0,5,0,5,5,5,5,5,3,3,3,3,4,4,4,4,4,4,1,1,2,2,2,2,2,2,2,2,3,3,2,3,3,2,2,3,2,2,2,2,2,2,3,3,3,3,3,-13],[4,5,4,4,4,4,4,4,5,5,5,5,5,5,5,5,5,4,-109],[-1,5,0,0,0,5,5,5,5,3,3,3,4,4,3,4,3,3,3,3,3,3,3,3,3,0,0,0,0,0,0,0,0,0,0,0,0,5,5,5,5,5,5,5,0,5,0,5,5,5,5,5,3,3,3,3,4,4,4,4,4,4,3,3,3,3,3,3,4,4,4,4,4,5,-10],[-1,0,0,0,0,4,4,4,4,4,4,4,5,0,1,1,0,1,1,1,0,1,0,0,1,1,0,0,0,0,5,0,0,1,1,1,1,3,3,3,4,4,3,4,3,3,4,4,3,4,3,4,4,4,4,0,5,5,5,5,5,0,5,0,0,5,0,0,0,0,0,5,0,0,0,0,0,1,1,3,3,3,3,4,4,-2]]
stage_membership strict=1 changed_agents=1 agent=2 route_present=0 full_plan_present=0 baseline=8/64/502 sparse=8/64/510 portfolio_columns=128 agent_columns=16 exact_supported=0 exact_bundles=0 candidates=32 combinations=30000 master_complete=0 master_deadline=0
case_complete=06-m6213-d8 exit_code=0 elapsed_ms=7608
run_complete=ATTR-SPARSE-CANONICAL-STAGE-MEMBERSHIP-274 cases=6
