===== stratified-easy seed 7300017 rep1 =====
role_detail,fixture=low-fuel-stratified-easy-fuel-tight-seed-7300017,rank=1,roles=PPPP,patrols=4,rollout=6/29/61,trace=6,6,6,6,5
role_detail,fixture=low-fuel-stratified-easy-fuel-tight-seed-7300017,rank=2,roles=PPTP,patrols=3,rollout=6/28/60,trace=6,5,5,6,6
role_detail,fixture=low-fuel-stratified-easy-fuel-tight-seed-7300017,rank=3,roles=PPPT,patrols=3,rollout=6/27/61,trace=5,6,5,5,6
result,version=224-attr,track=role-collapse,suite=stratified-easy,budget_ms=300,harvest_mode=7,future_harvest_mode=7,role_mode=deadline,spot_count=12,fuel_profile=generated,fixture=low-fuel-stratified-easy-fuel-tight-seed-7300017,family=low-fuel-fuel-tight,seed=7300017,lifetime=6,daily=30,servings=68,invalid=0,emergency=0,search_complete_days=5,search_deadline_days=0,combinations=3533,role_mask=0
===== stratified-easy seed 7300017 rep2 =====
role_detail,fixture=low-fuel-stratified-easy-fuel-tight-seed-7300017,rank=1,roles=PPPP,patrols=4,rollout=6/29/61,trace=6,6,6,6,5
role_detail,fixture=low-fuel-stratified-easy-fuel-tight-seed-7300017,rank=2,roles=PPTP,patrols=3,rollout=6/28/60,trace=6,5,5,6,6
role_detail,fixture=low-fuel-stratified-easy-fuel-tight-seed-7300017,rank=3,roles=PPPT,patrols=3,rollout=6/27/61,trace=5,6,5,5,6
result,version=224-attr,track=role-collapse,suite=stratified-easy,budget_ms=300,harvest_mode=7,future_harvest_mode=7,role_mode=deadline,spot_count=12,fuel_profile=generated,fixture=low-fuel-stratified-easy-fuel-tight-seed-7300017,family=low-fuel-fuel-tight,seed=7300017,lifetime=6,daily=30,servings=68,invalid=0,emergency=0,search_complete_days=5,search_deadline_days=0,combinations=3533,role_mask=0
===== stratified-easy seed 7300017 rep3 =====
role_detail,fixture=low-fuel-stratified-easy-fuel-tight-seed-7300017,rank=1,roles=PPPP,patrols=4,rollout=6/29/62,trace=6,6,5,6,6
role_detail,fixture=low-fuel-stratified-easy-fuel-tight-seed-7300017,rank=2,roles=PPTP,patrols=3,rollout=6/28/59,trace=6,5,5,6,6
role_detail,fixture=low-fuel-stratified-easy-fuel-tight-seed-7300017,rank=3,roles=PPPT,patrols=3,rollout=6/27/61,trace=5,6,5,5,6
result,version=224-attr,track=role-collapse,suite=stratified-easy,budget_ms=300,harvest_mode=7,future_harvest_mode=7,role_mode=deadline,spot_count=12,fuel_profile=generated,fixture=low-fuel-stratified-easy-fuel-tight-seed-7300017,family=low-fuel-fuel-tight,seed=7300017,lifetime=6,daily=30,servings=68,invalid=0,emergency=0,search_complete_days=5,search_deadline_days=0,combinations=3533,role_mask=0
===== stratified-easy seed 7300017 rep4 =====
role_detail,fixture=low-fuel-stratified-easy-fuel-tight-seed-7300017,rank=1,roles=PPPP,patrols=4,rollout=6/29/61,trace=6,6,6,6,5
role_detail,fixture=low-fuel-stratified-easy-fuel-tight-seed-7300017,rank=2,roles=PPTP,patrols=3,rollout=6/28/60,trace=6,5,5,6,6
role_detail,fixture=low-fuel-stratified-easy-fuel-tight-seed-7300017,rank=3,roles=PPPT,patrols=3,rollout=6/27/61,trace=5,6,5,5,6
result,version=224-attr,track=role-collapse,suite=stratified-easy,budget_ms=300,harvest_mode=7,future_harvest_mode=7,role_mode=deadline,spot_count=12,fuel_profile=generated,fixture=low-fuel-stratified-easy-fuel-tight-seed-7300017,family=low-fuel-fuel-tight,seed=7300017,lifetime=6,daily=30,servings=68,invalid=0,emergency=0,search_complete_days=5,search_deadline_days=0,combinations=3533,role_mask=0
===== stratified-easy seed 7300017 rep5 =====
role_detail,fixture=low-fuel-stratified-easy-fuel-tight-seed-7300017,rank=1,roles=PPPP,patrols=4,rollout=6/29/61,trace=6,6,6,6,5
role_detail,fixture=low-fuel-stratified-easy-fuel-tight-seed-7300017,rank=2,roles=PPTP,patrols=3,rollout=6/28/60,trace=6,5,5,6,6
role_detail,fixture=low-fuel-stratified-easy-fuel-tight-seed-7300017,rank=3,roles=PPPT,patrols=3,rollout=6/27/61,trace=5,6,5,5,6
result,version=224-attr,track=role-collapse,suite=stratified-easy,budget_ms=300,harvest_mode=7,future_harvest_mode=7,role_mode=deadline,spot_count=12,fuel_profile=generated,fixture=low-fuel-stratified-easy-fuel-tight-seed-7300017,family=low-fuel-fuel-tight,seed=7300017,lifetime=6,daily=30,servings=68,invalid=0,emergency=0,search_complete_days=5,search_deadline_days=0,combinations=3533,role_mask=0
===== stratified-easy seed 7300017 rep6 =====
role_detail,fixture=low-fuel-stratified-easy-fuel-tight-seed-7300017,rank=1,roles=PPPP,patrols=4,rollout=6/28/64,trace=6,6,5,5,6
role_detail,fixture=low-fuel-stratified-easy-fuel-tight-seed-7300017,rank=2,roles=PPTP,patrols=3,rollout=6/28/60,trace=6,5,5,6,6
role_detail,fixture=low-fuel-stratified-easy-fuel-tight-seed-7300017,rank=3,roles=PPPT,patrols=3,rollout=6/27/61,trace=5,6,5,5,6
result,version=224-attr,track=role-collapse,suite=stratified-easy,budget_ms=300,harvest_mode=7,future_harvest_mode=7,role_mode=deadline,spot_count=12,fuel_profile=generated,fixture=low-fuel-stratified-easy-fuel-tight-seed-7300017,family=low-fuel-fuel-tight,seed=7300017,lifetime=6,daily=30,servings=68,invalid=0,emergency=0,search_complete_days=5,search_deadline_days=0,combinations=3533,role_mask=0
===== stratified-easy seed 7300017 rep7 =====
role_detail,fixture=low-fuel-stratified-easy-fuel-tight-seed-7300017,rank=1,roles=PPPP,patrols=4,rollout=6/29/61,trace=6,6,6,6,5
role_detail,fixture=low-fuel-stratified-easy-fuel-tight-seed-7300017,rank=2,roles=PPTP,patrols=3,rollout=6/28/59,trace=6,5,5,6,6
role_detail,fixture=low-fuel-stratified-easy-fuel-tight-seed-7300017,rank=3,roles=PPPT,patrols=3,rollout=6/27/61,trace=5,6,5,5,6
result,version=224-attr,track=role-collapse,suite=stratified-easy,budget_ms=300,harvest_mode=7,future_harvest_mode=7,role_mode=deadline,spot_count=12,fuel_profile=generated,fixture=low-fuel-stratified-easy-fuel-tight-seed-7300017,family=low-fuel-fuel-tight,seed=7300017,lifetime=6,daily=30,servings=68,invalid=0,emergency=0,search_complete_days=5,search_deadline_days=0,combinations=3533,role_mask=0
===== stratified-easy seed 7300017 rep8 =====
role_detail,fixture=low-fuel-stratified-easy-fuel-tight-seed-7300017,rank=1,roles=PPPP,patrols=4,rollout=6/29/62,trace=6,6,5,6,6
role_detail,fixture=low-fuel-stratified-easy-fuel-tight-seed-7300017,rank=2,roles=PPTP,patrols=3,rollout=6/28/59,trace=6,5,5,6,6
role_detail,fixture=low-fuel-stratified-easy-fuel-tight-seed-7300017,rank=3,roles=PPPT,patrols=3,rollout=6/27/61,trace=5,6,5,5,6
result,version=224-attr,track=role-collapse,suite=stratified-easy,budget_ms=300,harvest_mode=7,future_harvest_mode=7,role_mode=deadline,spot_count=12,fuel_profile=generated,fixture=low-fuel-stratified-easy-fuel-tight-seed-7300017,family=low-fuel-fuel-tight,seed=7300017,lifetime=6,daily=30,servings=68,invalid=0,emergency=0,search_complete_days=5,search_deadline_days=0,combinations=3533,role_mask=0
===== stratified-easy-brand8 seed 8340005 rep1 =====
role_detail,fixture=low-fuel-stratified-easy-brand8-overnight-seed-8340005,rank=1,roles=PPPP,patrols=4,rollout=8/37/71,trace=7,8,8,8,6
role_detail,fixture=low-fuel-stratified-easy-brand8-overnight-seed-8340005,rank=2,roles=PPTP,patrols=3,rollout=8/37/60,trace=7,8,7,7,8
role_detail,fixture=low-fuel-stratified-easy-brand8-overnight-seed-8340005,rank=3,roles=PPPT,patrols=3,rollout=8/35/62,trace=7,8,6,7,7
result,version=224-attr,track=role-collapse,suite=stratified-easy-brand8,budget_ms=300,harvest_mode=7,future_harvest_mode=7,role_mode=deadline,spot_count=12,fuel_profile=generated,fixture=low-fuel-stratified-easy-brand8-overnight-seed-8340005,family=low-fuel-overnight,seed=8340005,lifetime=8,daily=35,servings=75,invalid=0,emergency=0,search_complete_days=5,search_deadline_days=0,combinations=3317,role_mask=0
===== stratified-easy-brand8 seed 8340005 rep2 =====
role_detail,fixture=low-fuel-stratified-easy-brand8-overnight-seed-8340005,rank=1,roles=PPPP,patrols=4,rollout=8/37/71,trace=7,8,8,8,6
role_detail,fixture=low-fuel-stratified-easy-brand8-overnight-seed-8340005,rank=2,roles=PPTP,patrols=3,rollout=8/37/60,trace=7,8,7,7,8
role_detail,fixture=low-fuel-stratified-easy-brand8-overnight-seed-8340005,rank=3,roles=PPPT,patrols=3,rollout=8/35/62,trace=7,8,6,7,7
result,version=224-attr,track=role-collapse,suite=stratified-easy-brand8,budget_ms=300,harvest_mode=7,future_harvest_mode=7,role_mode=deadline,spot_count=12,fuel_profile=generated,fixture=low-fuel-stratified-easy-brand8-overnight-seed-8340005,family=low-fuel-overnight,seed=8340005,lifetime=8,daily=35,servings=75,invalid=0,emergency=0,search_complete_days=5,search_deadline_days=0,combinations=3317,role_mask=0
===== stratified-easy-brand8 seed 8340005 rep3 =====
role_detail,fixture=low-fuel-stratified-easy-brand8-overnight-seed-8340005,rank=1,roles=PPPP,patrols=4,rollout=8/37/71,trace=7,8,8,8,6
role_detail,fixture=low-fuel-stratified-easy-brand8-overnight-seed-8340005,rank=2,roles=PPTP,patrols=3,rollout=8/37/60,trace=7,8,7,7,8
role_detail,fixture=low-fuel-stratified-easy-brand8-overnight-seed-8340005,rank=3,roles=PPPT,patrols=3,rollout=8/35/62,trace=7,8,6,7,7
result,version=224-attr,track=role-collapse,suite=stratified-easy-brand8,budget_ms=300,harvest_mode=7,future_harvest_mode=7,role_mode=deadline,spot_count=12,fuel_profile=generated,fixture=low-fuel-stratified-easy-brand8-overnight-seed-8340005,family=low-fuel-overnight,seed=8340005,lifetime=8,daily=35,servings=75,invalid=0,emergency=0,search_complete_days=5,search_deadline_days=0,combinations=3317,role_mask=0
===== stratified-easy-brand8 seed 8340005 rep4 =====
role_detail,fixture=low-fuel-stratified-easy-brand8-overnight-seed-8340005,rank=1,roles=PPPP,patrols=4,rollout=8/37/71,trace=7,8,8,8,6
role_detail,fixture=low-fuel-stratified-easy-brand8-overnight-seed-8340005,rank=2,roles=PPTP,patrols=3,rollout=8/37/60,trace=7,8,7,7,8
role_detail,fixture=low-fuel-stratified-easy-brand8-overnight-seed-8340005,rank=3,roles=PPPT,patrols=3,rollout=8/35/62,trace=7,8,6,7,7
result,version=224-attr,track=role-collapse,suite=stratified-easy-brand8,budget_ms=300,harvest_mode=7,future_harvest_mode=7,role_mode=deadline,spot_count=12,fuel_profile=generated,fixture=low-fuel-stratified-easy-brand8-overnight-seed-8340005,family=low-fuel-overnight,seed=8340005,lifetime=8,daily=35,servings=75,invalid=0,emergency=0,search_complete_days=5,search_deadline_days=0,combinations=3317,role_mask=0
===== stratified-easy-brand8 seed 8340005 rep5 =====
role_detail,fixture=low-fuel-stratified-easy-brand8-overnight-seed-8340005,rank=1,roles=PPPP,patrols=4,rollout=8/37/71,trace=7,8,8,8,6
role_detail,fixture=low-fuel-stratified-easy-brand8-overnight-seed-8340005,rank=2,roles=PPTP,patrols=3,rollout=8/37/60,trace=7,8,7,7,8
role_detail,fixture=low-fuel-stratified-easy-brand8-overnight-seed-8340005,rank=3,roles=PPPT,patrols=3,rollout=8/35/62,trace=7,8,6,7,7
result,version=224-attr,track=role-collapse,suite=stratified-easy-brand8,budget_ms=300,harvest_mode=7,future_harvest_mode=7,role_mode=deadline,spot_count=12,fuel_profile=generated,fixture=low-fuel-stratified-easy-brand8-overnight-seed-8340005,family=low-fuel-overnight,seed=8340005,lifetime=8,daily=35,servings=75,invalid=0,emergency=0,search_complete_days=5,search_deadline_days=0,combinations=3317,role_mask=0
===== stratified-easy-brand8 seed 8340005 rep6 =====
role_detail,fixture=low-fuel-stratified-easy-brand8-overnight-seed-8340005,rank=1,roles=PPPP,patrols=4,rollout=8/37/71,trace=7,8,8,8,6
role_detail,fixture=low-fuel-stratified-easy-brand8-overnight-seed-8340005,rank=2,roles=PPTP,patrols=3,rollout=8/37/60,trace=7,8,7,7,8
role_detail,fixture=low-fuel-stratified-easy-brand8-overnight-seed-8340005,rank=3,roles=PPPT,patrols=3,rollout=8/35/62,trace=7,8,6,7,7
result,version=224-attr,track=role-collapse,suite=stratified-easy-brand8,budget_ms=300,harvest_mode=7,future_harvest_mode=7,role_mode=deadline,spot_count=12,fuel_profile=generated,fixture=low-fuel-stratified-easy-brand8-overnight-seed-8340005,family=low-fuel-overnight,seed=8340005,lifetime=8,daily=35,servings=75,invalid=0,emergency=0,search_complete_days=5,search_deadline_days=0,combinations=3317,role_mask=0
===== stratified-easy-brand8 seed 8340005 rep7 =====
role_detail,fixture=low-fuel-stratified-easy-brand8-overnight-seed-8340005,rank=1,roles=PPPP,patrols=4,rollout=8/37/71,trace=7,8,8,8,6
role_detail,fixture=low-fuel-stratified-easy-brand8-overnight-seed-8340005,rank=2,roles=PPTP,patrols=3,rollout=8/37/60,trace=7,8,7,7,8
role_detail,fixture=low-fuel-stratified-easy-brand8-overnight-seed-8340005,rank=3,roles=PPPT,patrols=3,rollout=8/35/62,trace=7,8,6,7,7
result,version=224-attr,track=role-collapse,suite=stratified-easy-brand8,budget_ms=300,harvest_mode=7,future_harvest_mode=7,role_mode=deadline,spot_count=12,fuel_profile=generated,fixture=low-fuel-stratified-easy-brand8-overnight-seed-8340005,family=low-fuel-overnight,seed=8340005,lifetime=8,daily=35,servings=75,invalid=0,emergency=0,search_complete_days=5,search_deadline_days=0,combinations=3317,role_mask=0
===== stratified-easy-brand8 seed 8340005 rep8 =====
role_detail,fixture=low-fuel-stratified-easy-brand8-overnight-seed-8340005,rank=1,roles=PPPP,patrols=4,rollout=8/37/71,trace=7,8,8,8,6
role_detail,fixture=low-fuel-stratified-easy-brand8-overnight-seed-8340005,rank=2,roles=PPTP,patrols=3,rollout=8/37/60,trace=7,8,7,7,8
role_detail,fixture=low-fuel-stratified-easy-brand8-overnight-seed-8340005,rank=3,roles=PPPT,patrols=3,rollout=8/35/62,trace=7,8,6,7,7
result,version=224-attr,track=role-collapse,suite=stratified-easy-brand8,budget_ms=300,harvest_mode=7,future_harvest_mode=7,role_mode=deadline,spot_count=12,fuel_profile=generated,fixture=low-fuel-stratified-easy-brand8-overnight-seed-8340005,family=low-fuel-overnight,seed=8340005,lifetime=8,daily=35,servings=75,invalid=0,emergency=0,search_complete_days=5,search_deadline_days=0,combinations=3317,role_mask=0
===== stratified-easy seed 8400006 rep1 =====
role_detail,fixture=low-fuel-stratified-easy-balanced-seed-8400006,rank=1,roles=PTPP,patrols=3,rollout=6/30/67,trace=6,6,6,6,6
role_detail,fixture=low-fuel-stratified-easy-balanced-seed-8400006,rank=2,roles=PPTP,patrols=3,rollout=6/30/64,trace=6,6,6,6,6
role_detail,fixture=low-fuel-stratified-easy-balanced-seed-8400006,rank=3,roles=PPPP,patrols=4,rollout=6/29/57,trace=6,6,6,6,5
result,version=224-attr,track=role-collapse,suite=stratified-easy,budget_ms=300,harvest_mode=7,future_harvest_mode=7,role_mode=deadline,spot_count=12,fuel_profile=generated,fixture=low-fuel-stratified-easy-balanced-seed-8400006,family=low-fuel-balanced,seed=8400006,lifetime=6,daily=30,servings=55,invalid=0,emergency=0,search_complete_days=5,search_deadline_days=0,combinations=3075,role_mask=2
===== stratified-easy seed 8400006 rep2 =====
role_detail,fixture=low-fuel-stratified-easy-balanced-seed-8400006,rank=1,roles=PTPP,patrols=3,rollout=6/30/67,trace=6,6,6,6,6
role_detail,fixture=low-fuel-stratified-easy-balanced-seed-8400006,rank=2,roles=PPPP,patrols=4,rollout=6/30/59,trace=6,6,6,6,6
role_detail,fixture=low-fuel-stratified-easy-balanced-seed-8400006,rank=3,roles=PPTP,patrols=3,rollout=6/29/63,trace=5,6,6,6,6
result,version=224-attr,track=role-collapse,suite=stratified-easy,budget_ms=300,harvest_mode=7,future_harvest_mode=7,role_mode=deadline,spot_count=12,fuel_profile=generated,fixture=low-fuel-stratified-easy-balanced-seed-8400006,family=low-fuel-balanced,seed=8400006,lifetime=6,daily=30,servings=55,invalid=0,emergency=0,search_complete_days=5,search_deadline_days=0,combinations=3075,role_mask=2
===== stratified-easy seed 8400006 rep3 =====
role_detail,fixture=low-fuel-stratified-easy-balanced-seed-8400006,rank=1,roles=PTPP,patrols=3,rollout=6/30/67,trace=6,6,6,6,6
role_detail,fixture=low-fuel-stratified-easy-balanced-seed-8400006,rank=2,roles=PPPP,patrols=4,rollout=6/30/59,trace=6,6,6,6,6
role_detail,fixture=low-fuel-stratified-easy-balanced-seed-8400006,rank=3,roles=PPTP,patrols=3,rollout=6/29/64,trace=5,6,6,6,6
result,version=224-attr,track=role-collapse,suite=stratified-easy,budget_ms=300,harvest_mode=7,future_harvest_mode=7,role_mode=deadline,spot_count=12,fuel_profile=generated,fixture=low-fuel-stratified-easy-balanced-seed-8400006,family=low-fuel-balanced,seed=8400006,lifetime=6,daily=30,servings=55,invalid=0,emergency=0,search_complete_days=5,search_deadline_days=0,combinations=3075,role_mask=2
===== stratified-easy seed 8400006 rep4 =====
role_detail,fixture=low-fuel-stratified-easy-balanced-seed-8400006,rank=1,roles=PTPP,patrols=3,rollout=6/30/67,trace=6,6,6,6,6
role_detail,fixture=low-fuel-stratified-easy-balanced-seed-8400006,rank=2,roles=PPTP,patrols=3,rollout=6/30/63,trace=6,6,6,6,6
role_detail,fixture=low-fuel-stratified-easy-balanced-seed-8400006,rank=3,roles=PPPP,patrols=4,rollout=6/29/57,trace=6,6,6,6,5
result,version=224-attr,track=role-collapse,suite=stratified-easy,budget_ms=300,harvest_mode=7,future_harvest_mode=7,role_mode=deadline,spot_count=12,fuel_profile=generated,fixture=low-fuel-stratified-easy-balanced-seed-8400006,family=low-fuel-balanced,seed=8400006,lifetime=6,daily=30,servings=55,invalid=0,emergency=0,search_complete_days=5,search_deadline_days=0,combinations=3075,role_mask=2
===== stratified-easy seed 8400006 rep5 =====
role_detail,fixture=low-fuel-stratified-easy-balanced-seed-8400006,rank=1,roles=PTPP,patrols=3,rollout=6/30/67,trace=6,6,6,6,6
role_detail,fixture=low-fuel-stratified-easy-balanced-seed-8400006,rank=2,roles=PPTP,patrols=3,rollout=6/29/64,trace=5,6,6,6,6
role_detail,fixture=low-fuel-stratified-easy-balanced-seed-8400006,rank=3,roles=PPPP,patrols=4,rollout=6/29/57,trace=6,6,6,6,5
result,version=224-attr,track=role-collapse,suite=stratified-easy,budget_ms=300,harvest_mode=7,future_harvest_mode=7,role_mode=deadline,spot_count=12,fuel_profile=generated,fixture=low-fuel-stratified-easy-balanced-seed-8400006,family=low-fuel-balanced,seed=8400006,lifetime=6,daily=30,servings=55,invalid=0,emergency=0,search_complete_days=5,search_deadline_days=0,combinations=3075,role_mask=2
===== stratified-easy seed 8400006 rep6 =====
role_detail,fixture=low-fuel-stratified-easy-balanced-seed-8400006,rank=1,roles=PTPP,patrols=3,rollout=6/30/67,trace=6,6,6,6,6
role_detail,fixture=low-fuel-stratified-easy-balanced-seed-8400006,rank=2,roles=PPPP,patrols=4,rollout=6/30/59,trace=6,6,6,6,6
role_detail,fixture=low-fuel-stratified-easy-balanced-seed-8400006,rank=3,roles=PPTP,patrols=3,rollout=6/29/63,trace=5,6,6,6,6
result,version=224-attr,track=role-collapse,suite=stratified-easy,budget_ms=300,harvest_mode=7,future_harvest_mode=7,role_mode=deadline,spot_count=12,fuel_profile=generated,fixture=low-fuel-stratified-easy-balanced-seed-8400006,family=low-fuel-balanced,seed=8400006,lifetime=6,daily=30,servings=55,invalid=0,emergency=0,search_complete_days=5,search_deadline_days=0,combinations=3075,role_mask=2
===== stratified-easy seed 8400006 rep7 =====
role_detail,fixture=low-fuel-stratified-easy-balanced-seed-8400006,rank=1,roles=PPPT,patrols=3,rollout=6/30/62,trace=6,6,6,6,6
role_detail,fixture=low-fuel-stratified-easy-balanced-seed-8400006,rank=2,roles=PPPP,patrols=4,rollout=6/30/59,trace=6,6,6,6,6
role_detail,fixture=low-fuel-stratified-easy-balanced-seed-8400006,rank=3,roles=PPTP,patrols=3,rollout=6/29/63,trace=5,6,6,6,6
result,version=224-attr,track=role-collapse,suite=stratified-easy,budget_ms=300,harvest_mode=7,future_harvest_mode=7,role_mode=deadline,spot_count=12,fuel_profile=generated,fixture=low-fuel-stratified-easy-balanced-seed-8400006,family=low-fuel-balanced,seed=8400006,lifetime=6,daily=28,servings=47,invalid=0,emergency=0,search_complete_days=5,search_deadline_days=0,combinations=2858,role_mask=8
===== stratified-easy seed 8400006 rep8 =====
role_detail,fixture=low-fuel-stratified-easy-balanced-seed-8400006,rank=1,roles=PTPP,patrols=3,rollout=6/30/67,trace=6,6,6,6,6
role_detail,fixture=low-fuel-stratified-easy-balanced-seed-8400006,rank=2,roles=PPTP,patrols=3,rollout=6/30/64,trace=6,6,6,6,6
role_detail,fixture=low-fuel-stratified-easy-balanced-seed-8400006,rank=3,roles=PPPP,patrols=4,rollout=6/29/57,trace=6,6,6,6,5
result,version=224-attr,track=role-collapse,suite=stratified-easy,budget_ms=300,harvest_mode=7,future_harvest_mode=7,role_mode=deadline,spot_count=12,fuel_profile=generated,fixture=low-fuel-stratified-easy-balanced-seed-8400006,family=low-fuel-balanced,seed=8400006,lifetime=6,daily=30,servings=55,invalid=0,emergency=0,search_complete_days=5,search_deadline_days=0,combinations=3075,role_mask=2
===== stratified-easy seed 7300012 rep1 =====
role_detail,fixture=stratified-easy-high-stock-seed-7300012,rank=1,roles=PPTP,patrols=3,rollout=6/30/65,trace=6,6,6,6,6
role_detail,fixture=stratified-easy-high-stock-seed-7300012,rank=2,roles=PPPP,patrols=4,rollout=6/29/89,trace=6,6,5,6,6
role_detail,fixture=stratified-easy-high-stock-seed-7300012,rank=3,roles=PTPP,patrols=3,rollout=6/29/64,trace=6,5,6,6,6
result,version=224-attr,track=role-collapse,suite=stratified-easy,budget_ms=300,harvest_mode=7,future_harvest_mode=7,role_mode=deadline,spot_count=12,fuel_profile=generated,fixture=stratified-easy-high-stock-seed-7300012,family=high-stock,seed=7300012,lifetime=6,daily=30,servings=50,invalid=0,emergency=0,search_complete_days=5,search_deadline_days=0,combinations=2925,role_mask=4
===== stratified-easy seed 7300012 rep2 =====
role_detail,fixture=stratified-easy-high-stock-seed-7300012,rank=1,roles=PPTP,patrols=3,rollout=6/30/65,trace=6,6,6,6,6
role_detail,fixture=stratified-easy-high-stock-seed-7300012,rank=2,roles=PPPP,patrols=4,rollout=6/29/89,trace=6,6,5,6,6
role_detail,fixture=stratified-easy-high-stock-seed-7300012,rank=3,roles=PTPP,patrols=3,rollout=6/29/64,trace=6,5,6,6,6
result,version=224-attr,track=role-collapse,suite=stratified-easy,budget_ms=300,harvest_mode=7,future_harvest_mode=7,role_mode=deadline,spot_count=12,fuel_profile=generated,fixture=stratified-easy-high-stock-seed-7300012,family=high-stock,seed=7300012,lifetime=6,daily=30,servings=50,invalid=0,emergency=0,search_complete_days=5,search_deadline_days=0,combinations=2925,role_mask=4
===== stratified-easy seed 7300012 rep3 =====
role_detail,fixture=stratified-easy-high-stock-seed-7300012,rank=1,roles=PPTP,patrols=3,rollout=6/30/65,trace=6,6,6,6,6
role_detail,fixture=stratified-easy-high-stock-seed-7300012,rank=2,roles=PPPP,patrols=4,rollout=6/29/89,trace=6,6,5,6,6
role_detail,fixture=stratified-easy-high-stock-seed-7300012,rank=3,roles=PTPP,patrols=3,rollout=6/29/64,trace=6,5,6,6,6
result,version=224-attr,track=role-collapse,suite=stratified-easy,budget_ms=300,harvest_mode=7,future_harvest_mode=7,role_mode=deadline,spot_count=12,fuel_profile=generated,fixture=stratified-easy-high-stock-seed-7300012,family=high-stock,seed=7300012,lifetime=6,daily=30,servings=50,invalid=0,emergency=0,search_complete_days=5,search_deadline_days=0,combinations=2925,role_mask=4
===== stratified-easy seed 7300012 rep4 =====
role_detail,fixture=stratified-easy-high-stock-seed-7300012,rank=1,roles=PPPP,patrols=4,rollout=6/30/90,trace=6,6,6,6,6
role_detail,fixture=stratified-easy-high-stock-seed-7300012,rank=2,roles=PPTP,patrols=3,rollout=6/30/65,trace=6,6,6,6,6
role_detail,fixture=stratified-easy-high-stock-seed-7300012,rank=3,roles=PTPP,patrols=3,rollout=6/29/64,trace=6,5,6,6,6
result,version=224-attr,track=role-collapse,suite=stratified-easy,budget_ms=300,harvest_mode=7,future_harvest_mode=7,role_mode=deadline,spot_count=12,fuel_profile=generated,fixture=stratified-easy-high-stock-seed-7300012,family=high-stock,seed=7300012,lifetime=6,daily=30,servings=74,invalid=0,emergency=0,search_complete_days=5,search_deadline_days=0,combinations=3498,role_mask=0
===== stratified-easy seed 7300012 rep5 =====
role_detail,fixture=stratified-easy-high-stock-seed-7300012,rank=1,roles=PPTP,patrols=3,rollout=6/30/65,trace=6,6,6,6,6
role_detail,fixture=stratified-easy-high-stock-seed-7300012,rank=2,roles=PPPP,patrols=4,rollout=6/29/89,trace=6,6,5,6,6
role_detail,fixture=stratified-easy-high-stock-seed-7300012,rank=3,roles=PTPP,patrols=3,rollout=6/29/64,trace=6,5,6,6,6
result,version=224-attr,track=role-collapse,suite=stratified-easy,budget_ms=300,harvest_mode=7,future_harvest_mode=7,role_mode=deadline,spot_count=12,fuel_profile=generated,fixture=stratified-easy-high-stock-seed-7300012,family=high-stock,seed=7300012,lifetime=6,daily=30,servings=50,invalid=0,emergency=0,search_complete_days=5,search_deadline_days=0,combinations=2925,role_mask=4
===== stratified-easy seed 7300012 rep6 =====
role_detail,fixture=stratified-easy-high-stock-seed-7300012,rank=1,roles=PPPP,patrols=4,rollout=6/30/90,trace=6,6,6,6,6
role_detail,fixture=stratified-easy-high-stock-seed-7300012,rank=2,roles=PPTP,patrols=3,rollout=6/30/65,trace=6,6,6,6,6
role_detail,fixture=stratified-easy-high-stock-seed-7300012,rank=3,roles=PTPP,patrols=3,rollout=6/29/64,trace=6,5,6,6,6
result,version=224-attr,track=role-collapse,suite=stratified-easy,budget_ms=300,harvest_mode=7,future_harvest_mode=7,role_mode=deadline,spot_count=12,fuel_profile=generated,fixture=stratified-easy-high-stock-seed-7300012,family=high-stock,seed=7300012,lifetime=6,daily=30,servings=74,invalid=0,emergency=0,search_complete_days=5,search_deadline_days=0,combinations=3498,role_mask=0
===== stratified-easy seed 7300012 rep7 =====
role_detail,fixture=stratified-easy-high-stock-seed-7300012,rank=1,roles=PPPP,patrols=4,rollout=6/30/90,trace=6,6,6,6,6
role_detail,fixture=stratified-easy-high-stock-seed-7300012,rank=2,roles=PPTP,patrols=3,rollout=6/30/65,trace=6,6,6,6,6
role_detail,fixture=stratified-easy-high-stock-seed-7300012,rank=3,roles=PTPP,patrols=3,rollout=6/29/64,trace=6,5,6,6,6
result,version=224-attr,track=role-collapse,suite=stratified-easy,budget_ms=300,harvest_mode=7,future_harvest_mode=7,role_mode=deadline,spot_count=12,fuel_profile=generated,fixture=stratified-easy-high-stock-seed-7300012,family=high-stock,seed=7300012,lifetime=6,daily=30,servings=74,invalid=0,emergency=0,search_complete_days=5,search_deadline_days=0,combinations=3498,role_mask=0
===== stratified-easy seed 7300012 rep8 =====
role_detail,fixture=stratified-easy-high-stock-seed-7300012,rank=1,roles=PPTP,patrols=3,rollout=6/30/65,trace=6,6,6,6,6
role_detail,fixture=stratified-easy-high-stock-seed-7300012,rank=2,roles=PPPP,patrols=4,rollout=6/29/89,trace=6,6,5,6,6
role_detail,fixture=stratified-easy-high-stock-seed-7300012,rank=3,roles=PTPP,patrols=3,rollout=6/29/64,trace=6,5,6,6,6
result,version=224-attr,track=role-collapse,suite=stratified-easy,budget_ms=300,harvest_mode=7,future_harvest_mode=7,role_mode=deadline,spot_count=12,fuel_profile=generated,fixture=stratified-easy-high-stock-seed-7300012,family=high-stock,seed=7300012,lifetime=6,daily=30,servings=50,invalid=0,emergency=0,search_complete_days=5,search_deadline_days=0,combinations=2925,role_mask=4
===== stratified-easy-brand8 seed 7340002 rep1 =====
role_detail,fixture=high-fuel-stratified-easy-brand8-high-stock-seed-7340002,rank=1,roles=PPPP,patrols=4,rollout=8/36/84,trace=8,7,7,7,7
role_detail,fixture=high-fuel-stratified-easy-brand8-high-stock-seed-7340002,rank=2,roles=PTPP,patrols=3,rollout=8/36/67,trace=8,7,7,7,7
role_detail,fixture=high-fuel-stratified-easy-brand8-high-stock-seed-7340002,rank=3,roles=PPPT,patrols=3,rollout=8/33/65,trace=8,7,6,6,6
result,version=224-attr,track=role-collapse,suite=stratified-easy-brand8,budget_ms=300,harvest_mode=7,future_harvest_mode=7,role_mode=deadline,spot_count=12,fuel_profile=generated,fixture=high-fuel-stratified-easy-brand8-high-stock-seed-7340002,family=high-fuel-high-stock,seed=7340002,lifetime=8,daily=39,servings=75,invalid=0,emergency=0,search_complete_days=5,search_deadline_days=0,combinations=3891,role_mask=0
===== stratified-easy-brand8 seed 7340002 rep2 =====
role_detail,fixture=high-fuel-stratified-easy-brand8-high-stock-seed-7340002,rank=1,roles=PPPP,patrols=4,rollout=8/36/84,trace=8,7,7,7,7
role_detail,fixture=high-fuel-stratified-easy-brand8-high-stock-seed-7340002,rank=2,roles=PTPP,patrols=3,rollout=8/34/63,trace=8,7,6,6,7
role_detail,fixture=high-fuel-stratified-easy-brand8-high-stock-seed-7340002,rank=3,roles=PPPT,patrols=3,rollout=8/33/65,trace=8,7,6,6,6
result,version=224-attr,track=role-collapse,suite=stratified-easy-brand8,budget_ms=300,harvest_mode=7,future_harvest_mode=7,role_mode=deadline,spot_count=12,fuel_profile=generated,fixture=high-fuel-stratified-easy-brand8-high-stock-seed-7340002,family=high-fuel-high-stock,seed=7340002,lifetime=8,daily=39,servings=75,invalid=0,emergency=0,search_complete_days=5,search_deadline_days=0,combinations=3891,role_mask=0
===== stratified-easy-brand8 seed 7340002 rep3 =====
role_detail,fixture=high-fuel-stratified-easy-brand8-high-stock-seed-7340002,rank=1,roles=PPPP,patrols=4,rollout=8/36/84,trace=8,7,7,7,7
role_detail,fixture=high-fuel-stratified-easy-brand8-high-stock-seed-7340002,rank=2,roles=PTPP,patrols=3,rollout=8/34/63,trace=8,7,6,6,7
role_detail,fixture=high-fuel-stratified-easy-brand8-high-stock-seed-7340002,rank=3,roles=PPPT,patrols=3,rollout=8/33/65,trace=8,7,6,6,6
result,version=224-attr,track=role-collapse,suite=stratified-easy-brand8,budget_ms=300,harvest_mode=7,future_harvest_mode=7,role_mode=deadline,spot_count=12,fuel_profile=generated,fixture=high-fuel-stratified-easy-brand8-high-stock-seed-7340002,family=high-fuel-high-stock,seed=7340002,lifetime=8,daily=39,servings=75,invalid=0,emergency=0,search_complete_days=5,search_deadline_days=0,combinations=3891,role_mask=0
===== stratified-easy-brand8 seed 7340002 rep4 =====
role_detail,fixture=high-fuel-stratified-easy-brand8-high-stock-seed-7340002,rank=1,roles=PPPP,patrols=4,rollout=8/36/84,trace=8,7,7,7,7
role_detail,fixture=high-fuel-stratified-easy-brand8-high-stock-seed-7340002,rank=2,roles=PTPP,patrols=3,rollout=8/34/63,trace=8,7,6,6,7
role_detail,fixture=high-fuel-stratified-easy-brand8-high-stock-seed-7340002,rank=3,roles=PPPT,patrols=3,rollout=8/33/65,trace=8,7,6,6,6
result,version=224-attr,track=role-collapse,suite=stratified-easy-brand8,budget_ms=300,harvest_mode=7,future_harvest_mode=7,role_mode=deadline,spot_count=12,fuel_profile=generated,fixture=high-fuel-stratified-easy-brand8-high-stock-seed-7340002,family=high-fuel-high-stock,seed=7340002,lifetime=8,daily=39,servings=75,invalid=0,emergency=0,search_complete_days=5,search_deadline_days=0,combinations=3891,role_mask=0
===== stratified-easy-brand8 seed 7340002 rep5 =====
role_detail,fixture=high-fuel-stratified-easy-brand8-high-stock-seed-7340002,rank=1,roles=PPPP,patrols=4,rollout=8/36/84,trace=8,7,7,7,7
role_detail,fixture=high-fuel-stratified-easy-brand8-high-stock-seed-7340002,rank=2,roles=PTPP,patrols=3,rollout=8/34/63,trace=8,7,6,6,7
role_detail,fixture=high-fuel-stratified-easy-brand8-high-stock-seed-7340002,rank=3,roles=PPPT,patrols=3,rollout=8/33/65,trace=8,7,6,6,6
result,version=224-attr,track=role-collapse,suite=stratified-easy-brand8,budget_ms=300,harvest_mode=7,future_harvest_mode=7,role_mode=deadline,spot_count=12,fuel_profile=generated,fixture=high-fuel-stratified-easy-brand8-high-stock-seed-7340002,family=high-fuel-high-stock,seed=7340002,lifetime=8,daily=39,servings=75,invalid=0,emergency=0,search_complete_days=5,search_deadline_days=0,combinations=3891,role_mask=0
===== stratified-easy-brand8 seed 7340002 rep6 =====
role_detail,fixture=high-fuel-stratified-easy-brand8-high-stock-seed-7340002,rank=1,roles=PPPP,patrols=4,rollout=8/36/84,trace=8,7,7,7,7
role_detail,fixture=high-fuel-stratified-easy-brand8-high-stock-seed-7340002,rank=2,roles=PTPP,patrols=3,rollout=8/34/63,trace=8,7,6,6,7
role_detail,fixture=high-fuel-stratified-easy-brand8-high-stock-seed-7340002,rank=3,roles=PPPT,patrols=3,rollout=8/33/65,trace=8,7,6,6,6
result,version=224-attr,track=role-collapse,suite=stratified-easy-brand8,budget_ms=300,harvest_mode=7,future_harvest_mode=7,role_mode=deadline,spot_count=12,fuel_profile=generated,fixture=high-fuel-stratified-easy-brand8-high-stock-seed-7340002,family=high-fuel-high-stock,seed=7340002,lifetime=8,daily=39,servings=75,invalid=0,emergency=0,search_complete_days=5,search_deadline_days=0,combinations=3891,role_mask=0
===== stratified-easy-brand8 seed 7340002 rep7 =====
role_detail,fixture=high-fuel-stratified-easy-brand8-high-stock-seed-7340002,rank=1,roles=PPPP,patrols=4,rollout=8/36/84,trace=8,7,7,7,7
role_detail,fixture=high-fuel-stratified-easy-brand8-high-stock-seed-7340002,rank=2,roles=PTPP,patrols=3,rollout=8/34/63,trace=8,7,6,6,7
role_detail,fixture=high-fuel-stratified-easy-brand8-high-stock-seed-7340002,rank=3,roles=PPPT,patrols=3,rollout=8/33/65,trace=8,7,6,6,6
result,version=224-attr,track=role-collapse,suite=stratified-easy-brand8,budget_ms=300,harvest_mode=7,future_harvest_mode=7,role_mode=deadline,spot_count=12,fuel_profile=generated,fixture=high-fuel-stratified-easy-brand8-high-stock-seed-7340002,family=high-fuel-high-stock,seed=7340002,lifetime=8,daily=39,servings=75,invalid=0,emergency=0,search_complete_days=5,search_deadline_days=0,combinations=3891,role_mask=0
===== stratified-easy-brand8 seed 7340002 rep8 =====
role_detail,fixture=high-fuel-stratified-easy-brand8-high-stock-seed-7340002,rank=1,roles=PPPP,patrols=4,rollout=8/36/84,trace=8,7,7,7,7
role_detail,fixture=high-fuel-stratified-easy-brand8-high-stock-seed-7340002,rank=2,roles=PTPP,patrols=3,rollout=8/34/63,trace=8,7,6,6,7
role_detail,fixture=high-fuel-stratified-easy-brand8-high-stock-seed-7340002,rank=3,roles=PPPT,patrols=3,rollout=8/33/65,trace=8,7,6,6,6
result,version=224-attr,track=role-collapse,suite=stratified-easy-brand8,budget_ms=300,harvest_mode=7,future_harvest_mode=7,role_mode=deadline,spot_count=12,fuel_profile=generated,fixture=high-fuel-stratified-easy-brand8-high-stock-seed-7340002,family=high-fuel-high-stock,seed=7340002,lifetime=8,daily=39,servings=75,invalid=0,emergency=0,search_complete_days=5,search_deadline_days=0,combinations=3891,role_mask=0
===== stratified-easy-brand8 seed 7340003 rep1 =====
role_detail,fixture=high-fuel-stratified-easy-brand8-overnight-seed-7340003,rank=1,roles=PPPP,patrols=4,rollout=8/37/90,trace=8,7,7,8,7
role_detail,fixture=high-fuel-stratified-easy-brand8-overnight-seed-7340003,rank=2,roles=PTPP,patrols=3,rollout=8/36/70,trace=8,7,7,7,7
role_detail,fixture=high-fuel-stratified-easy-brand8-overnight-seed-7340003,rank=3,roles=PPTP,patrols=3,rollout=8/36/68,trace=8,7,7,7,7
result,version=224-attr,track=role-collapse,suite=stratified-easy-brand8,budget_ms=300,harvest_mode=7,future_harvest_mode=7,role_mode=deadline,spot_count=12,fuel_profile=generated,fixture=high-fuel-stratified-easy-brand8-overnight-seed-7340003,family=high-fuel-overnight,seed=7340003,lifetime=8,daily=39,servings=73,invalid=0,emergency=0,search_complete_days=5,search_deadline_days=0,combinations=4289,role_mask=0
===== stratified-easy-brand8 seed 7340003 rep2 =====
role_detail,fixture=high-fuel-stratified-easy-brand8-overnight-seed-7340003,rank=1,roles=PPPP,patrols=4,rollout=8/37/90,trace=8,7,7,8,7
role_detail,fixture=high-fuel-stratified-easy-brand8-overnight-seed-7340003,rank=2,roles=PTPP,patrols=3,rollout=8/36/70,trace=8,7,7,7,7
role_detail,fixture=high-fuel-stratified-easy-brand8-overnight-seed-7340003,rank=3,roles=PPTP,patrols=3,rollout=8/36/68,trace=8,7,7,7,7
result,version=224-attr,track=role-collapse,suite=stratified-easy-brand8,budget_ms=300,harvest_mode=7,future_harvest_mode=7,role_mode=deadline,spot_count=12,fuel_profile=generated,fixture=high-fuel-stratified-easy-brand8-overnight-seed-7340003,family=high-fuel-overnight,seed=7340003,lifetime=8,daily=39,servings=73,invalid=0,emergency=0,search_complete_days=5,search_deadline_days=0,combinations=4289,role_mask=0
===== stratified-easy-brand8 seed 7340003 rep3 =====
role_detail,fixture=high-fuel-stratified-easy-brand8-overnight-seed-7340003,rank=1,roles=PPPP,patrols=4,rollout=8/37/90,trace=8,7,7,8,7
role_detail,fixture=high-fuel-stratified-easy-brand8-overnight-seed-7340003,rank=2,roles=PTPP,patrols=3,rollout=8/36/70,trace=8,7,7,7,7
role_detail,fixture=high-fuel-stratified-easy-brand8-overnight-seed-7340003,rank=3,roles=PPTP,patrols=3,rollout=8/36/68,trace=8,7,7,7,7
result,version=224-attr,track=role-collapse,suite=stratified-easy-brand8,budget_ms=300,harvest_mode=7,future_harvest_mode=7,role_mode=deadline,spot_count=12,fuel_profile=generated,fixture=high-fuel-stratified-easy-brand8-overnight-seed-7340003,family=high-fuel-overnight,seed=7340003,lifetime=8,daily=39,servings=73,invalid=0,emergency=0,search_complete_days=5,search_deadline_days=0,combinations=4289,role_mask=0
===== stratified-easy-brand8 seed 7340003 rep4 =====
role_detail,fixture=high-fuel-stratified-easy-brand8-overnight-seed-7340003,rank=1,roles=PPPP,patrols=4,rollout=8/37/90,trace=8,7,7,8,7
role_detail,fixture=high-fuel-stratified-easy-brand8-overnight-seed-7340003,rank=2,roles=PTPP,patrols=3,rollout=8/36/70,trace=8,7,7,7,7
role_detail,fixture=high-fuel-stratified-easy-brand8-overnight-seed-7340003,rank=3,roles=PPTP,patrols=3,rollout=8/36/68,trace=8,7,7,7,7
result,version=224-attr,track=role-collapse,suite=stratified-easy-brand8,budget_ms=300,harvest_mode=7,future_harvest_mode=7,role_mode=deadline,spot_count=12,fuel_profile=generated,fixture=high-fuel-stratified-easy-brand8-overnight-seed-7340003,family=high-fuel-overnight,seed=7340003,lifetime=8,daily=39,servings=73,invalid=0,emergency=0,search_complete_days=5,search_deadline_days=0,combinations=4289,role_mask=0
===== stratified-easy-brand8 seed 7340003 rep5 =====
role_detail,fixture=high-fuel-stratified-easy-brand8-overnight-seed-7340003,rank=1,roles=PPPP,patrols=4,rollout=8/37/90,trace=8,7,7,8,7
role_detail,fixture=high-fuel-stratified-easy-brand8-overnight-seed-7340003,rank=2,roles=PTPP,patrols=3,rollout=8/36/70,trace=8,7,7,7,7
role_detail,fixture=high-fuel-stratified-easy-brand8-overnight-seed-7340003,rank=3,roles=PPTP,patrols=3,rollout=8/36/69,trace=8,7,7,7,7
result,version=224-attr,track=role-collapse,suite=stratified-easy-brand8,budget_ms=300,harvest_mode=7,future_harvest_mode=7,role_mode=deadline,spot_count=12,fuel_profile=generated,fixture=high-fuel-stratified-easy-brand8-overnight-seed-7340003,family=high-fuel-overnight,seed=7340003,lifetime=8,daily=39,servings=73,invalid=0,emergency=0,search_complete_days=5,search_deadline_days=0,combinations=4289,role_mask=0
===== stratified-easy-brand8 seed 7340003 rep6 =====
role_detail,fixture=high-fuel-stratified-easy-brand8-overnight-seed-7340003,rank=1,roles=PPPP,patrols=4,rollout=8/37/90,trace=8,7,7,8,7
role_detail,fixture=high-fuel-stratified-easy-brand8-overnight-seed-7340003,rank=2,roles=PTPP,patrols=3,rollout=8/36/70,trace=8,7,7,7,7
role_detail,fixture=high-fuel-stratified-easy-brand8-overnight-seed-7340003,rank=3,roles=PPTP,patrols=3,rollout=8/36/68,trace=8,7,7,7,7
result,version=224-attr,track=role-collapse,suite=stratified-easy-brand8,budget_ms=300,harvest_mode=7,future_harvest_mode=7,role_mode=deadline,spot_count=12,fuel_profile=generated,fixture=high-fuel-stratified-easy-brand8-overnight-seed-7340003,family=high-fuel-overnight,seed=7340003,lifetime=8,daily=39,servings=73,invalid=0,emergency=0,search_complete_days=5,search_deadline_days=0,combinations=4289,role_mask=0
===== stratified-easy-brand8 seed 7340003 rep7 =====
role_detail,fixture=high-fuel-stratified-easy-brand8-overnight-seed-7340003,rank=1,roles=PPPP,patrols=4,rollout=8/37/90,trace=8,7,7,8,7
role_detail,fixture=high-fuel-stratified-easy-brand8-overnight-seed-7340003,rank=2,roles=PTPP,patrols=3,rollout=8/36/70,trace=8,7,7,7,7
role_detail,fixture=high-fuel-stratified-easy-brand8-overnight-seed-7340003,rank=3,roles=PPTP,patrols=3,rollout=8/36/68,trace=8,7,7,7,7
result,version=224-attr,track=role-collapse,suite=stratified-easy-brand8,budget_ms=300,harvest_mode=7,future_harvest_mode=7,role_mode=deadline,spot_count=12,fuel_profile=generated,fixture=high-fuel-stratified-easy-brand8-overnight-seed-7340003,family=high-fuel-overnight,seed=7340003,lifetime=8,daily=39,servings=73,invalid=0,emergency=0,search_complete_days=5,search_deadline_days=0,combinations=4289,role_mask=0
===== stratified-easy-brand8 seed 7340003 rep8 =====
role_detail,fixture=high-fuel-stratified-easy-brand8-overnight-seed-7340003,rank=1,roles=PPPP,patrols=4,rollout=8/37/90,trace=8,7,7,8,7
role_detail,fixture=high-fuel-stratified-easy-brand8-overnight-seed-7340003,rank=2,roles=PTPP,patrols=3,rollout=8/36/70,trace=8,7,7,7,7
role_detail,fixture=high-fuel-stratified-easy-brand8-overnight-seed-7340003,rank=3,roles=PPTP,patrols=3,rollout=8/36/69,trace=8,7,7,7,7
result,version=224-attr,track=role-collapse,suite=stratified-easy-brand8,budget_ms=300,harvest_mode=7,future_harvest_mode=7,role_mode=deadline,spot_count=12,fuel_profile=generated,fixture=high-fuel-stratified-easy-brand8-overnight-seed-7340003,family=high-fuel-overnight,seed=7340003,lifetime=8,daily=39,servings=73,invalid=0,emergency=0,search_complete_days=5,search_deadline_days=0,combinations=4289,role_mask=0
