case_begin day=1 started=2026-08-31T13:26:33.9162080+00:00
ledger_before=0/0/0
day_score=7/7/36
score_after=7/7/36
agent=0 kind=patrol claims=7 served=7 path_steps=96 raw_path_fuel=43 initial_fuel=192 spots=5:5,2:2,3:3,15:1,12:5,14:0,13:6 terminal=251:149
agent=1 kind=patrol claims=7 served=7 path_steps=96 raw_path_fuel=60 initial_fuel=192 spots=13:6,3:3,5:5,15:1,12:5,10:3,11:4 terminal=146:184
agent=2 kind=patrol claims=7 served=7 path_steps=96 raw_path_fuel=58 initial_fuel=192 spots=13:6,3:3,5:5,15:1,12:5,10:3,11:4 terminal=146:184
agent=3 kind=tanker claims=0 served=0 path_steps=96 raw_path_fuel=11 initial_fuel=192 spots= terminal=33:192
agent=4 kind=patrol claims=8 served=8 path_steps=96 raw_path_fuel=61 initial_fuel=192 spots=2:2,5:5,13:6,3:3,10:3,11:4,15:1,14:0 terminal=230:177
agent=5 kind=patrol claims=7 served=7 path_steps=96 raw_path_fuel=65 initial_fuel=192 spots=5:5,15:1,12:5,10:3,9:2,4:4,6:6 terminal=143:158
spot=2 brand=2 cell=104 stock=2 served=2 denied=0 agents=4S,0S
spot=3 brand=3 cell=134 stock=4 served=4 denied=0 agents=2S,1S,0S,4S
spot=4 brand=4 cell=138 stock=1 served=1 denied=0 agents=5S
spot=5 brand=5 cell=52 stock=6 served=5 denied=0 agents=5S,0S,4S,2S,1S
spot=6 brand=6 cell=143 stock=1 served=1 denied=0 agents=5S
spot=9 brand=2 cell=6 stock=1 served=1 denied=0 agents=5S
spot=10 brand=3 cell=33 stock=6 served=4 denied=0 agents=5S,4S,2S,1S
spot=11 brand=4 cell=146 stock=3 served=3 denied=0 agents=4S,2S,1S
spot=12 brand=5 cell=242 stock=4 served=4 denied=0 agents=5S,0S,2S,1S
spot=13 brand=6 cell=251 stock=6 served=4 denied=0 agents=2S,1S,4S,0S
spot=14 brand=0 cell=230 stock=3 served=2 denied=0 agents=0S,4S
spot=15 brand=1 cell=180 stock=6 served=5 denied=0 agents=5S,0S,2S,1S,4S
sparse_agent=0 cap=1250000 settled=1250000 labels=1261974 emitted_masks=1462 protected_masks=435 retained=59 valid=59 best=7/7/39 mask=0xEFAE protected=7/7/36 protected_mask=0x0
sparse_agent=1 cap=1250000 settled=1250000 labels=1263498 emitted_masks=1204 protected_masks=377 retained=64 valid=64 best=7/7/39 mask=0xEFBE protected=7/7/36 protected_mask=0x0
sparse_agent=2 cap=1250000 settled=1250000 labels=1261011 emitted_masks=938 protected_masks=270 retained=64 valid=64 best=7/7/39 mask=0xEFBE protected=7/7/36 protected_mask=0x0
sparse_agent=4 cap=1250000 settled=1250000 labels=1261273 emitted_masks=1273 protected_masks=424 retained=53 valid=53 best=7/7/39 mask=0xEFAE protected=7/7/36 protected_mask=0x0
sparse_agent=5 cap=1250000 settled=1250000 labels=1258191 emitted_masks=1071 protected_masks=365 retained=61 valid=61 best=7/7/41 mask=0xF7F6 protected=7/7/36 protected_mask=0x0
sparse_global_best=7/7/41 baseline=7/7/36 agent=5 mask=0xF7F6
sparse_protected_best=7/7/36 baseline=7/7/36 agent=-1 mask=0x0
sparse_best_plan=[[0,5,5,0,5,5,5,2,2,2,3,3,3,5,4,4,4,5,4,4,4,4,4,4,2,2,2,1,2,2,2,2,2,3,-37],[3,4,3,3,3,0,5,0,0,0,0,0,0,0,0,0,0,0,3,3,4,4,4,3,3,4,4,4,4,4,1,1,0,1,1,1,0,0,0,0,0,0,1,3,3,3,3,4,4,4,-6],[4,4,4,0,5,0,0,0,0,0,0,0,0,0,0,0,3,3,4,4,4,3,3,4,4,4,4,4,1,1,0,1,1,1,0,0,0,0,0,0,1,3,3,3,3,4,4,4,-8],[0,5,0,0,5,5,5,5,5,-80],[0,5,0,0,0,5,5,2,3,3,3,3,3,3,3,3,3,3,3,3,0,5,0,0,0,0,0,0,0,0,0,0,0,0,5,5,3,3,3,3,4,4,4,2,3,3,3,3,3,2,-7],[5,5,0,5,5,1,1,2,2,2,2,2,2,3,5,4,4,3,3,3,3,3,2,3,2,2,2,2,1,4,4,4,4,4,2,3,3,5,5,5,5,0,5,5,5,5,5,0,0,0,4,4,4,4]]
closed_loop=recorded-root day=1 score=7/7/36 daily=7/36 root=1 elapsed_ms=0
closed_loop=recorded-root day=2 score=7/14/74 daily=7/38 root=0 elapsed_ms=3376
closed_loop=recorded-root day=3 score=7/21/108 daily=7/34 root=0 elapsed_ms=3259
closed_loop=recorded-root day=4 score=7/28/142 daily=7/34 root=0 elapsed_ms=3015
closed_loop=recorded-root day=5 score=7/35/177 daily=7/35 root=0 elapsed_ms=3291
closed_loop=recorded-root day=6 score=7/42/212 daily=7/35 root=0 elapsed_ms=3074
closed_loop=recorded-root day=7 score=7/49/248 daily=7/36 root=0 elapsed_ms=2929
closed_loop=recorded-root day=8 score=7/56/286 daily=7/38 root=0 elapsed_ms=2858
closed_loop=recorded-root day=9 score=7/63/323 daily=7/37 root=0 elapsed_ms=1968
closed_loop_summary=recorded-root score=7/63/323
closed_loop=sparse-root day=1 score=7/7/41 daily=7/41 root=1 elapsed_ms=0
closed_loop=sparse-root day=2 score=7/14/78 daily=7/37 root=0 elapsed_ms=3376
closed_loop=sparse-root day=3 score=7/21/114 daily=7/36 root=0 elapsed_ms=3376
closed_loop=sparse-root day=4 score=7/28/153 daily=7/39 root=0 elapsed_ms=3376
closed_loop=sparse-root day=5 score=7/35/184 daily=7/31 root=0 elapsed_ms=3368
closed_loop=sparse-root day=6 score=7/42/219 daily=7/35 root=0 elapsed_ms=3104
closed_loop=sparse-root day=7 score=7/49/256 daily=7/37 root=0 elapsed_ms=2796
closed_loop=sparse-root day=8 score=7/56/294 daily=7/38 root=0 elapsed_ms=2772
closed_loop=sparse-root day=9 score=7/63/327 daily=7/33 root=0 elapsed_ms=1964
closed_loop_summary=sparse-root score=7/63/327
closed_loop_delta=0/0/4
case_complete day=1 exit=0
case_elapsed_ms day=1 value=53738

case_begin day=4 started=2026-08-31T13:27:27.6960650+00:00
ledger_before=7/21/111
day_score=7/7/38
score_after=7/28/149
agent=0 kind=patrol claims=7 served=7 path_steps=96 raw_path_fuel=40 initial_fuel=188 spots=12:5,13:6,3:3,5:5,10:3,9:2,8:1 terminal=25:174
agent=1 kind=patrol claims=8 served=8 path_steps=96 raw_path_fuel=60 initial_fuel=188 spots=14:0,13:6,3:3,5:5,15:1,12:5,10:3,11:4 terminal=146:150
agent=2 kind=patrol claims=8 served=8 path_steps=96 raw_path_fuel=52 initial_fuel=182 spots=11:4,5:5,10:3,3:3,13:6,1:1,7:0,2:2 terminal=104:158
agent=3 kind=tanker claims=0 served=0 path_steps=96 raw_path_fuel=5 initial_fuel=192 spots= terminal=134:192
agent=4 kind=patrol claims=8 served=6 path_steps=96 raw_path_fuel=61 initial_fuel=110 spots=0:0,13:6,3:3,5:5,15:1,12:5,11:4,2:2 terminal=104:155
agent=5 kind=patrol claims=9 served=9 path_steps=96 raw_path_fuel=67 initial_fuel=168 spots=4:4,13:6,3:3,5:5,15:1,12:5,14:0,2:2,8:1 terminal=25:146
spot=0 brand=0 cell=79 stock=6 served=1 denied=0 agents=4S
spot=1 brand=1 cell=221 stock=4 served=1 denied=0 agents=2S
spot=2 brand=2 cell=104 stock=2 served=2 denied=1 agents=2S,5S,4D
spot=3 brand=3 cell=134 stock=4 served=4 denied=1 agents=1S,5S,0S,2S,4D
spot=4 brand=4 cell=138 stock=1 served=1 denied=0 agents=5S
spot=5 brand=5 cell=52 stock=6 served=5 denied=0 agents=2S,1S,5S,0S,4S
spot=7 brand=0 cell=255 stock=6 served=1 denied=0 agents=2S
spot=8 brand=1 cell=25 stock=3 served=2 denied=0 agents=0S,5S
spot=9 brand=2 cell=6 stock=1 served=1 denied=0 agents=0S
spot=10 brand=3 cell=33 stock=6 served=3 denied=0 agents=2S,0S,1S
spot=11 brand=4 cell=146 stock=3 served=3 denied=0 agents=2S,4S,1S
spot=12 brand=5 cell=242 stock=4 served=4 denied=0 agents=0S,1S,5S,4S
spot=13 brand=6 cell=251 stock=6 served=5 denied=0 agents=1S,5S,0S,4S,2S
spot=14 brand=0 cell=230 stock=3 served=2 denied=0 agents=1S,5S
spot=15 brand=1 cell=180 stock=6 served=3 denied=0 agents=1S,5S,4S
sparse_agent=0 cap=1250000 settled=1250000 labels=1264668 emitted_masks=960 protected_masks=299 retained=63 valid=63 best=7/28/152 mask=0x9F7F protected=7/28/149 protected_mask=0x0
sparse_agent=1 cap=1250000 settled=1250000 labels=1263467 emitted_masks=972 protected_masks=403 retained=64 valid=64 best=7/28/151 mask=0xCF7F protected=7/28/149 protected_mask=0x0
sparse_agent=2 cap=1250000 settled=1250000 labels=1266760 emitted_masks=1126 protected_masks=585 retained=64 valid=64 best=7/28/152 mask=0xEFBE protected=7/28/149 protected_mask=0x0
sparse_agent=4 cap=1250000 settled=1250000 labels=1268256 emitted_masks=1246 protected_masks=607 retained=64 valid=64 best=7/28/153 mask=0xECFF protected=7/28/149 protected_mask=0x0
sparse_agent=5 cap=1250000 settled=1250000 labels=1266666 emitted_masks=1227 protected_masks=337 retained=63 valid=63 best=7/28/151 mask=0x8FFF protected=7/28/149 protected_mask=0x0
sparse_global_best=7/28/153 baseline=7/28/149 agent=4 mask=0xECFF
sparse_protected_best=7/28/149 baseline=7/28/149 agent=-1 mask=0x0
sparse_best_plan=[[-1,2,2,2,2,2,2,2,2,2,0,5,0,0,0,0,0,0,0,0,0,0,0,0,5,5,1,1,2,2,2,2,2,2,3,-33],[-1,2,2,2,2,3,0,5,0,0,0,0,0,0,0,0,0,0,0,3,3,4,4,4,3,3,4,4,4,4,4,1,1,0,1,1,1,0,0,0,0,0,0,1,3,3,3,3,4,4,4,-5],[-1,0,1,1,1,1,1,0,5,5,2,2,3,3,3,3,3,3,3,2,3,3,3,3,3,3,1,1,2,2,3,3,0,0,0,0,0,0,5,5,0,0,0,-19],[1,1,1,2,-89],[-1,4,3,4,3,4,5,5,5,0,5,5,0,0,5,4,4,0,0,0,0,0,0,5,5,3,3,3,3,4,4,4,2,3,3,3,3,2,3,2,2,2,2,3,1,1,2,2,3,3,-4],[-1,3,4,4,4,3,3,3,0,5,0,0,0,0,0,0,0,0,0,0,0,3,3,4,4,4,3,3,4,4,4,4,4,2,2,2,1,2,1,1,1,1,0,1,0,1,0,0,0,1,1,2,-9]]
closed_loop=recorded-root day=4 score=7/28/149 daily=7/38 root=1 elapsed_ms=0
closed_loop=recorded-root day=5 score=7/35/187 daily=7/38 root=0 elapsed_ms=2884
closed_loop=recorded-root day=6 score=7/42/205 daily=7/18 root=0 elapsed_ms=3012
closed_loop=recorded-root day=7 score=7/49/243 daily=7/38 root=0 elapsed_ms=3171
closed_loop=recorded-root day=8 score=7/56/281 daily=7/38 root=0 elapsed_ms=2895
closed_loop=recorded-root day=9 score=7/63/317 daily=7/36 root=0 elapsed_ms=1957
closed_loop_summary=recorded-root score=7/63/317
closed_loop=sparse-root day=4 score=7/28/153 daily=7/42 root=1 elapsed_ms=0
closed_loop=sparse-root day=5 score=7/35/192 daily=7/39 root=0 elapsed_ms=3345
closed_loop=sparse-root day=6 score=7/42/221 daily=7/29 root=0 elapsed_ms=2975
closed_loop=sparse-root day=7 score=7/49/257 daily=7/36 root=0 elapsed_ms=2933
closed_loop=sparse-root day=8 score=7/56/294 daily=7/37 root=0 elapsed_ms=2946
closed_loop=sparse-root day=9 score=7/63/331 daily=7/37 root=0 elapsed_ms=1978
closed_loop_summary=sparse-root score=7/63/331
closed_loop_delta=0/0/14
case_complete day=4 exit=0
case_elapsed_ms day=4 value=34192

case_begin day=8 started=2026-08-31T13:28:01.9030428+00:00
ledger_before=7/49/261
day_score=7/7/39
score_after=7/56/300
agent=0 kind=patrol claims=7 served=7 path_steps=96 raw_path_fuel=40 initial_fuel=188 spots=12:5,13:6,3:3,5:5,10:3,9:2,8:1 terminal=25:182
agent=1 kind=patrol claims=8 served=8 path_steps=96 raw_path_fuel=46 initial_fuel=171 spots=2:2,5:5,10:3,15:1,12:5,14:0,13:6,4:4 terminal=138:157
agent=2 kind=patrol claims=8 served=8 path_steps=96 raw_path_fuel=68 initial_fuel=189 spots=11:4,5:5,10:3,13:6,3:3,2:2,8:1,0:0 terminal=79:134
agent=3 kind=tanker claims=0 served=0 path_steps=96 raw_path_fuel=11 initial_fuel=192 spots= terminal=33:192
agent=4 kind=patrol claims=8 served=8 path_steps=96 raw_path_fuel=60 initial_fuel=183 spots=14:0,13:6,3:3,5:5,15:1,12:5,10:3,11:4 terminal=146:184
agent=5 kind=patrol claims=8 served=8 path_steps=96 raw_path_fuel=60 initial_fuel=183 spots=14:0,13:6,3:3,5:5,15:1,12:5,10:3,11:4 terminal=146:184
spot=0 brand=0 cell=79 stock=6 served=1 denied=0 agents=2S
spot=2 brand=2 cell=104 stock=2 served=2 denied=0 agents=1S,2S
spot=3 brand=3 cell=134 stock=4 served=4 denied=0 agents=4S,5S,0S,2S
spot=4 brand=4 cell=138 stock=1 served=1 denied=0 agents=1S
spot=5 brand=5 cell=52 stock=6 served=5 denied=0 agents=1S,2S,4S,5S,0S
spot=8 brand=1 cell=25 stock=3 served=2 denied=0 agents=0S,2S
spot=9 brand=2 cell=6 stock=1 served=1 denied=0 agents=0S
spot=10 brand=3 cell=33 stock=6 served=5 denied=0 agents=1S,2S,0S,4S,5S
spot=11 brand=4 cell=146 stock=3 served=3 denied=0 agents=2S,4S,5S
spot=12 brand=5 cell=242 stock=4 served=4 denied=0 agents=0S,1S,4S,5S
spot=13 brand=6 cell=251 stock=6 served=5 denied=0 agents=4S,5S,0S,2S,1S
spot=14 brand=0 cell=230 stock=3 served=3 denied=0 agents=4S,5S,1S
spot=15 brand=1 cell=180 stock=6 served=3 denied=0 agents=1S,4S,5S
sparse_agent=0 cap=1250000 settled=1250000 labels=1264285 emitted_masks=957 protected_masks=303 retained=63 valid=63 best=7/56/303 mask=0x9F7F protected=7/56/300 protected_mask=0x0
sparse_agent=1 cap=1250000 settled=1250000 labels=1264129 emitted_masks=1244 protected_masks=374 retained=64 valid=64 best=7/56/302 mask=0xEBFE protected=7/56/300 protected_mask=0x0
sparse_agent=2 cap=1250000 settled=1250000 labels=1265714 emitted_masks=1108 protected_masks=231 retained=64 valid=64 best=7/56/303 mask=0x8FFF protected=7/56/300 protected_mask=0x0
sparse_agent=4 cap=1250000 settled=1250000 labels=1262776 emitted_masks=946 protected_masks=408 retained=64 valid=64 best=7/56/302 mask=0xCF7F protected=7/56/300 protected_mask=0x0
sparse_agent=5 cap=1250000 settled=1250000 labels=1262776 emitted_masks=946 protected_masks=408 retained=64 valid=64 best=7/56/302 mask=0xCF7F protected=7/56/300 protected_mask=0x0
sparse_global_best=7/56/303 baseline=7/56/300 agent=0 mask=0x9F7F
sparse_protected_best=7/56/300 baseline=7/56/300 agent=-1 mask=0x0
sparse_best_plan=[[-1,1,1,1,1,0,0,5,1,2,2,2,2,1,1,2,2,3,3,3,3,3,3,3,1,1,1,1,1,0,0,1,1,0,0,0,5,5,5,5,5,0,5,5,4,4,4,5,0,5,5,-1],[-1,5,0,0,0,5,5,0,5,5,3,3,3,3,3,4,3,3,4,4,4,4,4,2,2,2,1,2,2,2,3,2,2,0,0,0,0,1,1,1,-24],[-1,0,1,1,1,1,1,0,5,5,3,3,3,3,3,3,3,2,2,2,3,3,3,3,3,3,0,0,0,0,0,0,5,0,1,1,2,0,0,0,1,1,2,2,2,2,2,2,3,3,3,-11],[0,1,0,0,0,0,0,0,1,-80],[-1,2,2,3,2,2,0,0,0,0,0,0,5,0,0,0,0,0,0,3,3,4,4,4,3,3,4,4,4,4,4,1,1,0,1,1,1,0,0,0,0,0,0,1,3,3,3,3,4,4,4,-5],[-1,2,2,3,2,2,0,0,0,0,0,0,5,0,0,0,0,0,0,3,3,4,4,4,3,3,4,4,4,4,4,1,1,0,1,1,1,0,0,0,0,0,0,1,3,3,3,3,4,4,4,-5]]
closed_loop=recorded-root day=8 score=7/56/300 daily=7/39 root=1 elapsed_ms=0
closed_loop=recorded-root day=9 score=7/63/337 daily=7/37 root=0 elapsed_ms=1948
closed_loop_summary=recorded-root score=7/63/337
closed_loop=sparse-root day=8 score=7/56/303 daily=7/42 root=1 elapsed_ms=0
closed_loop=sparse-root day=9 score=7/63/340 daily=7/37 root=0 elapsed_ms=1952
closed_loop_summary=sparse-root score=7/63/340
closed_loop_delta=0/0/3
case_complete day=8 exit=0
case_elapsed_ms day=8 value=10177

run_complete cases=3 days=1,4,8
