case_begin order=forward mask=0 started=2026-09-02T14:59:45.9721922+00:00
day=1 score=5/5/35 daily=5/35 profile_lb=5/5/35 profile_cert=5/5/35 profile_q50=5/25/111 candidates=16 candidate_ms=385 certification_ms=1119 terminals=a0@129/90,a1@108/94,a2@17/94,a3@7/104,a4@7/103 post_ack_contingencies=0 elapsed_ms=3380
day=2 score=5/10/67 daily=5/32 profile_lb=5/10/67 profile_cert=5/10/67 profile_q50=5/28/120 candidates=16 candidate_ms=314 certification_ms=1117 terminals=a0@40/40,a1@90/43,a2@90/40,a3@43/48,a4@90/45 post_ack_contingencies=0 elapsed_ms=3378
day=3 score=5/15/96 daily=5/29 profile_lb=5/15/96 profile_cert=5/15/96 profile_q50=5/30/123 candidates=16 candidate_ms=313 certification_ms=1116 terminals=a0@125/3,a1@7/3,a2@129/9,a3@108/6,a4@129/33 post_ack_contingencies=0 elapsed_ms=3377
day=4 score=5/20/105 daily=5/9 profile_lb=5/30/119 profile_cert=5/30/119 profile_q50=5/30/119 candidates=16 candidate_ms=232 certification_ms=368 terminals=a0@125/3,a1@43/0,a2@125/4,a3@108/6,a4@76/9 post_ack_contingencies=0 elapsed_ms=1631
day=5 score=5/25/112 daily=5/7 profile_lb=5/30/119 profile_cert=5/30/119 profile_q50=5/30/119 candidates=16 candidate_ms=70 certification_ms=167 terminals=a0@125/3,a1@43/0,a2@90/0,a3@108/6,a4@7/3 post_ack_contingencies=0 elapsed_ms=420
day=6 score=5/30/119 daily=5/7 profile_lb=5/30/119 profile_cert=5/30/119 profile_q50=5/30/119 candidates=16 candidate_ms=0 certification_ms=0 terminals=a0@125/3,a1@43/0,a2@90/0,a3@76/0,a4@21/1 post_ack_contingencies=0 elapsed_ms=81
summary role_mask=0 days=6 score=5/30/119
case_complete order=forward mask=0 exit=0
case_elapsed_ms order=forward mask=0 value=14341

case_begin order=forward mask=1 started=2026-09-02T15:00:00.3352988+00:00
day=1 score=5/5/32 daily=5/32 profile_lb=5/5/32 profile_cert=5/5/32 profile_q50=5/30/127 candidates=16 candidate_ms=316 certification_ms=1116 terminals=a0@129/144,a1@108/122,a2@129/144,a3@7/104,a4@7/96 post_ack_contingencies=0 elapsed_ms=3378
day=2 score=5/10/60 daily=5/28 profile_lb=5/10/60 profile_cert=5/10/60 profile_q50=5/30/136 candidates=16 candidate_ms=316 certification_ms=1116 terminals=a0@129/144,a1@43/131,a2@40/127,a3@43/131,a4@90/107 post_ack_contingencies=0 elapsed_ms=3378
day=3 score=5/15/89 daily=5/29 profile_lb=5/15/89 profile_cert=5/15/89 profile_q50=5/29/130 candidates=16 candidate_ms=314 certification_ms=1117 terminals=a0@13/144,a1@90/125,a2@90/125,a3@90/125,a4@7/133 post_ack_contingencies=0 elapsed_ms=3377
day=4 score=5/20/116 daily=5/27 profile_lb=5/20/116 profile_cert=5/20/116 profile_q50=5/30/157 candidates=16 candidate_ms=314 certification_ms=1114 terminals=a0@17/144,a1@17/144,a2@17/144,a3@21/137,a4@13/140 post_ack_contingencies=0 elapsed_ms=3377
day=5 score=5/25/144 daily=5/28 profile_lb=5/25/144 profile_cert=5/25/144 profile_q50=5/30/159 candidates=16 candidate_ms=327 certification_ms=1118 terminals=a0@17/144,a1@15/97,a2@15/97,a3@90/126,a4@76/122 post_ack_contingencies=0 elapsed_ms=3378
day=6 score=5/30/176 daily=5/32 profile_lb=5/30/176 profile_cert=5/30/176 profile_q50=5/30/176 candidates=16 candidate_ms=0 certification_ms=0 terminals=a0@17/144,a1@129/110,a2@129/112,a3@35/132,a4@108/131 post_ack_contingencies=0 elapsed_ms=1947
summary role_mask=1 days=6 score=5/30/176
case_complete order=forward mask=1 exit=0
case_elapsed_ms order=forward mask=1 value=20935

case_begin order=forward mask=2 started=2026-09-02T15:00:21.2775161+00:00
day=1 score=5/5/32 daily=5/32 profile_lb=5/5/32 profile_cert=5/5/32 profile_q50=5/25/110 candidates=16 candidate_ms=314 certification_ms=1118 terminals=a0@129/132,a1@76/144,a2@17/108,a3@7/118,a4@7/96 post_ack_contingencies=0 elapsed_ms=3378
day=2 score=5/10/59 daily=5/27 profile_lb=5/10/59 profile_cert=5/10/59 profile_q50=5/29/136 candidates=16 candidate_ms=314 certification_ms=1117 terminals=a0@40/134,a1@90/144,a2@90/144,a3@43/138,a4@90/144 post_ack_contingencies=0 elapsed_ms=3377
day=3 score=5/15/87 daily=5/28 profile_lb=5/15/87 profile_cert=5/15/87 profile_q50=5/30/144 candidates=16 candidate_ms=316 certification_ms=1117 terminals=a0@43/138,a1@90/144,a2@13/104,a3@76/142,a4@13/104 post_ack_contingencies=0 elapsed_ms=3379
day=4 score=5/20/114 daily=5/27 profile_lb=5/20/114 profile_cert=5/20/114 profile_q50=5/30/156 candidates=16 candidate_ms=312 certification_ms=1117 terminals=a0@125/115,a1@17/144,a2@17/144,a3@17/144,a4@17/144 post_ack_contingencies=0 elapsed_ms=3377
day=5 score=5/25/144 daily=5/30 profile_lb=5/25/144 profile_cert=5/25/144 profile_q50=5/30/160 candidates=16 candidate_ms=360 certification_ms=1117 terminals=a0@40/114,a1@17/144,a2@108/94,a3@35/104,a4@35/104 post_ack_contingencies=0 elapsed_ms=3377
day=6 score=5/30/176 daily=5/32 profile_lb=5/30/176 profile_cert=5/30/176 profile_q50=5/30/176 candidates=16 candidate_ms=1 certification_ms=0 terminals=a0@129/97,a1@17/144,a2@13/140,a3@129/120,a4@13/118 post_ack_contingencies=0 elapsed_ms=1948
summary role_mask=2 days=6 score=5/30/176
case_complete order=forward mask=2 exit=0
case_elapsed_ms order=forward mask=2 value=20952

case_begin order=forward mask=4 started=2026-09-02T15:00:42.2365704+00:00
day=1 score=5/5/32 daily=5/32 profile_lb=5/5/32 profile_cert=5/5/32 profile_q50=5/30/133 candidates=16 candidate_ms=314 certification_ms=1117 terminals=a0@129/134,a1@125/139,a2@90/144,a3@108/107,a4@17/134 post_ack_contingencies=0 elapsed_ms=3377
day=2 score=5/10/60 daily=5/28 profile_lb=5/10/60 profile_cert=5/10/60 profile_q50=5/29/139 candidates=16 candidate_ms=314 certification_ms=1116 terminals=a0@43/138,a1@7/127,a2@90/144,a3@90/144,a4@90/144 post_ack_contingencies=0 elapsed_ms=3378
day=3 score=5/15/88 daily=5/28 profile_lb=5/15/88 profile_cert=5/15/88 profile_q50=5/30/147 candidates=16 candidate_ms=766 certification_ms=1119 terminals=a0@40/120,a1@76/105,a2@17/144,a3@35/135,a4@35/135 post_ack_contingencies=0 elapsed_ms=3379
day=4 score=5/20/114 daily=5/26 profile_lb=5/20/114 profile_cert=5/20/114 profile_q50=5/30/151 candidates=16 candidate_ms=313 certification_ms=1117 terminals=a0@43/144,a1@17/140,a2@43/144,a3@43/144,a4@7/88 post_ack_contingencies=0 elapsed_ms=3377
day=5 score=5/25/140 daily=5/26 profile_lb=5/25/140 profile_cert=5/25/140 profile_q50=5/30/154 candidates=16 candidate_ms=315 certification_ms=1118 terminals=a0@40/95,a1@90/94,a2@43/144,a3@40/95,a4@43/144 post_ack_contingencies=0 elapsed_ms=3379
day=6 score=5/30/172 daily=5/32 profile_lb=5/30/172 profile_cert=5/30/172 profile_q50=5/30/172 candidates=16 candidate_ms=1 certification_ms=1 terminals=a0@129/126,a1@129/105,a2@43/144,a3@13/116,a4@35/96 post_ack_contingencies=0 elapsed_ms=1948
summary role_mask=4 days=6 score=5/30/172
case_complete order=forward mask=4 exit=0
case_elapsed_ms order=forward mask=4 value=20956

case_begin order=forward mask=8 started=2026-09-02T15:01:03.1982086+00:00
day=1 score=5/5/32 daily=5/32 profile_lb=5/5/32 profile_cert=5/5/32 profile_q50=5/30/110 candidates=16 candidate_ms=313 certification_ms=1117 terminals=a0@129/90,a1@17/91,a2@13/91,a3@140/144,a4@17/95 post_ack_contingencies=0 elapsed_ms=3377
day=2 score=5/10/58 daily=5/26 profile_lb=5/10/58 profile_cert=5/10/58 profile_q50=5/30/138 candidates=16 candidate_ms=315 certification_ms=1117 terminals=a0@40/134,a1@90/144,a2@7/120,a3@90/144,a4@90/144 post_ack_contingencies=0 elapsed_ms=3378
day=3 score=5/15/87 daily=5/29 profile_lb=5/15/87 profile_cert=5/15/87 profile_q50=5/30/137 candidates=16 candidate_ms=423 certification_ms=1118 terminals=a0@90/144,a1@43/101,a2@76/142,a3@90/144,a4@43/101 post_ack_contingencies=0 elapsed_ms=3378
day=4 score=5/20/116 daily=5/29 profile_lb=5/20/116 profile_cert=5/20/116 profile_q50=5/30/145 candidates=16 candidate_ms=314 certification_ms=1116 terminals=a0@21/94,a1@125/139,a2@17/118,a3@90/144,a4@90/144 post_ack_contingencies=0 elapsed_ms=3378
day=5 score=5/25/144 daily=5/28 profile_lb=5/25/144 profile_cert=5/25/144 profile_q50=5/30/164 candidates=16 candidate_ms=314 certification_ms=1118 terminals=a0@90/144,a1@90/144,a2@43/138,a3@90/144,a4@7/104 post_ack_contingencies=0 elapsed_ms=3378
day=6 score=5/30/176 daily=5/32 profile_lb=5/30/176 profile_cert=5/30/176 profile_q50=5/30/176 candidates=16 candidate_ms=2 certification_ms=0 terminals=a0@108/92,a1@13/92,a2@129/135,a3@90/144,a4@129/135 post_ack_contingencies=0 elapsed_ms=1947
summary role_mask=8 days=6 score=5/30/176
case_complete order=forward mask=8 exit=0
case_elapsed_ms order=forward mask=8 value=20950

case_begin order=forward mask=16 started=2026-09-02T15:01:24.1550086+00:00
day=1 score=5/5/32 daily=5/32 profile_lb=5/5/32 profile_cert=5/5/32 profile_q50=5/25/110 candidates=16 candidate_ms=315 certification_ms=1116 terminals=a0@129/139,a1@17/119,a2@13/111,a3@17/103,a4@125/144 post_ack_contingencies=0 elapsed_ms=3377
day=2 score=5/10/58 daily=5/26 profile_lb=5/10/58 profile_cert=5/10/58 profile_q50=5/30/138 candidates=16 candidate_ms=314 certification_ms=1117 terminals=a0@40/134,a1@90/144,a2@7/120,a3@90/144,a4@90/144 post_ack_contingencies=0 elapsed_ms=3378
day=3 score=5/15/86 daily=5/28 profile_lb=5/15/86 profile_cert=5/15/86 profile_q50=5/30/143 candidates=16 candidate_ms=316 certification_ms=1115 terminals=a0@43/131,a1@13/116,a2@76/135,a3@13/116,a4@129/144 post_ack_contingencies=0 elapsed_ms=3378
day=4 score=5/20/113 daily=5/27 profile_lb=5/20/113 profile_cert=5/20/113 profile_q50=5/30/155 candidates=16 candidate_ms=314 certification_ms=1115 terminals=a0@125/115,a1@17/144,a2@17/144,a3@17/144,a4@17/144 post_ack_contingencies=0 elapsed_ms=3377
day=5 score=5/25/143 daily=5/30 profile_lb=5/25/143 profile_cert=5/25/143 profile_q50=5/30/158 candidates=16 candidate_ms=336 certification_ms=1117 terminals=a0@40/114,a1@108/94,a2@90/102,a3@90/102,a4@17/144 post_ack_contingencies=0 elapsed_ms=3378
day=6 score=5/30/175 daily=5/32 profile_lb=5/30/175 profile_cert=5/30/175 profile_q50=5/30/175 candidates=16 candidate_ms=1 certification_ms=0 terminals=a0@13/104,a1@35/134,a2@13/109,a3@129/116,a4@17/144 post_ack_contingencies=0 elapsed_ms=1947
summary role_mask=16 days=6 score=5/30/175
case_complete order=forward mask=16 exit=0
case_elapsed_ms order=forward mask=16 value=20948

case_begin order=reverse mask=16 started=2026-09-02T15:01:45.1077598+00:00
day=1 score=5/5/32 daily=5/32 profile_lb=5/5/32 profile_cert=5/5/32 profile_q50=5/5/32 candidates=16 candidate_ms=308 certification_ms=1113 terminals=a0@129/139,a1@112/123,a2@109/95,a3@125/144,a4@125/144 post_ack_contingencies=0 elapsed_ms=3378
day=2 score=5/10/59 daily=5/27 profile_lb=5/10/59 profile_cert=5/10/59 profile_q50=5/30/136 candidates=16 candidate_ms=310 certification_ms=1115 terminals=a0@43/103,a1@7/115,a2@90/102,a3@40/99,a4@125/144 post_ack_contingencies=0 elapsed_ms=3379
day=3 score=5/15/87 daily=5/28 profile_lb=5/15/87 profile_cert=5/15/87 profile_q50=5/30/147 candidates=16 candidate_ms=300 certification_ms=1116 terminals=a0@90/125,a1@43/114,a2@7/133,a3@90/125,a4@13/144 post_ack_contingencies=0 elapsed_ms=3377
day=4 score=5/20/115 daily=5/28 profile_lb=5/20/115 profile_cert=5/20/115 profile_q50=5/30/161 candidates=16 candidate_ms=292 certification_ms=1118 terminals=a0@7/139,a1@125/115,a2@35/135,a3@7/139,a4@17/144 post_ack_contingencies=0 elapsed_ms=3381
day=5 score=5/25/142 daily=5/27 profile_lb=5/25/142 profile_cert=5/25/142 profile_q50=5/30/157 candidates=16 candidate_ms=296 certification_ms=1116 terminals=a0@43/138,a1@40/134,a2@90/144,a3@43/138,a4@90/144 post_ack_contingencies=0 elapsed_ms=3381
day=6 score=5/30/174 daily=5/32 profile_lb=5/30/174 profile_cert=5/30/174 profile_q50=5/30/174 candidates=16 candidate_ms=5 certification_ms=0 terminals=a0@129/135,a1@129/132,a2@13/92,a3@129/135,a4@90/144 post_ack_contingencies=0 elapsed_ms=1957
summary role_mask=16 days=6 score=5/30/174
case_complete order=reverse mask=16 exit=0
case_elapsed_ms order=reverse mask=16 value=20965

case_begin order=reverse mask=8 started=2026-09-02T15:02:06.0853738+00:00
day=1 score=5/5/32 daily=5/32 profile_lb=5/5/32 profile_cert=5/5/32 profile_q50=5/5/32 candidates=16 candidate_ms=311 certification_ms=1116 terminals=a0@129/90,a1@108/94,a2@35/94,a3@140/144,a4@7/103 post_ack_contingencies=0 elapsed_ms=3379
day=2 score=5/10/60 daily=5/28 profile_lb=5/10/60 profile_cert=5/10/60 profile_q50=5/28/138 candidates=16 candidate_ms=307 certification_ms=1116 terminals=a0@43/138,a1@90/144,a2@90/144,a3@90/144,a4@43/138 post_ack_contingencies=0 elapsed_ms=3378
day=3 score=5/15/86 daily=5/26 profile_lb=5/15/86 profile_cert=5/15/86 profile_q50=5/30/162 candidates=16 candidate_ms=310 certification_ms=1118 terminals=a0@90/144,a1@90/144,a2@7/104,a3@90/144,a4@90/144 post_ack_contingencies=0 elapsed_ms=3381
day=4 score=5/20/114 daily=5/28 profile_lb=5/20/114 profile_cert=5/20/114 profile_q50=5/30/157 candidates=16 candidate_ms=309 certification_ms=1121 terminals=a0@13/91,a1@17/98,a2@76/89,a3@90/144,a4@17/98 post_ack_contingencies=0 elapsed_ms=3381
day=5 score=5/25/140 daily=5/26 profile_lb=5/25/140 profile_cert=5/25/140 profile_q50=5/30/156 candidates=16 candidate_ms=292 certification_ms=1115 terminals=a0@7/120,a1@43/138,a2@43/138,a3@90/144,a4@43/138 post_ack_contingencies=0 elapsed_ms=3378
day=6 score=5/30/172 daily=5/32 profile_lb=5/30/172 profile_cert=5/30/172 profile_q50=5/30/172 candidates=16 candidate_ms=2 certification_ms=0 terminals=a0@129/133,a1@35/127,a2@129/133,a3@76/144,a4@129/133 post_ack_contingencies=0 elapsed_ms=1959
summary role_mask=8 days=6 score=5/30/172
case_complete order=reverse mask=8 exit=0
case_elapsed_ms order=reverse mask=8 value=21637

case_begin order=reverse mask=4 started=2026-09-02T15:02:27.7347333+00:00
day=1 score=5/5/32 daily=5/32 profile_lb=5/5/32 profile_cert=5/5/32 profile_q50=5/5/32 candidates=16 candidate_ms=314 certification_ms=1115 terminals=a0@129/139,a1@125/144,a2@125/144,a3@108/102,a4@7/103 post_ack_contingencies=0 elapsed_ms=3379
day=2 score=5/10/59 daily=5/27 profile_lb=5/10/59 profile_cert=5/10/59 profile_q50=5/30/124 candidates=16 candidate_ms=309 certification_ms=1119 terminals=a0@43/138,a1@76/142,a2@90/144,a3@90/144,a4@43/138 post_ack_contingencies=0 elapsed_ms=3381
day=3 score=5/15/88 daily=5/29 profile_lb=5/15/88 profile_cert=5/15/88 profile_q50=5/30/164 candidates=16 candidate_ms=309 certification_ms=1120 terminals=a0@90/144,a1@90/144,a2@90/144,a3@7/104,a4@90/144 post_ack_contingencies=0 elapsed_ms=3380
day=4 score=5/20/116 daily=5/28 profile_lb=5/20/116 profile_cert=5/20/116 profile_q50=5/30/159 candidates=16 candidate_ms=314 certification_ms=1117 terminals=a0@13/91,a1@17/98,a2@90/144,a3@76/89,a4@17/98 post_ack_contingencies=0 elapsed_ms=3379
day=5 score=5/25/142 daily=5/26 profile_lb=5/25/142 profile_cert=5/25/142 profile_q50=5/30/158 candidates=16 candidate_ms=307 certification_ms=1116 terminals=a0@7/120,a1@43/138,a2@90/144,a3@43/138,a4@43/138 post_ack_contingencies=0 elapsed_ms=3379
day=6 score=5/30/174 daily=5/32 profile_lb=5/30/174 profile_cert=5/30/174 profile_q50=5/30/174 candidates=16 candidate_ms=2 certification_ms=0 terminals=a0@129/133,a1@35/127,a2@76/144,a3@129/133,a4@129/133 post_ack_contingencies=0 elapsed_ms=1959
summary role_mask=4 days=6 score=5/30/174
case_complete order=reverse mask=4 exit=0
case_elapsed_ms order=reverse mask=4 value=21615

case_begin order=reverse mask=2 started=2026-09-02T15:02:49.3616267+00:00
day=1 score=5/5/32 daily=5/32 profile_lb=5/5/32 profile_cert=5/5/32 profile_q50=5/25/110 candidates=16 candidate_ms=315 certification_ms=1114 terminals=a0@129/132,a1@76/144,a2@17/108,a3@7/118,a4@7/96 post_ack_contingencies=0 elapsed_ms=3379
day=2 score=5/10/59 daily=5/27 profile_lb=5/10/59 profile_cert=5/10/59 profile_q50=5/29/136 candidates=16 candidate_ms=308 certification_ms=1115 terminals=a0@40/134,a1@90/144,a2@90/144,a3@43/138,a4@90/144 post_ack_contingencies=0 elapsed_ms=3378
day=3 score=5/15/84 daily=5/25 profile_lb=5/15/84 profile_cert=5/15/84 profile_q50=5/30/160 candidates=16 candidate_ms=312 certification_ms=1119 terminals=a0@90/144,a1@90/144,a2@90/144,a3@90/144,a4@7/104 post_ack_contingencies=0 elapsed_ms=3380
day=4 score=5/20/112 daily=5/28 profile_lb=5/20/112 profile_cert=5/20/112 profile_q50=5/30/155 candidates=16 candidate_ms=314 certification_ms=1117 terminals=a0@13/91,a1@90/144,a2@17/98,a3@17/98,a4@76/89 post_ack_contingencies=0 elapsed_ms=3381
day=5 score=5/25/138 daily=5/26 profile_lb=5/25/138 profile_cert=5/25/138 profile_q50=5/30/154 candidates=16 candidate_ms=310 certification_ms=1117 terminals=a0@7/120,a1@90/144,a2@43/138,a3@43/138,a4@43/138 post_ack_contingencies=0 elapsed_ms=3379
day=6 score=5/30/170 daily=5/32 profile_lb=5/30/170 profile_cert=5/30/170 profile_q50=5/30/170 candidates=16 candidate_ms=3 certification_ms=0 terminals=a0@129/133,a1@76/144,a2@35/127,a3@129/133,a4@129/133 post_ack_contingencies=0 elapsed_ms=1964
summary role_mask=2 days=6 score=5/30/170
case_complete order=reverse mask=2 exit=0
case_elapsed_ms order=reverse mask=2 value=21624

case_begin order=reverse mask=1 started=2026-09-02T15:03:10.9964711+00:00
day=1 score=5/5/32 daily=5/32 profile_lb=5/5/32 profile_cert=5/5/32 profile_q50=5/26/99 candidates=16 candidate_ms=315 certification_ms=1116 terminals=a0@129/144,a1@108/122,a2@129/144,a3@7/104,a4@7/96 post_ack_contingencies=0 elapsed_ms=3378
day=2 score=5/10/60 daily=5/28 profile_lb=5/10/60 profile_cert=5/10/60 profile_q50=5/30/136 candidates=16 candidate_ms=316 certification_ms=1116 terminals=a0@129/144,a1@43/131,a2@40/127,a3@43/131,a4@90/107 post_ack_contingencies=0 elapsed_ms=3379
day=3 score=5/15/89 daily=5/29 profile_lb=5/15/89 profile_cert=5/15/89 profile_q50=5/29/130 candidates=16 candidate_ms=299 certification_ms=1117 terminals=a0@13/144,a1@90/125,a2@90/125,a3@90/125,a4@7/133 post_ack_contingencies=0 elapsed_ms=3379
day=4 score=5/20/116 daily=5/27 profile_lb=5/20/116 profile_cert=5/20/116 profile_q50=5/30/157 candidates=16 candidate_ms=296 certification_ms=1115 terminals=a0@17/144,a1@17/144,a2@17/144,a3@21/137,a4@13/140 post_ack_contingencies=0 elapsed_ms=3379
day=5 score=5/25/143 daily=5/27 profile_lb=5/25/143 profile_cert=5/25/143 profile_q50=5/30/160 candidates=16 candidate_ms=373 certification_ms=1121 terminals=a0@17/144,a1@43/118,a2@43/118,a3@90/126,a4@7/100 post_ack_contingencies=0 elapsed_ms=3384
day=6 score=5/30/175 daily=5/32 profile_lb=5/30/175 profile_cert=5/30/175 profile_q50=5/30/175 candidates=16 candidate_ms=2 certification_ms=0 terminals=a0@17/144,a1@129/93,a2@7/113,a3@108/131,a4@13/118 post_ack_contingencies=0 elapsed_ms=1959
summary role_mask=1 days=6 score=5/30/175
case_complete order=reverse mask=1 exit=0
case_elapsed_ms order=reverse mask=1 value=21611

case_begin order=reverse mask=0 started=2026-09-02T15:03:32.6216071+00:00
day=1 score=5/5/35 daily=5/35 profile_lb=5/5/35 profile_cert=5/5/35 profile_q50=5/25/111 candidates=16 candidate_ms=374 certification_ms=1120 terminals=a0@129/90,a1@108/94,a2@17/94,a3@7/104,a4@7/103 post_ack_contingencies=0 elapsed_ms=3381
day=2 score=5/10/67 daily=5/32 profile_lb=5/10/67 profile_cert=5/10/67 profile_q50=5/26/121 candidates=16 candidate_ms=376 certification_ms=1118 terminals=a0@43/44,a1@90/43,a2@90/40,a3@43/48,a4@90/45 post_ack_contingencies=0 elapsed_ms=3381
day=3 score=5/15/96 daily=5/29 profile_lb=5/15/96 profile_cert=5/15/96 profile_q50=5/26/121 candidates=16 candidate_ms=299 certification_ms=1117 terminals=a0@108/2,a1@129/31,a2@7/0,a3@108/6,a4@129/33 post_ack_contingencies=0 elapsed_ms=3377
day=4 score=5/20/112 daily=5/16 profile_lb=5/30/125 profile_cert=5/30/125 profile_q50=5/30/125 candidates=16 candidate_ms=413 certification_ms=979 terminals=a0@108/2,a1@43/1,a2@7/0,a3@125/0,a4@17/8 post_ack_contingencies=0 elapsed_ms=3239
day=5 score=5/25/117 daily=5/5 profile_lb=5/30/123 profile_cert=5/30/123 profile_q50=5/30/123 candidates=16 candidate_ms=158 certification_ms=468 terminals=a0@108/2,a1@43/1,a2@7/0,a3@125/0,a4@76/2 post_ack_contingencies=0 elapsed_ms=917
day=6 score=5/30/123 daily=5/6 profile_lb=5/30/123 profile_cert=5/30/123 profile_q50=5/30/123 candidates=10 candidate_ms=0 certification_ms=0 terminals=a0@108/2,a1@43/1,a2@7/0,a3@125/0,a4@90/0 post_ack_contingencies=0 elapsed_ms=214
summary role_mask=0 days=6 score=5/30/123
case_complete order=reverse mask=0 exit=0
case_elapsed_ms order=reverse mask=0 value=17232

run_complete cases=12
