case split=verification family=plain-open seed=10210000 targets=8 forward_work=25474 bidirectional_work=14199 work_ratio=0.557392 frontier_mismatch=0 best_rank_mismatch=0 deterministic_failure=0 invalid=0 reverse_cost_failure=0 reconstruction_failure=0
detail seed=10210000 forward_settled=2432 forward_arcs=19744 forward_dominance=3298 bidirectional_settled=1009 bidirectional_arcs=8549 bidirectional_dominance=2311 bidirectional_join=2330 hash=b0016ae1f2ed8576
case split=verification family=plain-open seed=10210001 targets=8 forward_work=53282 bidirectional_work=52333 work_ratio=0.982189 frontier_mismatch=0 best_rank_mismatch=0 deterministic_failure=0 invalid=0 reverse_cost_failure=0 reconstruction_failure=0
detail seed=10210001 forward_settled=5705 forward_arcs=39382 forward_dominance=8195 bidirectional_settled=3248 bidirectional_arcs=20828 bidirectional_dominance=5084 bidirectional_join=23173 hash=a35c8ddccca693ac
case split=verification family=mixed-terrain seed=10210100 targets=8 forward_work=547336 bidirectional_work=512416 work_ratio=0.936200 frontier_mismatch=0 best_rank_mismatch=0 deterministic_failure=0 invalid=0 reverse_cost_failure=0 reconstruction_failure=0
detail seed=10210100 forward_settled=45908 forward_arcs=280600 forward_dominance=220828 bidirectional_settled=9491 bidirectional_arcs=56645 bidirectional_dominance=29240 bidirectional_join=417040 hash=57538049a6e2c0e5
case split=verification family=mixed-terrain seed=10210101 targets=8 forward_work=95101 bidirectional_work=51690 work_ratio=0.543527 frontier_mismatch=0 best_rank_mismatch=0 deterministic_failure=0 invalid=0 reverse_cost_failure=0 reconstruction_failure=0
detail seed=10210101 forward_settled=9472 forward_arcs=61824 forward_dominance=23805 bidirectional_settled=2575 bidirectional_arcs=17120 bidirectional_dominance=5819 bidirectional_join=26176 hash=1faaab63a25bf731
case split=verification family=road-threshold seed=10210200 targets=8 forward_work=66365 bidirectional_work=42432 work_ratio=0.639373 frontier_mismatch=0 best_rank_mismatch=0 deterministic_failure=0 invalid=0 reverse_cost_failure=0 reconstruction_failure=0
detail seed=10210200 forward_settled=6827 forward_arcs=45922 forward_dominance=13616 bidirectional_settled=2205 bidirectional_arcs=14798 bidirectional_dominance=4079 bidirectional_join=21350 hash=31a3826acfc95e7c
case split=verification family=road-threshold seed=10210201 targets=8 forward_work=47062 bidirectional_work=24982 work_ratio=0.530832 frontier_mismatch=0 best_rank_mismatch=0 deterministic_failure=0 invalid=0 reverse_cost_failure=0 reconstruction_failure=0
detail seed=10210201 forward_settled=4854 forward_arcs=33892 forward_dominance=8316 bidirectional_settled=1524 bidirectional_arcs=10963 bidirectional_dominance=2776 bidirectional_join=9719 hash=fc8d54d8c3575fb4
case split=verification family=pond-bottleneck seed=10210300 targets=8 forward_work=35191 bidirectional_work=21543 work_ratio=0.612174 frontier_mismatch=0 best_rank_mismatch=0 deterministic_failure=0 invalid=0 reverse_cost_failure=0 reconstruction_failure=0
detail seed=10210300 forward_settled=3102 forward_arcs=29716 forward_dominance=2373 bidirectional_settled=1602 bidirectional_arcs=15020 bidirectional_dominance=3735 bidirectional_join=1186 hash=438a36116c95f9bc
case split=verification family=pond-bottleneck seed=10210301 targets=8 forward_work=48488 bidirectional_work=26416 work_ratio=0.544795 frontier_mismatch=0 best_rank_mismatch=0 deterministic_failure=0 invalid=0 reverse_cost_failure=0 reconstruction_failure=0
detail seed=10210301 forward_settled=4432 forward_arcs=37536 forward_dominance=6520 bidirectional_settled=1688 bidirectional_arcs=15573 bidirectional_dominance=4468 bidirectional_join=4687 hash=fcd168102f3130f1
case split=verification family=mixed-terrain seed=10210400 targets=10 forward_work=462026 bidirectional_work=172174 work_ratio=0.372650 frontier_mismatch=0 best_rank_mismatch=0 deterministic_failure=0 invalid=0 reverse_cost_failure=0 reconstruction_failure=0
detail seed=10210400 forward_settled=39404 forward_arcs=250744 forward_dominance=171878 bidirectional_settled=7540 bidirectional_arcs=49649 bidirectional_dominance=25573 bidirectional_join=89412 hash=63301eada81c2dc
case split=verification family=mixed-terrain seed=10210401 targets=10 forward_work=122696 bidirectional_work=102020 work_ratio=0.831486 frontier_mismatch=0 best_rank_mismatch=0 deterministic_failure=0 invalid=0 reverse_cost_failure=0 reconstruction_failure=0
detail seed=10210401 forward_settled=11838 forward_arcs=84788 forward_dominance=26070 bidirectional_settled=8843 bidirectional_arcs=54970 bidirectional_dominance=22473 bidirectional_join=15734 hash=b52768144668bf64
case split=verification family=road-threshold seed=10210500 targets=10 forward_work=336362 bidirectional_work=141118 work_ratio=0.419542 frontier_mismatch=0 best_rank_mismatch=0 deterministic_failure=0 invalid=0 reverse_cost_failure=0 reconstruction_failure=0
detail seed=10210500 forward_settled=33624 forward_arcs=215944 forward_dominance=86794 bidirectional_settled=5877 bidirectional_arcs=40470 bidirectional_dominance=13626 bidirectional_join=81145 hash=d720f18b788cfc40
case split=verification family=road-threshold seed=10210501 targets=10 forward_work=509971 bidirectional_work=213504 work_ratio=0.418659 frontier_mismatch=0 best_rank_mismatch=0 deterministic_failure=0 invalid=0 reverse_cost_failure=0 reconstruction_failure=0
detail seed=10210501 forward_settled=47917 forward_arcs=301702 forward_dominance=160352 bidirectional_settled=7855 bidirectional_arcs=51910 bidirectional_dominance=19970 bidirectional_join=133769 hash=cb324efdf2dd418d
summary experiment=ATTR-BIDIRECTIONAL-RCSP-FRONTIER-297 split=verification cases=12 frontier_mismatch=0 best_rank_mismatch=0 deterministic_failure=0 invalid=0 reverse_cost_failure=0 reconstruction_failure=0 median_work_ratio=0.551093 reduced_families=4 parity_pass=1 result_hash=732a6ec5c88ebe8c
