root_stream_begin,day=1,own_count=344,opponent_count=65,begin=223,end=224
root_stream_action,day=1,index=223,robust=6/19/19,slice_best=6/19/19,improves=1,terminal=34@22,plan=3.2.-13,states=44483280,transitions=47264151579
root_stream_end,day=1,begin=223,end=224,full=0,has_result=1,slice_best=6/19/19,states=44483280,transitions=47264151579
minimax_slice,seed=1720100,family=adversarial-balanced,fuel=default,begin=223,end=224,own_count=344,opponent_count=65,slice_best=6/19/19
root_stream_case,seed=1720100,begin=223,end=224,policy=maximum-dwell,slice_robust=6/19/19,oracle=6/19/19,head=6/18/18,oracle_valid=1,head_valid=1,oracle_hash=47ca20f30c49aeb4,head_hash=35e474ba2e7bd8ab
trace_membership,seed=1720100,root=223,policy=maximum-dwell,day=1,plan=3.2.-13|-17|-17,oracle_mask=17,day_brands=2,day_servings=2,exact_valid=1,mask_maximal=0,mask_terminal=0,strict_supersets=1,same_terminal_fuel_supersets=0,reachability_complete=1,w1_outcome=0,w1_first=0,prod_outcome=0,prod_first=0,first_cap=-1,witness_widths=3,production_widths=16,cum=2/2/2
trace_membership,seed=1720100,root=223,policy=maximum-dwell,day=2,plan=-1.5.0.1.2.2.2.4.3.-1|-18|-18,oracle_mask=63,day_brands=6,day_servings=6,exact_valid=1,mask_maximal=1,mask_terminal=0,strict_supersets=0,same_terminal_fuel_supersets=0,reachability_complete=1,w1_outcome=0,w1_first=0,prod_outcome=1,prod_first=1,first_cap=32,witness_widths=3,production_widths=16,cum=6/8/8
trace_membership,seed=1720100,root=223,policy=maximum-dwell,day=3,plan=-1.0.1.5.5.5.4.3.2.-1|-18|-18,oracle_mask=63,day_brands=6,day_servings=6,exact_valid=1,mask_maximal=1,mask_terminal=1,strict_supersets=0,same_terminal_fuel_supersets=0,reachability_complete=1,w1_outcome=0,w1_first=0,prod_outcome=1,prod_first=1,first_cap=32,witness_widths=3,production_widths=16,cum=6/14/14
trace_membership,seed=1720100,root=223,policy=maximum-dwell,day=4,plan=-1.5.0.1.2.2.2.-5|-18|-18,oracle_mask=61,day_brands=5,day_servings=5,exact_valid=1,mask_maximal=1,mask_terminal=0,strict_supersets=0,same_terminal_fuel_supersets=0,reachability_complete=1,w1_outcome=0,w1_first=0,prod_outcome=1,prod_first=1,first_cap=32,witness_widths=2,production_widths=16,cum=6/19/19
trace_membership_summary,seed=1720100,root=223,policy=maximum-dwell,final=6/19/19
root_stream_case,seed=1720100,begin=223,end=224,policy=minimum-dwell,slice_robust=6/19/19,oracle=6/19/19,head=6/18/18,oracle_valid=1,head_valid=1,oracle_hash=47ca20f30c49aeb4,head_hash=35e474ba2e7bd8ab
trace_membership,seed=1720100,root=223,policy=minimum-dwell,day=1,plan=3.2.-13|-17|-17,oracle_mask=17,day_brands=2,day_servings=2,exact_valid=1,mask_maximal=0,mask_terminal=0,strict_supersets=1,same_terminal_fuel_supersets=0,reachability_complete=1,w1_outcome=0,w1_first=0,prod_outcome=0,prod_first=0,first_cap=-1,witness_widths=3,production_widths=16,cum=2/2/2
trace_membership,seed=1720100,root=223,policy=minimum-dwell,day=2,plan=-1.5.0.1.2.2.2.4.3.-1|-18|-18,oracle_mask=63,day_brands=6,day_servings=6,exact_valid=1,mask_maximal=1,mask_terminal=1,strict_supersets=0,same_terminal_fuel_supersets=0,reachability_complete=1,w1_outcome=0,w1_first=0,prod_outcome=1,prod_first=1,first_cap=32,witness_widths=3,production_widths=16,cum=6/8/8
trace_membership,seed=1720100,root=223,policy=minimum-dwell,day=3,plan=-1.0.1.5.5.5.4.3.2.-1|-18|-18,oracle_mask=63,day_brands=6,day_servings=6,exact_valid=1,mask_maximal=1,mask_terminal=1,strict_supersets=0,same_terminal_fuel_supersets=0,reachability_complete=1,w1_outcome=0,w1_first=0,prod_outcome=0,prod_first=0,first_cap=-1,witness_widths=3,production_widths=16,cum=6/14/14
trace_membership,seed=1720100,root=223,policy=minimum-dwell,day=4,plan=-1.5.0.1.2.2.2.-5|-18|-18,oracle_mask=61,day_brands=5,day_servings=5,exact_valid=1,mask_maximal=1,mask_terminal=0,strict_supersets=0,same_terminal_fuel_supersets=0,reachability_complete=1,w1_outcome=0,w1_first=0,prod_outcome=1,prod_first=1,first_cap=32,witness_widths=2,production_widths=16,cum=6/19/19
trace_membership_summary,seed=1720100,root=223,policy=minimum-dwell,final=6/19/19
root_stream_case,seed=1720100,begin=223,end=224,policy=status-toggle,slice_robust=6/19/19,oracle=6/19/19,head=6/18/18,oracle_valid=1,head_valid=1,oracle_hash=47ca20f30c49aeb4,head_hash=35e474ba2e7bd8ab
trace_membership,seed=1720100,root=223,policy=status-toggle,day=1,plan=3.2.-13|-17|-17,oracle_mask=17,day_brands=2,day_servings=2,exact_valid=1,mask_maximal=0,mask_terminal=0,strict_supersets=1,same_terminal_fuel_supersets=0,reachability_complete=1,w1_outcome=0,w1_first=0,prod_outcome=0,prod_first=0,first_cap=-1,witness_widths=3,production_widths=16,cum=2/2/2
trace_membership,seed=1720100,root=223,policy=status-toggle,day=2,plan=-1.5.0.1.2.2.2.4.3.-1|-18|-18,oracle_mask=63,day_brands=6,day_servings=6,exact_valid=1,mask_maximal=1,mask_terminal=0,strict_supersets=0,same_terminal_fuel_supersets=0,reachability_complete=1,w1_outcome=0,w1_first=0,prod_outcome=1,prod_first=1,first_cap=32,witness_widths=3,production_widths=16,cum=6/8/8
trace_membership,seed=1720100,root=223,policy=status-toggle,day=3,plan=-1.0.1.5.5.5.4.3.2.-1|-18|-18,oracle_mask=63,day_brands=6,day_servings=6,exact_valid=1,mask_maximal=1,mask_terminal=1,strict_supersets=0,same_terminal_fuel_supersets=0,reachability_complete=1,w1_outcome=0,w1_first=0,prod_outcome=1,prod_first=1,first_cap=32,witness_widths=3,production_widths=16,cum=6/14/14
trace_membership,seed=1720100,root=223,policy=status-toggle,day=4,plan=-1.5.0.1.2.2.2.-5|-18|-18,oracle_mask=61,day_brands=5,day_servings=5,exact_valid=1,mask_maximal=1,mask_terminal=0,strict_supersets=0,same_terminal_fuel_supersets=0,reachability_complete=1,w1_outcome=0,w1_first=0,prod_outcome=1,prod_first=1,first_cap=32,witness_widths=2,production_widths=16,cum=6/19/19
trace_membership_summary,seed=1720100,root=223,policy=status-toggle,final=6/19/19
summary,cases=0,oracle_wins=0,ties=0,head_wins=0,invalid=0,tier1=0,tier2=0,tier3=0,max_gain=0,hash=14650fb0739d0383
