case_begin order=forward mask=0 started=2026-09-02T02:14:13.4660815+00:00
day=1 score=5/5/44 daily=5/44 profile_lb=5/5/44 profile_cert=5/5/44 profile_q50=5/27/154 candidates=16 candidate_ms=375 certification_ms=1114 terminals=a0@98/117,a1@4/126,a2@110/101,a3@191/133,a4@98/133,a5@4/126 post_ack_contingencies=0 elapsed_ms=3377
day=2 score=5/10/88 daily=5/44 profile_lb=5/10/88 profile_cert=5/10/88 profile_q50=5/34/169 candidates=16 candidate_ms=311 certification_ms=1116 terminals=a0@45/66,a1@148/57,a2@148/36,a3@98/89,a4@148/68,a5@110/55 post_ack_contingencies=0 elapsed_ms=3378
day=3 score=5/15/128 daily=5/40 profile_lb=5/33/173 profile_cert=5/33/173 profile_q50=5/33/174 candidates=16 candidate_ms=291 certification_ms=833 terminals=a0@98/13,a1@98/9,a2@4/4,a3@106/41,a4@240/32,a5@16/5 post_ack_contingencies=0 elapsed_ms=3096
day=4 score=5/20/145 daily=5/17 profile_lb=5/40/169 profile_cert=5/40/169 profile_q50=5/40/169 candidates=16 candidate_ms=307 certification_ms=182 terminals=a0@106/2,a1@213/1,a2@4/4,a3@249/3,a4@148/0,a5@4/0 post_ack_contingencies=0 elapsed_ms=2442
day=5 score=5/25/151 daily=5/6 profile_lb=5/40/169 profile_cert=5/40/169 profile_q50=5/40/169 candidates=16 candidate_ms=380 certification_ms=109 terminals=a0@106/2,a1@213/1,a2@4/4,a3@249/3,a4@148/0,a5@4/0 post_ack_contingencies=0 elapsed_ms=704
day=6 score=5/30/157 daily=5/6 profile_lb=5/40/169 profile_cert=5/40/169 profile_q50=5/40/169 candidates=16 candidate_ms=346 certification_ms=77 terminals=a0@106/2,a1@213/1,a2@4/4,a3@249/3,a4@148/0,a5@4/0 post_ack_contingencies=0 elapsed_ms=636
day=7 score=5/35/163 daily=5/6 profile_lb=5/40/169 profile_cert=5/40/169 profile_q50=5/40/169 candidates=16 candidate_ms=166 certification_ms=45 terminals=a0@106/2,a1@213/1,a2@4/4,a3@249/3,a4@148/0,a5@4/0 post_ack_contingencies=0 elapsed_ms=426
day=8 score=5/40/169 daily=5/6 profile_lb=5/40/169 profile_cert=5/40/169 profile_q50=5/40/169 candidates=16 candidate_ms=1 certification_ms=0 terminals=a0@106/2,a1@213/1,a2@4/4,a3@249/3,a4@148/0,a5@4/0 post_ack_contingencies=0 elapsed_ms=218
summary role_mask=0 days=8 score=5/40/169
case_complete order=forward mask=0 exit=0
case_elapsed_ms order=forward mask=0 value=18111

case_begin order=forward mask=1 started=2026-09-02T02:14:31.6488778+00:00
day=1 score=5/5/37 daily=5/37 profile_lb=5/5/37 profile_cert=5/5/37 profile_q50=5/29/139 candidates=16 candidate_ms=291 certification_ms=1116 terminals=a0@71/180,a1@4/158,a2@98/142,a3@191/133,a4@98/163,a5@110/148 post_ack_contingencies=0 elapsed_ms=3378
day=2 score=5/10/74 daily=5/37 profile_lb=5/10/74 profile_cert=5/10/74 profile_q50=5/30/162 candidates=16 candidate_ms=287 certification_ms=1115 terminals=a0@213/180,a1@148/166,a2@45/149,a3@110/153,a4@148/135,a5@148/165 post_ack_contingencies=0 elapsed_ms=3376
day=3 score=5/15/110 daily=5/36 profile_lb=5/29/179 profile_cert=5/29/179 profile_q50=5/30/181 candidates=16 candidate_ms=288 certification_ms=1114 terminals=a0@98/180,a1@98/180,a2@98/180,a3@16/97,a4@98/180,a5@98/180 post_ack_contingencies=0 elapsed_ms=3376
day=4 score=5/20/143 daily=5/33 profile_lb=5/20/143 profile_cert=5/20/143 profile_q50=5/33/199 candidates=16 candidate_ms=310 certification_ms=1116 terminals=a0@98/180,a1@148/158,a2@148/158,a3@45/159,a4@148/158,a5@148/158 post_ack_contingencies=0 elapsed_ms=3378
day=5 score=5/25/171 daily=5/28 profile_lb=5/36/216 profile_cert=5/36/216 profile_q50=5/38/223 candidates=16 candidate_ms=290 certification_ms=1112 terminals=a0@106/180,a1@106/180,a2@240/151,a3@98/158,a4@106/180,a5@106/180 post_ack_contingencies=0 elapsed_ms=3375
day=6 score=5/30/207 daily=5/36 profile_lb=5/30/207 profile_cert=5/30/207 profile_q50=5/38/236 candidates=16 candidate_ms=302 certification_ms=1116 terminals=a0@106/180,a1@16/155,a2@4/104,a3@106/180,a4@98/156,a5@98/156 post_ack_contingencies=0 elapsed_ms=3376
day=7 score=5/35/243 daily=5/36 profile_lb=5/38/262 profile_cert=5/38/262 profile_q50=5/39/259 candidates=16 candidate_ms=283 certification_ms=1116 terminals=a0@148/180,a1@45/98,a2@148/180,a3@148/180,a4@45/106,a5@148/180 post_ack_contingencies=0 elapsed_ms=3377
day=8 score=5/40/280 daily=5/37 profile_lb=5/40/280 profile_cert=5/40/280 profile_q50=5/40/280 candidates=16 candidate_ms=3 certification_ms=0 terminals=a0@148/180,a1@148/180,a2@106/158,a3@106/158,a4@148/180,a5@106/158 post_ack_contingencies=0 elapsed_ms=1980
summary role_mask=1 days=8 score=5/40/280
case_complete order=forward mask=1 exit=0
case_elapsed_ms order=forward mask=1 value=29517

case_begin order=forward mask=2 started=2026-09-02T02:15:01.1794162+00:00
day=1 score=5/5/37 daily=5/37 profile_lb=5/5/37 profile_cert=5/5/37 profile_q50=5/29/138 candidates=16 candidate_ms=295 certification_ms=1112 terminals=a0@106/164,a1@184/180,a2@98/155,a3@191/168,a4@98/133,a5@110/124 post_ack_contingencies=0 elapsed_ms=3376
day=2 score=5/10/74 daily=5/37 profile_lb=5/10/74 profile_cert=5/10/74 profile_q50=5/30/162 candidates=16 candidate_ms=293 certification_ms=1117 terminals=a0@148/176,a1@98/180,a2@45/157,a3@110/102,a4@148/161,a5@148/176 post_ack_contingencies=0 elapsed_ms=3379
day=3 score=5/15/110 daily=5/36 profile_lb=5/29/179 profile_cert=5/29/179 profile_q50=5/32/178 candidates=16 candidate_ms=288 certification_ms=1116 terminals=a0@98/180,a1@98/180,a2@98/180,a3@16/46,a4@98/180,a5@98/180 post_ack_contingencies=0 elapsed_ms=3377
day=4 score=5/20/142 daily=5/32 profile_lb=5/20/142 profile_cert=5/20/142 profile_q50=5/32/190 candidates=16 candidate_ms=306 certification_ms=1117 terminals=a0@148/158,a1@98/180,a2@148/158,a3@110/1,a4@148/158,a5@148/158 post_ack_contingencies=0 elapsed_ms=3377
day=5 score=5/25/164 daily=5/22 profile_lb=5/35/203 profile_cert=5/35/203 profile_q50=5/37/211 candidates=16 candidate_ms=290 certification_ms=852 terminals=a0@106/180,a1@106/180,a2@106/180,a3@110/1,a4@240/151,a5@106/180 post_ack_contingencies=0 elapsed_ms=3115
day=6 score=5/30/195 daily=5/31 profile_lb=5/37/221 profile_cert=5/37/221 profile_q50=5/38/222 candidates=16 candidate_ms=310 certification_ms=1060 terminals=a0@98/180,a1@98/180,a2@16/127,a3@110/1,a4@4/174,a5@98/180 post_ack_contingencies=0 elapsed_ms=3320
day=7 score=5/35/214 daily=5/19 profile_lb=5/39/227 profile_cert=5/39/227 profile_q50=5/39/227 candidates=16 candidate_ms=303 certification_ms=785 terminals=a0@110/165,a1@98/180,a2@148/176,a3@110/1,a4@148/176,a5@110/165 post_ack_contingencies=0 elapsed_ms=3047
day=8 score=5/40/245 daily=5/31 profile_lb=5/40/245 profile_cert=5/40/245 profile_q50=5/40/245 candidates=16 candidate_ms=2 certification_ms=1 terminals=a0@148/143,a1@110/180,a2@106/118,a3@110/180,a4@106/118,a5@148/143 post_ack_contingencies=0 elapsed_ms=1977
summary role_mask=2 days=8 score=5/40/245
case_complete order=forward mask=2 exit=0
case_elapsed_ms order=forward mask=2 value=29113

case_begin order=forward mask=4 started=2026-09-02T02:15:30.3030810+00:00
day=1 score=5/5/37 daily=5/37 profile_lb=5/5/37 profile_cert=5/5/37 profile_q50=5/29/138 candidates=16 candidate_ms=286 certification_ms=1112 terminals=a0@98/142,a1@4/158,a2@71/180,a3@191/133,a4@98/163,a5@4/156 post_ack_contingencies=0 elapsed_ms=3376
day=2 score=5/10/73 daily=5/36 profile_lb=5/10/73 profile_cert=5/10/73 profile_q50=5/27/159 candidates=16 candidate_ms=287 certification_ms=1116 terminals=a0@45/149,a1@148/166,a2@213/180,a3@148/166,a4@148/135,a5@110/134 post_ack_contingencies=0 elapsed_ms=3379
day=3 score=5/15/109 daily=5/36 profile_lb=5/29/178 profile_cert=5/29/178 profile_q50=5/30/180 candidates=16 candidate_ms=284 certification_ms=1116 terminals=a0@98/180,a1@98/180,a2@98/180,a3@98/180,a4@98/180,a5@16/78 post_ack_contingencies=0 elapsed_ms=3376
day=4 score=5/20/142 daily=5/33 profile_lb=5/20/142 profile_cert=5/20/142 profile_q50=5/33/198 candidates=16 candidate_ms=308 certification_ms=1115 terminals=a0@148/158,a1@148/158,a2@98/180,a3@148/158,a4@148/158,a5@45/159 post_ack_contingencies=0 elapsed_ms=3375
day=5 score=5/25/170 daily=5/28 profile_lb=5/36/215 profile_cert=5/36/215 profile_q50=5/38/222 candidates=16 candidate_ms=287 certification_ms=1016 terminals=a0@106/180,a1@106/180,a2@106/180,a3@240/151,a4@106/180,a5@98/158 post_ack_contingencies=0 elapsed_ms=3277
day=6 score=5/30/206 daily=5/36 profile_lb=5/30/206 profile_cert=5/30/206 profile_q50=5/38/235 candidates=16 candidate_ms=300 certification_ms=1118 terminals=a0@98/180,a1@16/127,a2@98/180,a3@4/174,a4@98/180,a5@106/156 post_ack_contingencies=0 elapsed_ms=3379
day=7 score=5/35/242 daily=5/36 profile_lb=5/39/261 profile_cert=5/39/261 profile_q50=5/40/258 candidates=16 candidate_ms=294 certification_ms=1025 terminals=a0@148/161,a1@45/159,a2@98/180,a3@148/110,a4@148/161,a5@16/101 post_ack_contingencies=0 elapsed_ms=3289
day=8 score=5/40/280 daily=5/38 profile_lb=5/40/280 profile_cert=5/40/280 profile_q50=5/40/280 candidates=16 candidate_ms=4 certification_ms=0 terminals=a0@98/180,a1@148/176,a2@98/180,a3@98/180,a4@106/103,a5@45/159 post_ack_contingencies=0 elapsed_ms=1963
summary role_mask=4 days=8 score=5/40/280
case_complete order=forward mask=4 exit=0
case_elapsed_ms order=forward mask=4 value=29362

case_begin order=forward mask=8 started=2026-09-02T02:15:59.6740562+00:00
day=1 score=5/5/37 daily=5/37 profile_lb=5/5/37 profile_cert=5/5/37 profile_q50=5/28/137 candidates=16 candidate_ms=372 certification_ms=1118 terminals=a0@98/142,a1@4/158,a2@110/132,a3@71/180,a4@98/163,a5@4/156 post_ack_contingencies=0 elapsed_ms=3378
day=2 score=5/10/73 daily=5/36 profile_lb=5/10/73 profile_cert=5/10/73 profile_q50=5/27/160 candidates=16 candidate_ms=293 certification_ms=1114 terminals=a0@45/170,a1@110/176,a2@148/144,a3@106/180,a4@148/98,a5@110/176 post_ack_contingencies=0 elapsed_ms=3377
day=3 score=5/15/102 daily=5/29 profile_lb=5/31/177 profile_cert=5/31/177 profile_q50=5/32/172 candidates=16 candidate_ms=293 certification_ms=1033 terminals=a0@98/180,a1@240/153,a2@106/169,a3@98/180,a4@106/169,a5@98/180 post_ack_contingencies=0 elapsed_ms=3296
day=4 score=5/20/137 daily=5/35 profile_lb=5/20/137 profile_cert=5/20/137 profile_q50=5/33/192 candidates=16 candidate_ms=375 certification_ms=1114 terminals=a0@148/158,a1@4/174,a2@148/176,a3@98/180,a4@16/111,a5@148/158 post_ack_contingencies=0 elapsed_ms=3376
day=5 score=5/25/173 daily=5/36 profile_lb=5/25/173 profile_cert=5/25/173 profile_q50=5/35/216 candidates=16 candidate_ms=290 certification_ms=1116 terminals=a0@98/180,a1@148/126,a2@4/127,a3@98/180,a4@45/159,a5@98/180 post_ack_contingencies=0 elapsed_ms=3377
day=6 score=5/30/208 daily=5/35 profile_lb=5/30/208 profile_cert=5/30/208 profile_q50=5/38/237 candidates=16 candidate_ms=288 certification_ms=1115 terminals=a0@106/162,a1@98/152,a2@98/165,a3@184/180,a4@16/155,a5@106/175 post_ack_contingencies=0 elapsed_ms=3377
day=7 score=5/35/236 daily=5/28 profile_lb=5/38/255 profile_cert=5/38/255 profile_q50=5/39/251 candidates=16 candidate_ms=286 certification_ms=938 terminals=a0@148/180,a1@106/165,a2@106/165,a3@148/180,a4@148/180,a5@148/180 post_ack_contingencies=0 elapsed_ms=3202
day=8 score=5/40/270 daily=5/34 profile_lb=5/40/270 profile_cert=5/40/270 profile_q50=5/40/270 candidates=16 candidate_ms=3 certification_ms=0 terminals=a0@106/158,a1@148/180,a2@16/100,a3@148/180,a4@106/158,a5@106/158 post_ack_contingencies=0 elapsed_ms=1974
summary role_mask=8 days=8 score=5/40/270
case_complete order=forward mask=8 exit=0
case_elapsed_ms order=forward mask=8 value=29295

case_begin order=forward mask=16 started=2026-09-02T02:16:28.9767040+00:00
day=1 score=5/5/36 daily=5/36 profile_lb=5/5/36 profile_cert=5/5/36 profile_q50=5/29/137 candidates=16 candidate_ms=374 certification_ms=1114 terminals=a0@106/164,a1@4/139,a2@98/155,a3@191/168,a4@184/180,a5@110/135 post_ack_contingencies=0 elapsed_ms=3376
day=2 score=5/10/73 daily=5/37 profile_lb=5/10/73 profile_cert=5/10/73 profile_q50=5/30/161 candidates=16 candidate_ms=290 certification_ms=1115 terminals=a0@148/165,a1@148/166,a2@45/149,a3@110/153,a4@213/180,a5@148/165 post_ack_contingencies=0 elapsed_ms=3376
day=3 score=5/15/109 daily=5/36 profile_lb=5/29/178 profile_cert=5/29/178 profile_q50=5/30/180 candidates=16 candidate_ms=286 certification_ms=1114 terminals=a0@98/180,a1@98/180,a2@98/180,a3@16/97,a4@98/180,a5@98/180 post_ack_contingencies=0 elapsed_ms=3376
day=4 score=5/20/142 daily=5/33 profile_lb=5/20/142 profile_cert=5/20/142 profile_q50=5/33/198 candidates=16 candidate_ms=310 certification_ms=1114 terminals=a0@148/158,a1@148/158,a2@148/158,a3@45/159,a4@98/180,a5@148/158 post_ack_contingencies=0 elapsed_ms=3376
day=5 score=5/25/170 daily=5/28 profile_lb=5/36/215 profile_cert=5/36/215 profile_q50=5/38/222 candidates=16 candidate_ms=290 certification_ms=1080 terminals=a0@106/180,a1@106/180,a2@240/151,a3@98/158,a4@106/180,a5@106/180 post_ack_contingencies=0 elapsed_ms=3342
day=6 score=5/30/206 daily=5/36 profile_lb=5/30/206 profile_cert=5/30/206 profile_q50=5/38/235 candidates=16 candidate_ms=295 certification_ms=1117 terminals=a0@16/155,a1@16/155,a2@4/104,a3@106/180,a4@106/180,a5@98/156 post_ack_contingencies=0 elapsed_ms=3378
day=7 score=5/35/243 daily=5/37 profile_lb=5/39/260 profile_cert=5/39/260 profile_q50=5/39/260 candidates=16 candidate_ms=374 certification_ms=549 terminals=a0@45/170,a1@45/170,a2@148/40,a3@148/154,a4@106/180,a5@45/170 post_ack_contingencies=0 elapsed_ms=2809
day=8 score=5/40/281 daily=5/38 profile_lb=5/40/281 profile_cert=5/40/281 profile_q50=5/40/281 candidates=16 candidate_ms=3 certification_ms=0 terminals=a0@148/176,a1@148/176,a2@98/180,a3@98/180,a4@98/180,a5@16/105 post_ack_contingencies=0 elapsed_ms=1979
summary role_mask=16 days=8 score=5/40/281
case_complete order=forward mask=16 exit=0
case_elapsed_ms order=forward mask=16 value=28898

case_begin order=forward mask=32 started=2026-09-02T02:16:57.8825087+00:00
day=1 score=5/5/36 daily=5/36 profile_lb=5/5/36 profile_cert=5/5/36 profile_q50=5/29/137 candidates=16 candidate_ms=290 certification_ms=1114 terminals=a0@106/164,a1@4/139,a2@110/155,a3@191/168,a4@98/133,a5@184/180 post_ack_contingencies=0 elapsed_ms=3376
day=2 score=5/10/73 daily=5/37 profile_lb=5/10/73 profile_cert=5/10/73 profile_q50=5/30/161 candidates=16 candidate_ms=289 certification_ms=1113 terminals=a0@148/165,a1@148/166,a2@148/165,a3@110/153,a4@45/149,a5@213/180 post_ack_contingencies=0 elapsed_ms=3376
day=3 score=5/15/109 daily=5/36 profile_lb=5/29/178 profile_cert=5/29/178 profile_q50=5/30/180 candidates=16 candidate_ms=313 certification_ms=1116 terminals=a0@98/180,a1@98/180,a2@98/180,a3@16/97,a4@98/180,a5@98/180 post_ack_contingencies=0 elapsed_ms=3377
day=4 score=5/20/142 daily=5/33 profile_lb=5/20/142 profile_cert=5/20/142 profile_q50=5/33/198 candidates=16 candidate_ms=314 certification_ms=1113 terminals=a0@148/158,a1@148/158,a2@148/158,a3@45/159,a4@148/158,a5@98/180 post_ack_contingencies=0 elapsed_ms=3376
day=5 score=5/25/170 daily=5/28 profile_lb=5/36/215 profile_cert=5/36/215 profile_q50=5/38/222 candidates=16 candidate_ms=289 certification_ms=1118 terminals=a0@106/180,a1@106/180,a2@240/151,a3@98/158,a4@106/180,a5@106/180 post_ack_contingencies=0 elapsed_ms=3379
day=6 score=5/30/206 daily=5/36 profile_lb=5/30/206 profile_cert=5/30/206 profile_q50=5/38/235 candidates=16 candidate_ms=301 certification_ms=1117 terminals=a0@16/155,a1@16/155,a2@4/104,a3@106/180,a4@98/156,a5@106/180 post_ack_contingencies=0 elapsed_ms=3378
day=7 score=5/35/243 daily=5/37 profile_lb=5/39/260 profile_cert=5/39/260 profile_q50=5/39/260 candidates=16 candidate_ms=287 certification_ms=715 terminals=a0@45/170,a1@45/170,a2@148/40,a3@148/154,a4@45/170,a5@106/180 post_ack_contingencies=0 elapsed_ms=2976
day=8 score=5/40/281 daily=5/38 profile_lb=5/40/281 profile_cert=5/40/281 profile_q50=5/40/281 candidates=16 candidate_ms=2 certification_ms=0 terminals=a0@148/176,a1@148/176,a2@98/180,a3@98/180,a4@16/105,a5@98/180 post_ack_contingencies=0 elapsed_ms=1981
summary role_mask=32 days=8 score=5/40/281
case_complete order=forward mask=32 exit=0
case_elapsed_ms order=forward mask=32 value=29143

case_begin order=reverse mask=32 started=2026-09-02T02:17:27.0310395+00:00
day=1 score=5/5/36 daily=5/36 profile_lb=5/5/36 profile_cert=5/5/36 profile_q50=5/29/137 candidates=16 candidate_ms=296 certification_ms=1115 terminals=a0@106/164,a1@4/139,a2@110/155,a3@191/168,a4@98/133,a5@184/180 post_ack_contingencies=0 elapsed_ms=3377
day=2 score=5/10/73 daily=5/37 profile_lb=5/10/73 profile_cert=5/10/73 profile_q50=5/30/161 candidates=16 candidate_ms=290 certification_ms=1111 terminals=a0@148/165,a1@148/166,a2@148/165,a3@110/153,a4@45/149,a5@213/180 post_ack_contingencies=0 elapsed_ms=3375
day=3 score=5/15/109 daily=5/36 profile_lb=5/29/178 profile_cert=5/29/178 profile_q50=5/30/180 candidates=16 candidate_ms=289 certification_ms=1131 terminals=a0@98/180,a1@98/180,a2@98/180,a3@16/97,a4@98/180,a5@98/180 post_ack_contingencies=0 elapsed_ms=3394
day=4 score=5/20/142 daily=5/33 profile_lb=5/20/142 profile_cert=5/20/142 profile_q50=5/33/198 candidates=16 candidate_ms=313 certification_ms=1112 terminals=a0@148/158,a1@148/158,a2@148/158,a3@45/159,a4@148/158,a5@98/180 post_ack_contingencies=0 elapsed_ms=3376
day=5 score=5/25/170 daily=5/28 profile_lb=5/36/215 profile_cert=5/36/215 profile_q50=5/38/222 candidates=16 candidate_ms=289 certification_ms=1086 terminals=a0@106/180,a1@106/180,a2@240/151,a3@98/158,a4@106/180,a5@106/180 post_ack_contingencies=0 elapsed_ms=3347
day=6 score=5/30/206 daily=5/36 profile_lb=5/30/206 profile_cert=5/30/206 profile_q50=5/38/235 candidates=16 candidate_ms=304 certification_ms=1117 terminals=a0@16/155,a1@16/155,a2@4/104,a3@106/180,a4@98/156,a5@106/180 post_ack_contingencies=0 elapsed_ms=3378
day=7 score=5/35/243 daily=5/37 profile_lb=5/39/260 profile_cert=5/39/260 profile_q50=5/39/260 candidates=16 candidate_ms=287 certification_ms=737 terminals=a0@45/170,a1@45/170,a2@148/40,a3@148/154,a4@45/170,a5@106/180 post_ack_contingencies=0 elapsed_ms=2998
day=8 score=5/40/281 daily=5/38 profile_lb=5/40/281 profile_cert=5/40/281 profile_q50=5/40/281 candidates=16 candidate_ms=2 certification_ms=1 terminals=a0@148/176,a1@148/176,a2@98/180,a3@98/180,a4@16/105,a5@98/180 post_ack_contingencies=0 elapsed_ms=1977
summary role_mask=32 days=8 score=5/40/281
case_complete order=reverse mask=32 exit=0
case_elapsed_ms order=reverse mask=32 value=29124

case_begin order=reverse mask=16 started=2026-09-02T02:17:56.1627759+00:00
day=1 score=5/5/36 daily=5/36 profile_lb=5/5/36 profile_cert=5/5/36 profile_q50=5/29/137 candidates=16 candidate_ms=375 certification_ms=1115 terminals=a0@106/164,a1@4/139,a2@98/155,a3@191/168,a4@184/180,a5@110/135 post_ack_contingencies=0 elapsed_ms=3378
day=2 score=5/10/73 daily=5/37 profile_lb=5/10/73 profile_cert=5/10/73 profile_q50=5/30/161 candidates=16 candidate_ms=289 certification_ms=1115 terminals=a0@148/165,a1@148/166,a2@45/149,a3@110/153,a4@213/180,a5@148/165 post_ack_contingencies=0 elapsed_ms=3376
day=3 score=5/15/109 daily=5/36 profile_lb=5/29/178 profile_cert=5/29/178 profile_q50=5/30/180 candidates=16 candidate_ms=290 certification_ms=1116 terminals=a0@98/180,a1@98/180,a2@98/180,a3@16/97,a4@98/180,a5@98/180 post_ack_contingencies=0 elapsed_ms=3377
day=4 score=5/20/142 daily=5/33 profile_lb=5/20/142 profile_cert=5/20/142 profile_q50=5/33/198 candidates=16 candidate_ms=304 certification_ms=1115 terminals=a0@148/158,a1@148/158,a2@148/158,a3@45/159,a4@98/180,a5@148/158 post_ack_contingencies=0 elapsed_ms=3376
day=5 score=5/25/170 daily=5/28 profile_lb=5/36/215 profile_cert=5/36/215 profile_q50=5/38/222 candidates=16 candidate_ms=289 certification_ms=1084 terminals=a0@106/180,a1@106/180,a2@240/151,a3@98/158,a4@106/180,a5@106/180 post_ack_contingencies=0 elapsed_ms=3347
day=6 score=5/30/206 daily=5/36 profile_lb=5/30/206 profile_cert=5/30/206 profile_q50=5/38/235 candidates=16 candidate_ms=301 certification_ms=1114 terminals=a0@16/127,a1@16/127,a2@4/174,a3@106/156,a4@98/180,a5@98/180 post_ack_contingencies=0 elapsed_ms=3376
day=7 score=5/35/234 daily=5/28 profile_lb=5/39/249 profile_cert=5/39/249 profile_q50=5/39/250 candidates=16 candidate_ms=284 certification_ms=901 terminals=a0@98/180,a1@148/176,a2@148/176,a3@148/176,a4@98/180,a5@106/119 post_ack_contingencies=0 elapsed_ms=3163
day=8 score=5/40/269 daily=5/35 profile_lb=5/40/269 profile_cert=5/40/269 profile_q50=5/40/269 candidates=16 candidate_ms=2 certification_ms=1 terminals=a0@148/158,a1@98/180,a2@98/180,a3@106/118,a4@98/180,a5@16/54 post_ack_contingencies=0 elapsed_ms=1949
summary role_mask=16 days=8 score=5/40/269
case_complete order=reverse mask=16 exit=0
case_elapsed_ms order=reverse mask=16 value=29287

case_begin order=reverse mask=8 started=2026-09-02T02:18:25.4569812+00:00
day=1 score=5/5/37 daily=5/37 profile_lb=5/5/37 profile_cert=5/5/37 profile_q50=5/28/137 candidates=16 candidate_ms=375 certification_ms=1115 terminals=a0@98/142,a1@4/158,a2@110/132,a3@71/180,a4@98/163,a5@4/156 post_ack_contingencies=0 elapsed_ms=3377
day=2 score=5/10/73 daily=5/36 profile_lb=5/10/73 profile_cert=5/10/73 profile_q50=5/27/160 candidates=16 candidate_ms=289 certification_ms=1117 terminals=a0@45/170,a1@110/176,a2@148/144,a3@106/180,a4@148/98,a5@110/176 post_ack_contingencies=0 elapsed_ms=3379
day=3 score=5/15/102 daily=5/29 profile_lb=5/31/177 profile_cert=5/31/177 profile_q50=5/32/172 candidates=16 candidate_ms=292 certification_ms=992 terminals=a0@98/180,a1@240/153,a2@106/169,a3@98/180,a4@106/169,a5@98/180 post_ack_contingencies=0 elapsed_ms=3255
day=4 score=5/20/137 daily=5/35 profile_lb=5/20/137 profile_cert=5/20/137 profile_q50=5/33/192 candidates=16 candidate_ms=293 certification_ms=1112 terminals=a0@148/158,a1@4/174,a2@148/176,a3@98/180,a4@16/111,a5@148/158 post_ack_contingencies=0 elapsed_ms=3376
day=5 score=5/25/173 daily=5/36 profile_lb=5/25/173 profile_cert=5/25/173 profile_q50=5/35/216 candidates=16 candidate_ms=292 certification_ms=1114 terminals=a0@98/180,a1@148/126,a2@4/127,a3@98/180,a4@45/159,a5@98/180 post_ack_contingencies=0 elapsed_ms=3378
day=6 score=5/30/208 daily=5/35 profile_lb=5/30/208 profile_cert=5/30/208 profile_q50=5/38/237 candidates=16 candidate_ms=288 certification_ms=1115 terminals=a0@106/162,a1@98/152,a2@98/165,a3@184/180,a4@16/155,a5@106/175 post_ack_contingencies=0 elapsed_ms=3376
day=7 score=5/35/236 daily=5/28 profile_lb=5/38/255 profile_cert=5/38/255 profile_q50=5/39/251 candidates=16 candidate_ms=288 certification_ms=924 terminals=a0@148/180,a1@106/165,a2@106/165,a3@148/180,a4@148/180,a5@148/180 post_ack_contingencies=0 elapsed_ms=3185
day=8 score=5/40/270 daily=5/34 profile_lb=5/40/270 profile_cert=5/40/270 profile_q50=5/40/270 candidates=16 candidate_ms=2 certification_ms=0 terminals=a0@106/158,a1@148/180,a2@16/100,a3@148/180,a4@106/158,a5@106/158 post_ack_contingencies=0 elapsed_ms=1976
summary role_mask=8 days=8 score=5/40/270
case_complete order=reverse mask=8 exit=0
case_elapsed_ms order=reverse mask=8 value=29214

case_begin order=reverse mask=4 started=2026-09-02T02:18:54.6792652+00:00
day=1 score=5/5/37 daily=5/37 profile_lb=5/5/37 profile_cert=5/5/37 profile_q50=5/29/138 candidates=16 candidate_ms=285 certification_ms=1116 terminals=a0@98/142,a1@4/158,a2@71/180,a3@191/133,a4@98/163,a5@4/156 post_ack_contingencies=0 elapsed_ms=3377
day=2 score=5/10/73 daily=5/36 profile_lb=5/10/73 profile_cert=5/10/73 profile_q50=5/26/163 candidates=16 candidate_ms=288 certification_ms=1117 terminals=a0@148/77,a1@110/176,a2@106/180,a3@110/176,a4@45/170,a5@110/176 post_ack_contingencies=0 elapsed_ms=3377
day=3 score=5/15/102 daily=5/29 profile_lb=5/30/172 profile_cert=5/30/172 profile_q50=5/30/173 candidates=16 candidate_ms=289 certification_ms=1024 terminals=a0@106/169,a1@240/153,a2@98/180,a3@98/180,a4@98/180,a5@98/180 post_ack_contingencies=0 elapsed_ms=3285
day=4 score=5/20/137 daily=5/35 profile_lb=5/20/137 profile_cert=5/20/137 profile_q50=5/34/192 candidates=16 candidate_ms=298 certification_ms=1115 terminals=a0@16/111,a1@4/174,a2@98/180,a3@148/158,a4@148/158,a5@106/134 post_ack_contingencies=0 elapsed_ms=3376
day=5 score=5/25/173 daily=5/36 profile_lb=5/25/173 profile_cert=5/25/173 profile_q50=5/36/217 candidates=16 candidate_ms=289 certification_ms=1115 terminals=a0@45/159,a1@110/113,a2@98/180,a3@98/180,a4@98/180,a5@148/176 post_ack_contingencies=0 elapsed_ms=3378
day=6 score=5/30/208 daily=5/35 profile_lb=5/30/208 profile_cert=5/30/208 profile_q50=5/38/237 candidates=16 candidate_ms=296 certification_ms=1116 terminals=a0@98/180,a1@16/58,a2@98/180,a3@106/133,a4@106/133,a5@98/180 post_ack_contingencies=0 elapsed_ms=3377
day=7 score=5/35/244 daily=5/36 profile_lb=5/40/260 profile_cert=5/40/260 profile_q50=5/40/260 candidates=16 candidate_ms=297 certification_ms=1113 terminals=a0@148/161,a1@45/159,a2@98/180,a3@148/176,a4@16/78,a5@148/161 post_ack_contingencies=0 elapsed_ms=3376
day=8 score=5/40/282 daily=5/38 profile_lb=5/40/282 profile_cert=5/40/282 profile_q50=5/40/282 candidates=16 candidate_ms=2 certification_ms=0 terminals=a0@98/180,a1@148/176,a2@98/180,a3@106/118,a4@45/159,a5@98/180 post_ack_contingencies=0 elapsed_ms=1987
summary role_mask=4 days=8 score=5/40/282
case_complete order=reverse mask=4 exit=0
case_elapsed_ms order=reverse mask=4 value=29457

case_begin order=reverse mask=2 started=2026-09-02T02:19:24.1422397+00:00
day=1 score=5/5/37 daily=5/37 profile_lb=5/5/37 profile_cert=5/5/37 profile_q50=5/29/137 candidates=16 candidate_ms=293 certification_ms=1114 terminals=a0@106/145,a1@71/180,a2@98/142,a3@191/133,a4@98/163,a5@4/156 post_ack_contingencies=0 elapsed_ms=3376
day=2 score=5/10/73 daily=5/36 profile_lb=5/10/73 profile_cert=5/10/73 profile_q50=5/30/161 candidates=16 candidate_ms=288 certification_ms=1116 terminals=a0@148/165,a1@213/180,a2@45/149,a3@110/153,a4@148/135,a5@148/166 post_ack_contingencies=0 elapsed_ms=3377
day=3 score=5/15/109 daily=5/36 profile_lb=5/29/178 profile_cert=5/29/178 profile_q50=5/30/180 candidates=16 candidate_ms=292 certification_ms=1114 terminals=a0@98/180,a1@98/180,a2@98/180,a3@16/97,a4@98/180,a5@98/180 post_ack_contingencies=0 elapsed_ms=3377
day=4 score=5/20/142 daily=5/33 profile_lb=5/20/142 profile_cert=5/20/142 profile_q50=5/33/198 candidates=16 candidate_ms=311 certification_ms=1113 terminals=a0@148/158,a1@98/180,a2@148/158,a3@45/159,a4@148/158,a5@148/158 post_ack_contingencies=0 elapsed_ms=3375
day=5 score=5/25/170 daily=5/28 profile_lb=5/36/215 profile_cert=5/36/215 profile_q50=5/38/222 candidates=16 candidate_ms=288 certification_ms=1023 terminals=a0@106/180,a1@106/180,a2@240/151,a3@98/158,a4@106/180,a5@106/180 post_ack_contingencies=0 elapsed_ms=3283
day=6 score=5/30/206 daily=5/36 profile_lb=5/30/206 profile_cert=5/30/206 profile_q50=5/38/235 candidates=16 candidate_ms=305 certification_ms=1115 terminals=a0@16/127,a1@98/180,a2@4/174,a3@106/156,a4@98/180,a5@98/180 post_ack_contingencies=0 elapsed_ms=3377
day=7 score=5/35/242 daily=5/36 profile_lb=5/39/261 profile_cert=5/39/261 profile_q50=5/40/257 candidates=16 candidate_ms=293 certification_ms=1114 terminals=a0@45/159,a1@98/180,a2@148/110,a3@16/101,a4@148/161,a5@148/161 post_ack_contingencies=0 elapsed_ms=3375
day=8 score=5/40/280 daily=5/38 profile_lb=5/40/280 profile_cert=5/40/280 profile_q50=5/40/280 candidates=16 candidate_ms=3 certification_ms=0 terminals=a0@148/176,a1@98/180,a2@98/180,a3@45/159,a4@98/180,a5@106/103 post_ack_contingencies=0 elapsed_ms=1950
summary role_mask=2 days=8 score=5/40/280
case_complete order=reverse mask=2 exit=0
case_elapsed_ms order=reverse mask=2 value=29473

case_begin order=reverse mask=1 started=2026-09-02T02:19:53.6242660+00:00
day=1 score=5/5/37 daily=5/37 profile_lb=5/5/37 profile_cert=5/5/37 profile_q50=5/29/139 candidates=16 candidate_ms=289 certification_ms=1116 terminals=a0@71/180,a1@4/158,a2@98/142,a3@191/133,a4@98/163,a5@110/148 post_ack_contingencies=0 elapsed_ms=3377
day=2 score=5/10/74 daily=5/37 profile_lb=5/10/74 profile_cert=5/10/74 profile_q50=5/30/162 candidates=16 candidate_ms=286 certification_ms=1115 terminals=a0@213/180,a1@148/166,a2@45/149,a3@110/153,a4@148/135,a5@148/165 post_ack_contingencies=0 elapsed_ms=3376
day=3 score=5/15/110 daily=5/36 profile_lb=5/29/179 profile_cert=5/29/179 profile_q50=5/30/181 candidates=16 candidate_ms=290 certification_ms=1114 terminals=a0@98/180,a1@98/180,a2@98/180,a3@16/97,a4@98/180,a5@98/180 post_ack_contingencies=0 elapsed_ms=3377
day=4 score=5/20/143 daily=5/33 profile_lb=5/20/143 profile_cert=5/20/143 profile_q50=5/33/199 candidates=16 candidate_ms=309 certification_ms=1115 terminals=a0@98/180,a1@148/158,a2@148/158,a3@45/159,a4@148/158,a5@148/158 post_ack_contingencies=0 elapsed_ms=3377
day=5 score=5/25/171 daily=5/28 profile_lb=5/36/216 profile_cert=5/36/216 profile_q50=5/38/223 candidates=16 candidate_ms=289 certification_ms=1105 terminals=a0@106/180,a1@106/180,a2@240/151,a3@98/158,a4@106/180,a5@106/180 post_ack_contingencies=0 elapsed_ms=3367
day=6 score=5/30/207 daily=5/36 profile_lb=5/30/207 profile_cert=5/30/207 profile_q50=5/38/236 candidates=16 candidate_ms=297 certification_ms=1115 terminals=a0@98/180,a1@16/127,a2@4/174,a3@106/156,a4@98/180,a5@98/180 post_ack_contingencies=0 elapsed_ms=3377
day=7 score=5/35/243 daily=5/36 profile_lb=5/39/262 profile_cert=5/39/262 profile_q50=5/40/258 candidates=16 candidate_ms=295 certification_ms=748 terminals=a0@98/180,a1@45/159,a2@148/110,a3@16/101,a4@148/161,a5@148/161 post_ack_contingencies=0 elapsed_ms=3008
day=8 score=5/40/281 daily=5/38 profile_lb=5/40/281 profile_cert=5/40/281 profile_q50=5/40/281 candidates=16 candidate_ms=3 certification_ms=0 terminals=a0@98/180,a1@148/176,a2@98/180,a3@45/159,a4@98/180,a5@106/103 post_ack_contingencies=0 elapsed_ms=1984
summary role_mask=1 days=8 score=5/40/281
case_complete order=reverse mask=1 exit=0
case_elapsed_ms order=reverse mask=1 value=29186

case_begin order=reverse mask=0 started=2026-09-02T02:20:22.8222317+00:00
day=1 score=5/5/44 daily=5/44 profile_lb=5/5/44 profile_cert=5/5/44 profile_q50=5/27/154 candidates=16 candidate_ms=375 certification_ms=1114 terminals=a0@98/117,a1@4/126,a2@110/101,a3@191/133,a4@98/133,a5@4/126 post_ack_contingencies=0 elapsed_ms=3376
day=2 score=5/10/88 daily=5/44 profile_lb=5/10/88 profile_cert=5/10/88 profile_q50=5/34/169 candidates=16 candidate_ms=311 certification_ms=1115 terminals=a0@45/66,a1@148/57,a2@148/36,a3@98/89,a4@148/68,a5@110/55 post_ack_contingencies=0 elapsed_ms=3377
day=3 score=5/15/128 daily=5/40 profile_lb=5/33/173 profile_cert=5/33/173 profile_q50=5/33/174 candidates=16 candidate_ms=291 certification_ms=840 terminals=a0@98/13,a1@98/9,a2@4/4,a3@106/41,a4@240/32,a5@16/5 post_ack_contingencies=0 elapsed_ms=3102
day=4 score=5/20/145 daily=5/17 profile_lb=5/40/169 profile_cert=5/40/169 profile_q50=5/40/169 candidates=16 candidate_ms=310 certification_ms=190 terminals=a0@106/2,a1@213/1,a2@4/4,a3@249/3,a4@148/0,a5@4/0 post_ack_contingencies=0 elapsed_ms=2451
day=5 score=5/25/151 daily=5/6 profile_lb=5/40/169 profile_cert=5/40/169 profile_q50=5/40/169 candidates=16 candidate_ms=384 certification_ms=110 terminals=a0@106/2,a1@213/1,a2@4/4,a3@249/3,a4@148/0,a5@4/0 post_ack_contingencies=0 elapsed_ms=707
day=6 score=5/30/157 daily=5/6 profile_lb=5/40/169 profile_cert=5/40/169 profile_q50=5/40/169 candidates=16 candidate_ms=344 certification_ms=61 terminals=a0@106/2,a1@213/1,a2@4/4,a3@249/3,a4@148/0,a5@4/0 post_ack_contingencies=0 elapsed_ms=616
day=7 score=5/35/163 daily=5/6 profile_lb=5/40/169 profile_cert=5/40/169 profile_q50=5/40/169 candidates=16 candidate_ms=178 certification_ms=50 terminals=a0@106/2,a1@213/1,a2@4/4,a3@249/3,a4@148/0,a5@4/0 post_ack_contingencies=0 elapsed_ms=441
day=8 score=5/40/169 daily=5/6 profile_lb=5/40/169 profile_cert=5/40/169 profile_q50=5/40/169 candidates=16 candidate_ms=1 certification_ms=0 terminals=a0@106/2,a1@213/1,a2@4/4,a3@249/3,a4@148/0,a5@4/0 post_ack_contingencies=0 elapsed_ms=217
summary role_mask=0 days=8 score=5/40/169
case_complete order=reverse mask=0 exit=0
case_elapsed_ms order=reverse mask=0 value=18134

run_complete cases=14
