case_begin order=forward mask=0 started=2026-09-02T15:19:12.3407229+00:00
day=1 score=5/5/35 daily=5/35 profile_lb=5/5/35 profile_cert=5/5/35 profile_q50=5/25/111 candidates=16 candidate_ms=375 certification_ms=1120 terminals=a0@129/90,a1@108/94,a2@17/94,a3@7/104,a4@7/103 post_ack_contingencies=0 elapsed_ms=3382
day=2 score=5/10/67 daily=5/32 profile_lb=5/10/67 profile_cert=5/10/67 profile_q50=5/26/121 candidates=16 candidate_ms=373 certification_ms=1122 terminals=a0@43/44,a1@90/43,a2@90/40,a3@43/48,a4@90/45 post_ack_contingencies=0 elapsed_ms=3383
day=3 score=5/15/96 daily=5/29 profile_lb=5/15/96 profile_cert=5/15/96 profile_q50=5/26/121 candidates=16 candidate_ms=313 certification_ms=1118 terminals=a0@108/2,a1@129/31,a2@7/0,a3@108/6,a4@129/33 post_ack_contingencies=0 elapsed_ms=3378
day=4 score=5/20/113 daily=5/17 profile_lb=5/28/123 profile_cert=5/28/123 profile_q50=5/28/123 candidates=16 candidate_ms=483 certification_ms=986 terminals=a0@108/2,a1@21/0,a2@7/0,a3@125/0,a4@43/1 post_ack_contingencies=0 elapsed_ms=3246
day=5 score=5/24/118 daily=4/5 profile_lb=5/28/123 profile_cert=5/28/123 profile_q50=5/28/123 candidates=16 candidate_ms=141 certification_ms=477 terminals=a0@108/2,a1@21/0,a2@7/0,a3@125/0,a4@43/1 post_ack_contingencies=0 elapsed_ms=802
day=6 score=5/28/123 daily=4/5 profile_lb=5/28/123 profile_cert=5/28/123 profile_q50=5/28/123 candidates=9 candidate_ms=0 certification_ms=0 terminals=a0@108/2,a1@21/0,a2@7/0,a3@125/0,a4@43/1 post_ack_contingencies=0 elapsed_ms=202
summary role_mask=0 days=6 score=5/28/123
case_complete order=forward mask=0 exit=0
case_elapsed_ms order=forward mask=0 value=17061

case_begin order=forward mask=1 started=2026-09-02T15:19:29.5130930+00:00
day=1 score=5/5/32 daily=5/32 profile_lb=5/5/32 profile_cert=5/5/32 profile_q50=5/26/99 candidates=16 candidate_ms=311 certification_ms=1118 terminals=a0@129/144,a1@108/122,a2@129/144,a3@7/104,a4@7/96 post_ack_contingencies=0 elapsed_ms=3378
day=2 score=5/10/60 daily=5/28 profile_lb=5/10/60 profile_cert=5/10/60 profile_q50=5/30/136 candidates=16 candidate_ms=312 certification_ms=1115 terminals=a0@129/144,a1@43/131,a2@40/127,a3@43/131,a4@90/107 post_ack_contingencies=0 elapsed_ms=3378
day=3 score=5/15/89 daily=5/29 profile_lb=5/15/89 profile_cert=5/15/89 profile_q50=5/30/141 candidates=16 candidate_ms=297 certification_ms=1115 terminals=a0@129/144,a1@90/108,a2@90/108,a3@90/108,a4@7/116 post_ack_contingencies=0 elapsed_ms=3378
day=4 score=5/20/116 daily=5/27 profile_lb=5/20/116 profile_cert=5/20/116 profile_q50=5/30/157 candidates=16 candidate_ms=300 certification_ms=1115 terminals=a0@17/144,a1@17/144,a2@17/144,a3@21/137,a4@13/140 post_ack_contingencies=0 elapsed_ms=3378
day=5 score=5/25/143 daily=5/27 profile_lb=5/25/143 profile_cert=5/25/143 profile_q50=5/30/160 candidates=16 candidate_ms=375 certification_ms=1118 terminals=a0@17/144,a1@43/118,a2@43/118,a3@90/126,a4@7/100 post_ack_contingencies=0 elapsed_ms=3381
day=6 score=5/30/175 daily=5/32 profile_lb=5/30/175 profile_cert=5/30/175 profile_q50=5/30/175 candidates=16 candidate_ms=2 certification_ms=0 terminals=a0@17/144,a1@129/93,a2@7/113,a3@108/131,a4@13/118 post_ack_contingencies=0 elapsed_ms=1964
summary role_mask=1 days=6 score=5/30/175
case_complete order=forward mask=1 exit=0
case_elapsed_ms order=forward mask=1 value=21630

case_begin order=forward mask=2 started=2026-09-02T15:19:51.1641966+00:00
day=1 score=5/5/32 daily=5/32 profile_lb=5/5/32 profile_cert=5/5/32 profile_q50=5/25/110 candidates=16 candidate_ms=311 certification_ms=1115 terminals=a0@129/132,a1@76/144,a2@17/108,a3@7/118,a4@7/96 post_ack_contingencies=0 elapsed_ms=3378
day=2 score=5/10/59 daily=5/27 profile_lb=5/10/59 profile_cert=5/10/59 profile_q50=5/29/136 candidates=16 candidate_ms=305 certification_ms=1114 terminals=a0@40/134,a1@90/144,a2@90/144,a3@43/138,a4@90/144 post_ack_contingencies=0 elapsed_ms=3378
day=3 score=5/15/87 daily=5/28 profile_lb=5/15/87 profile_cert=5/15/87 profile_q50=5/30/138 candidates=16 candidate_ms=314 certification_ms=1118 terminals=a0@43/138,a1@90/144,a2@35/100,a3@76/142,a4@35/100 post_ack_contingencies=0 elapsed_ms=3381
day=4 score=5/20/114 daily=5/27 profile_lb=5/20/114 profile_cert=5/20/114 profile_q50=5/30/157 candidates=16 candidate_ms=376 certification_ms=1114 terminals=a0@90/124,a1@13/144,a2@43/119,a3@17/110,a4@17/140 post_ack_contingencies=0 elapsed_ms=3379
day=5 score=5/25/141 daily=5/27 profile_lb=5/25/141 profile_cert=5/25/141 profile_q50=5/30/161 candidates=16 candidate_ms=302 certification_ms=1119 terminals=a0@7/84,a1@90/144,a2@90/144,a3@90/144,a4@43/138 post_ack_contingencies=0 elapsed_ms=3381
day=6 score=5/30/173 daily=5/32 profile_lb=5/30/173 profile_cert=5/30/173 profile_q50=5/30/173 candidates=16 candidate_ms=4 certification_ms=0 terminals=a0@129/139,a1@125/144,a2@13/100,a3@35/96,a4@129/139 post_ack_contingencies=0 elapsed_ms=1954
summary role_mask=2 days=6 score=5/30/173
case_complete order=forward mask=2 exit=0
case_elapsed_ms order=forward mask=2 value=21635

case_begin order=forward mask=4 started=2026-09-02T15:20:12.8153104+00:00
day=1 score=5/5/32 daily=5/32 profile_lb=5/5/32 profile_cert=5/5/32 profile_q50=5/30/133 candidates=16 candidate_ms=314 certification_ms=1117 terminals=a0@129/134,a1@125/139,a2@90/144,a3@108/107,a4@17/134 post_ack_contingencies=0 elapsed_ms=3378
day=2 score=5/10/60 daily=5/28 profile_lb=5/10/60 profile_cert=5/10/60 profile_q50=5/29/139 candidates=16 candidate_ms=313 certification_ms=1116 terminals=a0@43/138,a1@7/127,a2@90/144,a3@90/144,a4@90/144 post_ack_contingencies=0 elapsed_ms=3377
day=3 score=5/15/88 daily=5/28 profile_lb=5/15/88 profile_cert=5/15/88 profile_q50=5/30/147 candidates=16 candidate_ms=768 certification_ms=1118 terminals=a0@40/120,a1@76/105,a2@17/144,a3@35/135,a4@35/135 post_ack_contingencies=0 elapsed_ms=3378
day=4 score=5/20/114 daily=5/26 profile_lb=5/20/114 profile_cert=5/20/114 profile_q50=5/30/151 candidates=16 candidate_ms=315 certification_ms=1118 terminals=a0@43/144,a1@17/140,a2@43/144,a3@43/144,a4@7/88 post_ack_contingencies=0 elapsed_ms=3378
day=5 score=5/25/140 daily=5/26 profile_lb=5/25/140 profile_cert=5/25/140 profile_q50=5/30/154 candidates=16 candidate_ms=314 certification_ms=1118 terminals=a0@40/95,a1@90/94,a2@43/144,a3@40/95,a4@43/144 post_ack_contingencies=0 elapsed_ms=3380
day=6 score=5/30/172 daily=5/32 profile_lb=5/30/172 profile_cert=5/30/172 profile_q50=5/30/172 candidates=16 candidate_ms=2 certification_ms=0 terminals=a0@129/126,a1@129/105,a2@43/144,a3@13/116,a4@35/96 post_ack_contingencies=0 elapsed_ms=1948
summary role_mask=4 days=6 score=5/30/172
case_complete order=forward mask=4 exit=0
case_elapsed_ms order=forward mask=4 value=21574

case_begin order=forward mask=8 started=2026-09-02T15:20:34.3944691+00:00
day=1 score=5/5/32 daily=5/32 profile_lb=5/5/32 profile_cert=5/5/32 profile_q50=5/30/110 candidates=16 candidate_ms=313 certification_ms=1117 terminals=a0@129/90,a1@17/91,a2@13/91,a3@140/144,a4@17/95 post_ack_contingencies=0 elapsed_ms=3377
day=2 score=5/10/58 daily=5/26 profile_lb=5/10/58 profile_cert=5/10/58 profile_q50=5/30/138 candidates=16 candidate_ms=316 certification_ms=1116 terminals=a0@40/134,a1@90/144,a2@7/120,a3@90/144,a4@90/144 post_ack_contingencies=0 elapsed_ms=3378
day=3 score=5/15/87 daily=5/29 profile_lb=5/15/87 profile_cert=5/15/87 profile_q50=5/30/137 candidates=16 candidate_ms=509 certification_ms=1117 terminals=a0@90/144,a1@43/101,a2@76/142,a3@90/144,a4@43/101 post_ack_contingencies=0 elapsed_ms=3380
day=4 score=5/20/116 daily=5/29 profile_lb=5/20/116 profile_cert=5/20/116 profile_q50=5/30/145 candidates=16 candidate_ms=315 certification_ms=1116 terminals=a0@21/94,a1@125/139,a2@17/118,a3@90/144,a4@90/144 post_ack_contingencies=0 elapsed_ms=3376
day=5 score=5/25/144 daily=5/28 profile_lb=5/25/144 profile_cert=5/25/144 profile_q50=5/30/164 candidates=16 candidate_ms=314 certification_ms=1119 terminals=a0@90/144,a1@90/144,a2@43/138,a3@90/144,a4@7/104 post_ack_contingencies=0 elapsed_ms=3379
day=6 score=5/30/176 daily=5/32 profile_lb=5/30/176 profile_cert=5/30/176 profile_q50=5/30/176 candidates=16 candidate_ms=1 certification_ms=0 terminals=a0@108/92,a1@13/92,a2@129/135,a3@90/144,a4@129/135 post_ack_contingencies=0 elapsed_ms=1948
summary role_mask=8 days=6 score=5/30/176
case_complete order=forward mask=8 exit=0
case_elapsed_ms order=forward mask=8 value=20931

case_begin order=forward mask=16 started=2026-09-02T15:20:55.3322608+00:00
day=1 score=5/5/32 daily=5/32 profile_lb=5/5/32 profile_cert=5/5/32 profile_q50=5/25/110 candidates=16 candidate_ms=313 certification_ms=1117 terminals=a0@129/139,a1@17/119,a2@13/111,a3@17/103,a4@125/144 post_ack_contingencies=0 elapsed_ms=3377
day=2 score=5/10/58 daily=5/26 profile_lb=5/10/58 profile_cert=5/10/58 profile_q50=5/30/138 candidates=16 candidate_ms=316 certification_ms=1120 terminals=a0@40/134,a1@90/144,a2@7/120,a3@90/144,a4@90/144 post_ack_contingencies=0 elapsed_ms=3382
day=3 score=5/15/86 daily=5/28 profile_lb=5/15/86 profile_cert=5/15/86 profile_q50=5/30/143 candidates=16 candidate_ms=314 certification_ms=1119 terminals=a0@43/131,a1@13/116,a2@76/135,a3@13/116,a4@129/144 post_ack_contingencies=0 elapsed_ms=3380
day=4 score=5/20/113 daily=5/27 profile_lb=5/20/113 profile_cert=5/20/113 profile_q50=5/30/155 candidates=16 candidate_ms=315 certification_ms=1116 terminals=a0@125/115,a1@17/144,a2@17/144,a3@17/144,a4@17/144 post_ack_contingencies=0 elapsed_ms=3377
day=5 score=5/25/143 daily=5/30 profile_lb=5/25/143 profile_cert=5/25/143 profile_q50=5/30/159 candidates=16 candidate_ms=349 certification_ms=1116 terminals=a0@40/114,a1@108/94,a2@35/104,a3@35/104,a4@17/144 post_ack_contingencies=0 elapsed_ms=3377
day=6 score=5/30/175 daily=5/32 profile_lb=5/30/175 profile_cert=5/30/175 profile_q50=5/30/175 candidates=16 candidate_ms=1 certification_ms=0 terminals=a0@129/97,a1@13/140,a2@129/120,a3@13/118,a4@17/144 post_ack_contingencies=0 elapsed_ms=1946
summary role_mask=16 days=6 score=5/30/175
case_complete order=forward mask=16 exit=0
case_elapsed_ms order=forward mask=16 value=20944

case_begin order=reverse mask=16 started=2026-09-02T15:21:16.2837850+00:00
day=1 score=5/5/32 daily=5/32 profile_lb=5/5/32 profile_cert=5/5/32 profile_q50=5/25/110 candidates=16 candidate_ms=316 certification_ms=1115 terminals=a0@129/139,a1@17/119,a2@13/111,a3@17/103,a4@125/144 post_ack_contingencies=0 elapsed_ms=3376
day=2 score=5/10/58 daily=5/26 profile_lb=5/10/58 profile_cert=5/10/58 profile_q50=5/30/138 candidates=16 candidate_ms=315 certification_ms=1118 terminals=a0@40/134,a1@90/144,a2@7/120,a3@90/144,a4@90/144 post_ack_contingencies=0 elapsed_ms=3379
day=3 score=5/15/86 daily=5/28 profile_lb=5/15/86 profile_cert=5/15/86 profile_q50=5/30/143 candidates=16 candidate_ms=323 certification_ms=1120 terminals=a0@43/131,a1@13/116,a2@76/135,a3@13/116,a4@129/144 post_ack_contingencies=0 elapsed_ms=3380
day=4 score=5/20/113 daily=5/27 profile_lb=5/20/113 profile_cert=5/20/113 profile_q50=5/30/155 candidates=16 candidate_ms=314 certification_ms=1116 terminals=a0@125/115,a1@17/144,a2@17/144,a3@17/144,a4@17/144 post_ack_contingencies=0 elapsed_ms=3377
day=5 score=5/25/143 daily=5/30 profile_lb=5/25/143 profile_cert=5/25/143 profile_q50=5/30/159 candidates=16 candidate_ms=330 certification_ms=1118 terminals=a0@40/114,a1@108/94,a2@35/104,a3@35/104,a4@17/144 post_ack_contingencies=0 elapsed_ms=3379
day=6 score=5/30/175 daily=5/32 profile_lb=5/30/175 profile_cert=5/30/175 profile_q50=5/30/175 candidates=16 candidate_ms=2 certification_ms=0 terminals=a0@129/97,a1@13/140,a2@129/120,a3@13/118,a4@17/144 post_ack_contingencies=0 elapsed_ms=1951
summary role_mask=16 days=6 score=5/30/175
case_complete order=reverse mask=16 exit=0
case_elapsed_ms order=reverse mask=16 value=20931

case_begin order=reverse mask=8 started=2026-09-02T15:21:37.2199694+00:00
day=1 score=5/5/32 daily=5/32 profile_lb=5/5/32 profile_cert=5/5/32 profile_q50=5/30/110 candidates=16 candidate_ms=316 certification_ms=1117 terminals=a0@129/90,a1@17/91,a2@13/91,a3@140/144,a4@17/95 post_ack_contingencies=0 elapsed_ms=3378
day=2 score=5/10/58 daily=5/26 profile_lb=5/10/58 profile_cert=5/10/58 profile_q50=5/30/138 candidates=16 candidate_ms=314 certification_ms=1115 terminals=a0@40/134,a1@90/144,a2@7/120,a3@90/144,a4@90/144 post_ack_contingencies=0 elapsed_ms=3378
day=3 score=5/15/87 daily=5/29 profile_lb=5/15/87 profile_cert=5/15/87 profile_q50=5/30/137 candidates=16 candidate_ms=407 certification_ms=1117 terminals=a0@90/144,a1@43/101,a2@76/142,a3@90/144,a4@43/101 post_ack_contingencies=0 elapsed_ms=3378
day=4 score=5/20/116 daily=5/29 profile_lb=5/20/116 profile_cert=5/20/116 profile_q50=5/30/145 candidates=16 candidate_ms=314 certification_ms=1117 terminals=a0@21/94,a1@125/139,a2@17/118,a3@90/144,a4@90/144 post_ack_contingencies=0 elapsed_ms=3378
day=5 score=5/25/144 daily=5/28 profile_lb=5/25/144 profile_cert=5/25/144 profile_q50=5/30/164 candidates=16 candidate_ms=313 certification_ms=1118 terminals=a0@90/144,a1@90/144,a2@43/138,a3@90/144,a4@7/104 post_ack_contingencies=0 elapsed_ms=3380
day=6 score=5/30/176 daily=5/32 profile_lb=5/30/176 profile_cert=5/30/176 profile_q50=5/30/176 candidates=16 candidate_ms=1 certification_ms=0 terminals=a0@108/92,a1@13/92,a2@129/135,a3@90/144,a4@129/135 post_ack_contingencies=0 elapsed_ms=1948
summary role_mask=8 days=6 score=5/30/176
case_complete order=reverse mask=8 exit=0
case_elapsed_ms order=reverse mask=8 value=20937

case_begin order=reverse mask=4 started=2026-09-02T15:21:58.1614270+00:00
day=1 score=5/5/32 daily=5/32 profile_lb=5/5/32 profile_cert=5/5/32 profile_q50=5/30/110 candidates=16 candidate_ms=315 certification_ms=1116 terminals=a0@129/139,a1@17/113,a2@125/144,a3@17/96,a4@17/96 post_ack_contingencies=0 elapsed_ms=3377
day=2 score=5/10/58 daily=5/26 profile_lb=5/10/58 profile_cert=5/10/58 profile_q50=5/30/146 candidates=16 candidate_ms=312 certification_ms=1122 terminals=a0@40/134,a1@90/144,a2@90/144,a3@90/144,a4@90/144 post_ack_contingencies=0 elapsed_ms=3383
day=3 score=5/15/89 daily=5/31 profile_lb=5/15/89 profile_cert=5/15/89 profile_q50=5/30/131 candidates=16 candidate_ms=760 certification_ms=1117 terminals=a0@90/144,a1@13/104,a2@90/144,a3@13/104,a4@129/100 post_ack_contingencies=0 elapsed_ms=3378
day=4 score=5/20/115 daily=5/26 profile_lb=5/20/115 profile_cert=5/20/115 profile_q50=5/30/160 candidates=16 candidate_ms=313 certification_ms=1124 terminals=a0@7/135,a1@17/140,a2@43/144,a3@17/140,a4@35/69 post_ack_contingencies=0 elapsed_ms=3384
day=5 score=5/25/141 daily=5/26 profile_lb=5/25/141 profile_cert=5/25/141 profile_q50=5/30/157 candidates=16 candidate_ms=313 certification_ms=1119 terminals=a0@43/138,a1@43/138,a2@90/144,a3@43/138,a4@90/144 post_ack_contingencies=0 elapsed_ms=3379
day=6 score=5/30/173 daily=5/32 profile_lb=5/30/173 profile_cert=5/30/173 profile_q50=5/30/173 candidates=16 candidate_ms=2 certification_ms=0 terminals=a0@129/139,a1@129/139,a2@125/144,a3@7/124,a4@35/96 post_ack_contingencies=0 elapsed_ms=1948
summary role_mask=4 days=6 score=5/30/173
case_complete order=reverse mask=4 exit=0
case_elapsed_ms order=reverse mask=4 value=20979

case_begin order=reverse mask=2 started=2026-09-02T15:22:19.1448800+00:00
day=1 score=5/5/32 daily=5/32 profile_lb=5/5/32 profile_cert=5/5/32 profile_q50=5/25/110 candidates=16 candidate_ms=313 certification_ms=1119 terminals=a0@129/132,a1@76/144,a2@17/108,a3@7/118,a4@7/96 post_ack_contingencies=0 elapsed_ms=3379
day=2 score=5/10/59 daily=5/27 profile_lb=5/10/59 profile_cert=5/10/59 profile_q50=5/29/136 candidates=16 candidate_ms=316 certification_ms=1116 terminals=a0@40/134,a1@90/144,a2@90/144,a3@43/138,a4@90/144 post_ack_contingencies=0 elapsed_ms=3377
day=3 score=5/15/87 daily=5/28 profile_lb=5/15/87 profile_cert=5/15/87 profile_q50=5/30/144 candidates=16 candidate_ms=315 certification_ms=1115 terminals=a0@43/138,a1@90/144,a2@43/101,a3@76/142,a4@43/101 post_ack_contingencies=0 elapsed_ms=3377
day=4 score=5/20/115 daily=5/28 profile_lb=5/20/115 profile_cert=5/20/115 profile_q50=5/29/149 candidates=16 candidate_ms=312 certification_ms=1117 terminals=a0@125/139,a1@90/144,a2@90/144,a3@17/118,a4@90/144 post_ack_contingencies=0 elapsed_ms=3377
day=5 score=5/25/144 daily=5/29 profile_lb=5/25/144 profile_cert=5/25/144 profile_q50=5/30/161 candidates=16 candidate_ms=315 certification_ms=1117 terminals=a0@40/134,a1@90/144,a2@35/99,a3@43/138,a4@35/99 post_ack_contingencies=0 elapsed_ms=3378
day=6 score=5/30/176 daily=5/32 profile_lb=5/30/176 profile_cert=5/30/176 profile_q50=5/30/176 candidates=16 candidate_ms=0 certification_ms=0 terminals=a0@129/114,a1@76/144,a2@129/134,a3@129/133,a4@13/123 post_ack_contingencies=0 elapsed_ms=1949
summary role_mask=2 days=6 score=5/30/176
case_complete order=reverse mask=2 exit=0
case_elapsed_ms order=reverse mask=2 value=20926

case_begin order=reverse mask=1 started=2026-09-02T15:22:40.0755257+00:00
day=1 score=5/5/32 daily=5/32 profile_lb=5/5/32 profile_cert=5/5/32 profile_q50=5/30/127 candidates=16 candidate_ms=314 certification_ms=1117 terminals=a0@129/144,a1@108/122,a2@129/144,a3@7/104,a4@7/96 post_ack_contingencies=0 elapsed_ms=3377
day=2 score=5/10/60 daily=5/28 profile_lb=5/10/60 profile_cert=5/10/60 profile_q50=5/30/136 candidates=16 candidate_ms=314 certification_ms=1116 terminals=a0@129/144,a1@43/131,a2@40/127,a3@43/131,a4@90/107 post_ack_contingencies=0 elapsed_ms=3377
day=3 score=5/15/89 daily=5/29 profile_lb=5/15/89 profile_cert=5/15/89 profile_q50=5/29/130 candidates=16 candidate_ms=313 certification_ms=1117 terminals=a0@13/144,a1@90/125,a2@90/125,a3@90/125,a4@7/133 post_ack_contingencies=0 elapsed_ms=3377
day=4 score=5/20/116 daily=5/27 profile_lb=5/20/116 profile_cert=5/20/116 profile_q50=5/30/157 candidates=16 candidate_ms=313 certification_ms=1119 terminals=a0@17/144,a1@17/144,a2@17/144,a3@21/137,a4@13/140 post_ack_contingencies=0 elapsed_ms=3380
day=5 score=5/25/144 daily=5/28 profile_lb=5/25/144 profile_cert=5/25/144 profile_q50=5/30/159 candidates=16 candidate_ms=323 certification_ms=1117 terminals=a0@17/144,a1@15/97,a2@15/97,a3@90/126,a4@76/122 post_ack_contingencies=0 elapsed_ms=3378
day=6 score=5/30/176 daily=5/32 profile_lb=5/30/176 profile_cert=5/30/176 profile_q50=5/30/176 candidates=16 candidate_ms=1 certification_ms=0 terminals=a0@17/144,a1@129/110,a2@129/112,a3@35/132,a4@108/131 post_ack_contingencies=0 elapsed_ms=1947
summary role_mask=1 days=6 score=5/30/176
case_complete order=reverse mask=1 exit=0
case_elapsed_ms order=reverse mask=1 value=20959

case_begin order=reverse mask=0 started=2026-09-02T15:23:01.0384990+00:00
day=1 score=5/5/35 daily=5/35 profile_lb=5/5/35 profile_cert=5/5/35 profile_q50=5/25/111 candidates=16 candidate_ms=381 certification_ms=1123 terminals=a0@129/90,a1@108/94,a2@17/94,a3@7/104,a4@7/103 post_ack_contingencies=0 elapsed_ms=3385
day=2 score=5/10/67 daily=5/32 profile_lb=5/10/67 profile_cert=5/10/67 profile_q50=5/27/122 candidates=16 candidate_ms=314 certification_ms=1119 terminals=a0@43/44,a1@90/43,a2@90/40,a3@90/46,a4@43/47 post_ack_contingencies=0 elapsed_ms=3380
day=3 score=5/15/96 daily=5/29 profile_lb=5/15/96 profile_cert=5/15/96 profile_q50=5/29/128 candidates=16 candidate_ms=312 certification_ms=1115 terminals=a0@108/2,a1@125/30,a2@125/27,a3@7/6,a4@108/5 post_ack_contingencies=0 elapsed_ms=3375
day=4 score=5/20/110 daily=5/14 profile_lb=5/29/123 profile_cert=5/29/123 profile_q50=5/29/123 candidates=16 candidate_ms=243 certification_ms=328 terminals=a0@108/2,a1@13/5,a2@43/2,a3@21/4,a4@108/5 post_ack_contingencies=0 elapsed_ms=2080
day=5 score=5/25/117 daily=5/7 profile_lb=5/29/123 profile_cert=5/29/123 profile_q50=5/29/123 candidates=16 candidate_ms=58 certification_ms=170 terminals=a0@108/2,a1@40/1,a2@43/2,a3@7/2,a4@108/5 post_ack_contingencies=0 elapsed_ms=331
day=6 score=5/29/123 daily=4/6 profile_lb=5/29/123 profile_cert=5/29/123 profile_q50=5/29/123 candidates=9 candidate_ms=0 certification_ms=0 terminals=a0@108/2,a1@40/1,a2@43/2,a3@21/0,a4@108/5 post_ack_contingencies=0 elapsed_ms=69
summary role_mask=0 days=6 score=5/29/123
case_complete order=reverse mask=0 exit=0
case_elapsed_ms order=reverse mask=0 value=14726

run_complete cases=12
