== binary sha256 ==
FCE6DF49FE0E12169912760F0A46A1092D89FB8C19B728B76700B83669D3CA2F
===== m-4195 mask4 post-ack-2000 run1 =====
day=1 score=8/8/26 daily=8/26 profile_lb=8/8/26 profile_cert=8/8/26 profile_q50=8/40/130 candidates=16 candidate_ms=315 certification_ms=1117 terminals=a0@18/166,a1@119/164,a2@78/180,a3@78/180 post_ack_contingencies=2 elapsed_ms=3377
day=2 score=8/16/52 daily=8/26 profile_lb=8/16/52 profile_cert=8/16/52 profile_q50=8/40/130 candidates=16 candidate_ms=744 certification_ms=1115 terminals=a0@78/180,a1@58/174,a2@78/180,a3@58/137 post_ack_contingencies=3 elapsed_ms=3377
day=3 score=8/24/78 daily=8/26 profile_lb=8/24/78 profile_cert=8/24/78 profile_q50=8/40/130 candidates=16 candidate_ms=756 certification_ms=1115 terminals=a0@2/180,a1@2/180,a2@2/180,a3@2/180 post_ack_contingencies=3 elapsed_ms=3376
day=4 score=8/29/91 daily=5/13 profile_lb=8/37/117 profile_cert=8/37/117 profile_q50=8/37/117 candidates=16 candidate_ms=1693 certification_ms=1115 terminals=a0@75/151,a1@75/151,a2@2/180,a3@75/151 post_ack_contingencies=4 elapsed_ms=3375
day=5 score=8/37/117 daily=8/26 profile_lb=8/37/117 profile_cert=8/37/117 profile_q50=8/37/117 candidates=16 candidate_ms=2 certification_ms=0 terminals=a0@2/180,a1@2/180,a2@2/180,a3@119/157 post_ack_contingencies=0 elapsed_ms=1947
summary role_mask=4 days=5 score=8/37/117
===== m-4195 mask4 post-ack-2000 run2 =====
day=1 score=8/8/26 daily=8/26 profile_lb=8/8/26 profile_cert=8/8/26 profile_q50=8/40/130 candidates=16 candidate_ms=316 certification_ms=1115 terminals=a0@18/166,a1@119/164,a2@78/180,a3@78/180 post_ack_contingencies=2 elapsed_ms=3377
day=2 score=8/16/52 daily=8/26 profile_lb=8/16/52 profile_cert=8/16/52 profile_q50=8/40/130 candidates=16 candidate_ms=684 certification_ms=1115 terminals=a0@78/180,a1@58/174,a2@78/180,a3@58/137 post_ack_contingencies=3 elapsed_ms=3377
day=3 score=8/24/78 daily=8/26 profile_lb=8/24/78 profile_cert=8/24/78 profile_q50=8/40/130 candidates=16 candidate_ms=732 certification_ms=1114 terminals=a0@2/180,a1@2/180,a2@2/180,a3@2/180 post_ack_contingencies=3 elapsed_ms=3375
day=4 score=8/29/91 daily=5/13 profile_lb=8/37/117 profile_cert=8/37/117 profile_q50=8/37/117 candidates=16 candidate_ms=1683 certification_ms=1114 terminals=a0@75/151,a1@75/151,a2@2/180,a3@75/151 post_ack_contingencies=4 elapsed_ms=3375
day=5 score=8/37/117 daily=8/26 profile_lb=8/37/117 profile_cert=8/37/117 profile_q50=8/37/117 candidates=16 candidate_ms=1 certification_ms=0 terminals=a0@2/180,a1@2/180,a2@2/180,a3@119/157 post_ack_contingencies=0 elapsed_ms=1948
summary role_mask=4 days=5 score=8/37/117
===== m-4195 mask4 post-ack-2000 run3 =====
day=1 score=8/8/26 daily=8/26 profile_lb=8/8/26 profile_cert=8/8/26 profile_q50=8/40/130 candidates=16 candidate_ms=316 certification_ms=1114 terminals=a0@18/166,a1@119/164,a2@78/180,a3@78/180 post_ack_contingencies=2 elapsed_ms=3377
day=2 score=8/16/52 daily=8/26 profile_lb=8/16/52 profile_cert=8/16/52 profile_q50=8/40/130 candidates=16 candidate_ms=655 certification_ms=1115 terminals=a0@78/180,a1@58/174,a2@78/180,a3@58/137 post_ack_contingencies=3 elapsed_ms=3377
day=3 score=8/24/78 daily=8/26 profile_lb=8/24/78 profile_cert=8/24/78 profile_q50=8/40/130 candidates=16 candidate_ms=700 certification_ms=1115 terminals=a0@2/180,a1@2/180,a2@2/180,a3@2/180 post_ack_contingencies=3 elapsed_ms=3375
day=4 score=8/32/104 daily=8/26 profile_lb=8/32/104 profile_cert=8/32/104 profile_q50=8/40/130 candidates=16 candidate_ms=1682 certification_ms=1115 terminals=a0@37/152,a1@53/178,a2@78/180,a3@18/173 post_ack_contingencies=4 elapsed_ms=3376
day=5 score=8/40/130 daily=8/26 profile_lb=8/40/130 profile_cert=8/40/130 profile_q50=8/40/130 candidates=16 candidate_ms=1 certification_ms=0 terminals=a0@85/158,a1@119/169,a2@78/180,a3@78/180 post_ack_contingencies=0 elapsed_ms=1947
summary role_mask=4 days=5 score=8/40/130
===== m-4195 mask4 post-ack-2000 run4 =====
day=1 score=8/8/26 daily=8/26 profile_lb=8/8/26 profile_cert=8/8/26 profile_q50=8/40/130 candidates=16 candidate_ms=316 certification_ms=1114 terminals=a0@18/166,a1@119/164,a2@78/180,a3@78/180 post_ack_contingencies=2 elapsed_ms=3376
day=2 score=8/16/52 daily=8/26 profile_lb=8/16/52 profile_cert=8/16/52 profile_q50=8/40/130 candidates=16 candidate_ms=605 certification_ms=1113 terminals=a0@78/180,a1@58/174,a2@78/180,a3@58/137 post_ack_contingencies=3 elapsed_ms=3377
day=3 score=8/24/78 daily=8/26 profile_lb=8/24/78 profile_cert=8/24/78 profile_q50=8/40/130 candidates=16 candidate_ms=699 certification_ms=1115 terminals=a0@2/180,a1@2/180,a2@2/180,a3@2/180 post_ack_contingencies=3 elapsed_ms=3375
day=4 score=8/32/104 daily=8/26 profile_lb=8/32/104 profile_cert=8/32/104 profile_q50=8/40/130 candidates=16 candidate_ms=1676 certification_ms=1115 terminals=a0@37/152,a1@53/178,a2@78/180,a3@18/173 post_ack_contingencies=4 elapsed_ms=3375
day=5 score=8/40/130 daily=8/26 profile_lb=8/40/130 profile_cert=8/40/130 profile_q50=8/40/130 candidates=16 candidate_ms=1 certification_ms=0 terminals=a0@85/158,a1@119/169,a2@78/180,a3@78/180 post_ack_contingencies=0 elapsed_ms=1946
summary role_mask=4 days=5 score=8/40/130
===== m-4195 mask4 post-ack-2000 run5 =====
day=1 score=8/8/26 daily=8/26 profile_lb=8/8/26 profile_cert=8/8/26 profile_q50=8/40/130 candidates=16 candidate_ms=315 certification_ms=1116 terminals=a0@18/166,a1@119/164,a2@78/180,a3@78/180 post_ack_contingencies=2 elapsed_ms=3377
day=2 score=8/16/52 daily=8/26 profile_lb=8/16/52 profile_cert=8/16/52 profile_q50=8/40/130 candidates=16 candidate_ms=621 certification_ms=1115 terminals=a0@78/180,a1@58/174,a2@78/180,a3@58/137 post_ack_contingencies=3 elapsed_ms=3375
day=3 score=8/24/78 daily=8/26 profile_lb=8/24/78 profile_cert=8/24/78 profile_q50=8/40/130 candidates=16 candidate_ms=641 certification_ms=1114 terminals=a0@2/180,a1@2/180,a2@2/180,a3@2/180 post_ack_contingencies=3 elapsed_ms=3376
day=4 score=8/32/104 daily=8/26 profile_lb=8/32/104 profile_cert=8/32/104 profile_q50=8/40/130 candidates=16 candidate_ms=1694 certification_ms=1113 terminals=a0@37/152,a1@53/178,a2@78/180,a3@18/173 post_ack_contingencies=4 elapsed_ms=3377
day=5 score=8/40/130 daily=8/26 profile_lb=8/40/130 profile_cert=8/40/130 profile_q50=8/40/130 candidates=16 candidate_ms=1 certification_ms=0 terminals=a0@85/158,a1@119/169,a2@78/180,a3@78/180 post_ack_contingencies=0 elapsed_ms=1947
summary role_mask=4 days=5 score=8/40/130
===== m-4195 mask4 post-ack-2000 run6 =====
day=1 score=8/8/26 daily=8/26 profile_lb=8/8/26 profile_cert=8/8/26 profile_q50=8/40/130 candidates=16 candidate_ms=316 certification_ms=1113 terminals=a0@18/166,a1@119/164,a2@78/180,a3@78/180 post_ack_contingencies=2 elapsed_ms=3377
day=2 score=8/16/52 daily=8/26 profile_lb=8/16/52 profile_cert=8/16/52 profile_q50=8/40/130 candidates=16 candidate_ms=623 certification_ms=1116 terminals=a0@78/180,a1@58/174,a2@78/180,a3@58/137 post_ack_contingencies=3 elapsed_ms=3376
day=3 score=8/24/78 daily=8/26 profile_lb=8/24/78 profile_cert=8/24/78 profile_q50=8/40/130 candidates=16 candidate_ms=673 certification_ms=1114 terminals=a0@2/180,a1@2/180,a2@2/180,a3@2/180 post_ack_contingencies=3 elapsed_ms=3375
day=4 score=8/32/104 daily=8/26 profile_lb=8/32/104 profile_cert=8/32/104 profile_q50=8/40/130 candidates=16 candidate_ms=1677 certification_ms=1115 terminals=a0@37/152,a1@53/178,a2@78/180,a3@18/173 post_ack_contingencies=4 elapsed_ms=3377
day=5 score=8/40/130 daily=8/26 profile_lb=8/40/130 profile_cert=8/40/130 profile_q50=8/40/130 candidates=16 candidate_ms=1 certification_ms=0 terminals=a0@85/158,a1@119/169,a2@78/180,a3@78/180 post_ack_contingencies=0 elapsed_ms=1946
summary role_mask=4 days=5 score=8/40/130
===== m-4195 mask4 post-ack-2000 run7 =====
day=1 score=8/8/26 daily=8/26 profile_lb=8/8/26 profile_cert=8/8/26 profile_q50=8/40/130 candidates=16 candidate_ms=314 certification_ms=1115 terminals=a0@18/166,a1@119/164,a2@78/180,a3@78/180 post_ack_contingencies=2 elapsed_ms=3376
day=2 score=8/16/52 daily=8/26 profile_lb=8/16/52 profile_cert=8/16/52 profile_q50=8/40/130 candidates=16 candidate_ms=592 certification_ms=1115 terminals=a0@78/180,a1@58/174,a2@78/180,a3@58/137 post_ack_contingencies=3 elapsed_ms=3375
day=3 score=8/24/78 daily=8/26 profile_lb=8/24/78 profile_cert=8/24/78 profile_q50=8/40/130 candidates=16 candidate_ms=673 certification_ms=1114 terminals=a0@2/180,a1@2/180,a2@2/180,a3@2/180 post_ack_contingencies=3 elapsed_ms=3375
day=4 score=8/32/104 daily=8/26 profile_lb=8/32/104 profile_cert=8/32/104 profile_q50=8/40/130 candidates=16 candidate_ms=1680 certification_ms=1115 terminals=a0@37/152,a1@53/178,a2@78/180,a3@18/173 post_ack_contingencies=4 elapsed_ms=3375
day=5 score=8/40/130 daily=8/26 profile_lb=8/40/130 profile_cert=8/40/130 profile_q50=8/40/130 candidates=16 candidate_ms=1 certification_ms=0 terminals=a0@85/158,a1@119/169,a2@78/180,a3@78/180 post_ack_contingencies=0 elapsed_ms=1948
summary role_mask=4 days=5 score=8/40/130
===== m-4195 mask4 post-ack-2000 run8 =====
day=1 score=8/8/26 daily=8/26 profile_lb=8/8/26 profile_cert=8/8/26 profile_q50=8/40/130 candidates=16 candidate_ms=315 certification_ms=1115 terminals=a0@18/166,a1@119/164,a2@78/180,a3@78/180 post_ack_contingencies=2 elapsed_ms=3377
day=2 score=8/16/52 daily=8/26 profile_lb=8/16/52 profile_cert=8/16/52 profile_q50=8/40/130 candidates=16 candidate_ms=609 certification_ms=1114 terminals=a0@78/180,a1@58/174,a2@78/180,a3@58/137 post_ack_contingencies=3 elapsed_ms=3376
day=3 score=8/24/78 daily=8/26 profile_lb=8/24/78 profile_cert=8/24/78 profile_q50=8/40/130 candidates=16 candidate_ms=653 certification_ms=1116 terminals=a0@2/180,a1@2/180,a2@2/180,a3@2/180 post_ack_contingencies=3 elapsed_ms=3376
day=4 score=8/32/104 daily=8/26 profile_lb=8/32/104 profile_cert=8/32/104 profile_q50=8/40/130 candidates=16 candidate_ms=1678 certification_ms=1115 terminals=a0@37/152,a1@53/178,a2@78/180,a3@18/173 post_ack_contingencies=4 elapsed_ms=3375
day=5 score=8/40/130 daily=8/26 profile_lb=8/40/130 profile_cert=8/40/130 profile_q50=8/40/130 candidates=16 candidate_ms=2 certification_ms=0 terminals=a0@85/158,a1@119/169,a2@78/180,a3@78/180 post_ack_contingencies=0 elapsed_ms=1947
summary role_mask=4 days=5 score=8/40/130
===== m-4195 mask4 post-ack-2000 run9 =====
day=1 score=8/8/26 daily=8/26 profile_lb=8/8/26 profile_cert=8/8/26 profile_q50=8/40/130 candidates=16 candidate_ms=316 certification_ms=1115 terminals=a0@18/166,a1@119/164,a2@78/180,a3@78/180 post_ack_contingencies=2 elapsed_ms=3376
day=2 score=8/16/52 daily=8/26 profile_lb=8/16/52 profile_cert=8/16/52 profile_q50=8/40/130 candidates=16 candidate_ms=633 certification_ms=1115 terminals=a0@78/180,a1@58/174,a2@78/180,a3@58/137 post_ack_contingencies=3 elapsed_ms=3377
day=3 score=8/24/78 daily=8/26 profile_lb=8/24/78 profile_cert=8/24/78 profile_q50=8/40/130 candidates=16 candidate_ms=641 certification_ms=1115 terminals=a0@2/180,a1@2/180,a2@2/180,a3@2/180 post_ack_contingencies=3 elapsed_ms=3375
day=4 score=8/32/104 daily=8/26 profile_lb=8/32/104 profile_cert=8/32/104 profile_q50=8/40/130 candidates=16 candidate_ms=1675 certification_ms=1115 terminals=a0@37/152,a1@53/178,a2@78/180,a3@18/173 post_ack_contingencies=4 elapsed_ms=3376
day=5 score=8/40/130 daily=8/26 profile_lb=8/40/130 profile_cert=8/40/130 profile_q50=8/40/130 candidates=16 candidate_ms=1 certification_ms=0 terminals=a0@85/158,a1@119/169,a2@78/180,a3@78/180 post_ack_contingencies=0 elapsed_ms=1947
summary role_mask=4 days=5 score=8/40/130
===== m-4195 mask4 post-ack-2000 run10 =====
day=1 score=8/8/26 daily=8/26 profile_lb=8/8/26 profile_cert=8/8/26 profile_q50=8/40/130 candidates=16 candidate_ms=314 certification_ms=1116 terminals=a0@18/166,a1@119/164,a2@78/180,a3@78/180 post_ack_contingencies=2 elapsed_ms=3377
day=2 score=8/16/52 daily=8/26 profile_lb=8/16/52 profile_cert=8/16/52 profile_q50=8/40/130 candidates=16 candidate_ms=621 certification_ms=1115 terminals=a0@78/180,a1@58/174,a2@78/180,a3@58/137 post_ack_contingencies=3 elapsed_ms=3375
day=3 score=8/24/78 daily=8/26 profile_lb=8/24/78 profile_cert=8/24/78 profile_q50=8/40/130 candidates=16 candidate_ms=644 certification_ms=1115 terminals=a0@2/180,a1@2/180,a2@2/180,a3@2/180 post_ack_contingencies=3 elapsed_ms=3375
day=4 score=8/32/104 daily=8/26 profile_lb=8/32/104 profile_cert=8/32/104 profile_q50=8/40/130 candidates=16 candidate_ms=1679 certification_ms=1115 terminals=a0@37/152,a1@53/178,a2@78/180,a3@18/173 post_ack_contingencies=4 elapsed_ms=3375
day=5 score=8/40/130 daily=8/26 profile_lb=8/40/130 profile_cert=8/40/130 profile_q50=8/40/130 candidates=16 candidate_ms=1 certification_ms=0 terminals=a0@85/158,a1@119/169,a2@78/180,a3@78/180 post_ack_contingencies=0 elapsed_ms=1946
summary role_mask=4 days=5 score=8/40/130
===== m-4195 mask4 post-ack-2000 run11 =====
day=1 score=8/8/26 daily=8/26 profile_lb=8/8/26 profile_cert=8/8/26 profile_q50=8/40/130 candidates=16 candidate_ms=315 certification_ms=1114 terminals=a0@18/166,a1@119/164,a2@78/180,a3@78/180 post_ack_contingencies=2 elapsed_ms=3376
day=2 score=8/16/52 daily=8/26 profile_lb=8/16/52 profile_cert=8/16/52 profile_q50=8/40/130 candidates=16 candidate_ms=578 certification_ms=1114 terminals=a0@78/180,a1@58/174,a2@78/180,a3@58/137 post_ack_contingencies=3 elapsed_ms=3376
day=3 score=8/24/78 daily=8/26 profile_lb=8/24/78 profile_cert=8/24/78 profile_q50=8/40/130 candidates=16 candidate_ms=667 certification_ms=1115 terminals=a0@2/180,a1@2/180,a2@2/180,a3@2/180 post_ack_contingencies=3 elapsed_ms=3375
day=4 score=8/32/104 daily=8/26 profile_lb=8/32/104 profile_cert=8/32/104 profile_q50=8/40/130 candidates=16 candidate_ms=1670 certification_ms=1115 terminals=a0@37/165,a1@53/169,a2@113/180,a3@18/152 post_ack_contingencies=4 elapsed_ms=3375
day=5 score=8/40/130 daily=8/26 profile_lb=8/40/130 profile_cert=8/40/130 profile_q50=8/40/130 candidates=16 candidate_ms=1 certification_ms=0 terminals=a0@85/171,a1@119/173,a2@113/180,a3@35/165 post_ack_contingencies=0 elapsed_ms=1948
summary role_mask=4 days=5 score=8/40/130
===== m-4195 mask4 post-ack-2000 run12 =====
day=1 score=8/8/26 daily=8/26 profile_lb=8/8/26 profile_cert=8/8/26 profile_q50=8/40/130 candidates=16 candidate_ms=316 certification_ms=1115 terminals=a0@18/166,a1@119/164,a2@78/180,a3@78/180 post_ack_contingencies=2 elapsed_ms=3376
day=2 score=8/16/52 daily=8/26 profile_lb=8/16/52 profile_cert=8/16/52 profile_q50=8/40/130 candidates=16 candidate_ms=565 certification_ms=1114 terminals=a0@78/180,a1@58/174,a2@78/180,a3@58/137 post_ack_contingencies=3 elapsed_ms=3375
day=3 score=8/24/78 daily=8/26 profile_lb=8/24/78 profile_cert=8/24/78 profile_q50=8/40/130 candidates=16 candidate_ms=653 certification_ms=1114 terminals=a0@2/180,a1@2/180,a2@2/180,a3@2/180 post_ack_contingencies=3 elapsed_ms=3375
day=4 score=8/32/104 daily=8/26 profile_lb=8/32/104 profile_cert=8/32/104 profile_q50=8/40/130 candidates=16 candidate_ms=1677 certification_ms=1114 terminals=a0@37/165,a1@53/169,a2@113/180,a3@18/152 post_ack_contingencies=4 elapsed_ms=3376
day=5 score=8/40/130 daily=8/26 profile_lb=8/40/130 profile_cert=8/40/130 profile_q50=8/40/130 candidates=16 candidate_ms=1 certification_ms=0 terminals=a0@85/171,a1@119/173,a2@113/180,a3@35/165 post_ack_contingencies=0 elapsed_ms=1948
summary role_mask=4 days=5 score=8/40/130
