case_begin order=forward mask=0 started=2026-09-04T03:31:10.3592255+00:00
day=1 score=6/6/20 daily=6/20 profile_lb=6/22/80 profile_cert=6/22/80 profile_q50=6/25/87 candidates=16 candidate_ms=315 certification_ms=241 terminals=a0@11/87,a1@118/78,a2@11/78,a3@207/116,a4@118/86 post_ack_contingencies=0 elapsed_ms=2501
day=2 score=6/12/49 daily=6/29 profile_lb=6/26/95 profile_cert=6/26/95 profile_q50=6/26/96 candidates=16 candidate_ms=315 certification_ms=422 terminals=a0@252/53,a1@252/47,a2@20/35,a3@118/86,a4@143/41 post_ack_contingencies=0 elapsed_ms=2682
day=3 score=6/18/73 daily=6/24 profile_lb=6/29/98 profile_cert=6/29/98 profile_q50=6/29/100 candidates=16 candidate_ms=312 certification_ms=186 terminals=a0@167/16,a1@207/42,a2@114/11,a3@252/56,a4@20/3 post_ack_contingencies=0 elapsed_ms=2446
day=4 score=6/24/95 daily=6/22 profile_lb=6/30/104 profile_cert=6/30/104 profile_q50=6/30/104 candidates=16 candidate_ms=151 certification_ms=24 terminals=a0@15/0,a1@118/12,a2@167/2,a3@16/11,a4@20/3 post_ack_contingencies=0 elapsed_ms=2120
day=5 score=6/30/104 daily=6/9 profile_lb=6/30/104 profile_cert=6/30/104 profile_q50=6/30/104 candidates=16 candidate_ms=1 certification_ms=0 terminals=a0@15/0,a1@11/3,a2@167/2,a3@118/0,a4@20/3 post_ack_contingencies=0 elapsed_ms=178
summary role_mask=0 days=5 score=6/30/104
case_complete order=forward mask=0 exit=0
case_elapsed_ms order=forward mask=0 value=11754

case_begin order=forward mask=1 started=2026-09-04T03:31:22.1379635+00:00
day=1 score=6/6/21 daily=6/21 profile_lb=6/22/83 profile_cert=6/22/83 profile_q50=6/24/82 candidates=16 candidate_ms=314 certification_ms=181 terminals=a0@118/120,a1@118/120,a2@207/79,a3@20/110,a4@118/120 post_ack_contingencies=0 elapsed_ms=2441
day=2 score=6/12/45 daily=6/24 profile_lb=6/25/92 profile_cert=6/25/92 profile_q50=6/25/92 candidates=16 candidate_ms=314 certification_ms=126 terminals=a0@118/120,a1@143/75,a2@40/48,a3@229/109,a4@143/75 post_ack_contingencies=0 elapsed_ms=2386
day=3 score=6/18/68 daily=6/23 profile_lb=6/28/100 profile_cert=6/28/100 profile_q50=6/29/99 candidates=16 candidate_ms=312 certification_ms=341 terminals=a0@118/120,a1@20/107,a2@118/120,a3@15/80,a4@20/107 post_ack_contingencies=0 elapsed_ms=2602
day=4 score=6/24/92 daily=6/24 profile_lb=6/29/111 profile_cert=6/29/111 profile_q50=6/30/110 candidates=16 candidate_ms=313 certification_ms=70 terminals=a0@118/120,a1@229/109,a2@143/75,a3@143/42,a4@167/116 post_ack_contingencies=0 elapsed_ms=2330
day=5 score=6/30/117 daily=6/25 profile_lb=6/30/117 profile_cert=6/30/117 profile_q50=6/30/117 candidates=16 candidate_ms=1 certification_ms=0 terminals=a0@118/120,a1@15/107,a2@118/120,a3@118/120,a4@15/107 post_ack_contingencies=0 elapsed_ms=1947
summary role_mask=1 days=5 score=6/30/117
case_complete order=forward mask=1 exit=0
case_elapsed_ms order=forward mask=1 value=13551

case_begin order=forward mask=2 started=2026-09-04T03:31:35.6955723+00:00
day=1 score=6/6/21 daily=6/21 profile_lb=6/22/83 profile_cert=6/22/83 profile_q50=6/23/80 candidates=16 candidate_ms=313 certification_ms=173 terminals=a0@167/108,a1@11/120,a2@11/120,a3@20/73,a4@15/116 post_ack_contingencies=0 elapsed_ms=2433
day=2 score=6/12/44 daily=6/23 profile_lb=6/27/90 profile_cert=6/27/90 profile_q50=6/27/94 candidates=16 candidate_ms=314 certification_ms=350 terminals=a0@15/73,a1@114/120,a2@20/105,a3@118/115,a4@143/78 post_ack_contingencies=0 elapsed_ms=2611
day=3 score=6/18/69 daily=6/25 profile_lb=6/28/103 profile_cert=6/28/103 profile_q50=6/29/100 candidates=16 candidate_ms=315 certification_ms=154 terminals=a0@143/108,a1@252/120,a2@229/62,a3@143/102,a4@15/102 post_ack_contingencies=0 elapsed_ms=2414
day=4 score=6/24/94 daily=6/25 profile_lb=6/30/113 profile_cert=6/30/113 profile_q50=6/30/114 candidates=16 candidate_ms=312 certification_ms=93 terminals=a0@118/120,a1@118/120,a2@15/107,a3@118/120,a4@143/64 post_ack_contingencies=0 elapsed_ms=2353
day=5 score=6/30/118 daily=6/24 profile_lb=6/30/118 profile_cert=6/30/118 profile_q50=6/30/118 candidates=16 candidate_ms=1 certification_ms=0 terminals=a0@143/102,a1@252/120,a2@143/108,a3@252/120,a4@15/99 post_ack_contingencies=0 elapsed_ms=1874
summary role_mask=2 days=5 score=6/30/118
case_complete order=forward mask=2 exit=0
case_elapsed_ms order=forward mask=2 value=13558

case_begin order=forward mask=4 started=2026-09-04T03:31:49.2589300+00:00
day=1 score=6/6/15 daily=6/15 profile_lb=6/22/77 profile_cert=6/22/77 profile_q50=6/23/77 candidates=16 candidate_ms=314 certification_ms=189 terminals=a0@118/115,a1@118/115,a2@114/120,a3@207/116,a4@11/89 post_ack_contingencies=0 elapsed_ms=2449
day=2 score=6/12/40 daily=6/25 profile_lb=6/26/85 profile_cert=6/26/85 profile_q50=6/27/89 candidates=16 candidate_ms=313 certification_ms=244 terminals=a0@252/110,a1@252/110,a2@167/120,a3@20/93,a4@207/104 post_ack_contingencies=0 elapsed_ms=2504
day=3 score=6/18/64 daily=6/24 profile_lb=6/27/97 profile_cert=6/27/97 profile_q50=6/28/95 candidates=16 candidate_ms=314 certification_ms=95 terminals=a0@143/82,a1@143/82,a2@167/120,a3@229/113,a4@229/113 post_ack_contingencies=0 elapsed_ms=2355
day=4 score=6/24/90 daily=6/26 profile_lb=6/30/108 profile_cert=6/30/108 profile_q50=6/30/108 candidates=16 candidate_ms=312 certification_ms=176 terminals=a0@20/100,a1@118/103,a2@167/120,a3@15/104,a4@15/104 post_ack_contingencies=0 elapsed_ms=2437
day=5 score=6/30/115 daily=6/25 profile_lb=6/30/115 profile_cert=6/30/115 profile_q50=6/30/115 candidates=16 candidate_ms=1 certification_ms=1 terminals=a0@229/57,a1@143/120,a2@143/120,a3@143/120,a4@143/120 post_ack_contingencies=0 elapsed_ms=1949
summary role_mask=4 days=5 score=6/30/115
case_complete order=forward mask=4 exit=0
case_elapsed_ms order=forward mask=4 value=13535

case_begin order=forward mask=8 started=2026-09-04T03:32:02.7980871+00:00
day=1 score=6/6/21 daily=6/21 profile_lb=6/23/78 profile_cert=6/23/78 profile_q50=6/25/79 candidates=16 candidate_ms=314 certification_ms=278 terminals=a0@15/116,a1@15/116,a2@11/120,a3@11/120,a4@20/70 post_ack_contingencies=0 elapsed_ms=2538
day=2 score=6/12/44 daily=6/23 profile_lb=6/26/94 profile_cert=6/26/94 profile_q50=6/27/94 candidates=16 candidate_ms=312 certification_ms=289 terminals=a0@143/89,a1@143/78,a2@20/105,a3@114/120,a4@118/115 post_ack_contingencies=0 elapsed_ms=2549
day=3 score=6/18/68 daily=6/24 profile_lb=6/28/101 profile_cert=6/28/101 profile_q50=6/28/101 candidates=16 candidate_ms=314 certification_ms=192 terminals=a0@15/102,a1@20/95,a2@229/62,a3@252/120,a4@252/120 post_ack_contingencies=0 elapsed_ms=2452
day=4 score=6/24/94 daily=6/26 profile_lb=6/30/111 profile_cert=6/30/111 profile_q50=6/30/113 candidates=16 candidate_ms=314 certification_ms=131 terminals=a0@143/108,a1@229/52,a2@15/94,a3@252/120,a4@16/75 post_ack_contingencies=0 elapsed_ms=2391
day=5 score=6/30/119 daily=6/25 profile_lb=6/30/119 profile_cert=6/30/119 profile_q50=6/30/119 candidates=16 candidate_ms=1 certification_ms=0 terminals=a0@20/105,a1@15/111,a2@143/91,a3@91/120,a4@91/120 post_ack_contingencies=0 elapsed_ms=1947
summary role_mask=8 days=5 score=6/30/119
case_complete order=forward mask=8 exit=0
case_elapsed_ms order=forward mask=8 value=13725

case_begin order=forward mask=16 started=2026-09-04T03:32:16.5331773+00:00
day=1 score=6/6/21 daily=6/21 profile_lb=6/23/77 profile_cert=6/23/77 profile_q50=6/25/79 candidates=16 candidate_ms=312 certification_ms=202 terminals=a0@15/116,a1@15/116,a2@11/120,a3@20/73,a4@11/120 post_ack_contingencies=0 elapsed_ms=2462
day=2 score=6/12/44 daily=6/23 profile_lb=6/26/94 profile_cert=6/26/94 profile_q50=6/27/94 candidates=16 candidate_ms=315 certification_ms=261 terminals=a0@143/89,a1@143/78,a2@20/105,a3@118/115,a4@114/120 post_ack_contingencies=0 elapsed_ms=2521
day=3 score=6/18/68 daily=6/24 profile_lb=6/28/101 profile_cert=6/28/101 profile_q50=6/28/102 candidates=16 candidate_ms=314 certification_ms=251 terminals=a0@15/102,a1@252/120,a2@229/62,a3@143/102,a4@252/120 post_ack_contingencies=0 elapsed_ms=2512
day=4 score=6/24/94 daily=6/26 profile_lb=6/30/111 profile_cert=6/30/111 profile_q50=6/30/112 candidates=16 candidate_ms=315 certification_ms=93 terminals=a0@143/64,a1@16/75,a2@15/116,a3@11/120,a4@11/120 post_ack_contingencies=0 elapsed_ms=2354
day=5 score=6/30/118 daily=6/24 profile_lb=6/30/118 profile_cert=6/30/118 profile_q50=6/30/118 candidates=16 candidate_ms=2 certification_ms=0 terminals=a0@252/110,a1@15/100,a2@143/98,a3@207/104,a4@167/120 post_ack_contingencies=0 elapsed_ms=1950
summary role_mask=16 days=5 score=6/30/118
case_complete order=forward mask=16 exit=0
case_elapsed_ms order=forward mask=16 value=13659

case_begin order=reverse mask=16 started=2026-09-04T03:32:30.2057820+00:00
day=1 score=6/6/21 daily=6/21 profile_lb=6/23/77 profile_cert=6/23/77 profile_q50=6/25/79 candidates=16 candidate_ms=313 certification_ms=211 terminals=a0@15/116,a1@15/116,a2@11/120,a3@20/73,a4@11/120 post_ack_contingencies=0 elapsed_ms=2471
day=2 score=6/12/44 daily=6/23 profile_lb=6/26/94 profile_cert=6/26/94 profile_q50=6/27/94 candidates=16 candidate_ms=313 certification_ms=243 terminals=a0@143/89,a1@143/78,a2@20/105,a3@118/115,a4@114/120 post_ack_contingencies=0 elapsed_ms=2504
day=3 score=6/18/68 daily=6/24 profile_lb=6/28/101 profile_cert=6/28/101 profile_q50=6/28/102 candidates=16 candidate_ms=314 certification_ms=294 terminals=a0@15/102,a1@252/120,a2@229/62,a3@143/102,a4@252/120 post_ack_contingencies=0 elapsed_ms=2554
day=4 score=6/24/94 daily=6/26 profile_lb=6/30/111 profile_cert=6/30/111 profile_q50=6/30/112 candidates=16 candidate_ms=314 certification_ms=110 terminals=a0@143/64,a1@16/75,a2@15/116,a3@11/120,a4@11/120 post_ack_contingencies=0 elapsed_ms=2370
day=5 score=6/30/118 daily=6/24 profile_lb=6/30/118 profile_cert=6/30/118 profile_q50=6/30/118 candidates=16 candidate_ms=1 certification_ms=0 terminals=a0@252/110,a1@15/100,a2@143/98,a3@207/104,a4@167/120 post_ack_contingencies=0 elapsed_ms=1949
summary role_mask=16 days=5 score=6/30/118
case_complete order=reverse mask=16 exit=0
case_elapsed_ms order=reverse mask=16 value=13706

case_begin order=reverse mask=8 started=2026-09-04T03:32:43.9156800+00:00
day=1 score=6/6/21 daily=6/21 profile_lb=6/23/78 profile_cert=6/23/78 profile_q50=6/25/79 candidates=16 candidate_ms=312 certification_ms=276 terminals=a0@15/116,a1@15/116,a2@11/120,a3@11/120,a4@20/70 post_ack_contingencies=0 elapsed_ms=2536
day=2 score=6/12/44 daily=6/23 profile_lb=6/26/94 profile_cert=6/26/94 profile_q50=6/27/94 candidates=16 candidate_ms=315 certification_ms=291 terminals=a0@143/89,a1@143/78,a2@20/105,a3@114/120,a4@118/115 post_ack_contingencies=0 elapsed_ms=2551
day=3 score=6/18/68 daily=6/24 profile_lb=6/28/101 profile_cert=6/28/101 profile_q50=6/28/101 candidates=16 candidate_ms=314 certification_ms=202 terminals=a0@15/102,a1@20/95,a2@229/62,a3@252/120,a4@252/120 post_ack_contingencies=0 elapsed_ms=2462
day=4 score=6/24/94 daily=6/26 profile_lb=6/30/111 profile_cert=6/30/111 profile_q50=6/30/113 candidates=16 candidate_ms=314 certification_ms=115 terminals=a0@143/75,a1@229/52,a2@15/116,a3@11/120,a4@16/75 post_ack_contingencies=0 elapsed_ms=2375
day=5 score=6/30/119 daily=6/25 profile_lb=6/30/119 profile_cert=6/30/119 profile_q50=6/30/119 candidates=16 candidate_ms=1 certification_ms=0 terminals=a0@20/105,a1@15/111,a2@143/91,a3@91/120,a4@91/120 post_ack_contingencies=0 elapsed_ms=1948
summary role_mask=8 days=5 score=6/30/119
case_complete order=reverse mask=8 exit=0
case_elapsed_ms order=reverse mask=8 value=13729

case_begin order=reverse mask=4 started=2026-09-04T03:32:57.6488471+00:00
day=1 score=6/6/15 daily=6/15 profile_lb=6/22/77 profile_cert=6/22/77 profile_q50=6/23/77 candidates=16 candidate_ms=314 certification_ms=208 terminals=a0@118/115,a1@118/115,a2@114/120,a3@207/116,a4@11/89 post_ack_contingencies=0 elapsed_ms=2468
day=2 score=6/12/40 daily=6/25 profile_lb=6/25/87 profile_cert=6/25/87 profile_q50=6/25/89 candidates=16 candidate_ms=312 certification_ms=124 terminals=a0@252/110,a1@252/110,a2@167/120,a3@20/93,a4@20/93 post_ack_contingencies=0 elapsed_ms=2384
day=3 score=6/18/63 daily=6/23 profile_lb=6/28/96 profile_cert=6/28/96 profile_q50=6/29/95 candidates=16 candidate_ms=312 certification_ms=228 terminals=a0@143/82,a1@207/107,a2@118/120,a3@229/109,a4@229/109 post_ack_contingencies=0 elapsed_ms=2488
day=4 score=6/24/90 daily=6/27 profile_lb=6/30/109 profile_cert=6/30/109 profile_q50=6/30/109 candidates=16 candidate_ms=314 certification_ms=77 terminals=a0@118/120,a1@118/120,a2@118/120,a3@15/107,a4@15/74 post_ack_contingencies=0 elapsed_ms=2337
day=5 score=6/30/115 daily=6/25 profile_lb=6/30/115 profile_cert=6/30/115 profile_q50=6/30/115 candidates=16 candidate_ms=1 certification_ms=1 terminals=a0@143/102,a1@143/102,a2@252/120,a3@143/108,a4@167/110 post_ack_contingencies=0 elapsed_ms=1422
summary role_mask=4 days=5 score=6/30/115
case_complete order=reverse mask=4 exit=0
case_elapsed_ms order=reverse mask=4 value=12960

case_begin order=reverse mask=2 started=2026-09-04T03:33:10.6126615+00:00
day=1 score=6/6/20 daily=6/20 profile_lb=6/23/77 profile_cert=6/23/77 profile_q50=6/25/77 candidates=16 candidate_ms=315 certification_ms=170 terminals=a0@15/116,a1@11/120,a2@11/120,a3@11/120,a4@20/70 post_ack_contingencies=0 elapsed_ms=2430
day=2 score=6/12/42 daily=6/22 profile_lb=6/26/89 profile_cert=6/26/89 profile_q50=6/27/91 candidates=16 candidate_ms=314 certification_ms=245 terminals=a0@143/78,a1@114/120,a2@20/105,a3@20/105,a4@118/115 post_ack_contingencies=0 elapsed_ms=2505
day=3 score=6/18/66 daily=6/24 profile_lb=6/28/99 profile_cert=6/28/99 profile_q50=6/29/98 candidates=16 candidate_ms=314 certification_ms=227 terminals=a0@15/46,a1@118/120,a2@229/109,a3@229/109,a4@143/82 post_ack_contingencies=0 elapsed_ms=2487
day=4 score=6/24/92 daily=6/26 profile_lb=6/30/111 profile_cert=6/30/111 profile_q50=6/30/112 candidates=16 candidate_ms=312 certification_ms=107 terminals=a0@143/98,a1@167/120,a2@15/74,a3@118/103,a4@118/103 post_ack_contingencies=0 elapsed_ms=2367
day=5 score=6/30/117 daily=6/25 profile_lb=6/30/117 profile_cert=6/30/117 profile_q50=6/30/117 candidates=16 candidate_ms=1 certification_ms=0 terminals=a0@15/100,a1@252/120,a2@143/108,a3@252/120,a4@143/102 post_ack_contingencies=0 elapsed_ms=1948
summary role_mask=2 days=5 score=6/30/117
case_complete order=reverse mask=2 exit=0
case_elapsed_ms order=reverse mask=2 value=13589

case_begin order=reverse mask=1 started=2026-09-04T03:33:24.2065775+00:00
day=1 score=6/6/21 daily=6/21 profile_lb=6/22/82 profile_cert=6/22/82 profile_q50=6/23/82 candidates=16 candidate_ms=315 certification_ms=205 terminals=a0@118/120,a1@15/107,a2@20/110,a3@20/110,a4@118/120 post_ack_contingencies=0 elapsed_ms=2465
day=2 score=6/12/46 daily=6/25 profile_lb=6/26/94 profile_cert=6/26/94 profile_q50=6/26/97 candidates=16 candidate_ms=313 certification_ms=356 terminals=a0@118/120,a1@143/80,a2@252/107,a3@229/109,a4@143/75 post_ack_contingencies=0 elapsed_ms=2616
day=3 score=6/18/69 daily=6/23 profile_lb=6/28/99 profile_cert=6/28/99 profile_q50=6/29/101 candidates=16 candidate_ms=313 certification_ms=229 terminals=a0@11/120,a1@15/116,a2@118/98,a3@20/73,a4@15/116 post_ack_contingencies=0 elapsed_ms=2489
day=4 score=6/24/94 daily=6/25 profile_lb=6/29/113 profile_cert=6/29/113 profile_q50=6/30/113 candidates=16 candidate_ms=314 certification_ms=126 terminals=a0@11/120,a1@143/86,a2@143/53,a3@229/87,a4@143/86 post_ack_contingencies=0 elapsed_ms=2387
day=5 score=6/30/118 daily=6/24 profile_lb=6/30/118 profile_cert=6/30/118 profile_q50=6/30/118 candidates=16 candidate_ms=1 certification_ms=0 terminals=a0@167/120,a1@118/103,a2@118/103,a3@15/104,a4@11/108 post_ack_contingencies=0 elapsed_ms=1950
summary role_mask=1 days=5 score=6/30/118
case_complete order=reverse mask=1 exit=0
case_elapsed_ms order=reverse mask=1 value=13786

case_begin order=reverse mask=0 started=2026-09-04T03:33:37.9967948+00:00
day=1 score=6/6/20 daily=6/20 profile_lb=6/22/80 profile_cert=6/22/80 profile_q50=6/25/87 candidates=16 candidate_ms=313 certification_ms=267 terminals=a0@11/87,a1@118/78,a2@11/78,a3@207/116,a4@118/86 post_ack_contingencies=0 elapsed_ms=2527
day=2 score=6/12/49 daily=6/29 profile_lb=6/26/95 profile_cert=6/26/95 profile_q50=6/26/96 candidates=16 candidate_ms=313 certification_ms=473 terminals=a0@252/53,a1@252/47,a2@20/35,a3@118/86,a4@143/41 post_ack_contingencies=0 elapsed_ms=2733
day=3 score=6/18/73 daily=6/24 profile_lb=6/29/98 profile_cert=6/29/98 profile_q50=6/29/100 candidates=16 candidate_ms=314 certification_ms=231 terminals=a0@167/16,a1@207/42,a2@114/11,a3@252/56,a4@20/3 post_ack_contingencies=0 elapsed_ms=2491
day=4 score=6/24/95 daily=6/22 profile_lb=6/30/104 profile_cert=6/30/104 profile_q50=6/30/104 candidates=16 candidate_ms=175 certification_ms=26 terminals=a0@15/0,a1@118/12,a2@167/2,a3@16/11,a4@20/3 post_ack_contingencies=0 elapsed_ms=2148
day=5 score=6/30/104 daily=6/9 profile_lb=6/30/104 profile_cert=6/30/104 profile_q50=6/30/104 candidates=16 candidate_ms=1 certification_ms=0 terminals=a0@15/0,a1@11/3,a2@167/2,a3@118/0,a4@20/3 post_ack_contingencies=0 elapsed_ms=193
summary role_mask=0 days=5 score=6/30/104
case_complete order=reverse mask=0 exit=0
case_elapsed_ms order=reverse mask=0 value=11963

run_complete cases=12
