case_begin order=forward mode=0 started=2026-09-01T16:45:37.9741486+00:00
day=1 score=3/3/28 daily=3/28 profile_lb=3/15/120 profile_cert=3/15/120 profile_q50=3/15/128 candidates=16 candidate_ms=311 certification_ms=963 terminals=a0@87/195,a1@490/202,a2@87/206,a3@167/188,a4@519/206,a5@167/167,a6@167/167 post_ack_contingencies=0 elapsed_ms=3224
day=2 score=3/6/51 daily=3/23 profile_lb=3/15/130 profile_cert=3/15/130 profile_q50=3/15/130 candidates=16 candidate_ms=852 certification_ms=424 terminals=a0@147/146,a1@519/122,a2@147/157,a3@87/176,a4@147/169,a5@87/155,a6@87/155 post_ack_contingencies=0 elapsed_ms=2685
day=3 score=3/9/80 daily=3/29 profile_lb=3/15/130 profile_cert=3/15/130 profile_q50=3/15/133 candidates=16 candidate_ms=313 certification_ms=407 terminals=a0@167/86,a1@87/94,a2@167/97,a3@147/130,a4@167/109,a5@147/109,a6@147/109 post_ack_contingencies=0 elapsed_ms=2670
day=4 score=3/12/107 daily=3/27 profile_lb=3/15/130 profile_cert=3/15/130 profile_q50=3/15/137 candidates=16 candidate_ms=312 certification_ms=883 terminals=a0@333/57,a1@490/44,a2@333/68,a3@167/61,a4@333/80,a5@167/40,a6@167/40 post_ack_contingencies=0 elapsed_ms=3144
day=5 score=3/15/128 daily=3/21 profile_lb=3/15/128 profile_cert=3/15/128 profile_q50=3/15/128 candidates=16 candidate_ms=1 certification_ms=0 terminals=a0@87/36,a1@552/20,a2@87/47,a3@333/32,a4@87/59,a5@333/11,a6@333/11 post_ack_contingencies=0 elapsed_ms=1947
summary role_mask=0 days=5 score=3/15/128
case_complete order=forward mode=0 exit=0
case_elapsed_ms order=forward mode=0 value=16102

case_begin order=forward mode=2 started=2026-09-01T16:45:54.0976426+00:00
day=1 score=3/3/43 daily=3/43 profile_lb=3/15/123 profile_cert=3/15/123 profile_q50=3/15/131 candidates=16 candidate_ms=313 certification_ms=1115 terminals=a0@350/160,a1@12/148,a2@290/132,a3@350/108,a4@431/147,a5@87/155,a6@519/176 post_ack_contingencies=0 elapsed_ms=3378
day=2 score=3/6/73 daily=3/30 profile_lb=3/6/73 profile_cert=3/6/73 profile_q50=3/15/137 candidates=16 candidate_ms=309 certification_ms=1115 terminals=a0@333/77,a1@552/123,a2@490/109,a3@333/25,a4@87/122,a5@490/75,a6@552/158 post_ack_contingencies=0 elapsed_ms=3375
day=3 score=3/9/99 daily=3/26 profile_lb=3/15/138 profile_cert=3/15/138 profile_q50=3/15/146 candidates=16 candidate_ms=312 certification_ms=887 terminals=a0@87/63,a1@552/85,a2@552/86,a3@87/5,a4@147/76,a5@552/52,a6@552/120 post_ack_contingencies=0 elapsed_ms=3147
day=4 score=3/12/121 daily=3/22 profile_lb=3/15/142 profile_cert=3/15/142 profile_q50=3/15/143 candidates=16 candidate_ms=843 certification_ms=239 terminals=a0@490/13,a1@147/66,a2@552/48,a3@87/5,a4@167/7,a5@552/14,a6@552/82 post_ack_contingencies=0 elapsed_ms=2499
day=5 score=3/15/143 daily=3/22 profile_lb=3/15/143 profile_cert=3/15/143 profile_q50=3/15/143 candidates=16 candidate_ms=2 certification_ms=0 terminals=a0@350/1,a1@147/28,a2@490/36,a3@12/1,a4@46/2,a5@290/0,a6@552/44 post_ack_contingencies=0 elapsed_ms=1947
summary role_mask=0 days=5 score=3/15/143
case_complete order=forward mode=2 exit=0
case_elapsed_ms order=forward mode=2 value=16861

case_begin order=forward mode=4 started=2026-09-01T16:46:10.9645931+00:00
day=1 score=3/3/50 daily=3/50 profile_lb=3/3/50 profile_cert=3/3/50 profile_q50=3/15/146 candidates=16 candidate_ms=309 certification_ms=1116 terminals=a0@4/164,a1@252/179,a2@431/152,a3@199/176,a4@475/142,a5@210/178,a6@519/175 post_ack_contingencies=0 elapsed_ms=3376
day=2 score=3/6/76 daily=3/26 profile_lb=3/15/145 profile_cert=3/15/145 profile_q50=3/15/148 candidates=16 candidate_ms=311 certification_ms=634 terminals=a0@167/92,a1@167/156,a2@87/127,a3@87/134,a4@87/115,a5@167/158,a6@490/110 post_ack_contingencies=0 elapsed_ms=2895
day=3 score=3/9/102 daily=3/26 profile_lb=3/15/150 profile_cert=3/15/150 profile_q50=3/15/163 candidates=16 candidate_ms=314 certification_ms=874 terminals=a0@333/68,a1@333/132,a2@147/81,a3@147/88,a4@147/69,a5@333/134,a6@552/87 post_ack_contingencies=0 elapsed_ms=3135
day=4 score=3/12/130 daily=3/28 profile_lb=3/15/150 profile_cert=3/15/150 profile_q50=3/15/153 candidates=16 candidate_ms=314 certification_ms=527 terminals=a0@87/47,a1@87/111,a2@167/12,a3@167/19,a4@167/0,a5@87/113,a6@552/49 post_ack_contingencies=0 elapsed_ms=2788
day=5 score=3/15/153 daily=3/23 profile_lb=3/15/153 profile_cert=3/15/153 profile_q50=3/15/153 candidates=16 candidate_ms=1 certification_ms=0 terminals=a0@147/1,a1@147/65,a2@87/0,a3@350/2,a4@167/0,a5@147/67,a6@490/26 post_ack_contingencies=0 elapsed_ms=1946
summary role_mask=0 days=5 score=3/15/153
case_complete order=forward mode=4 exit=0
case_elapsed_ms order=forward mode=4 value=16636

case_begin order=forward mode=7 started=2026-09-01T16:46:27.6069855+00:00
day=1 score=3/3/50 daily=3/50 profile_lb=3/3/50 profile_cert=3/3/50 profile_q50=3/15/146 candidates=16 candidate_ms=313 certification_ms=1116 terminals=a0@4/164,a1@252/179,a2@431/152,a3@199/176,a4@475/142,a5@210/178,a6@519/175 post_ack_contingencies=0 elapsed_ms=3376
day=2 score=3/6/76 daily=3/26 profile_lb=3/15/145 profile_cert=3/15/145 profile_q50=3/15/148 candidates=16 candidate_ms=312 certification_ms=677 terminals=a0@167/92,a1@167/156,a2@87/127,a3@87/134,a4@87/115,a5@167/158,a6@490/110 post_ack_contingencies=0 elapsed_ms=2938
day=3 score=3/9/102 daily=3/26 profile_lb=3/15/150 profile_cert=3/15/150 profile_q50=3/15/163 candidates=16 candidate_ms=312 certification_ms=896 terminals=a0@333/68,a1@333/132,a2@147/81,a3@147/88,a4@147/69,a5@333/134,a6@552/87 post_ack_contingencies=0 elapsed_ms=3157
day=4 score=3/12/130 daily=3/28 profile_lb=3/15/150 profile_cert=3/15/150 profile_q50=3/15/153 candidates=16 candidate_ms=310 certification_ms=515 terminals=a0@87/47,a1@87/111,a2@167/12,a3@167/19,a4@167/0,a5@87/113,a6@552/49 post_ack_contingencies=0 elapsed_ms=2775
day=5 score=3/15/153 daily=3/23 profile_lb=3/15/153 profile_cert=3/15/153 profile_q50=3/15/153 candidates=16 candidate_ms=1 certification_ms=0 terminals=a0@147/1,a1@147/65,a2@87/0,a3@350/2,a4@167/0,a5@147/67,a6@490/26 post_ack_contingencies=0 elapsed_ms=1946
summary role_mask=0 days=5 score=3/15/153
case_complete order=forward mode=7 exit=0
case_elapsed_ms order=forward mode=7 value=16729

case_begin order=reverse mode=7 started=2026-09-01T16:46:44.3419776+00:00
day=1 score=3/3/50 daily=3/50 profile_lb=3/3/50 profile_cert=3/3/50 profile_q50=3/15/146 candidates=16 candidate_ms=315 certification_ms=1115 terminals=a0@4/164,a1@252/179,a2@431/152,a3@199/176,a4@475/142,a5@210/178,a6@519/175 post_ack_contingencies=0 elapsed_ms=3375
day=2 score=3/6/76 daily=3/26 profile_lb=3/15/145 profile_cert=3/15/145 profile_q50=3/15/148 candidates=16 candidate_ms=313 certification_ms=646 terminals=a0@167/92,a1@167/156,a2@87/127,a3@87/134,a4@87/115,a5@167/158,a6@490/110 post_ack_contingencies=0 elapsed_ms=2907
day=3 score=3/9/102 daily=3/26 profile_lb=3/15/150 profile_cert=3/15/150 profile_q50=3/15/163 candidates=16 candidate_ms=313 certification_ms=925 terminals=a0@333/68,a1@333/132,a2@147/81,a3@147/88,a4@147/69,a5@333/134,a6@552/87 post_ack_contingencies=0 elapsed_ms=3186
day=4 score=3/12/130 daily=3/28 profile_lb=3/15/150 profile_cert=3/15/150 profile_q50=3/15/153 candidates=16 candidate_ms=311 certification_ms=522 terminals=a0@87/47,a1@87/111,a2@167/12,a3@167/19,a4@167/0,a5@87/113,a6@552/49 post_ack_contingencies=0 elapsed_ms=2784
day=5 score=3/15/153 daily=3/23 profile_lb=3/15/153 profile_cert=3/15/153 profile_q50=3/15/153 candidates=16 candidate_ms=2 certification_ms=0 terminals=a0@147/1,a1@147/65,a2@87/0,a3@350/2,a4@167/0,a5@147/67,a6@490/26 post_ack_contingencies=0 elapsed_ms=1947
summary role_mask=0 days=5 score=3/15/153
case_complete order=reverse mode=7 exit=0
case_elapsed_ms order=reverse mode=7 value=16816

case_begin order=reverse mode=4 started=2026-09-01T16:47:01.1628046+00:00
day=1 score=3/3/50 daily=3/50 profile_lb=3/3/50 profile_cert=3/3/50 profile_q50=3/15/146 candidates=16 candidate_ms=314 certification_ms=1115 terminals=a0@4/164,a1@252/179,a2@431/152,a3@199/176,a4@475/142,a5@210/178,a6@519/175 post_ack_contingencies=0 elapsed_ms=3376
day=2 score=3/6/76 daily=3/26 profile_lb=3/15/145 profile_cert=3/15/145 profile_q50=3/15/148 candidates=16 candidate_ms=313 certification_ms=646 terminals=a0@167/92,a1@167/156,a2@87/127,a3@87/134,a4@87/115,a5@167/158,a6@490/110 post_ack_contingencies=0 elapsed_ms=2907
day=3 score=3/9/101 daily=3/25 profile_lb=3/15/148 profile_cert=3/15/148 profile_q50=3/15/160 candidates=16 candidate_ms=310 certification_ms=1003 terminals=a0@552/49,a1@333/132,a2@147/81,a3@147/88,a4@147/69,a5@333/134,a6@552/87 post_ack_contingencies=0 elapsed_ms=3263
day=4 score=3/12/129 daily=3/28 profile_lb=3/15/149 profile_cert=3/15/149 profile_q50=3/15/151 candidates=16 candidate_ms=315 certification_ms=618 terminals=a0@552/11,a1@87/111,a2@167/12,a3@167/19,a4@167/0,a5@87/113,a6@552/49 post_ack_contingencies=0 elapsed_ms=2879
day=5 score=3/15/151 daily=3/22 profile_lb=3/15/151 profile_cert=3/15/151 profile_q50=3/15/151 candidates=16 candidate_ms=2 certification_ms=0 terminals=a0@290/0,a1@147/65,a2@87/0,a3@350/2,a4@167/0,a5@147/67,a6@490/26 post_ack_contingencies=0 elapsed_ms=1948
summary role_mask=0 days=5 score=3/15/151
case_complete order=reverse mode=4 exit=0
case_elapsed_ms order=reverse mode=4 value=16898

case_begin order=reverse mode=2 started=2026-09-01T16:47:18.0750773+00:00
day=1 score=3/3/43 daily=3/43 profile_lb=3/3/43 profile_cert=3/3/43 profile_q50=3/15/131 candidates=16 candidate_ms=311 certification_ms=1114 terminals=a0@350/160,a1@12/148,a2@290/132,a3@350/108,a4@431/147,a5@87/155,a6@519/176 post_ack_contingencies=0 elapsed_ms=3375
day=2 score=3/6/72 daily=3/29 profile_lb=3/6/72 profile_cert=3/6/72 profile_q50=3/15/136 candidates=16 candidate_ms=316 certification_ms=1115 terminals=a0@333/77,a1@87/129,a2@87/111,a3@333/25,a4@87/122,a5@490/75,a6@552/158 post_ack_contingencies=0 elapsed_ms=3376
day=3 score=3/9/99 daily=3/27 profile_lb=3/15/142 profile_cert=3/15/142 profile_q50=3/15/149 candidates=16 candidate_ms=312 certification_ms=393 terminals=a0@87/57,a1@147/83,a2@147/65,a3@87/5,a4@147/76,a5@552/52,a6@552/120 post_ack_contingencies=0 elapsed_ms=2653
day=4 score=3/12/126 daily=3/27 profile_lb=3/15/142 profile_cert=3/15/142 profile_q50=3/15/143 candidates=16 candidate_ms=312 certification_ms=409 terminals=a0@147/6,a1@167/15,a2@490/34,a3@87/5,a4@167/8,a5@167/2,a6@167/70 post_ack_contingencies=0 elapsed_ms=2669
day=5 score=3/15/142 daily=3/16 profile_lb=3/15/142 profile_cert=3/15/142 profile_q50=3/15/142 candidates=16 candidate_ms=1 certification_ms=0 terminals=a0@72/1,a1@475/0,a2@490/10,a3@12/1,a4@46/3,a5@167/2,a6@552/26 post_ack_contingencies=0 elapsed_ms=1950
summary role_mask=0 days=5 score=3/15/142
case_complete order=reverse mode=2 exit=0
case_elapsed_ms order=reverse mode=2 value=16548

case_begin order=reverse mode=0 started=2026-09-01T16:47:34.6268693+00:00
day=1 score=3/3/28 daily=3/28 profile_lb=3/3/28 profile_cert=3/3/28 profile_q50=3/15/129 candidates=16 candidate_ms=308 certification_ms=1116 terminals=a0@87/195,a1@490/202,a2@167/193,a3@87/201,a4@519/206,a5@167/167,a6@167/167 post_ack_contingencies=0 elapsed_ms=3376
day=2 score=3/6/50 daily=3/22 profile_lb=3/15/125 profile_cert=3/15/125 profile_q50=3/15/130 candidates=16 candidate_ms=313 certification_ms=580 terminals=a0@490/148,a1@552/140,a2@333/164,a3@490/154,a4@490/141,a5@333/138,a6@333/138 post_ack_contingencies=0 elapsed_ms=2840
day=3 score=3/9/75 daily=3/25 profile_lb=3/15/129 profile_cert=3/15/129 profile_q50=3/15/132 candidates=16 candidate_ms=311 certification_ms=1114 terminals=a0@552/125,a1@552/102,a2@87/144,a3@552/131,a4@552/118,a5@87/118,a6@87/118 post_ack_contingencies=0 elapsed_ms=3375
day=4 score=3/12/102 daily=3/27 profile_lb=3/15/125 profile_cert=3/15/125 profile_q50=3/15/132 candidates=16 candidate_ms=312 certification_ms=988 terminals=a0@552/87,a1@552/64,a2@147/96,a3@552/93,a4@490/106,a5@147/70,a6@147/70 post_ack_contingencies=0 elapsed_ms=3248
day=5 score=3/15/129 daily=3/27 profile_lb=3/15/129 profile_cert=3/15/129 profile_q50=3/15/129 candidates=16 candidate_ms=2 certification_ms=0 terminals=a0@552/49,a1@552/26,a2@167/33,a3@552/55,a4@552/82,a5@167/7,a6@167/7 post_ack_contingencies=0 elapsed_ms=1057
summary role_mask=0 days=5 score=3/15/129
case_complete order=reverse mode=0 exit=0
case_elapsed_ms order=reverse mode=0 value=16417

run_complete cases=8
