root_stream_begin,day=1,own_count=236,opponent_count=65,begin=7,end=8
root_stream_action,day=1,index=7,robust=5/20/21,slice_best=5/20/21,improves=1,terminal=17@23,plan=3.2.2.2.0.0.5.5.-2,states=9400869,transitions=12547407632
root_stream_end,day=1,begin=7,end=8,full=0,has_result=1,slice_best=5/20/21,states=9400869,transitions=12547407632
minimax_slice,seed=1721200,family=adversarial-threshold,fuel=high,begin=7,end=8,own_count=236,opponent_count=65,slice_best=5/20/21
root_stream_case,seed=1721200,begin=7,end=8,policy=maximum-dwell,slice_robust=5/20/21,oracle=5/20/21,head=5/19/22,oracle_valid=1,head_valid=1,oracle_hash=2f1352eede31538a,head_hash=c6aebcf618cd571f
trace_membership,seed=1721200,root=7,policy=maximum-dwell,day=1,plan=3.2.2.2.0.0.5.5.-2|-17|-17,oracle_mask=61,day_brands=5,day_servings=5,exact_valid=1,mask_maximal=0,mask_terminal=0,strict_supersets=1,same_terminal_fuel_supersets=0,reachability_complete=1,w1_outcome=1,w1_first=1,prod_outcome=1,prod_first=0,first_cap=32,witness_widths=3,production_widths=16,cum=5/5/5
trace_membership,seed=1721200,root=7,policy=maximum-dwell,day=2,plan=-1.4.3.2.1.1.3.3.-2|-18|-18,oracle_mask=61,day_brands=5,day_servings=5,exact_valid=1,mask_maximal=0,mask_terminal=0,strict_supersets=1,same_terminal_fuel_supersets=0,reachability_complete=1,w1_outcome=0,w1_first=0,prod_outcome=1,prod_first=0,first_cap=32,witness_widths=3,production_widths=16,cum=5/10/10
trace_membership,seed=1721200,root=7,policy=maximum-dwell,day=3,plan=-1.0.1.5.5.5.4.3.2.-1|-18|-18,oracle_mask=63,day_brands=5,day_servings=6,exact_valid=1,mask_maximal=1,mask_terminal=1,strict_supersets=0,same_terminal_fuel_supersets=0,reachability_complete=1,w1_outcome=0,w1_first=0,prod_outcome=0,prod_first=0,first_cap=-1,witness_widths=3,production_widths=16,cum=5/15/16
trace_membership,seed=1721200,root=7,policy=maximum-dwell,day=4,plan=-1.5.0.1.2.2.3.3.-1|-16|-16,oracle_mask=61,day_brands=5,day_servings=5,exact_valid=1,mask_maximal=1,mask_terminal=0,strict_supersets=0,same_terminal_fuel_supersets=0,reachability_complete=1,w1_outcome=0,w1_first=0,prod_outcome=1,prod_first=1,first_cap=32,witness_widths=3,production_widths=17,cum=5/20/21
trace_membership_summary,seed=1721200,root=7,policy=maximum-dwell,final=5/20/21
root_stream_case,seed=1721200,begin=7,end=8,policy=minimum-dwell,slice_robust=5/20/21,oracle=5/20/21,head=5/19/22,oracle_valid=1,head_valid=1,oracle_hash=ca57492e8931554b,head_hash=c6aebcf618cd571f
trace_membership,seed=1721200,root=7,policy=minimum-dwell,day=1,plan=3.2.2.2.0.0.5.5.-2|-17|-17,oracle_mask=61,day_brands=5,day_servings=5,exact_valid=1,mask_maximal=0,mask_terminal=0,strict_supersets=1,same_terminal_fuel_supersets=0,reachability_complete=1,w1_outcome=1,w1_first=1,prod_outcome=1,prod_first=0,first_cap=32,witness_widths=3,production_widths=16,cum=5/5/5
trace_membership,seed=1721200,root=7,policy=minimum-dwell,day=2,plan=-1.4.3.2.2.2.0.1.5.-2|-18|-18,oracle_mask=63,day_brands=5,day_servings=6,exact_valid=1,mask_maximal=1,mask_terminal=1,strict_supersets=0,same_terminal_fuel_supersets=0,reachability_complete=1,w1_outcome=0,w1_first=0,prod_outcome=0,prod_first=0,first_cap=-1,witness_widths=3,production_widths=16,cum=5/10/11
trace_membership,seed=1721200,root=7,policy=minimum-dwell,day=3,plan=-1.2.4.3.5.5.5.-6|-18|-18,oracle_mask=62,day_brands=5,day_servings=5,exact_valid=1,mask_maximal=0,mask_terminal=0,strict_supersets=1,same_terminal_fuel_supersets=0,reachability_complete=1,w1_outcome=0,w1_first=0,prod_outcome=0,prod_first=0,first_cap=-1,witness_widths=3,production_widths=16,cum=5/15/16
trace_membership,seed=1721200,root=7,policy=minimum-dwell,day=4,plan=-1.2.2.2.0.1.5.-4|-16|-16,oracle_mask=62,day_brands=5,day_servings=5,exact_valid=1,mask_maximal=1,mask_terminal=1,strict_supersets=0,same_terminal_fuel_supersets=0,reachability_complete=1,w1_outcome=0,w1_first=0,prod_outcome=0,prod_first=0,first_cap=-1,witness_widths=3,production_widths=17,cum=5/20/21
trace_membership_summary,seed=1721200,root=7,policy=minimum-dwell,final=5/20/21
root_stream_case,seed=1721200,begin=7,end=8,policy=status-toggle,slice_robust=5/20/21,oracle=5/20/21,head=5/19/22,oracle_valid=1,head_valid=1,oracle_hash=2f1352eede31538a,head_hash=c6aebcf618cd571f
trace_membership,seed=1721200,root=7,policy=status-toggle,day=1,plan=3.2.2.2.0.0.5.5.-2|-17|-17,oracle_mask=61,day_brands=5,day_servings=5,exact_valid=1,mask_maximal=0,mask_terminal=0,strict_supersets=1,same_terminal_fuel_supersets=0,reachability_complete=1,w1_outcome=1,w1_first=1,prod_outcome=1,prod_first=0,first_cap=32,witness_widths=3,production_widths=16,cum=5/5/5
trace_membership,seed=1721200,root=7,policy=status-toggle,day=2,plan=-1.4.3.2.1.1.3.3.-2|-18|-18,oracle_mask=61,day_brands=5,day_servings=5,exact_valid=1,mask_maximal=0,mask_terminal=0,strict_supersets=1,same_terminal_fuel_supersets=0,reachability_complete=1,w1_outcome=0,w1_first=0,prod_outcome=1,prod_first=0,first_cap=32,witness_widths=3,production_widths=16,cum=5/10/10
trace_membership,seed=1721200,root=7,policy=status-toggle,day=3,plan=-1.0.1.5.5.5.4.3.2.-1|-18|-18,oracle_mask=63,day_brands=5,day_servings=6,exact_valid=1,mask_maximal=1,mask_terminal=1,strict_supersets=0,same_terminal_fuel_supersets=0,reachability_complete=1,w1_outcome=0,w1_first=0,prod_outcome=0,prod_first=0,first_cap=-1,witness_widths=3,production_widths=16,cum=5/15/16
trace_membership,seed=1721200,root=7,policy=status-toggle,day=4,plan=-1.5.0.1.2.2.3.3.-1|-16|-16,oracle_mask=61,day_brands=5,day_servings=5,exact_valid=1,mask_maximal=1,mask_terminal=0,strict_supersets=0,same_terminal_fuel_supersets=0,reachability_complete=1,w1_outcome=0,w1_first=0,prod_outcome=1,prod_first=1,first_cap=32,witness_widths=3,production_widths=17,cum=5/20/21
trace_membership_summary,seed=1721200,root=7,policy=status-toggle,final=5/20/21
summary,cases=0,oracle_wins=0,ties=0,head_wins=0,invalid=0,tier1=0,tier2=0,tier3=0,max_gain=0,hash=14650fb0739d0383
