case_begin order=forward mask=0 started=2026-08-31T13:41:32.9841286+00:00
day=1 score=8/8/69 daily=8/69 profile_lb=8/8/69 profile_cert=8/8/69 profile_q50=8/67/279 candidates=16 candidate_ms=299 certification_ms=1113 terminals=a0@405/342,a1@405/365,a2@491/347,a3@447/306,a4@552/344,a5@349/355,a6@349/336,a7@405/365 post_ack_contingencies=0 elapsed_ms=3377
day=2 score=8/16/136 daily=8/67 profile_lb=8/16/136 profile_cert=8/16/136 profile_q50=8/62/351 candidates=16 candidate_ms=298 certification_ms=1116 terminals=a0@194/247,a1@194/270,a2@349/255,a3@49/213,a4@405/260,a5@165/274,a6@95/258,a7@249/301 post_ack_contingencies=0 elapsed_ms=3376
day=3 score=8/24/205 daily=8/69 profile_lb=8/24/205 profile_cert=8/24/205 profile_q50=8/70/376 candidates=16 candidate_ms=312 certification_ms=1115 terminals=a0@405/184,a1@405/207,a2@342/174,a3@349/143,a4@342/172,a5@569/205,a6@552/173,a7@405/215 post_ack_contingencies=0 elapsed_ms=3375
day=4 score=8/32/274 daily=8/69 profile_lb=8/32/274 profile_cert=8/32/274 profile_q50=8/67/400 candidates=16 candidate_ms=374 certification_ms=1113 terminals=a0@49/101,a1@49/124,a2@503/101,a3@165/61,a4@503/99,a5@49/132,a6@405/88,a7@49/111 post_ack_contingencies=0 elapsed_ms=3376
day=5 score=8/40/340 daily=8/66 profile_lb=8/40/340 profile_cert=8/40/340 profile_q50=8/66/407 candidates=16 candidate_ms=304 certification_ms=1115 terminals=a0@349/30,a1@342/55,a2@491/25,a3@552/4,a4@491/23,a5@349/61,a6@349/10,a7@569/61 post_ack_contingencies=0 elapsed_ms=3377
day=6 score=8/48/381 daily=8/41 profile_lb=8/73/415 profile_cert=8/73/415 profile_q50=8/73/415 candidates=16 candidate_ms=315 certification_ms=413 terminals=a0@10/0,a1@281/2,a2@447/0,a3@529/2,a4@16/1,a5@288/1,a6@491/0,a7@342/8 post_ack_contingencies=0 elapsed_ms=2675
day=7 score=8/55/391 daily=7/10 profile_lb=8/73/415 profile_cert=8/73/415 profile_q50=8/73/415 candidates=16 candidate_ms=316 certification_ms=63 terminals=a0@10/0,a1@281/2,a2@447/0,a3@552/0,a4@16/1,a5@288/1,a6@491/0,a7@249/3 post_ack_contingencies=0 elapsed_ms=958
day=8 score=8/61/399 daily=6/8 profile_lb=8/73/415 profile_cert=8/73/415 profile_q50=8/73/415 candidates=16 candidate_ms=200 certification_ms=45 terminals=a0@10/0,a1@281/2,a2@447/0,a3@552/0,a4@16/1,a5@288/1,a6@491/0,a7@249/3 post_ack_contingencies=0 elapsed_ms=468
day=9 score=8/67/407 daily=6/8 profile_lb=8/73/415 profile_cert=8/73/415 profile_q50=8/73/415 candidates=16 candidate_ms=103 certification_ms=27 terminals=a0@10/0,a1@281/2,a2@447/0,a3@552/0,a4@16/1,a5@288/1,a6@491/0,a7@249/3 post_ack_contingencies=0 elapsed_ms=339
day=10 score=8/73/415 daily=6/8 profile_lb=8/73/415 profile_cert=8/73/415 profile_q50=8/73/415 candidates=16 candidate_ms=1 certification_ms=0 terminals=a0@10/0,a1@281/2,a2@447/0,a3@552/0,a4@16/1,a5@288/1,a6@491/0,a7@249/3 post_ack_contingencies=0 elapsed_ms=210
summary role_mask=0 days=10 score=8/73/415
case_complete order=forward mask=0 exit=0
case_elapsed_ms order=forward mask=0 value=25613

case_begin order=forward mask=32 started=2026-08-31T13:41:58.6419512+00:00
day=1 score=8/8/60 daily=8/60 profile_lb=8/8/60 profile_cert=8/8/60 profile_q50=8/63/267 candidates=16 candidate_ms=313 certification_ms=1115 terminals=a0@405/342,a1@405/397,a2@491/391,a3@434/406,a4@552/400,a5@104/432,a6@349/385,a7@405/397 post_ack_contingencies=0 elapsed_ms=3376
day=2 score=8/16/120 daily=8/60 profile_lb=8/16/120 profile_cert=8/16/120 profile_q50=8/68/314 candidates=16 candidate_ms=302 certification_ms=1118 terminals=a0@194/384,a1@342/410,a2@46/406,a3@281/414,a4@405/316,a5@16/432,a6@165/420,a7@249/415 post_ack_contingencies=0 elapsed_ms=3379
day=3 score=8/24/184 daily=8/64 profile_lb=8/24/184 profile_cert=8/24/184 profile_q50=8/71/350 candidates=16 candidate_ms=303 certification_ms=1116 terminals=a0@405/397,a1@503/370,a2@503/382,a3@552/407,a4@342/403,a5@104/432,a6@552/401,a7@405/329 post_ack_contingencies=0 elapsed_ms=3377
day=4 score=8/32/250 daily=8/66 profile_lb=8/32/250 profile_cert=8/32/250 profile_q50=8/72/397 candidates=16 candidate_ms=317 certification_ms=1115 terminals=a0@49/432,a1@49/432,a2@491/399,a3@405/381,a4@503/383,a5@49/432,a6@405/381,a7@49/432 post_ack_contingencies=0 elapsed_ms=3379
day=5 score=8/40/309 daily=8/59 profile_lb=8/40/309 profile_cert=8/40/309 profile_q50=8/75/433 candidates=16 candidate_ms=284 certification_ms=1117 terminals=a0@349/361,a1@349/361,a2@349/315,a3@491/399,a4@491/399,a5@49/432,a6@194/290,a7@342/363 post_ack_contingencies=0 elapsed_ms=3378
day=6 score=8/48/372 daily=8/63 profile_lb=8/48/372 profile_cert=8/48/372 profile_q50=8/74/470 candidates=16 candidate_ms=310 certification_ms=1112 terminals=a0@165/388,a1@491/393,a2@491/393,a3@434/406,a4@288/386,a5@104/432,a6@405/393,a7@503/369 post_ack_contingencies=0 elapsed_ms=3376
day=7 score=8/56/438 daily=8/66 profile_lb=8/56/438 profile_cert=8/56/438 profile_q50=8/78/517 candidates=16 candidate_ms=314 certification_ms=1114 terminals=a0@552/400,a1@49/395,a2@447/391,a3@46/354,a4@349/385,a5@104/432,a6@49/350,a7@491/391 post_ack_contingencies=0 elapsed_ms=3375
day=8 score=8/64/503 daily=8/65 profile_lb=8/64/503 profile_cert=8/64/503 profile_q50=8/80/557 candidates=16 candidate_ms=315 certification_ms=1114 terminals=a0@405/375,a1@569/388,a2@342/392,a3@503/381,a4@165/388,a5@104/432,a6@349/279,a7@46/395 post_ack_contingencies=0 elapsed_ms=3376
day=9 score=8/72/567 daily=8/64 profile_lb=8/79/593 profile_cert=8/79/593 profile_q50=8/80/596 candidates=16 candidate_ms=296 certification_ms=1114 terminals=a0@491/393,a1@342/403,a2@503/369,a3@342/403,a4@552/401,a5@104/432,a6@491/393,a7@503/382 post_ack_contingencies=0 elapsed_ms=3377
day=10 score=8/80/634 daily=8/67 profile_lb=8/80/634 profile_cert=8/80/634 profile_q50=8/80/634 candidates=16 candidate_ms=3 certification_ms=1 terminals=a0@447/391,a1@503/369,a2@491/391,a3@447/353,a4@405/373,a5@104/432,a6@434/406,a7@491/391 post_ack_contingencies=0 elapsed_ms=1959
summary role_mask=32 days=10 score=8/80/634
case_complete order=forward mask=32 exit=0
case_elapsed_ms order=forward mask=32 value=36465

case_begin order=reverse mask=32 started=2026-08-31T13:42:35.1194182+00:00
day=1 score=8/8/60 daily=8/60 profile_lb=8/8/60 profile_cert=8/8/60 profile_q50=8/63/267 candidates=16 candidate_ms=296 certification_ms=1115 terminals=a0@405/342,a1@405/397,a2@491/391,a3@434/406,a4@552/400,a5@104/432,a6@349/385,a7@405/397 post_ack_contingencies=0 elapsed_ms=3377
day=2 score=8/16/120 daily=8/60 profile_lb=8/16/120 profile_cert=8/16/120 profile_q50=8/68/314 candidates=16 candidate_ms=305 certification_ms=1118 terminals=a0@194/384,a1@342/410,a2@46/406,a3@281/414,a4@405/316,a5@16/432,a6@165/420,a7@249/415 post_ack_contingencies=0 elapsed_ms=3379
day=3 score=8/24/184 daily=8/64 profile_lb=8/24/184 profile_cert=8/24/184 profile_q50=8/71/350 candidates=16 candidate_ms=314 certification_ms=1115 terminals=a0@405/397,a1@503/370,a2@503/382,a3@552/407,a4@342/403,a5@104/432,a6@552/401,a7@405/329 post_ack_contingencies=0 elapsed_ms=3377
day=4 score=8/32/250 daily=8/66 profile_lb=8/32/250 profile_cert=8/32/250 profile_q50=8/72/397 candidates=16 candidate_ms=312 certification_ms=1116 terminals=a0@49/432,a1@49/432,a2@491/399,a3@405/381,a4@503/383,a5@49/432,a6@405/381,a7@49/432 post_ack_contingencies=0 elapsed_ms=3377
day=5 score=8/40/309 daily=8/59 profile_lb=8/40/309 profile_cert=8/40/309 profile_q50=8/75/433 candidates=16 candidate_ms=372 certification_ms=1117 terminals=a0@349/361,a1@349/361,a2@349/315,a3@491/399,a4@491/399,a5@49/432,a6@194/290,a7@342/363 post_ack_contingencies=0 elapsed_ms=3377
day=6 score=8/48/372 daily=8/63 profile_lb=8/48/372 profile_cert=8/48/372 profile_q50=8/74/470 candidates=16 candidate_ms=314 certification_ms=1117 terminals=a0@491/393,a1@165/392,a2@491/393,a3@434/406,a4@288/386,a5@104/432,a6@405/393,a7@503/369 post_ack_contingencies=0 elapsed_ms=3380
day=7 score=8/56/438 daily=8/66 profile_lb=8/56/438 profile_cert=8/56/438 profile_q50=8/78/517 candidates=16 candidate_ms=311 certification_ms=1115 terminals=a0@49/395,a1@552/400,a2@447/391,a3@46/354,a4@349/385,a5@104/432,a6@49/350,a7@491/391 post_ack_contingencies=0 elapsed_ms=3376
day=8 score=8/64/503 daily=8/65 profile_lb=8/64/503 profile_cert=8/64/503 profile_q50=8/80/557 candidates=16 candidate_ms=312 certification_ms=1113 terminals=a0@569/388,a1@405/375,a2@342/392,a3@503/381,a4@165/388,a5@104/432,a6@349/279,a7@46/395 post_ack_contingencies=0 elapsed_ms=3377
day=9 score=8/72/567 daily=8/64 profile_lb=8/72/567 profile_cert=8/72/567 profile_q50=8/79/593 candidates=16 candidate_ms=314 certification_ms=1113 terminals=a0@342/403,a1@491/393,a2@503/369,a3@342/403,a4@552/401,a5@104/432,a6@491/393,a7@503/382 post_ack_contingencies=0 elapsed_ms=3376
day=10 score=8/80/634 daily=8/67 profile_lb=8/80/634 profile_cert=8/80/634 profile_q50=8/80/634 candidates=16 candidate_ms=2 certification_ms=0 terminals=a0@503/369,a1@447/391,a2@491/391,a3@447/353,a4@405/373,a5@104/432,a6@434/406,a7@491/391 post_ack_contingencies=0 elapsed_ms=1965
summary role_mask=32 days=10 score=8/80/634
case_complete order=reverse mask=32 exit=0
case_elapsed_ms order=reverse mask=32 value=36496

case_begin order=reverse mask=0 started=2026-08-31T13:43:11.6229685+00:00
day=1 score=8/8/69 daily=8/69 profile_lb=8/8/69 profile_cert=8/8/69 profile_q50=8/67/279 candidates=16 candidate_ms=319 certification_ms=1113 terminals=a0@405/342,a1@405/365,a2@491/347,a3@447/306,a4@552/344,a5@349/355,a6@349/336,a7@405/365 post_ack_contingencies=0 elapsed_ms=3377
day=2 score=8/16/136 daily=8/67 profile_lb=8/16/136 profile_cert=8/16/136 profile_q50=8/62/351 candidates=16 candidate_ms=302 certification_ms=1116 terminals=a0@194/247,a1@194/270,a2@349/255,a3@49/213,a4@405/260,a5@165/274,a6@95/258,a7@249/301 post_ack_contingencies=0 elapsed_ms=3376
day=3 score=8/24/205 daily=8/69 profile_lb=8/24/205 profile_cert=8/24/205 profile_q50=8/70/376 candidates=16 candidate_ms=313 certification_ms=1119 terminals=a0@405/184,a1@405/207,a2@342/174,a3@349/143,a4@342/172,a5@569/205,a6@552/173,a7@405/215 post_ack_contingencies=0 elapsed_ms=3380
day=4 score=8/32/274 daily=8/69 profile_lb=8/32/274 profile_cert=8/32/274 profile_q50=8/67/400 candidates=16 candidate_ms=372 certification_ms=1115 terminals=a0@49/101,a1@49/124,a2@503/101,a3@165/61,a4@503/99,a5@49/132,a6@405/88,a7@49/111 post_ack_contingencies=0 elapsed_ms=3376
day=5 score=8/40/340 daily=8/66 profile_lb=8/40/340 profile_cert=8/40/340 profile_q50=8/66/407 candidates=16 candidate_ms=302 certification_ms=1116 terminals=a0@349/30,a1@342/55,a2@491/25,a3@552/4,a4@491/23,a5@349/61,a6@349/10,a7@569/61 post_ack_contingencies=0 elapsed_ms=3378
day=6 score=8/48/381 daily=8/41 profile_lb=8/73/415 profile_cert=8/73/415 profile_q50=8/73/415 candidates=16 candidate_ms=314 certification_ms=335 terminals=a0@10/0,a1@281/2,a2@447/0,a3@529/2,a4@16/1,a5@288/1,a6@491/0,a7@342/8 post_ack_contingencies=0 elapsed_ms=2595
day=7 score=8/55/391 daily=7/10 profile_lb=8/73/415 profile_cert=8/73/415 profile_q50=8/73/415 candidates=16 candidate_ms=304 certification_ms=66 terminals=a0@10/0,a1@281/2,a2@447/0,a3@552/0,a4@16/1,a5@288/1,a6@491/0,a7@249/3 post_ack_contingencies=0 elapsed_ms=981
day=8 score=8/61/399 daily=6/8 profile_lb=8/73/415 profile_cert=8/73/415 profile_q50=8/73/415 candidates=16 candidate_ms=212 certification_ms=46 terminals=a0@10/0,a1@281/2,a2@447/0,a3@552/0,a4@16/1,a5@288/1,a6@491/0,a7@249/3 post_ack_contingencies=0 elapsed_ms=495
day=9 score=8/67/407 daily=6/8 profile_lb=8/73/415 profile_cert=8/73/415 profile_q50=8/73/415 candidates=16 candidate_ms=100 certification_ms=29 terminals=a0@10/0,a1@281/2,a2@447/0,a3@552/0,a4@16/1,a5@288/1,a6@491/0,a7@249/3 post_ack_contingencies=0 elapsed_ms=341
day=10 score=8/73/415 daily=6/8 profile_lb=8/73/415 profile_cert=8/73/415 profile_q50=8/73/415 candidates=16 candidate_ms=1 certification_ms=0 terminals=a0@10/0,a1@281/2,a2@447/0,a3@552/0,a4@16/1,a5@288/1,a6@491/0,a7@249/3 post_ack_contingencies=0 elapsed_ms=232
summary role_mask=0 days=10 score=8/73/415
case_complete order=reverse mask=0 exit=0
case_elapsed_ms order=reverse mask=0 value=25814

run_complete cases=4
