case,seed=10700000,family=three-balanced,fuel=low,players=8,agents=3,horizon=4,oracle=5/20/38,head=5/20/36,tier=3,gain=2,oracle_valid=1,head_valid=1,max_frontier=23696,day_enumerations=202
case_complete,seed=10700000
case,seed=10700001,family=three-balanced,fuel=low,players=8,agents=3,horizon=4,oracle=5/20/38,head=5/20/37,tier=3,gain=1,oracle_valid=1,head_valid=1,max_frontier=23696,day_enumerations=202
case_complete,seed=10700001
case,seed=10700100,family=three-duplicate,fuel=low,players=9,agents=3,horizon=4,oracle=4/16/38,head=4/16/36,tier=3,gain=2,oracle_valid=1,head_valid=1,max_frontier=23685,day_enumerations=202
case_complete,seed=10700100
case,seed=10700101,family=three-duplicate,fuel=low,players=9,agents=3,horizon=4,oracle=4/16/38,head=4/16/36,tier=3,gain=2,oracle_valid=1,head_valid=1,max_frontier=23685,day_enumerations=202
case_complete,seed=10700101
case,seed=10700200,family=three-stock,fuel=low,players=10,agents=3,horizon=4,oracle=5/20/20,head=5/20/20,tier=0,gain=0,oracle_valid=1,head_valid=1,max_frontier=10642,day_enumerations=202
case_complete,seed=10700200
case,seed=10700201,family=three-stock,fuel=low,players=10,agents=3,horizon=4,oracle=5/20/20,head=5/20/20,tier=0,gain=0,oracle_valid=1,head_valid=1,max_frontier=10642,day_enumerations=202
case_complete,seed=10700201
case,seed=10700300,family=three-coverage,fuel=low,players=8,agents=3,horizon=4,oracle=3/12/20,head=3/12/20,tier=0,gain=0,oracle_valid=1,head_valid=1,max_frontier=10640,day_enumerations=202
case_complete,seed=10700300
case,seed=10700301,family=three-coverage,fuel=low,players=8,agents=3,horizon=4,oracle=3/12/20,head=3/12/20,tier=0,gain=0,oracle_valid=1,head_valid=1,max_frontier=10640,day_enumerations=202
case_complete,seed=10700301
case,seed=10700400,family=three-fuel,fuel=low,players=9,agents=3,horizon=4,oracle=5/20/28,head=5/20/28,tier=0,gain=0,oracle_valid=1,head_valid=1,max_frontier=20160,day_enumerations=202
case_complete,seed=10700400
case,seed=10700401,family=three-fuel,fuel=low,players=9,agents=3,horizon=4,oracle=5/20/32,head=5/20/32,tier=0,gain=0,oracle_valid=1,head_valid=1,max_frontier=23363,day_enumerations=202
case_complete,seed=10700401
case,seed=10700500,family=three-terminal,fuel=low,players=10,agents=3,horizon=4,oracle=4/16/38,head=4/16/37,tier=3,gain=1,oracle_valid=1,head_valid=1,max_frontier=23704,day_enumerations=207
case_complete,seed=10700500
case,seed=10700501,family=three-terminal,fuel=low,players=10,agents=3,horizon=4,oracle=4/16/38,head=4/16/37,tier=3,gain=1,oracle_valid=1,head_valid=1,max_frontier=23685,day_enumerations=207
case_complete,seed=10700501
run_complete,cases=12
