== FINAL production binary sha256 ==
1FC14A9E7666CC96EDCE95CFE81144F59D2C05E95734B926E085FE236AC892E9
all tests passed
===== replay-check m-4043 =====
summary days=7 reconciled_transitions=6 lifetime_distinct=6 daily_distinct=42 servings=127
===== replay-check m-4044 =====
summary days=10 reconciled_transitions=9 lifetime_distinct=6 daily_distinct=60 servings=364
===== replay-check m-4045 =====
summary days=10 reconciled_transitions=9 lifetime_distinct=6 daily_distinct=60 servings=144
===== replay-roles m-4195 flag=1 =====
rank=1 roles=PPTP patrols=3
===== replay-roles m-4196 flag=1 =====
rank=1 roles=PPTP patrols=3
===== replay-roles m-4149 flag=1 =====
rank=1 roles=PPPP patrols=4
===== replay-roles m-4155 flag=1 =====
rank=1 roles=PPPP patrols=4
===== replay-roles m-4208 flag=1 =====
rank=1 roles=PTPP patrols=3
===== replay-roles m-4209 flag=1 =====
rank=1 roles=PPPPP patrols=5
