replay,path=.\artifacts\btc\m-2120.jsonl,status=valid-equivalent,exit=0
replay,path=.\artifacts\btc\m-3810.jsonl,status=valid-equivalent,exit=0
replay,path=.\artifacts\btc\m-3811.jsonl,status=valid-equivalent,exit=0
replay,path=.\artifacts\btc\m-3812.jsonl,status=valid-equivalent,exit=0
replay,path=.\artifacts\btc\m-3876-exp187.jsonl,status=valid-equivalent,exit=0
replay,path=.\artifacts\btc\m-3877-exp187.jsonl,status=valid-equivalent,exit=0
replay,path=.\artifacts\btc\m-3878-exp187.jsonl,status=valid-equivalent,exit=0
replay,path=.\artifacts\btc\m-3879-exp187.jsonl,status=valid-equivalent,exit=0
replay,path=.\artifacts\btc\m-3880-exp187.jsonl,status=valid-equivalent,exit=0
replay,path=.\artifacts\btc\m-3881-exp187.jsonl,status=valid-equivalent,exit=0
replay,path=.\artifacts\btc\m-3896-exp190.jsonl,status=valid-equivalent,exit=0
replay,path=.\artifacts\btc\m-3897-exp191.jsonl,status=valid-equivalent,exit=0
replay,path=.\artifacts\btc\m-3907-bugfix.jsonl,status=valid-equivalent,exit=0
replay,path=.\research\evidence\btc-m-2159-terminal-144.jsonl,status=valid-equivalent,exit=0
replay,path=.\research\evidence\CORRECT-HARD-CAP-WIRING-163-m3573.jsonl,status=valid-equivalent,exit=0
replay,path=.\research\evidence\CORRECT-HARD-CAP-WIRING-163-m3573-current-decisions.jsonl,status=not-a-complete-replay-equivalent,exit=1
replay,path=.\research\evidence\CORRECT-HARD-CAP-WIRING-163-m3573-current-floor-current.jsonl,status=not-a-complete-replay-equivalent,exit=1
replay,path=.\research\evidence\CORRECT-HARD-CAP-WIRING-163-m3573-current-floor-parent.jsonl,status=not-a-complete-replay-equivalent,exit=1
replay,path=.\research\evidence\CORRECT-HARD-CAP-WIRING-163-m3573-parent-decisions.jsonl,status=not-a-complete-replay-equivalent,exit=1
replay,path=.\research\evidence\PERF-MASTER-BUNDLE-092-btc-m-2077.jsonl,status=valid-equivalent,exit=0
replay,path=.\research\evidence\PERF-MASTER-BUNDLE-092-btc-m-2078.jsonl,status=valid-equivalent,exit=0
replay,path=.\research\evidence\PERF-MASTER-BUNDLE-092-btc-m-2081.jsonl,status=valid-equivalent,exit=0
replay,path=.\research\evidence\PERF-MASTER-BUNDLE-092-btc-m-2082.jsonl,status=valid-equivalent,exit=0
replay,path=.\research\evidence\PERF-MASTER-BUNDLE-092-btc-m-2084.jsonl,status=valid-equivalent,exit=0
replay,path=.\research\evidence\PERF-MASTER-BUNDLE-092-btc-m-2085.jsonl,status=valid-equivalent,exit=0
replay,path=.\research\evidence\PROTECT-HORIZON-SCENARIO-084-btc-m-1986.jsonl,status=valid-equivalent,exit=0
replay,path=.\research\evidence\SCORE-BTC-M3897-ATTR-role2.jsonl,status=not-a-complete-replay-equivalent,exit=1
replay,path=.\research\evidence\SCORE-F0-DETERMINISTIC-088-btc-m-2029.jsonl,status=valid-equivalent,exit=0
replay,path=.\research\evidence\SCORE-F0-DETERMINISTIC-088-btc-m-2034.jsonl,status=valid-equivalent,exit=0
replay,path=.\research\evidence\SCORE-FAIR-DIRECT-FRONTIER-193-m3897-candidate.jsonl,status=not-a-complete-replay-equivalent,exit=1
replay,path=.\research\evidence\SCORE-FAIR-DIRECT-FRONTIER-193-m3897-parent.jsonl,status=not-a-complete-replay-equivalent,exit=1
summary,files=31,valid=24,non_replay=7,mismatch=0
