== binary sha256 ==
4A8FB2257FF8C89C384B9A67A68720F1007FD203BE61D50A8C8D6DF97B08315D
===== replay-check m-4043 (flag off default) =====
summary days=7 reconciled_transitions=6 lifetime_distinct=6 daily_distinct=42 servings=127
resume accepted_days=7 last_wire_day=6 cached_contingencies=0 strong_proofs=0
===== replay-check m-4044 (flag off default) =====
summary days=10 reconciled_transitions=9 lifetime_distinct=6 daily_distinct=60 servings=364
resume accepted_days=10 last_wire_day=9 cached_contingencies=0 strong_proofs=0
===== replay-check m-4045 (flag off default) =====
summary days=10 reconciled_transitions=9 lifetime_distinct=6 daily_distinct=60 servings=144
resume accepted_days=10 last_wire_day=9 cached_contingencies=0 strong_proofs=0
===== replay-roles m-3810 flag=0 =====
rank=1 roles=PPP patrols=3 sustainable=1 rollout_valid=1 rollout_complete=1 rollout=1/4/23 upper=1/4/24
===== replay-roles m-3810 flag=1 =====
rank=1 roles=PPP patrols=3 sustainable=1 rollout_valid=1 rollout_complete=1 rollout=1/4/23 upper=1/4/24
===== replay-roles m-3907-bugfix flag=0 =====
rank=1 roles=PPP patrols=3 sustainable=1 rollout_valid=1 rollout_complete=1 rollout=1/4/16 upper=1/4/16
===== replay-roles m-3907-bugfix flag=1 =====
rank=1 roles=PPP patrols=3 sustainable=1 rollout_valid=1 rollout_complete=1 rollout=1/4/16 upper=1/4/16
===== replay-roles m-4149 flag=0 =====
rank=1 roles=PPPP patrols=4 sustainable=4 rollout_valid=1 rollout_complete=0 rollout=4/16/57 upper=4/16/72
===== replay-roles m-4149 flag=1 =====
rank=1 roles=PPPP patrols=4 sustainable=4 rollout_valid=1 rollout_complete=0 rollout=4/16/57 upper=4/16/72
===== replay-roles m-4155 flag=0 =====
rank=1 roles=PPPP patrols=4 sustainable=4 rollout_valid=1 rollout_complete=0 rollout=4/16/64 upper=4/16/88
===== replay-roles m-4155 flag=1 =====
rank=1 roles=PPPP patrols=4 sustainable=4 rollout_valid=1 rollout_complete=0 rollout=4/16/64 upper=4/16/88
===== replay-roles m-4195 flag=0 =====
rank=1 roles=PPPP patrols=4 sustainable=4 rollout_valid=1 rollout_complete=0 rollout=8/36/79 upper=8/40/135
===== replay-roles m-4195 flag=1 =====
rank=1 roles=PPPP patrols=4 sustainable=4 rollout_valid=1 rollout_complete=0 rollout=8/36/79 upper=8/40/135
===== replay-roles m-4196 flag=0 =====
rank=1 roles=PPTT patrols=2 sustainable=2 rollout_valid=1 rollout_complete=0 rollout=8/35/55 upper=8/40/120
===== replay-roles m-4196 flag=1 =====
rank=1 roles=PPPP patrols=4 sustainable=4 rollout_valid=1 rollout_complete=0 rollout=8/33/58 upper=8/40/150
===== replay-roles m-4043 flag=0 =====
rank=1 roles=PPPT patrols=3 sustainable=3 rollout_valid=1 rollout_complete=0 rollout=6/35/68 upper=6/42/329
===== replay-roles m-4043 flag=1 =====
rank=1 roles=PPPT patrols=3 sustainable=3 rollout_valid=1 rollout_complete=0 rollout=6/35/71 upper=6/42/329
===== replay-roles m-4044 flag=0 =====
rank=1 roles=TPPPPPPP patrols=7 sustainable=6 rollout_valid=1 rollout_complete=0 rollout=6/59/234 upper=6/60/760
===== replay-roles m-4044 flag=1 =====
rank=1 roles=TPPPPPPP patrols=7 sustainable=6 rollout_valid=1 rollout_complete=0 rollout=6/59/234 upper=6/60/760
===== replay-roles m-4045 flag=0 =====
rank=1 roles=PTPP patrols=3 sustainable=3 rollout_valid=1 rollout_complete=0 rollout=6/55/97 upper=6/60/540
===== replay-roles m-4045 flag=1 =====
rank=1 roles=PPTP patrols=3 sustainable=3 rollout_valid=1 rollout_complete=0 rollout=6/55/97 upper=6/60/540
===== replay-roles m-4194 flag=0 =====
rank=1 roles=TPPP patrols=3 sustainable=3 rollout_valid=1 rollout_complete=0 rollout=4/40/144 upper=4/40/220
===== replay-roles m-4194 flag=1 =====
rank=1 roles=TPPP patrols=3 sustainable=3 rollout_valid=1 rollout_complete=0 rollout=4/40/142 upper=4/40/220
