== binary sha256 ==
AAF73A3ADCD2E47B7C52A70E0A11B6767B37CB9C574BA7891E67399596FE08A7
===== replay-check m-4043 =====
summary days=7 reconciled_transitions=6 lifetime_distinct=6 daily_distinct=42 servings=127
===== replay-check m-4044 =====
summary days=10 reconciled_transitions=9 lifetime_distinct=6 daily_distinct=60 servings=364
===== replay-check m-4045 =====
summary days=10 reconciled_transitions=9 lifetime_distinct=6 daily_distinct=60 servings=144
===== replay-roles m-3810 flag=1 =====
rank=1 roles=PPP patrols=3 sustainable=1 rollout_valid=1 rollout_complete=1 rollout=1/4/23 upper=1/4/24 trace=1,1,1,1
===== replay-roles m-4149 flag=1 =====
rank=1 roles=PPPP patrols=4 sustainable=4 rollout_valid=1 rollout_complete=0 rollout=4/16/57 upper=4/16/72 trace=4,4,4,4
===== replay-roles m-4155 flag=1 =====
rank=1 roles=PPPP patrols=4 sustainable=4 rollout_valid=1 rollout_complete=0 rollout=4/16/64 upper=4/16/88 trace=4,4,4,4
===== replay-roles m-4195 flag=1 =====
rank=1 roles=PPTP patrols=3 sustainable=3 rollout_valid=1 rollout_complete=0 rollout=8/36/64 upper=8/40/135 trace=8,7,7,7,7
===== replay-roles m-4196 flag=1 =====
rank=1 roles=PPTP patrols=3 sustainable=3 rollout_valid=1 rollout_complete=0 rollout=8/33/52 upper=8/40/150 trace=8,6,6,6,7
===== replay-roles m-4208 flag=1 =====
rank=1 roles=PTPP patrols=3 sustainable=3 rollout_valid=1 rollout_complete=0 rollout=8/37/58 upper=8/40/130 trace=8,7,8,7,7
===== replay-roles m-4209 flag=1 =====
rank=1 roles=PPPPP patrols=5 sustainable=5 rollout_valid=1 rollout_complete=0 rollout=7/35/104 upper=7/35/295 trace=7,7,7,7,7
===== replay-roles m-4194 flag=1 =====
rank=1 roles=PTPP patrols=3 sustainable=3 rollout_valid=1 rollout_complete=0 rollout=4/40/145 upper=4/40/220 trace=4,4,4,4,4,4,4,4,4,4
