== binary sha256 ==
FDAAD8BBFCA795A9998C52B18253E9C86B148CD0876E9E3DF1F561E4BAA66269
===== replay-check m-4043 (flag off default) =====
  refuels=a3@p331/t12,a1@p331/t39
summary days=7 reconciled_transitions=6 lifetime_distinct=6 daily_distinct=42 servings=127
resume accepted_days=7 last_wire_day=6 cached_contingencies=0 strong_proofs=0
===== replay-check m-4044 (flag off default) =====
  refuels=a4@p401/t86,a5@p401/t99
summary days=10 reconciled_transitions=9 lifetime_distinct=6 daily_distinct=60 servings=364
resume accepted_days=10 last_wire_day=9 cached_contingencies=0 strong_proofs=0
===== replay-check m-4045 (flag off default) =====
  refuels=a3@p440/t38
summary days=10 reconciled_transitions=9 lifetime_distinct=6 daily_distinct=60 servings=144
resume accepted_days=10 last_wire_day=9 cached_contingencies=0 strong_proofs=0
===== replay-roles m-3810 flag=0 =====
rank=1 roles=PPP patrols=3 sustainable=1 rollout_valid=1 rollout_complete=1 rollout=1/4/23 upper=1/4/24
rank=2 roles=PTP patrols=2 sustainable=1 rollout_valid=1 rollout_complete=1 rollout=1/4/20 upper=1/4/24
===== replay-roles m-3810 flag=1 =====
rank=1 roles=PPP patrols=3 sustainable=1 rollout_valid=1 rollout_complete=1 rollout=1/4/23 upper=1/4/24
rank=2 roles=PTP patrols=2 sustainable=1 rollout_valid=1 rollout_complete=1 rollout=1/4/20 upper=1/4/24
===== replay-roles m-3907-bugfix flag=0 =====
rank=1 roles=PPP patrols=3 sustainable=1 rollout_valid=1 rollout_complete=1 rollout=1/4/16 upper=1/4/16
rank=2 roles=PPT patrols=2 sustainable=1 rollout_valid=1 rollout_complete=1 rollout=1/4/16 upper=1/4/16
===== replay-roles m-3907-bugfix flag=1 =====
rank=1 roles=PPP patrols=3 sustainable=1 rollout_valid=1 rollout_complete=1 rollout=1/4/16 upper=1/4/16
rank=2 roles=PPT patrols=2 sustainable=1 rollout_valid=1 rollout_complete=1 rollout=1/4/16 upper=1/4/16
===== replay-roles m-4149 flag=0 =====
rank=1 roles=PPPP patrols=4 sustainable=4 rollout_valid=1 rollout_complete=0 rollout=4/16/57 upper=4/16/72
rank=2 roles=PTPP patrols=3 sustainable=3 rollout_valid=1 rollout_complete=0 rollout=4/16/52 upper=4/16/72
===== replay-roles m-4149 flag=1 =====
rank=1 roles=PPPP patrols=4 sustainable=4 rollout_valid=1 rollout_complete=0 rollout=4/16/57 upper=4/16/72
rank=2 roles=PTPP patrols=3 sustainable=3 rollout_valid=1 rollout_complete=0 rollout=4/16/52 upper=4/16/72
===== replay-roles m-4155 flag=0 =====
rank=1 roles=PPPP patrols=4 sustainable=4 rollout_valid=1 rollout_complete=0 rollout=4/16/64 upper=4/16/88
rank=2 roles=PPPT patrols=3 sustainable=3 rollout_valid=1 rollout_complete=0 rollout=4/16/60 upper=4/16/88
===== replay-roles m-4155 flag=1 =====
rank=1 roles=PPPP patrols=4 sustainable=4 rollout_valid=1 rollout_complete=0 rollout=4/16/64 upper=4/16/88
rank=2 roles=PPPT patrols=3 sustainable=3 rollout_valid=1 rollout_complete=0 rollout=4/16/60 upper=4/16/88
===== replay-roles m-4195 flag=0 =====
rank=1 roles=PTPT patrols=2 sustainable=2 rollout_valid=1 rollout_complete=0 rollout=8/38/54 upper=8/40/120
rank=2 roles=PPTT patrols=2 sustainable=2 rollout_valid=1 rollout_complete=0 rollout=8/37/55 upper=8/40/120
===== replay-roles m-4195 flag=1 =====
rank=1 roles=PPPP patrols=4 sustainable=4 rollout_valid=1 rollout_complete=0 rollout=8/36/79 upper=8/40/135
rank=2 roles=PPTT patrols=2 sustainable=2 rollout_valid=1 rollout_complete=0 rollout=8/37/55 upper=8/40/120
===== replay-roles m-4196 flag=0 =====
rank=1 roles=PPTT patrols=2 sustainable=2 rollout_valid=1 rollout_complete=0 rollout=8/37/54 upper=8/40/120
rank=2 roles=PTTP patrols=2 sustainable=2 rollout_valid=1 rollout_complete=0 rollout=8/35/56 upper=8/40/120
===== replay-roles m-4196 flag=1 =====
rank=1 roles=PPPP patrols=4 sustainable=4 rollout_valid=1 rollout_complete=0 rollout=8/33/58 upper=8/40/150
rank=2 roles=PPTT patrols=2 sustainable=2 rollout_valid=1 rollout_complete=0 rollout=8/37/54 upper=8/40/120
===== replay-roles m-4043 flag=0 =====
rank=1 roles=PPTP patrols=3 sustainable=3 rollout_valid=1 rollout_complete=0 rollout=6/39/60 upper=6/42/329
rank=2 roles=PTPT patrols=2 sustainable=2 rollout_valid=1 rollout_complete=0 rollout=6/39/66 upper=6/42/252
===== replay-roles m-4043 flag=1 =====
rank=1 roles=PPPT patrols=3 sustainable=3 rollout_valid=1 rollout_complete=0 rollout=6/36/71 upper=6/42/329
rank=2 roles=PTPT patrols=2 sustainable=2 rollout_valid=1 rollout_complete=0 rollout=6/39/66 upper=6/42/252
===== replay-roles m-4044 flag=0 =====
rank=1 roles=PPTPPPPP patrols=7 sustainable=6 rollout_valid=1 rollout_complete=0 rollout=6/59/235 upper=6/60/760
rank=2 roles=TPPPPPPP patrols=7 sustainable=6 rollout_valid=1 rollout_complete=0 rollout=6/59/234 upper=6/60/760
===== replay-roles m-4044 flag=1 =====
rank=1 roles=PPTPPPPP patrols=7 sustainable=6 rollout_valid=1 rollout_complete=0 rollout=6/59/235 upper=6/60/760
rank=2 roles=TPPPPPPP patrols=7 sustainable=6 rollout_valid=1 rollout_complete=0 rollout=6/59/234 upper=6/60/760
===== replay-roles m-4045 flag=0 =====
rank=1 roles=PTPP patrols=3 sustainable=3 rollout_valid=1 rollout_complete=0 rollout=6/55/97 upper=6/60/540
rank=2 roles=PPTP patrols=3 sustainable=3 rollout_valid=1 rollout_complete=0 rollout=6/54/96 upper=6/60/540
===== replay-roles m-4045 flag=1 =====
rank=1 roles=PTPP patrols=3 sustainable=3 rollout_valid=1 rollout_complete=0 rollout=6/55/97 upper=6/60/540
rank=2 roles=PPTP patrols=3 sustainable=3 rollout_valid=1 rollout_complete=0 rollout=6/54/96 upper=6/60/540
===== replay-roles m-4194 flag=0 =====
rank=1 roles=PTPP patrols=3 sustainable=3 rollout_valid=1 rollout_complete=0 rollout=4/40/145 upper=4/40/220
rank=2 roles=PPTP patrols=3 sustainable=3 rollout_valid=1 rollout_complete=0 rollout=4/40/143 upper=4/40/220
===== replay-roles m-4194 flag=1 =====
rank=1 roles=PTPP patrols=3 sustainable=3 rollout_valid=1 rollout_complete=0 rollout=4/40/145 upper=4/40/220
rank=2 roles=TPPP patrols=3 sustainable=3 rollout_valid=1 rollout_complete=0 rollout=4/40/144 upper=4/40/220
