firing,replay=C:\Users\LMC\Desktop\4Fun\artifacts\btc\m-2120.jsonl,day=1,agent=0,step=84,cell=1003,mid_move_now=1
firing,replay=C:\Users\LMC\Desktop\4Fun\artifacts\btc\m-2120.jsonl,day=1,agent=1,step=29,cell=1003,mid_move_now=1
firing,replay=C:\Users\LMC\Desktop\4Fun\artifacts\btc\m-2120.jsonl,day=1,agent=2,step=21,cell=1003,mid_move_now=1
firing,replay=C:\Users\LMC\Desktop\4Fun\artifacts\btc\m-2120.jsonl,day=1,agent=5,step=74,cell=1003,mid_move_now=1
firing,replay=C:\Users\LMC\Desktop\4Fun\artifacts\btc\m-2120.jsonl,day=1,agent=6,step=54,cell=1003,mid_move_now=1
distinguishing_day,replay=C:\Users\LMC\Desktop\4Fun\artifacts\btc\m-2120.jsonl,day=1,authoritative_matches_simulator=1
firing,replay=C:\Users\LMC\Desktop\4Fun\artifacts\btc\m-2120.jsonl,day=2,agent=0,step=16,cell=1003,mid_move_now=1
firing,replay=C:\Users\LMC\Desktop\4Fun\artifacts\btc\m-2120.jsonl,day=2,agent=1,step=87,cell=1003,mid_move_now=1
firing,replay=C:\Users\LMC\Desktop\4Fun\artifacts\btc\m-2120.jsonl,day=2,agent=3,step=24,cell=1003,mid_move_now=1
firing,replay=C:\Users\LMC\Desktop\4Fun\artifacts\btc\m-2120.jsonl,day=2,agent=5,step=27,cell=1003,mid_move_now=1
distinguishing_day,replay=C:\Users\LMC\Desktop\4Fun\artifacts\btc\m-2120.jsonl,day=2,authoritative_matches_simulator=1
firing,replay=C:\Users\LMC\Desktop\4Fun\artifacts\btc\m-2120.jsonl,day=3,agent=0,step=73,cell=1003,mid_move_now=1
firing,replay=C:\Users\LMC\Desktop\4Fun\artifacts\btc\m-2120.jsonl,day=3,agent=1,step=16,cell=1003,mid_move_now=1
firing,replay=C:\Users\LMC\Desktop\4Fun\artifacts\btc\m-2120.jsonl,day=3,agent=2,step=53,cell=1003,mid_move_now=1
firing,replay=C:\Users\LMC\Desktop\4Fun\artifacts\btc\m-2120.jsonl,day=3,agent=4,step=2,cell=1003,mid_move_now=1
firing,replay=C:\Users\LMC\Desktop\4Fun\artifacts\btc\m-2120.jsonl,day=3,agent=5,step=87,cell=1003,mid_move_now=1
firing,replay=C:\Users\LMC\Desktop\4Fun\artifacts\btc\m-2120.jsonl,day=3,agent=6,step=81,cell=1003,mid_move_now=1
distinguishing_day,replay=C:\Users\LMC\Desktop\4Fun\artifacts\btc\m-2120.jsonl,day=3,authoritative_matches_simulator=1
firing,replay=C:\Users\LMC\Desktop\4Fun\artifacts\btc\m-2120.jsonl,day=4,agent=0,step=16,cell=1003,mid_move_now=1
firing,replay=C:\Users\LMC\Desktop\4Fun\artifacts\btc\m-2120.jsonl,day=4,agent=5,step=16,cell=1003,mid_move_now=1
firing,replay=C:\Users\LMC\Desktop\4Fun\artifacts\btc\m-2120.jsonl,day=4,agent=6,step=16,cell=1003,mid_move_now=1
distinguishing_day,replay=C:\Users\LMC\Desktop\4Fun\artifacts\btc\m-2120.jsonl,day=4,authoritative_matches_simulator=1
firing,replay=C:\Users\LMC\Desktop\4Fun\artifacts\btc\m-2120.jsonl,day=5,agent=1,step=53,cell=1003,mid_move_now=1
firing,replay=C:\Users\LMC\Desktop\4Fun\artifacts\btc\m-2120.jsonl,day=5,agent=3,step=2,cell=1003,mid_move_now=1
firing,replay=C:\Users\LMC\Desktop\4Fun\artifacts\btc\m-2120.jsonl,day=5,agent=4,step=2,cell=1003,mid_move_now=1
firing,replay=C:\Users\LMC\Desktop\4Fun\artifacts\btc\m-2120.jsonl,day=5,agent=6,step=87,cell=1003,mid_move_now=1
distinguishing_day,replay=C:\Users\LMC\Desktop\4Fun\artifacts\btc\m-2120.jsonl,day=5,authoritative_matches_simulator=1
firing,replay=C:\Users\LMC\Desktop\4Fun\artifacts\btc\m-2120.jsonl,day=6,agent=0,step=86,cell=1003,mid_move_now=1
firing,replay=C:\Users\LMC\Desktop\4Fun\artifacts\btc\m-2120.jsonl,day=6,agent=1,step=27,cell=1003,mid_move_now=1
firing,replay=C:\Users\LMC\Desktop\4Fun\artifacts\btc\m-2120.jsonl,day=6,agent=2,step=53,cell=1003,mid_move_now=1
firing,replay=C:\Users\LMC\Desktop\4Fun\artifacts\btc\m-2120.jsonl,day=6,agent=5,step=41,cell=1003,mid_move_now=1
firing,replay=C:\Users\LMC\Desktop\4Fun\artifacts\btc\m-2120.jsonl,day=6,agent=6,step=16,cell=1003,mid_move_now=1
distinguishing_day,replay=C:\Users\LMC\Desktop\4Fun\artifacts\btc\m-2120.jsonl,day=6,authoritative_matches_simulator=1
firing,replay=C:\Users\LMC\Desktop\4Fun\artifacts\btc\m-2120.jsonl,day=7,agent=0,step=16,cell=1003,mid_move_now=1
firing,replay=C:\Users\LMC\Desktop\4Fun\artifacts\btc\m-2120.jsonl,day=7,agent=1,step=79,cell=1003,mid_move_now=1
firing,replay=C:\Users\LMC\Desktop\4Fun\artifacts\btc\m-2120.jsonl,day=7,agent=2,step=76,cell=1003,mid_move_now=1
firing,replay=C:\Users\LMC\Desktop\4Fun\artifacts\btc\m-2120.jsonl,day=7,agent=3,step=2,cell=1003,mid_move_now=1
firing,replay=C:\Users\LMC\Desktop\4Fun\artifacts\btc\m-2120.jsonl,day=7,agent=4,step=2,cell=1003,mid_move_now=1
firing,replay=C:\Users\LMC\Desktop\4Fun\artifacts\btc\m-2120.jsonl,day=7,agent=5,step=41,cell=1003,mid_move_now=1
firing,replay=C:\Users\LMC\Desktop\4Fun\artifacts\btc\m-2120.jsonl,day=7,agent=6,step=79,cell=1003,mid_move_now=1
distinguishing_day,replay=C:\Users\LMC\Desktop\4Fun\artifacts\btc\m-2120.jsonl,day=7,authoritative_matches_simulator=1
firing,replay=C:\Users\LMC\Desktop\4Fun\artifacts\btc\m-2120.jsonl,day=8,agent=0,step=87,cell=1003,mid_move_now=1
firing,replay=C:\Users\LMC\Desktop\4Fun\artifacts\btc\m-2120.jsonl,day=8,agent=1,step=79,cell=1003,mid_move_now=1
firing,replay=C:\Users\LMC\Desktop\4Fun\artifacts\btc\m-2120.jsonl,day=8,agent=2,step=16,cell=1003,mid_move_now=1
firing,replay=C:\Users\LMC\Desktop\4Fun\artifacts\btc\m-2120.jsonl,day=8,agent=5,step=87,cell=1003,mid_move_now=1
distinguishing_day,replay=C:\Users\LMC\Desktop\4Fun\artifacts\btc\m-2120.jsonl,day=8,authoritative_matches_simulator=1
firing,replay=C:\Users\LMC\Desktop\4Fun\artifacts\btc\m-2120.jsonl,day=9,agent=0,step=16,cell=1003,mid_move_now=1
firing,replay=C:\Users\LMC\Desktop\4Fun\artifacts\btc\m-2120.jsonl,day=9,agent=1,step=16,cell=1003,mid_move_now=1
firing,replay=C:\Users\LMC\Desktop\4Fun\artifacts\btc\m-2120.jsonl,day=9,agent=3,step=2,cell=1003,mid_move_now=1
firing,replay=C:\Users\LMC\Desktop\4Fun\artifacts\btc\m-2120.jsonl,day=9,agent=5,step=16,cell=1003,mid_move_now=1
firing,replay=C:\Users\LMC\Desktop\4Fun\artifacts\btc\m-2120.jsonl,day=9,agent=6,step=87,cell=1003,mid_move_now=1
distinguishing_day,replay=C:\Users\LMC\Desktop\4Fun\artifacts\btc\m-2120.jsonl,day=9,authoritative_matches_simulator=1
firing,replay=C:\Users\LMC\Desktop\4Fun\artifacts\btc\m-2120.jsonl,day=10,agent=1,step=87,cell=1003,mid_move_now=1
firing,replay=C:\Users\LMC\Desktop\4Fun\artifacts\btc\m-2120.jsonl,day=10,agent=2,step=82,cell=1003,mid_move_now=1
firing,replay=C:\Users\LMC\Desktop\4Fun\artifacts\btc\m-2120.jsonl,day=10,agent=5,step=79,cell=1003,mid_move_now=1
firing,replay=C:\Users\LMC\Desktop\4Fun\artifacts\btc\m-2120.jsonl,day=10,agent=6,step=16,cell=1003,mid_move_now=1
replay_summary,replay=C:\Users\LMC\Desktop\4Fun\artifacts\btc\m-2120.jsonl,analyzed_days=10,midmove_firings=47,distinguishing_days=10,fuel_critical_days=0,authoritative_checked=9,authoritative_matches=9
replay_summary,replay=C:\Users\LMC\Desktop\4Fun\artifacts\btc\m-3810.jsonl,analyzed_days=4,midmove_firings=0,distinguishing_days=0,fuel_critical_days=0,authoritative_checked=3,authoritative_matches=3
firing,replay=C:\Users\LMC\Desktop\4Fun\artifacts\btc\m-3811.jsonl,day=1,agent=2,step=77,cell=662,mid_move_now=1
firing,replay=C:\Users\LMC\Desktop\4Fun\artifacts\btc\m-3811.jsonl,day=1,agent=3,step=48,cell=662,mid_move_now=1
firing,replay=C:\Users\LMC\Desktop\4Fun\artifacts\btc\m-3811.jsonl,day=1,agent=4,step=20,cell=662,mid_move_now=1
firing,replay=C:\Users\LMC\Desktop\4Fun\artifacts\btc\m-3811.jsonl,day=1,agent=6,step=77,cell=662,mid_move_now=1
firing,replay=C:\Users\LMC\Desktop\4Fun\artifacts\btc\m-3811.jsonl,day=1,agent=7,step=52,cell=662,mid_move_now=1
distinguishing_day,replay=C:\Users\LMC\Desktop\4Fun\artifacts\btc\m-3811.jsonl,day=1,authoritative_matches_simulator=1
firing,replay=C:\Users\LMC\Desktop\4Fun\artifacts\btc\m-3811.jsonl,day=2,agent=0,step=2,cell=662,mid_move_now=1
firing,replay=C:\Users\LMC\Desktop\4Fun\artifacts\btc\m-3811.jsonl,day=2,agent=2,step=46,cell=662,mid_move_now=1
firing,replay=C:\Users\LMC\Desktop\4Fun\artifacts\btc\m-3811.jsonl,day=2,agent=3,step=47,cell=662,mid_move_now=1
firing,replay=C:\Users\LMC\Desktop\4Fun\artifacts\btc\m-3811.jsonl,day=2,agent=4,step=60,cell=662,mid_move_now=1
firing,replay=C:\Users\LMC\Desktop\4Fun\artifacts\btc\m-3811.jsonl,day=2,agent=5,step=46,cell=662,mid_move_now=1
firing,replay=C:\Users\LMC\Desktop\4Fun\artifacts\btc\m-3811.jsonl,day=2,agent=6,step=25,cell=662,mid_move_now=1
firing,replay=C:\Users\LMC\Desktop\4Fun\artifacts\btc\m-3811.jsonl,day=2,agent=7,step=35,cell=662,mid_move_now=1
distinguishing_day,replay=C:\Users\LMC\Desktop\4Fun\artifacts\btc\m-3811.jsonl,day=2,authoritative_matches_simulator=1
firing,replay=C:\Users\LMC\Desktop\4Fun\artifacts\btc\m-3811.jsonl,day=3,agent=0,step=58,cell=1014,mid_move_now=1
firing,replay=C:\Users\LMC\Desktop\4Fun\artifacts\btc\m-3811.jsonl,day=3,agent=2,step=70,cell=1014,mid_move_now=1
firing,replay=C:\Users\LMC\Desktop\4Fun\artifacts\btc\m-3811.jsonl,day=3,agent=3,step=70,cell=1014,mid_move_now=1
firing,replay=C:\Users\LMC\Desktop\4Fun\artifacts\btc\m-3811.jsonl,day=3,agent=4,step=64,cell=1014,mid_move_now=1
firing,replay=C:\Users\LMC\Desktop\4Fun\artifacts\btc\m-3811.jsonl,day=3,agent=5,step=70,cell=1014,mid_move_now=1
firing,replay=C:\Users\LMC\Desktop\4Fun\artifacts\btc\m-3811.jsonl,day=3,agent=6,step=59,cell=1014,mid_move_now=1
firing,replay=C:\Users\LMC\Desktop\4Fun\artifacts\btc\m-3811.jsonl,day=3,agent=7,step=48,cell=1014,mid_move_now=1
distinguishing_day,replay=C:\Users\LMC\Desktop\4Fun\artifacts\btc\m-3811.jsonl,day=3,authoritative_matches_simulator=1
firing,replay=C:\Users\LMC\Desktop\4Fun\artifacts\btc\m-3811.jsonl,day=4,agent=2,step=82,cell=484,mid_move_now=1
firing,replay=C:\Users\LMC\Desktop\4Fun\artifacts\btc\m-3811.jsonl,day=4,agent=3,step=82,cell=484,mid_move_now=1
firing,replay=C:\Users\LMC\Desktop\4Fun\artifacts\btc\m-3811.jsonl,day=4,agent=5,step=82,cell=484,mid_move_now=1
firing,replay=C:\Users\LMC\Desktop\4Fun\artifacts\btc\m-3811.jsonl,day=4,agent=6,step=82,cell=484,mid_move_now=1
distinguishing_day,replay=C:\Users\LMC\Desktop\4Fun\artifacts\btc\m-3811.jsonl,day=4,authoritative_matches_simulator=1
firing,replay=C:\Users\LMC\Desktop\4Fun\artifacts\btc\m-3811.jsonl,day=5,agent=0,step=2,cell=484,mid_move_now=1
firing,replay=C:\Users\LMC\Desktop\4Fun\artifacts\btc\m-3811.jsonl,day=5,agent=2,step=14,cell=484,mid_move_now=1
firing,replay=C:\Users\LMC\Desktop\4Fun\artifacts\btc\m-3811.jsonl,day=5,agent=3,step=14,cell=484,mid_move_now=1
firing,replay=C:\Users\LMC\Desktop\4Fun\artifacts\btc\m-3811.jsonl,day=5,agent=5,step=14,cell=484,mid_move_now=1
firing,replay=C:\Users\LMC\Desktop\4Fun\artifacts\btc\m-3811.jsonl,day=5,agent=6,step=14,cell=484,mid_move_now=1
distinguishing_day,replay=C:\Users\LMC\Desktop\4Fun\artifacts\btc\m-3811.jsonl,day=5,authoritative_matches_simulator=1
firing,replay=C:\Users\LMC\Desktop\4Fun\artifacts\btc\m-3811.jsonl,day=6,agent=2,step=79,cell=484,mid_move_now=1
firing,replay=C:\Users\LMC\Desktop\4Fun\artifacts\btc\m-3811.jsonl,day=6,agent=3,step=79,cell=484,mid_move_now=1
firing,replay=C:\Users\LMC\Desktop\4Fun\artifacts\btc\m-3811.jsonl,day=6,agent=4,step=2,cell=484,mid_move_now=1
firing,replay=C:\Users\LMC\Desktop\4Fun\artifacts\btc\m-3811.jsonl,day=6,agent=5,step=79,cell=484,mid_move_now=1
firing,replay=C:\Users\LMC\Desktop\4Fun\artifacts\btc\m-3811.jsonl,day=6,agent=7,step=2,cell=484,mid_move_now=1
distinguishing_day,replay=C:\Users\LMC\Desktop\4Fun\artifacts\btc\m-3811.jsonl,day=6,authoritative_matches_simulator=1
firing,replay=C:\Users\LMC\Desktop\4Fun\artifacts\btc\m-3811.jsonl,day=7,agent=0,step=2,cell=484,mid_move_now=1
firing,replay=C:\Users\LMC\Desktop\4Fun\artifacts\btc\m-3811.jsonl,day=7,agent=2,step=14,cell=484,mid_move_now=1
firing,replay=C:\Users\LMC\Desktop\4Fun\artifacts\btc\m-3811.jsonl,day=7,agent=3,step=14,cell=484,mid_move_now=1
firing,replay=C:\Users\LMC\Desktop\4Fun\artifacts\btc\m-3811.jsonl,day=7,agent=5,step=14,cell=484,mid_move_now=1
firing,replay=C:\Users\LMC\Desktop\4Fun\artifacts\btc\m-3811.jsonl,day=7,agent=6,step=2,cell=484,mid_move_now=1
firing,replay=C:\Users\LMC\Desktop\4Fun\artifacts\btc\m-3811.jsonl,day=7,agent=7,step=78,cell=484,mid_move_now=1
distinguishing_day,replay=C:\Users\LMC\Desktop\4Fun\artifacts\btc\m-3811.jsonl,day=7,authoritative_matches_simulator=1
firing,replay=C:\Users\LMC\Desktop\4Fun\artifacts\btc\m-3811.jsonl,day=8,agent=2,step=80,cell=484,mid_move_now=1
firing,replay=C:\Users\LMC\Desktop\4Fun\artifacts\btc\m-3811.jsonl,day=8,agent=3,step=80,cell=484,mid_move_now=1
firing,replay=C:\Users\LMC\Desktop\4Fun\artifacts\btc\m-3811.jsonl,day=8,agent=4,step=2,cell=484,mid_move_now=1
firing,replay=C:\Users\LMC\Desktop\4Fun\artifacts\btc\m-3811.jsonl,day=8,agent=5,step=80,cell=484,mid_move_now=1
firing,replay=C:\Users\LMC\Desktop\4Fun\artifacts\btc\m-3811.jsonl,day=8,agent=7,step=14,cell=484,mid_move_now=1
distinguishing_day,replay=C:\Users\LMC\Desktop\4Fun\artifacts\btc\m-3811.jsonl,day=8,authoritative_matches_simulator=1
firing,replay=C:\Users\LMC\Desktop\4Fun\artifacts\btc\m-3811.jsonl,day=9,agent=0,step=2,cell=484,mid_move_now=1
firing,replay=C:\Users\LMC\Desktop\4Fun\artifacts\btc\m-3811.jsonl,day=9,agent=2,step=14,cell=484,mid_move_now=1
firing,replay=C:\Users\LMC\Desktop\4Fun\artifacts\btc\m-3811.jsonl,day=9,agent=3,step=14,cell=484,mid_move_now=1
firing,replay=C:\Users\LMC\Desktop\4Fun\artifacts\btc\m-3811.jsonl,day=9,agent=5,step=14,cell=484,mid_move_now=1
firing,replay=C:\Users\LMC\Desktop\4Fun\artifacts\btc\m-3811.jsonl,day=9,agent=6,step=2,cell=484,mid_move_now=1
firing,replay=C:\Users\LMC\Desktop\4Fun\artifacts\btc\m-3811.jsonl,day=9,agent=7,step=84,cell=484,mid_move_now=1
distinguishing_day,replay=C:\Users\LMC\Desktop\4Fun\artifacts\btc\m-3811.jsonl,day=9,authoritative_matches_simulator=1
firing,replay=C:\Users\LMC\Desktop\4Fun\artifacts\btc\m-3811.jsonl,day=10,agent=2,step=83,cell=484,mid_move_now=1
firing,replay=C:\Users\LMC\Desktop\4Fun\artifacts\btc\m-3811.jsonl,day=10,agent=4,step=2,cell=484,mid_move_now=1
firing,replay=C:\Users\LMC\Desktop\4Fun\artifacts\btc\m-3811.jsonl,day=10,agent=7,step=14,cell=484,mid_move_now=1
replay_summary,replay=C:\Users\LMC\Desktop\4Fun\artifacts\btc\m-3811.jsonl,analyzed_days=10,midmove_firings=53,distinguishing_days=10,fuel_critical_days=0,authoritative_checked=9,authoritative_matches=9
firing,replay=C:\Users\LMC\Desktop\4Fun\artifacts\btc\m-3812.jsonl,day=1,agent=0,step=23,cell=156,mid_move_now=1
firing,replay=C:\Users\LMC\Desktop\4Fun\artifacts\btc\m-3812.jsonl,day=1,agent=4,step=27,cell=156,mid_move_now=1
firing,replay=C:\Users\LMC\Desktop\4Fun\artifacts\btc\m-3812.jsonl,day=1,agent=5,step=31,cell=156,mid_move_now=1
distinguishing_day,replay=C:\Users\LMC\Desktop\4Fun\artifacts\btc\m-3812.jsonl,day=1,authoritative_matches_simulator=1
firing,replay=C:\Users\LMC\Desktop\4Fun\artifacts\btc\m-3812.jsonl,day=2,agent=0,step=34,cell=156,mid_move_now=1
firing,replay=C:\Users\LMC\Desktop\4Fun\artifacts\btc\m-3812.jsonl,day=2,agent=4,step=11,cell=156,mid_move_now=1
firing,replay=C:\Users\LMC\Desktop\4Fun\artifacts\btc\m-3812.jsonl,day=2,agent=5,step=16,cell=156,mid_move_now=1
firing,replay=C:\Users\LMC\Desktop\4Fun\artifacts\btc\m-3812.jsonl,day=2,agent=6,step=34,cell=156,mid_move_now=1
firing,replay=C:\Users\LMC\Desktop\4Fun\artifacts\btc\m-3812.jsonl,day=2,agent=7,step=2,cell=156,mid_move_now=1
firing,replay=C:\Users\LMC\Desktop\4Fun\artifacts\btc\m-3812.jsonl,day=2,agent=7,step=25,cell=156,mid_move_now=1
distinguishing_day,replay=C:\Users\LMC\Desktop\4Fun\artifacts\btc\m-3812.jsonl,day=2,authoritative_matches_simulator=1
firing,replay=C:\Users\LMC\Desktop\4Fun\artifacts\btc\m-3812.jsonl,day=3,agent=0,step=25,cell=77,mid_move_now=1
firing,replay=C:\Users\LMC\Desktop\4Fun\artifacts\btc\m-3812.jsonl,day=3,agent=1,step=12,cell=77,mid_move_now=1
firing,replay=C:\Users\LMC\Desktop\4Fun\artifacts\btc\m-3812.jsonl,day=3,agent=3,step=12,cell=77,mid_move_now=1
firing,replay=C:\Users\LMC\Desktop\4Fun\artifacts\btc\m-3812.jsonl,day=3,agent=4,step=26,cell=77,mid_move_now=1
firing,replay=C:\Users\LMC\Desktop\4Fun\artifacts\btc\m-3812.jsonl,day=3,agent=6,step=18,cell=77,mid_move_now=1
distinguishing_day,replay=C:\Users\LMC\Desktop\4Fun\artifacts\btc\m-3812.jsonl,day=3,authoritative_matches_simulator=1
firing,replay=C:\Users\LMC\Desktop\4Fun\artifacts\btc\m-3812.jsonl,day=4,agent=0,step=5,cell=110,mid_move_now=1
firing,replay=C:\Users\LMC\Desktop\4Fun\artifacts\btc\m-3812.jsonl,day=4,agent=0,step=24,cell=156,mid_move_now=1
firing,replay=C:\Users\LMC\Desktop\4Fun\artifacts\btc\m-3812.jsonl,day=4,agent=3,step=23,cell=156,mid_move_now=1
firing,replay=C:\Users\LMC\Desktop\4Fun\artifacts\btc\m-3812.jsonl,day=4,agent=4,step=5,cell=110,mid_move_now=1
firing,replay=C:\Users\LMC\Desktop\4Fun\artifacts\btc\m-3812.jsonl,day=4,agent=5,step=12,cell=156,mid_move_now=1
firing,replay=C:\Users\LMC\Desktop\4Fun\artifacts\btc\m-3812.jsonl,day=4,agent=7,step=12,cell=156,mid_move_now=1
distinguishing_day,replay=C:\Users\LMC\Desktop\4Fun\artifacts\btc\m-3812.jsonl,day=4,authoritative_matches_simulator=1
firing,replay=C:\Users\LMC\Desktop\4Fun\artifacts\btc\m-3812.jsonl,day=5,agent=0,step=28,cell=156,mid_move_now=1
firing,replay=C:\Users\LMC\Desktop\4Fun\artifacts\btc\m-3812.jsonl,day=5,agent=1,step=2,cell=156,mid_move_now=1
firing,replay=C:\Users\LMC\Desktop\4Fun\artifacts\btc\m-3812.jsonl,day=5,agent=3,step=11,cell=156,mid_move_now=1
firing,replay=C:\Users\LMC\Desktop\4Fun\artifacts\btc\m-3812.jsonl,day=5,agent=4,step=2,cell=156,mid_move_now=1
firing,replay=C:\Users\LMC\Desktop\4Fun\artifacts\btc\m-3812.jsonl,day=5,agent=6,step=11,cell=156,mid_move_now=1
distinguishing_day,replay=C:\Users\LMC\Desktop\4Fun\artifacts\btc\m-3812.jsonl,day=5,authoritative_matches_simulator=1
firing,replay=C:\Users\LMC\Desktop\4Fun\artifacts\btc\m-3812.jsonl,day=6,agent=0,step=17,cell=156,mid_move_now=1
firing,replay=C:\Users\LMC\Desktop\4Fun\artifacts\btc\m-3812.jsonl,day=6,agent=1,step=26,cell=156,mid_move_now=1
firing,replay=C:\Users\LMC\Desktop\4Fun\artifacts\btc\m-3812.jsonl,day=6,agent=3,step=22,cell=156,mid_move_now=1
firing,replay=C:\Users\LMC\Desktop\4Fun\artifacts\btc\m-3812.jsonl,day=6,agent=5,step=2,cell=156,mid_move_now=1
firing,replay=C:\Users\LMC\Desktop\4Fun\artifacts\btc\m-3812.jsonl,day=6,agent=6,step=20,cell=156,mid_move_now=1
firing,replay=C:\Users\LMC\Desktop\4Fun\artifacts\btc\m-3812.jsonl,day=6,agent=7,step=2,cell=156,mid_move_now=1
replay_summary,replay=C:\Users\LMC\Desktop\4Fun\artifacts\btc\m-3812.jsonl,analyzed_days=6,midmove_firings=31,distinguishing_days=6,fuel_critical_days=0,authoritative_checked=5,authoritative_matches=5
firing,replay=C:\Users\LMC\Desktop\4Fun\artifacts\btc\m-3876-exp187.jsonl,day=1,agent=1,step=69,cell=842,mid_move_now=1
firing,replay=C:\Users\LMC\Desktop\4Fun\artifacts\btc\m-3876-exp187.jsonl,day=1,agent=2,step=74,cell=842,mid_move_now=1
firing,replay=C:\Users\LMC\Desktop\4Fun\artifacts\btc\m-3876-exp187.jsonl,day=1,agent=5,step=60,cell=842,mid_move_now=1
firing,replay=C:\Users\LMC\Desktop\4Fun\artifacts\btc\m-3876-exp187.jsonl,day=1,agent=6,step=18,cell=842,mid_move_now=1
distinguishing_day,replay=C:\Users\LMC\Desktop\4Fun\artifacts\btc\m-3876-exp187.jsonl,day=1,authoritative_matches_simulator=1
firing,replay=C:\Users\LMC\Desktop\4Fun\artifacts\btc\m-3876-exp187.jsonl,day=2,agent=0,step=37,cell=842,mid_move_now=1
firing,replay=C:\Users\LMC\Desktop\4Fun\artifacts\btc\m-3876-exp187.jsonl,day=2,agent=1,step=26,cell=842,mid_move_now=1
firing,replay=C:\Users\LMC\Desktop\4Fun\artifacts\btc\m-3876-exp187.jsonl,day=2,agent=2,step=26,cell=842,mid_move_now=1
firing,replay=C:\Users\LMC\Desktop\4Fun\artifacts\btc\m-3876-exp187.jsonl,day=2,agent=3,step=59,cell=842,mid_move_now=1
firing,replay=C:\Users\LMC\Desktop\4Fun\artifacts\btc\m-3876-exp187.jsonl,day=2,agent=5,step=62,cell=842,mid_move_now=1
firing,replay=C:\Users\LMC\Desktop\4Fun\artifacts\btc\m-3876-exp187.jsonl,day=2,agent=6,step=59,cell=842,mid_move_now=1
firing,replay=C:\Users\LMC\Desktop\4Fun\artifacts\btc\m-3876-exp187.jsonl,day=2,agent=7,step=66,cell=842,mid_move_now=1
distinguishing_day,replay=C:\Users\LMC\Desktop\4Fun\artifacts\btc\m-3876-exp187.jsonl,day=2,authoritative_matches_simulator=1
firing,replay=C:\Users\LMC\Desktop\4Fun\artifacts\btc\m-3876-exp187.jsonl,day=3,agent=0,step=44,cell=368,mid_move_now=1
firing,replay=C:\Users\LMC\Desktop\4Fun\artifacts\btc\m-3876-exp187.jsonl,day=3,agent=1,step=59,cell=368,mid_move_now=1
firing,replay=C:\Users\LMC\Desktop\4Fun\artifacts\btc\m-3876-exp187.jsonl,day=3,agent=3,step=58,cell=368,mid_move_now=1
firing,replay=C:\Users\LMC\Desktop\4Fun\artifacts\btc\m-3876-exp187.jsonl,day=3,agent=5,step=77,cell=368,mid_move_now=1
firing,replay=C:\Users\LMC\Desktop\4Fun\artifacts\btc\m-3876-exp187.jsonl,day=3,agent=6,step=58,cell=368,mid_move_now=1
firing,replay=C:\Users\LMC\Desktop\4Fun\artifacts\btc\m-3876-exp187.jsonl,day=3,agent=7,step=77,cell=368,mid_move_now=1
distinguishing_day,replay=C:\Users\LMC\Desktop\4Fun\artifacts\btc\m-3876-exp187.jsonl,day=3,authoritative_matches_simulator=1
firing,replay=C:\Users\LMC\Desktop\4Fun\artifacts\btc\m-3876-exp187.jsonl,day=4,agent=2,step=77,cell=368,mid_move_now=1
firing,replay=C:\Users\LMC\Desktop\4Fun\artifacts\btc\m-3876-exp187.jsonl,day=4,agent=3,step=53,cell=368,mid_move_now=1
firing,replay=C:\Users\LMC\Desktop\4Fun\artifacts\btc\m-3876-exp187.jsonl,day=4,agent=5,step=14,cell=368,mid_move_now=1
firing,replay=C:\Users\LMC\Desktop\4Fun\artifacts\btc\m-3876-exp187.jsonl,day=4,agent=6,step=53,cell=368,mid_move_now=1
firing,replay=C:\Users\LMC\Desktop\4Fun\artifacts\btc\m-3876-exp187.jsonl,day=4,agent=7,step=14,cell=368,mid_move_now=1
distinguishing_day,replay=C:\Users\LMC\Desktop\4Fun\artifacts\btc\m-3876-exp187.jsonl,day=4,authoritative_matches_simulator=1
firing,replay=C:\Users\LMC\Desktop\4Fun\artifacts\btc\m-3876-exp187.jsonl,day=5,agent=0,step=71,cell=368,mid_move_now=1
firing,replay=C:\Users\LMC\Desktop\4Fun\artifacts\btc\m-3876-exp187.jsonl,day=5,agent=1,step=2,cell=368,mid_move_now=1
firing,replay=C:\Users\LMC\Desktop\4Fun\artifacts\btc\m-3876-exp187.jsonl,day=5,agent=2,step=13,cell=368,mid_move_now=1
firing,replay=C:\Users\LMC\Desktop\4Fun\artifacts\btc\m-3876-exp187.jsonl,day=5,agent=3,step=36,cell=368,mid_move_now=1
firing,replay=C:\Users\LMC\Desktop\4Fun\artifacts\btc\m-3876-exp187.jsonl,day=5,agent=5,step=75,cell=368,mid_move_now=1
firing,replay=C:\Users\LMC\Desktop\4Fun\artifacts\btc\m-3876-exp187.jsonl,day=5,agent=6,step=36,cell=368,mid_move_now=1
firing,replay=C:\Users\LMC\Desktop\4Fun\artifacts\btc\m-3876-exp187.jsonl,day=5,agent=7,step=71,cell=368,mid_move_now=1
distinguishing_day,replay=C:\Users\LMC\Desktop\4Fun\artifacts\btc\m-3876-exp187.jsonl,day=5,authoritative_matches_simulator=1
firing,replay=C:\Users\LMC\Desktop\4Fun\artifacts\btc\m-3876-exp187.jsonl,day=6,agent=0,step=37,cell=842,mid_move_now=1
firing,replay=C:\Users\LMC\Desktop\4Fun\artifacts\btc\m-3876-exp187.jsonl,day=6,agent=1,step=66,cell=842,mid_move_now=1
firing,replay=C:\Users\LMC\Desktop\4Fun\artifacts\btc\m-3876-exp187.jsonl,day=6,agent=2,step=26,cell=842,mid_move_now=1
firing,replay=C:\Users\LMC\Desktop\4Fun\artifacts\btc\m-3876-exp187.jsonl,day=6,agent=3,step=66,cell=842,mid_move_now=1
firing,replay=C:\Users\LMC\Desktop\4Fun\artifacts\btc\m-3876-exp187.jsonl,day=6,agent=5,step=62,cell=842,mid_move_now=1
firing,replay=C:\Users\LMC\Desktop\4Fun\artifacts\btc\m-3876-exp187.jsonl,day=6,agent=7,step=29,cell=842,mid_move_now=1
distinguishing_day,replay=C:\Users\LMC\Desktop\4Fun\artifacts\btc\m-3876-exp187.jsonl,day=6,authoritative_matches_simulator=1
firing,replay=C:\Users\LMC\Desktop\4Fun\artifacts\btc\m-3876-exp187.jsonl,day=7,agent=0,step=71,cell=842,mid_move_now=1
firing,replay=C:\Users\LMC\Desktop\4Fun\artifacts\btc\m-3876-exp187.jsonl,day=7,agent=1,step=26,cell=842,mid_move_now=1
firing,replay=C:\Users\LMC\Desktop\4Fun\artifacts\btc\m-3876-exp187.jsonl,day=7,agent=2,step=71,cell=842,mid_move_now=1
firing,replay=C:\Users\LMC\Desktop\4Fun\artifacts\btc\m-3876-exp187.jsonl,day=7,agent=3,step=26,cell=842,mid_move_now=1
firing,replay=C:\Users\LMC\Desktop\4Fun\artifacts\btc\m-3876-exp187.jsonl,day=7,agent=5,step=78,cell=842,mid_move_now=1
firing,replay=C:\Users\LMC\Desktop\4Fun\artifacts\btc\m-3876-exp187.jsonl,day=7,agent=6,step=62,cell=842,mid_move_now=1
distinguishing_day,replay=C:\Users\LMC\Desktop\4Fun\artifacts\btc\m-3876-exp187.jsonl,day=7,authoritative_matches_simulator=1
firing,replay=C:\Users\LMC\Desktop\4Fun\artifacts\btc\m-3876-exp187.jsonl,day=8,agent=0,step=26,cell=842,mid_move_now=1
firing,replay=C:\Users\LMC\Desktop\4Fun\artifacts\btc\m-3876-exp187.jsonl,day=8,agent=1,step=58,cell=842,mid_move_now=1
firing,replay=C:\Users\LMC\Desktop\4Fun\artifacts\btc\m-3876-exp187.jsonl,day=8,agent=3,step=63,cell=842,mid_move_now=1
firing,replay=C:\Users\LMC\Desktop\4Fun\artifacts\btc\m-3876-exp187.jsonl,day=8,agent=5,step=68,cell=842,mid_move_now=1
firing,replay=C:\Users\LMC\Desktop\4Fun\artifacts\btc\m-3876-exp187.jsonl,day=8,agent=6,step=68,cell=842,mid_move_now=1
firing,replay=C:\Users\LMC\Desktop\4Fun\artifacts\btc\m-3876-exp187.jsonl,day=8,agent=7,step=38,cell=842,mid_move_now=1
distinguishing_day,replay=C:\Users\LMC\Desktop\4Fun\artifacts\btc\m-3876-exp187.jsonl,day=8,authoritative_matches_simulator=1
firing,replay=C:\Users\LMC\Desktop\4Fun\artifacts\btc\m-3876-exp187.jsonl,day=9,agent=0,step=43,cell=368,mid_move_now=1
firing,replay=C:\Users\LMC\Desktop\4Fun\artifacts\btc\m-3876-exp187.jsonl,day=9,agent=2,step=68,cell=368,mid_move_now=1
firing,replay=C:\Users\LMC\Desktop\4Fun\artifacts\btc\m-3876-exp187.jsonl,day=9,agent=3,step=51,cell=368,mid_move_now=1
firing,replay=C:\Users\LMC\Desktop\4Fun\artifacts\btc\m-3876-exp187.jsonl,day=9,agent=5,step=76,cell=368,mid_move_now=1
firing,replay=C:\Users\LMC\Desktop\4Fun\artifacts\btc\m-3876-exp187.jsonl,day=9,agent=7,step=72,cell=368,mid_move_now=1
authoritative_mismatch,replay=C:\Users\LMC\Desktop\4Fun\artifacts\btc\m-3876-exp187.jsonl,day=9,agent=1,predicted=1012@100,authoritative=1012@148
distinguishing_day,replay=C:\Users\LMC\Desktop\4Fun\artifacts\btc\m-3876-exp187.jsonl,day=9,authoritative_matches_simulator=0
firing,replay=C:\Users\LMC\Desktop\4Fun\artifacts\btc\m-3876-exp187.jsonl,day=10,agent=0,step=56,cell=726,mid_move_now=1
firing,replay=C:\Users\LMC\Desktop\4Fun\artifacts\btc\m-3876-exp187.jsonl,day=10,agent=1,step=36,cell=726,mid_move_now=1
firing,replay=C:\Users\LMC\Desktop\4Fun\artifacts\btc\m-3876-exp187.jsonl,day=10,agent=2,step=43,cell=726,mid_move_now=1
firing,replay=C:\Users\LMC\Desktop\4Fun\artifacts\btc\m-3876-exp187.jsonl,day=10,agent=5,step=35,cell=726,mid_move_now=1
firing,replay=C:\Users\LMC\Desktop\4Fun\artifacts\btc\m-3876-exp187.jsonl,day=10,agent=7,step=85,cell=726,mid_move_now=1
replay_summary,replay=C:\Users\LMC\Desktop\4Fun\artifacts\btc\m-3876-exp187.jsonl,analyzed_days=10,midmove_firings=57,distinguishing_days=10,fuel_critical_days=0,authoritative_checked=9,authoritative_matches=8
firing,replay=C:\Users\LMC\Desktop\4Fun\artifacts\btc\m-3877-exp187.jsonl,day=1,agent=0,step=72,cell=747,mid_move_now=1
firing,replay=C:\Users\LMC\Desktop\4Fun\artifacts\btc\m-3877-exp187.jsonl,day=1,agent=1,step=58,cell=747,mid_move_now=1
firing,replay=C:\Users\LMC\Desktop\4Fun\artifacts\btc\m-3877-exp187.jsonl,day=1,agent=4,step=41,cell=747,mid_move_now=1
firing,replay=C:\Users\LMC\Desktop\4Fun\artifacts\btc\m-3877-exp187.jsonl,day=1,agent=5,step=70,cell=747,mid_move_now=1
firing,replay=C:\Users\LMC\Desktop\4Fun\artifacts\btc\m-3877-exp187.jsonl,day=1,agent=6,step=28,cell=747,mid_move_now=1
firing,replay=C:\Users\LMC\Desktop\4Fun\artifacts\btc\m-3877-exp187.jsonl,day=1,agent=7,step=78,cell=747,mid_move_now=1
distinguishing_day,replay=C:\Users\LMC\Desktop\4Fun\artifacts\btc\m-3877-exp187.jsonl,day=1,authoritative_matches_simulator=1
firing,replay=C:\Users\LMC\Desktop\4Fun\artifacts\btc\m-3877-exp187.jsonl,day=2,agent=0,step=35,cell=333,mid_move_now=1
firing,replay=C:\Users\LMC\Desktop\4Fun\artifacts\btc\m-3877-exp187.jsonl,day=2,agent=1,step=62,cell=333,mid_move_now=1
firing,replay=C:\Users\LMC\Desktop\4Fun\artifacts\btc\m-3877-exp187.jsonl,day=2,agent=3,step=62,cell=333,mid_move_now=1
firing,replay=C:\Users\LMC\Desktop\4Fun\artifacts\btc\m-3877-exp187.jsonl,day=2,agent=4,step=30,cell=333,mid_move_now=1
firing,replay=C:\Users\LMC\Desktop\4Fun\artifacts\btc\m-3877-exp187.jsonl,day=2,agent=5,step=50,cell=333,mid_move_now=1
firing,replay=C:\Users\LMC\Desktop\4Fun\artifacts\btc\m-3877-exp187.jsonl,day=2,agent=6,step=30,cell=333,mid_move_now=1
distinguishing_day,replay=C:\Users\LMC\Desktop\4Fun\artifacts\btc\m-3877-exp187.jsonl,day=2,authoritative_matches_simulator=1
firing,replay=C:\Users\LMC\Desktop\4Fun\artifacts\btc\m-3877-exp187.jsonl,day=3,agent=0,step=49,cell=333,mid_move_now=1
firing,replay=C:\Users\LMC\Desktop\4Fun\artifacts\btc\m-3877-exp187.jsonl,day=3,agent=1,step=54,cell=333,mid_move_now=1
firing,replay=C:\Users\LMC\Desktop\4Fun\artifacts\btc\m-3877-exp187.jsonl,day=3,agent=3,step=51,cell=333,mid_move_now=1
firing,replay=C:\Users\LMC\Desktop\4Fun\artifacts\btc\m-3877-exp187.jsonl,day=3,agent=4,step=56,cell=333,mid_move_now=1
firing,replay=C:\Users\LMC\Desktop\4Fun\artifacts\btc\m-3877-exp187.jsonl,day=3,agent=6,step=56,cell=333,mid_move_now=1
firing,replay=C:\Users\LMC\Desktop\4Fun\artifacts\btc\m-3877-exp187.jsonl,day=3,agent=7,step=16,cell=333,mid_move_now=1
distinguishing_day,replay=C:\Users\LMC\Desktop\4Fun\artifacts\btc\m-3877-exp187.jsonl,day=3,authoritative_matches_simulator=1
firing,replay=C:\Users\LMC\Desktop\4Fun\artifacts\btc\m-3877-exp187.jsonl,day=4,agent=0,step=56,cell=657,mid_move_now=1
firing,replay=C:\Users\LMC\Desktop\4Fun\artifacts\btc\m-3877-exp187.jsonl,day=4,agent=1,step=70,cell=657,mid_move_now=1
firing,replay=C:\Users\LMC\Desktop\4Fun\artifacts\btc\m-3877-exp187.jsonl,day=4,agent=3,step=51,cell=657,mid_move_now=1
firing,replay=C:\Users\LMC\Desktop\4Fun\artifacts\btc\m-3877-exp187.jsonl,day=4,agent=4,step=49,cell=657,mid_move_now=1
firing,replay=C:\Users\LMC\Desktop\4Fun\artifacts\btc\m-3877-exp187.jsonl,day=4,agent=5,step=69,cell=657,mid_move_now=1
firing,replay=C:\Users\LMC\Desktop\4Fun\artifacts\btc\m-3877-exp187.jsonl,day=4,agent=6,step=49,cell=657,mid_move_now=1
firing,replay=C:\Users\LMC\Desktop\4Fun\artifacts\btc\m-3877-exp187.jsonl,day=4,agent=7,step=52,cell=657,mid_move_now=1
distinguishing_day,replay=C:\Users\LMC\Desktop\4Fun\artifacts\btc\m-3877-exp187.jsonl,day=4,authoritative_matches_simulator=1
firing,replay=C:\Users\LMC\Desktop\4Fun\artifacts\btc\m-3877-exp187.jsonl,day=5,agent=1,step=68,cell=657,mid_move_now=1
firing,replay=C:\Users\LMC\Desktop\4Fun\artifacts\btc\m-3877-exp187.jsonl,day=5,agent=3,step=68,cell=657,mid_move_now=1
firing,replay=C:\Users\LMC\Desktop\4Fun\artifacts\btc\m-3877-exp187.jsonl,day=5,agent=4,step=51,cell=657,mid_move_now=1
firing,replay=C:\Users\LMC\Desktop\4Fun\artifacts\btc\m-3877-exp187.jsonl,day=5,agent=5,step=76,cell=657,mid_move_now=1
firing,replay=C:\Users\LMC\Desktop\4Fun\artifacts\btc\m-3877-exp187.jsonl,day=5,agent=6,step=51,cell=657,mid_move_now=1
firing,replay=C:\Users\LMC\Desktop\4Fun\artifacts\btc\m-3877-exp187.jsonl,day=5,agent=7,step=48,cell=657,mid_move_now=1
distinguishing_day,replay=C:\Users\LMC\Desktop\4Fun\artifacts\btc\m-3877-exp187.jsonl,day=5,authoritative_matches_simulator=1
firing,replay=C:\Users\LMC\Desktop\4Fun\artifacts\btc\m-3877-exp187.jsonl,day=6,agent=0,step=47,cell=333,mid_move_now=1
firing,replay=C:\Users\LMC\Desktop\4Fun\artifacts\btc\m-3877-exp187.jsonl,day=6,agent=4,step=54,cell=333,mid_move_now=1
firing,replay=C:\Users\LMC\Desktop\4Fun\artifacts\btc\m-3877-exp187.jsonl,day=6,agent=6,step=54,cell=333,mid_move_now=1
firing,replay=C:\Users\LMC\Desktop\4Fun\artifacts\btc\m-3877-exp187.jsonl,day=6,agent=7,step=51,cell=333,mid_move_now=1
distinguishing_day,replay=C:\Users\LMC\Desktop\4Fun\artifacts\btc\m-3877-exp187.jsonl,day=6,authoritative_matches_simulator=1
firing,replay=C:\Users\LMC\Desktop\4Fun\artifacts\btc\m-3877-exp187.jsonl,day=7,agent=0,step=61,cell=747,mid_move_now=1
firing,replay=C:\Users\LMC\Desktop\4Fun\artifacts\btc\m-3877-exp187.jsonl,day=7,agent=1,step=21,cell=747,mid_move_now=1
firing,replay=C:\Users\LMC\Desktop\4Fun\artifacts\btc\m-3877-exp187.jsonl,day=7,agent=3,step=33,cell=747,mid_move_now=1
firing,replay=C:\Users\LMC\Desktop\4Fun\artifacts\btc\m-3877-exp187.jsonl,day=7,agent=4,step=52,cell=747,mid_move_now=1
firing,replay=C:\Users\LMC\Desktop\4Fun\artifacts\btc\m-3877-exp187.jsonl,day=7,agent=5,step=81,cell=747,mid_move_now=1
firing,replay=C:\Users\LMC\Desktop\4Fun\artifacts\btc\m-3877-exp187.jsonl,day=7,agent=6,step=52,cell=747,mid_move_now=1
firing,replay=C:\Users\LMC\Desktop\4Fun\artifacts\btc\m-3877-exp187.jsonl,day=7,agent=7,step=63,cell=747,mid_move_now=1
distinguishing_day,replay=C:\Users\LMC\Desktop\4Fun\artifacts\btc\m-3877-exp187.jsonl,day=7,authoritative_matches_simulator=1
firing,replay=C:\Users\LMC\Desktop\4Fun\artifacts\btc\m-3877-exp187.jsonl,day=8,agent=3,step=49,cell=333,mid_move_now=1
firing,replay=C:\Users\LMC\Desktop\4Fun\artifacts\btc\m-3877-exp187.jsonl,day=8,agent=4,step=30,cell=333,mid_move_now=1
firing,replay=C:\Users\LMC\Desktop\4Fun\artifacts\btc\m-3877-exp187.jsonl,day=8,agent=6,step=73,cell=333,mid_move_now=1
distinguishing_day,replay=C:\Users\LMC\Desktop\4Fun\artifacts\btc\m-3877-exp187.jsonl,day=8,authoritative_matches_simulator=1
firing,replay=C:\Users\LMC\Desktop\4Fun\artifacts\btc\m-3877-exp187.jsonl,day=9,agent=0,step=26,cell=747,mid_move_now=1
firing,replay=C:\Users\LMC\Desktop\4Fun\artifacts\btc\m-3877-exp187.jsonl,day=9,agent=1,step=21,cell=747,mid_move_now=1
firing,replay=C:\Users\LMC\Desktop\4Fun\artifacts\btc\m-3877-exp187.jsonl,day=9,agent=4,step=76,cell=747,mid_move_now=1
firing,replay=C:\Users\LMC\Desktop\4Fun\artifacts\btc\m-3877-exp187.jsonl,day=9,agent=5,step=21,cell=747,mid_move_now=1
firing,replay=C:\Users\LMC\Desktop\4Fun\artifacts\btc\m-3877-exp187.jsonl,day=9,agent=6,step=71,cell=747,mid_move_now=1
firing,replay=C:\Users\LMC\Desktop\4Fun\artifacts\btc\m-3877-exp187.jsonl,day=9,agent=7,step=21,cell=747,mid_move_now=1
distinguishing_day,replay=C:\Users\LMC\Desktop\4Fun\artifacts\btc\m-3877-exp187.jsonl,day=9,authoritative_matches_simulator=1
firing,replay=C:\Users\LMC\Desktop\4Fun\artifacts\btc\m-3877-exp187.jsonl,day=10,agent=3,step=79,cell=566,mid_move_now=1
replay_summary,replay=C:\Users\LMC\Desktop\4Fun\artifacts\btc\m-3877-exp187.jsonl,analyzed_days=10,midmove_firings=52,distinguishing_days=10,fuel_critical_days=0,authoritative_checked=9,authoritative_matches=9
firing,replay=C:\Users\LMC\Desktop\4Fun\artifacts\btc\m-3878-exp187.jsonl,day=1,agent=1,step=54,cell=555,mid_move_now=1
distinguishing_day,replay=C:\Users\LMC\Desktop\4Fun\artifacts\btc\m-3878-exp187.jsonl,day=1,authoritative_matches_simulator=1
firing,replay=C:\Users\LMC\Desktop\4Fun\artifacts\btc\m-3878-exp187.jsonl,day=2,agent=0,step=2,cell=555,mid_move_now=1
firing,replay=C:\Users\LMC\Desktop\4Fun\artifacts\btc\m-3878-exp187.jsonl,day=2,agent=4,step=2,cell=555,mid_move_now=1
firing,replay=C:\Users\LMC\Desktop\4Fun\artifacts\btc\m-3878-exp187.jsonl,day=2,agent=6,step=67,cell=555,mid_move_now=1
distinguishing_day,replay=C:\Users\LMC\Desktop\4Fun\artifacts\btc\m-3878-exp187.jsonl,day=2,authoritative_matches_simulator=1
firing,replay=C:\Users\LMC\Desktop\4Fun\artifacts\btc\m-3878-exp187.jsonl,day=3,agent=0,step=62,cell=555,mid_move_now=1
firing,replay=C:\Users\LMC\Desktop\4Fun\artifacts\btc\m-3878-exp187.jsonl,day=3,agent=2,step=2,cell=555,mid_move_now=1
firing,replay=C:\Users\LMC\Desktop\4Fun\artifacts\btc\m-3878-exp187.jsonl,day=4,agent=1,step=18,cell=267,mid_move_now=1
firing,replay=C:\Users\LMC\Desktop\4Fun\artifacts\btc\m-3878-exp187.jsonl,day=5,agent=1,step=65,cell=1,mid_move_now=1
firing,replay=C:\Users\LMC\Desktop\4Fun\artifacts\btc\m-3878-exp187.jsonl,day=5,agent=2,step=65,cell=1,mid_move_now=1
distinguishing_day,replay=C:\Users\LMC\Desktop\4Fun\artifacts\btc\m-3878-exp187.jsonl,day=5,authoritative_matches_simulator=1
firing,replay=C:\Users\LMC\Desktop\4Fun\artifacts\btc\m-3878-exp187.jsonl,day=6,agent=0,step=36,cell=555,mid_move_now=1
firing,replay=C:\Users\LMC\Desktop\4Fun\artifacts\btc\m-3878-exp187.jsonl,day=6,agent=0,step=38,cell=522,mid_move_now=1
firing,replay=C:\Users\LMC\Desktop\4Fun\artifacts\btc\m-3878-exp187.jsonl,day=6,agent=0,step=40,cell=490,mid_move_now=1
firing,replay=C:\Users\LMC\Desktop\4Fun\artifacts\btc\m-3878-exp187.jsonl,day=6,agent=1,step=83,cell=490,mid_move_now=1
firing,replay=C:\Users\LMC\Desktop\4Fun\artifacts\btc\m-3878-exp187.jsonl,day=6,agent=2,step=83,cell=490,mid_move_now=1
distinguishing_day,replay=C:\Users\LMC\Desktop\4Fun\artifacts\btc\m-3878-exp187.jsonl,day=6,authoritative_matches_simulator=1
firing,replay=C:\Users\LMC\Desktop\4Fun\artifacts\btc\m-3878-exp187.jsonl,day=7,agent=0,step=49,cell=431,mid_move_now=1
firing,replay=C:\Users\LMC\Desktop\4Fun\artifacts\btc\m-3878-exp187.jsonl,day=7,agent=1,step=28,cell=431,mid_move_now=1
firing,replay=C:\Users\LMC\Desktop\4Fun\artifacts\btc\m-3878-exp187.jsonl,day=7,agent=2,step=28,cell=431,mid_move_now=1
firing,replay=C:\Users\LMC\Desktop\4Fun\artifacts\btc\m-3878-exp187.jsonl,day=7,agent=4,step=59,cell=431,mid_move_now=1
distinguishing_day,replay=C:\Users\LMC\Desktop\4Fun\artifacts\btc\m-3878-exp187.jsonl,day=7,authoritative_matches_simulator=1
firing,replay=C:\Users\LMC\Desktop\4Fun\artifacts\btc\m-3878-exp187.jsonl,day=8,agent=1,step=67,cell=431,mid_move_now=1
firing,replay=C:\Users\LMC\Desktop\4Fun\artifacts\btc\m-3878-exp187.jsonl,day=8,agent=2,step=67,cell=431,mid_move_now=1
firing,replay=C:\Users\LMC\Desktop\4Fun\artifacts\btc\m-3878-exp187.jsonl,day=8,agent=4,step=84,cell=431,mid_move_now=1
firing,replay=C:\Users\LMC\Desktop\4Fun\artifacts\btc\m-3878-exp187.jsonl,day=8,agent=6,step=2,cell=431,mid_move_now=1
distinguishing_day,replay=C:\Users\LMC\Desktop\4Fun\artifacts\btc\m-3878-exp187.jsonl,day=8,authoritative_matches_simulator=1
firing,replay=C:\Users\LMC\Desktop\4Fun\artifacts\btc\m-3878-exp187.jsonl,day=9,agent=1,step=80,cell=1,mid_move_now=1
firing,replay=C:\Users\LMC\Desktop\4Fun\artifacts\btc\m-3878-exp187.jsonl,day=9,agent=2,step=80,cell=1,mid_move_now=1
firing,replay=C:\Users\LMC\Desktop\4Fun\artifacts\btc\m-3878-exp187.jsonl,day=9,agent=4,step=82,cell=1,mid_move_now=1
firing,replay=C:\Users\LMC\Desktop\4Fun\artifacts\btc\m-3878-exp187.jsonl,day=9,agent=6,step=54,cell=1,mid_move_now=1
distinguishing_day,replay=C:\Users\LMC\Desktop\4Fun\artifacts\btc\m-3878-exp187.jsonl,day=9,authoritative_matches_simulator=1
firing,replay=C:\Users\LMC\Desktop\4Fun\artifacts\btc\m-3878-exp187.jsonl,day=10,agent=0,step=24,cell=352,mid_move_now=1
firing,replay=C:\Users\LMC\Desktop\4Fun\artifacts\btc\m-3878-exp187.jsonl,day=10,agent=1,step=36,cell=352,mid_move_now=1
firing,replay=C:\Users\LMC\Desktop\4Fun\artifacts\btc\m-3878-exp187.jsonl,day=10,agent=2,step=36,cell=352,mid_move_now=1
firing,replay=C:\Users\LMC\Desktop\4Fun\artifacts\btc\m-3878-exp187.jsonl,day=10,agent=4,step=64,cell=352,mid_move_now=1
firing,replay=C:\Users\LMC\Desktop\4Fun\artifacts\btc\m-3878-exp187.jsonl,day=10,agent=6,step=64,cell=352,mid_move_now=1
replay_summary,replay=C:\Users\LMC\Desktop\4Fun\artifacts\btc\m-3878-exp187.jsonl,analyzed_days=10,midmove_firings=31,distinguishing_days=8,fuel_critical_days=2,authoritative_checked=9,authoritative_matches=9
firing,replay=C:\Users\LMC\Desktop\4Fun\artifacts\btc\m-3879-exp187.jsonl,day=1,agent=0,step=46,cell=388,mid_move_now=1
firing,replay=C:\Users\LMC\Desktop\4Fun\artifacts\btc\m-3879-exp187.jsonl,day=1,agent=6,step=55,cell=388,mid_move_now=1
firing,replay=C:\Users\LMC\Desktop\4Fun\artifacts\btc\m-3879-exp187.jsonl,day=1,agent=7,step=75,cell=388,mid_move_now=1
distinguishing_day,replay=C:\Users\LMC\Desktop\4Fun\artifacts\btc\m-3879-exp187.jsonl,day=1,authoritative_matches_simulator=1
firing,replay=C:\Users\LMC\Desktop\4Fun\artifacts\btc\m-3879-exp187.jsonl,day=2,agent=0,step=79,cell=825,mid_move_now=1
firing,replay=C:\Users\LMC\Desktop\4Fun\artifacts\btc\m-3879-exp187.jsonl,day=2,agent=1,step=30,cell=662,mid_move_now=1
firing,replay=C:\Users\LMC\Desktop\4Fun\artifacts\btc\m-3879-exp187.jsonl,day=2,agent=5,step=63,cell=825,mid_move_now=1
firing,replay=C:\Users\LMC\Desktop\4Fun\artifacts\btc\m-3879-exp187.jsonl,day=2,agent=6,step=77,cell=825,mid_move_now=1
firing,replay=C:\Users\LMC\Desktop\4Fun\artifacts\btc\m-3879-exp187.jsonl,day=2,agent=7,step=41,cell=825,mid_move_now=1
distinguishing_day,replay=C:\Users\LMC\Desktop\4Fun\artifacts\btc\m-3879-exp187.jsonl,day=2,authoritative_matches_simulator=1
firing,replay=C:\Users\LMC\Desktop\4Fun\artifacts\btc\m-3879-exp187.jsonl,day=3,agent=0,step=77,cell=782,mid_move_now=1
firing,replay=C:\Users\LMC\Desktop\4Fun\artifacts\btc\m-3879-exp187.jsonl,day=3,agent=1,step=20,cell=784,mid_move_now=1
firing,replay=C:\Users\LMC\Desktop\4Fun\artifacts\btc\m-3879-exp187.jsonl,day=3,agent=5,step=85,cell=782,mid_move_now=1
firing,replay=C:\Users\LMC\Desktop\4Fun\artifacts\btc\m-3879-exp187.jsonl,day=3,agent=6,step=77,cell=782,mid_move_now=1
distinguishing_day,replay=C:\Users\LMC\Desktop\4Fun\artifacts\btc\m-3879-exp187.jsonl,day=3,authoritative_matches_simulator=1
firing,replay=C:\Users\LMC\Desktop\4Fun\artifacts\btc\m-3879-exp187.jsonl,day=4,agent=1,step=34,cell=330,mid_move_now=1
firing,replay=C:\Users\LMC\Desktop\4Fun\artifacts\btc\m-3879-exp187.jsonl,day=4,agent=5,step=88,cell=330,mid_move_now=1
distinguishing_day,replay=C:\Users\LMC\Desktop\4Fun\artifacts\btc\m-3879-exp187.jsonl,day=4,authoritative_matches_simulator=1
firing,replay=C:\Users\LMC\Desktop\4Fun\artifacts\btc\m-3879-exp187.jsonl,day=5,agent=0,step=2,cell=330,mid_move_now=1
firing,replay=C:\Users\LMC\Desktop\4Fun\artifacts\btc\m-3879-exp187.jsonl,day=5,agent=1,step=80,cell=330,mid_move_now=1
firing,replay=C:\Users\LMC\Desktop\4Fun\artifacts\btc\m-3879-exp187.jsonl,day=5,agent=5,step=86,cell=330,mid_move_now=1
firing,replay=C:\Users\LMC\Desktop\4Fun\artifacts\btc\m-3879-exp187.jsonl,day=5,agent=6,step=2,cell=330,mid_move_now=1
distinguishing_day,replay=C:\Users\LMC\Desktop\4Fun\artifacts\btc\m-3879-exp187.jsonl,day=5,authoritative_matches_simulator=1
firing,replay=C:\Users\LMC\Desktop\4Fun\artifacts\btc\m-3879-exp187.jsonl,day=6,agent=0,step=62,cell=825,mid_move_now=1
firing,replay=C:\Users\LMC\Desktop\4Fun\artifacts\btc\m-3879-exp187.jsonl,day=6,agent=1,step=41,cell=825,mid_move_now=1
firing,replay=C:\Users\LMC\Desktop\4Fun\artifacts\btc\m-3879-exp187.jsonl,day=6,agent=5,step=41,cell=825,mid_move_now=1
distinguishing_day,replay=C:\Users\LMC\Desktop\4Fun\artifacts\btc\m-3879-exp187.jsonl,day=6,authoritative_matches_simulator=1
replay_summary,replay=C:\Users\LMC\Desktop\4Fun\artifacts\btc\m-3879-exp187.jsonl,analyzed_days=10,midmove_firings=21,distinguishing_days=6,fuel_critical_days=1,authoritative_checked=9,authoritative_matches=9
firing,replay=C:\Users\LMC\Desktop\4Fun\artifacts\btc\m-3880-exp187.jsonl,day=1,agent=0,step=22,cell=477,mid_move_now=1
firing,replay=C:\Users\LMC\Desktop\4Fun\artifacts\btc\m-3880-exp187.jsonl,day=1,agent=0,step=64,cell=76,mid_move_now=1
firing,replay=C:\Users\LMC\Desktop\4Fun\artifacts\btc\m-3880-exp187.jsonl,day=1,agent=1,step=39,cell=76,mid_move_now=1
firing,replay=C:\Users\LMC\Desktop\4Fun\artifacts\btc\m-3880-exp187.jsonl,day=1,agent=1,step=85,cell=477,mid_move_now=1
firing,replay=C:\Users\LMC\Desktop\4Fun\artifacts\btc\m-3880-exp187.jsonl,day=1,agent=2,step=41,cell=76,mid_move_now=1
firing,replay=C:\Users\LMC\Desktop\4Fun\artifacts\btc\m-3880-exp187.jsonl,day=1,agent=2,step=87,cell=477,mid_move_now=1
firing,replay=C:\Users\LMC\Desktop\4Fun\artifacts\btc\m-3880-exp187.jsonl,day=1,agent=3,step=50,cell=76,mid_move_now=1
firing,replay=C:\Users\LMC\Desktop\4Fun\artifacts\btc\m-3880-exp187.jsonl,day=1,agent=3,step=85,cell=477,mid_move_now=1
firing,replay=C:\Users\LMC\Desktop\4Fun\artifacts\btc\m-3880-exp187.jsonl,day=1,agent=5,step=22,cell=76,mid_move_now=1
firing,replay=C:\Users\LMC\Desktop\4Fun\artifacts\btc\m-3880-exp187.jsonl,day=1,agent=5,step=78,cell=477,mid_move_now=1
firing,replay=C:\Users\LMC\Desktop\4Fun\artifacts\btc\m-3880-exp187.jsonl,day=1,agent=7,step=10,cell=477,mid_move_now=1
firing,replay=C:\Users\LMC\Desktop\4Fun\artifacts\btc\m-3880-exp187.jsonl,day=1,agent=7,step=74,cell=76,mid_move_now=1
distinguishing_day,replay=C:\Users\LMC\Desktop\4Fun\artifacts\btc\m-3880-exp187.jsonl,day=1,authoritative_matches_simulator=1
firing,replay=C:\Users\LMC\Desktop\4Fun\artifacts\btc\m-3880-exp187.jsonl,day=2,agent=0,step=63,cell=477,mid_move_now=1
firing,replay=C:\Users\LMC\Desktop\4Fun\artifacts\btc\m-3880-exp187.jsonl,day=2,agent=2,step=66,cell=477,mid_move_now=1
firing,replay=C:\Users\LMC\Desktop\4Fun\artifacts\btc\m-3880-exp187.jsonl,day=2,agent=3,step=74,cell=477,mid_move_now=1
firing,replay=C:\Users\LMC\Desktop\4Fun\artifacts\btc\m-3880-exp187.jsonl,day=2,agent=5,step=74,cell=477,mid_move_now=1
firing,replay=C:\Users\LMC\Desktop\4Fun\artifacts\btc\m-3880-exp187.jsonl,day=2,agent=7,step=58,cell=477,mid_move_now=1
distinguishing_day,replay=C:\Users\LMC\Desktop\4Fun\artifacts\btc\m-3880-exp187.jsonl,day=2,authoritative_matches_simulator=1
firing,replay=C:\Users\LMC\Desktop\4Fun\artifacts\btc\m-3880-exp187.jsonl,day=3,agent=0,step=62,cell=405,mid_move_now=1
firing,replay=C:\Users\LMC\Desktop\4Fun\artifacts\btc\m-3880-exp187.jsonl,day=3,agent=1,step=75,cell=405,mid_move_now=1
firing,replay=C:\Users\LMC\Desktop\4Fun\artifacts\btc\m-3880-exp187.jsonl,day=3,agent=3,step=62,cell=405,mid_move_now=1
firing,replay=C:\Users\LMC\Desktop\4Fun\artifacts\btc\m-3880-exp187.jsonl,day=3,agent=5,step=62,cell=405,mid_move_now=1
firing,replay=C:\Users\LMC\Desktop\4Fun\artifacts\btc\m-3880-exp187.jsonl,day=3,agent=7,step=40,cell=658,mid_move_now=1
distinguishing_day,replay=C:\Users\LMC\Desktop\4Fun\artifacts\btc\m-3880-exp187.jsonl,day=3,authoritative_matches_simulator=1
firing,replay=C:\Users\LMC\Desktop\4Fun\artifacts\btc\m-3880-exp187.jsonl,day=4,agent=0,step=68,cell=633,mid_move_now=1
firing,replay=C:\Users\LMC\Desktop\4Fun\artifacts\btc\m-3880-exp187.jsonl,day=4,agent=2,step=54,cell=633,mid_move_now=1
firing,replay=C:\Users\LMC\Desktop\4Fun\artifacts\btc\m-3880-exp187.jsonl,day=4,agent=3,step=68,cell=633,mid_move_now=1
firing,replay=C:\Users\LMC\Desktop\4Fun\artifacts\btc\m-3880-exp187.jsonl,day=4,agent=5,step=68,cell=633,mid_move_now=1
firing,replay=C:\Users\LMC\Desktop\4Fun\artifacts\btc\m-3880-exp187.jsonl,day=4,agent=7,step=76,cell=463,mid_move_now=1
distinguishing_day,replay=C:\Users\LMC\Desktop\4Fun\artifacts\btc\m-3880-exp187.jsonl,day=4,authoritative_matches_simulator=1
firing,replay=C:\Users\LMC\Desktop\4Fun\artifacts\btc\m-3880-exp187.jsonl,day=5,agent=1,step=2,cell=633,mid_move_now=1
firing,replay=C:\Users\LMC\Desktop\4Fun\artifacts\btc\m-3880-exp187.jsonl,day=5,agent=1,step=72,cell=405,mid_move_now=1
firing,replay=C:\Users\LMC\Desktop\4Fun\artifacts\btc\m-3880-exp187.jsonl,day=5,agent=2,step=47,cell=633,mid_move_now=1
firing,replay=C:\Users\LMC\Desktop\4Fun\artifacts\btc\m-3880-exp187.jsonl,day=5,agent=3,step=54,cell=633,mid_move_now=1
firing,replay=C:\Users\LMC\Desktop\4Fun\artifacts\btc\m-3880-exp187.jsonl,day=5,agent=5,step=54,cell=633,mid_move_now=1
distinguishing_day,replay=C:\Users\LMC\Desktop\4Fun\artifacts\btc\m-3880-exp187.jsonl,day=5,authoritative_matches_simulator=1
firing,replay=C:\Users\LMC\Desktop\4Fun\artifacts\btc\m-3880-exp187.jsonl,day=6,agent=0,step=56,cell=208,mid_move_now=1
firing,replay=C:\Users\LMC\Desktop\4Fun\artifacts\btc\m-3880-exp187.jsonl,day=6,agent=1,step=30,cell=208,mid_move_now=1
firing,replay=C:\Users\LMC\Desktop\4Fun\artifacts\btc\m-3880-exp187.jsonl,day=6,agent=2,step=2,cell=405,mid_move_now=1
firing,replay=C:\Users\LMC\Desktop\4Fun\artifacts\btc\m-3880-exp187.jsonl,day=6,agent=2,step=40,cell=405,mid_move_now=1
firing,replay=C:\Users\LMC\Desktop\4Fun\artifacts\btc\m-3880-exp187.jsonl,day=6,agent=3,step=2,cell=405,mid_move_now=1
firing,replay=C:\Users\LMC\Desktop\4Fun\artifacts\btc\m-3880-exp187.jsonl,day=6,agent=3,step=40,cell=405,mid_move_now=1
firing,replay=C:\Users\LMC\Desktop\4Fun\artifacts\btc\m-3880-exp187.jsonl,day=6,agent=5,step=2,cell=405,mid_move_now=1
firing,replay=C:\Users\LMC\Desktop\4Fun\artifacts\btc\m-3880-exp187.jsonl,day=6,agent=5,step=40,cell=405,mid_move_now=1
firing,replay=C:\Users\LMC\Desktop\4Fun\artifacts\btc\m-3880-exp187.jsonl,day=6,agent=7,step=2,cell=405,mid_move_now=1
firing,replay=C:\Users\LMC\Desktop\4Fun\artifacts\btc\m-3880-exp187.jsonl,day=6,agent=7,step=40,cell=405,mid_move_now=1
distinguishing_day,replay=C:\Users\LMC\Desktop\4Fun\artifacts\btc\m-3880-exp187.jsonl,day=6,authoritative_matches_simulator=1
firing,replay=C:\Users\LMC\Desktop\4Fun\artifacts\btc\m-3880-exp187.jsonl,day=7,agent=0,step=32,cell=405,mid_move_now=1
firing,replay=C:\Users\LMC\Desktop\4Fun\artifacts\btc\m-3880-exp187.jsonl,day=7,agent=1,step=30,cell=250,mid_move_now=1
firing,replay=C:\Users\LMC\Desktop\4Fun\artifacts\btc\m-3880-exp187.jsonl,day=7,agent=2,step=74,cell=250,mid_move_now=1
firing,replay=C:\Users\LMC\Desktop\4Fun\artifacts\btc\m-3880-exp187.jsonl,day=7,agent=5,step=74,cell=250,mid_move_now=1
firing,replay=C:\Users\LMC\Desktop\4Fun\artifacts\btc\m-3880-exp187.jsonl,day=7,agent=7,step=74,cell=250,mid_move_now=1
distinguishing_day,replay=C:\Users\LMC\Desktop\4Fun\artifacts\btc\m-3880-exp187.jsonl,day=7,authoritative_matches_simulator=1
firing,replay=C:\Users\LMC\Desktop\4Fun\artifacts\btc\m-3880-exp187.jsonl,day=8,agent=1,step=38,cell=208,mid_move_now=1
firing,replay=C:\Users\LMC\Desktop\4Fun\artifacts\btc\m-3880-exp187.jsonl,day=8,agent=2,step=2,cell=405,mid_move_now=1
firing,replay=C:\Users\LMC\Desktop\4Fun\artifacts\btc\m-3880-exp187.jsonl,day=8,agent=2,step=46,cell=405,mid_move_now=1
firing,replay=C:\Users\LMC\Desktop\4Fun\artifacts\btc\m-3880-exp187.jsonl,day=8,agent=3,step=22,cell=208,mid_move_now=1
firing,replay=C:\Users\LMC\Desktop\4Fun\artifacts\btc\m-3880-exp187.jsonl,day=8,agent=5,step=2,cell=405,mid_move_now=1
firing,replay=C:\Users\LMC\Desktop\4Fun\artifacts\btc\m-3880-exp187.jsonl,day=8,agent=5,step=46,cell=405,mid_move_now=1
firing,replay=C:\Users\LMC\Desktop\4Fun\artifacts\btc\m-3880-exp187.jsonl,day=8,agent=7,step=2,cell=405,mid_move_now=1
firing,replay=C:\Users\LMC\Desktop\4Fun\artifacts\btc\m-3880-exp187.jsonl,day=8,agent=7,step=46,cell=405,mid_move_now=1
distinguishing_day,replay=C:\Users\LMC\Desktop\4Fun\artifacts\btc\m-3880-exp187.jsonl,day=8,authoritative_matches_simulator=1
firing,replay=C:\Users\LMC\Desktop\4Fun\artifacts\btc\m-3880-exp187.jsonl,day=9,agent=0,step=2,cell=208,mid_move_now=1
firing,replay=C:\Users\LMC\Desktop\4Fun\artifacts\btc\m-3880-exp187.jsonl,day=9,agent=1,step=85,cell=250,mid_move_now=1
firing,replay=C:\Users\LMC\Desktop\4Fun\artifacts\btc\m-3880-exp187.jsonl,day=9,agent=2,step=75,cell=250,mid_move_now=1
firing,replay=C:\Users\LMC\Desktop\4Fun\artifacts\btc\m-3880-exp187.jsonl,day=9,agent=3,step=83,cell=208,mid_move_now=1
firing,replay=C:\Users\LMC\Desktop\4Fun\artifacts\btc\m-3880-exp187.jsonl,day=9,agent=7,step=75,cell=250,mid_move_now=1
distinguishing_day,replay=C:\Users\LMC\Desktop\4Fun\artifacts\btc\m-3880-exp187.jsonl,day=9,authoritative_matches_simulator=1
firing,replay=C:\Users\LMC\Desktop\4Fun\artifacts\btc\m-3880-exp187.jsonl,day=10,agent=1,step=59,cell=76,mid_move_now=1
firing,replay=C:\Users\LMC\Desktop\4Fun\artifacts\btc\m-3880-exp187.jsonl,day=10,agent=2,step=59,cell=76,mid_move_now=1
firing,replay=C:\Users\LMC\Desktop\4Fun\artifacts\btc\m-3880-exp187.jsonl,day=10,agent=3,step=71,cell=477,mid_move_now=1
firing,replay=C:\Users\LMC\Desktop\4Fun\artifacts\btc\m-3880-exp187.jsonl,day=10,agent=5,step=1,cell=250,mid_move_now=1
firing,replay=C:\Users\LMC\Desktop\4Fun\artifacts\btc\m-3880-exp187.jsonl,day=10,agent=5,step=3,cell=217,mid_move_now=1
firing,replay=C:\Users\LMC\Desktop\4Fun\artifacts\btc\m-3880-exp187.jsonl,day=10,agent=5,step=5,cell=216,mid_move_now=1
firing,replay=C:\Users\LMC\Desktop\4Fun\artifacts\btc\m-3880-exp187.jsonl,day=10,agent=5,step=7,cell=215,mid_move_now=1
firing,replay=C:\Users\LMC\Desktop\4Fun\artifacts\btc\m-3880-exp187.jsonl,day=10,agent=5,step=9,cell=214,mid_move_now=1
firing,replay=C:\Users\LMC\Desktop\4Fun\artifacts\btc\m-3880-exp187.jsonl,day=10,agent=5,step=11,cell=213,mid_move_now=1
firing,replay=C:\Users\LMC\Desktop\4Fun\artifacts\btc\m-3880-exp187.jsonl,day=10,agent=5,step=13,cell=212,mid_move_now=1
firing,replay=C:\Users\LMC\Desktop\4Fun\artifacts\btc\m-3880-exp187.jsonl,day=10,agent=5,step=15,cell=211,mid_move_now=1
firing,replay=C:\Users\LMC\Desktop\4Fun\artifacts\btc\m-3880-exp187.jsonl,day=10,agent=5,step=17,cell=210,mid_move_now=1
firing,replay=C:\Users\LMC\Desktop\4Fun\artifacts\btc\m-3880-exp187.jsonl,day=10,agent=5,step=19,cell=209,mid_move_now=1
firing,replay=C:\Users\LMC\Desktop\4Fun\artifacts\btc\m-3880-exp187.jsonl,day=10,agent=5,step=21,cell=208,mid_move_now=1
firing,replay=C:\Users\LMC\Desktop\4Fun\artifacts\btc\m-3880-exp187.jsonl,day=10,agent=5,step=23,cell=207,mid_move_now=1
firing,replay=C:\Users\LMC\Desktop\4Fun\artifacts\btc\m-3880-exp187.jsonl,day=10,agent=5,step=26,cell=174,mid_move_now=1
firing,replay=C:\Users\LMC\Desktop\4Fun\artifacts\btc\m-3880-exp187.jsonl,day=10,agent=7,step=59,cell=76,mid_move_now=1
replay_summary,replay=C:\Users\LMC\Desktop\4Fun\artifacts\btc\m-3880-exp187.jsonl,analyzed_days=10,midmove_firings=77,distinguishing_days=10,fuel_critical_days=1,authoritative_checked=9,authoritative_matches=9
firing,replay=C:\Users\LMC\Desktop\4Fun\artifacts\btc\m-3881-exp187.jsonl,day=1,agent=4,step=53,cell=248,mid_move_now=1
firing,replay=C:\Users\LMC\Desktop\4Fun\artifacts\btc\m-3881-exp187.jsonl,day=1,agent=5,step=81,cell=248,mid_move_now=1
firing,replay=C:\Users\LMC\Desktop\4Fun\artifacts\btc\m-3881-exp187.jsonl,day=1,agent=6,step=45,cell=248,mid_move_now=1
firing,replay=C:\Users\LMC\Desktop\4Fun\artifacts\btc\m-3881-exp187.jsonl,day=1,agent=7,step=83,cell=248,mid_move_now=1
distinguishing_day,replay=C:\Users\LMC\Desktop\4Fun\artifacts\btc\m-3881-exp187.jsonl,day=1,authoritative_matches_simulator=1
firing,replay=C:\Users\LMC\Desktop\4Fun\artifacts\btc\m-3881-exp187.jsonl,day=2,agent=0,step=67,cell=248,mid_move_now=1
firing,replay=C:\Users\LMC\Desktop\4Fun\artifacts\btc\m-3881-exp187.jsonl,day=2,agent=2,step=2,cell=248,mid_move_now=1
firing,replay=C:\Users\LMC\Desktop\4Fun\artifacts\btc\m-3881-exp187.jsonl,day=2,agent=4,step=30,cell=248,mid_move_now=1
firing,replay=C:\Users\LMC\Desktop\4Fun\artifacts\btc\m-3881-exp187.jsonl,day=2,agent=7,step=20,cell=248,mid_move_now=1
distinguishing_day,replay=C:\Users\LMC\Desktop\4Fun\artifacts\btc\m-3881-exp187.jsonl,day=2,authoritative_matches_simulator=1
firing,replay=C:\Users\LMC\Desktop\4Fun\artifacts\btc\m-3881-exp187.jsonl,day=3,agent=0,step=62,cell=248,mid_move_now=1
firing,replay=C:\Users\LMC\Desktop\4Fun\artifacts\btc\m-3881-exp187.jsonl,day=3,agent=2,step=28,cell=248,mid_move_now=1
firing,replay=C:\Users\LMC\Desktop\4Fun\artifacts\btc\m-3881-exp187.jsonl,day=3,agent=3,step=67,cell=248,mid_move_now=1
firing,replay=C:\Users\LMC\Desktop\4Fun\artifacts\btc\m-3881-exp187.jsonl,day=3,agent=4,step=66,cell=248,mid_move_now=1
firing,replay=C:\Users\LMC\Desktop\4Fun\artifacts\btc\m-3881-exp187.jsonl,day=3,agent=5,step=2,cell=248,mid_move_now=1
firing,replay=C:\Users\LMC\Desktop\4Fun\artifacts\btc\m-3881-exp187.jsonl,day=3,agent=6,step=83,cell=248,mid_move_now=1
distinguishing_day,replay=C:\Users\LMC\Desktop\4Fun\artifacts\btc\m-3881-exp187.jsonl,day=3,authoritative_matches_simulator=1
firing,replay=C:\Users\LMC\Desktop\4Fun\artifacts\btc\m-3881-exp187.jsonl,day=4,agent=0,step=28,cell=248,mid_move_now=1
firing,replay=C:\Users\LMC\Desktop\4Fun\artifacts\btc\m-3881-exp187.jsonl,day=4,agent=2,step=82,cell=248,mid_move_now=1
firing,replay=C:\Users\LMC\Desktop\4Fun\artifacts\btc\m-3881-exp187.jsonl,day=4,agent=3,step=50,cell=248,mid_move_now=1
firing,replay=C:\Users\LMC\Desktop\4Fun\artifacts\btc\m-3881-exp187.jsonl,day=4,agent=4,step=18,cell=248,mid_move_now=1
firing,replay=C:\Users\LMC\Desktop\4Fun\artifacts\btc\m-3881-exp187.jsonl,day=4,agent=5,step=77,cell=248,mid_move_now=1
firing,replay=C:\Users\LMC\Desktop\4Fun\artifacts\btc\m-3881-exp187.jsonl,day=4,agent=6,step=18,cell=248,mid_move_now=1
distinguishing_day,replay=C:\Users\LMC\Desktop\4Fun\artifacts\btc\m-3881-exp187.jsonl,day=4,authoritative_matches_simulator=1
firing,replay=C:\Users\LMC\Desktop\4Fun\artifacts\btc\m-3881-exp187.jsonl,day=5,agent=0,step=81,cell=45,mid_move_now=1
firing,replay=C:\Users\LMC\Desktop\4Fun\artifacts\btc\m-3881-exp187.jsonl,day=5,agent=2,step=82,cell=45,mid_move_now=1
firing,replay=C:\Users\LMC\Desktop\4Fun\artifacts\btc\m-3881-exp187.jsonl,day=5,agent=3,step=54,cell=45,mid_move_now=1
firing,replay=C:\Users\LMC\Desktop\4Fun\artifacts\btc\m-3881-exp187.jsonl,day=5,agent=4,step=74,cell=45,mid_move_now=1
firing,replay=C:\Users\LMC\Desktop\4Fun\artifacts\btc\m-3881-exp187.jsonl,day=5,agent=5,step=48,cell=45,mid_move_now=1
firing,replay=C:\Users\LMC\Desktop\4Fun\artifacts\btc\m-3881-exp187.jsonl,day=5,agent=6,step=34,cell=45,mid_move_now=1
distinguishing_day,replay=C:\Users\LMC\Desktop\4Fun\artifacts\btc\m-3881-exp187.jsonl,day=5,authoritative_matches_simulator=1
firing,replay=C:\Users\LMC\Desktop\4Fun\artifacts\btc\m-3881-exp187.jsonl,day=6,agent=0,step=22,cell=45,mid_move_now=1
firing,replay=C:\Users\LMC\Desktop\4Fun\artifacts\btc\m-3881-exp187.jsonl,day=6,agent=2,step=12,cell=45,mid_move_now=1
firing,replay=C:\Users\LMC\Desktop\4Fun\artifacts\btc\m-3881-exp187.jsonl,day=6,agent=3,step=34,cell=45,mid_move_now=1
firing,replay=C:\Users\LMC\Desktop\4Fun\artifacts\btc\m-3881-exp187.jsonl,day=6,agent=4,step=22,cell=45,mid_move_now=1
firing,replay=C:\Users\LMC\Desktop\4Fun\artifacts\btc\m-3881-exp187.jsonl,day=6,agent=5,step=55,cell=45,mid_move_now=1
firing,replay=C:\Users\LMC\Desktop\4Fun\artifacts\btc\m-3881-exp187.jsonl,day=6,agent=6,step=56,cell=45,mid_move_now=1
distinguishing_day,replay=C:\Users\LMC\Desktop\4Fun\artifacts\btc\m-3881-exp187.jsonl,day=6,authoritative_matches_simulator=1
firing,replay=C:\Users\LMC\Desktop\4Fun\artifacts\btc\m-3881-exp187.jsonl,day=7,agent=5,step=70,cell=132,mid_move_now=1
distinguishing_day,replay=C:\Users\LMC\Desktop\4Fun\artifacts\btc\m-3881-exp187.jsonl,day=7,authoritative_matches_simulator=1
firing,replay=C:\Users\LMC\Desktop\4Fun\artifacts\btc\m-3881-exp187.jsonl,day=8,agent=0,step=1,cell=132,mid_move_now=1
firing,replay=C:\Users\LMC\Desktop\4Fun\artifacts\btc\m-3881-exp187.jsonl,day=8,agent=0,step=3,cell=133,mid_move_now=1
firing,replay=C:\Users\LMC\Desktop\4Fun\artifacts\btc\m-3881-exp187.jsonl,day=8,agent=0,step=5,cell=166,mid_move_now=1
firing,replay=C:\Users\LMC\Desktop\4Fun\artifacts\btc\m-3881-exp187.jsonl,day=8,agent=0,step=7,cell=167,mid_move_now=1
firing,replay=C:\Users\LMC\Desktop\4Fun\artifacts\btc\m-3881-exp187.jsonl,day=8,agent=0,step=9,cell=168,mid_move_now=1
firing,replay=C:\Users\LMC\Desktop\4Fun\artifacts\btc\m-3881-exp187.jsonl,day=8,agent=0,step=11,cell=169,mid_move_now=1
firing,replay=C:\Users\LMC\Desktop\4Fun\artifacts\btc\m-3881-exp187.jsonl,day=8,agent=0,step=14,cell=202,mid_move_now=1
firing,replay=C:\Users\LMC\Desktop\4Fun\artifacts\btc\m-3881-exp187.jsonl,day=8,agent=0,step=20,cell=364,mid_move_now=1
firing,replay=C:\Users\LMC\Desktop\4Fun\artifacts\btc\m-3881-exp187.jsonl,day=8,agent=0,step=23,cell=429,mid_move_now=1
firing,replay=C:\Users\LMC\Desktop\4Fun\artifacts\btc\m-3881-exp187.jsonl,day=8,agent=0,step=34,cell=751,mid_move_now=1
firing,replay=C:\Users\LMC\Desktop\4Fun\artifacts\btc\m-3881-exp187.jsonl,day=8,agent=0,step=37,cell=816,mid_move_now=1
firing,replay=C:\Users\LMC\Desktop\4Fun\artifacts\btc\m-3881-exp187.jsonl,day=8,agent=0,step=44,cell=973,mid_move_now=1
firing,replay=C:\Users\LMC\Desktop\4Fun\artifacts\btc\m-3881-exp187.jsonl,day=8,agent=4,step=58,cell=973,mid_move_now=1
firing,replay=C:\Users\LMC\Desktop\4Fun\artifacts\btc\m-3881-exp187.jsonl,day=8,agent=5,step=72,cell=973,mid_move_now=1
firing,replay=C:\Users\LMC\Desktop\4Fun\artifacts\btc\m-3881-exp187.jsonl,day=8,agent=6,step=72,cell=973,mid_move_now=1
distinguishing_day,replay=C:\Users\LMC\Desktop\4Fun\artifacts\btc\m-3881-exp187.jsonl,day=8,authoritative_matches_simulator=1
firing,replay=C:\Users\LMC\Desktop\4Fun\artifacts\btc\m-3881-exp187.jsonl,day=9,agent=0,step=2,cell=973,mid_move_now=1
firing,replay=C:\Users\LMC\Desktop\4Fun\artifacts\btc\m-3881-exp187.jsonl,day=9,agent=2,step=2,cell=973,mid_move_now=1
firing,replay=C:\Users\LMC\Desktop\4Fun\artifacts\btc\m-3881-exp187.jsonl,day=9,agent=3,step=2,cell=973,mid_move_now=1
firing,replay=C:\Users\LMC\Desktop\4Fun\artifacts\btc\m-3881-exp187.jsonl,day=10,agent=5,step=2,cell=973,mid_move_now=1
firing,replay=C:\Users\LMC\Desktop\4Fun\artifacts\btc\m-3881-exp187.jsonl,day=10,agent=6,step=2,cell=973,mid_move_now=1
replay_summary,replay=C:\Users\LMC\Desktop\4Fun\artifacts\btc\m-3881-exp187.jsonl,analyzed_days=10,midmove_firings=53,distinguishing_days=8,fuel_critical_days=0,authoritative_checked=9,authoritative_matches=9
firing,replay=C:\Users\LMC\Desktop\4Fun\artifacts\btc\m-3896-exp190.jsonl,day=1,agent=1,step=34,cell=125,mid_move_now=1
firing,replay=C:\Users\LMC\Desktop\4Fun\artifacts\btc\m-3896-exp190.jsonl,day=1,agent=2,step=24,cell=156,mid_move_now=1
firing,replay=C:\Users\LMC\Desktop\4Fun\artifacts\btc\m-3896-exp190.jsonl,day=1,agent=3,step=34,cell=125,mid_move_now=1
firing,replay=C:\Users\LMC\Desktop\4Fun\artifacts\btc\m-3896-exp190.jsonl,day=1,agent=7,step=44,cell=125,mid_move_now=1
distinguishing_day,replay=C:\Users\LMC\Desktop\4Fun\artifacts\btc\m-3896-exp190.jsonl,day=1,authoritative_matches_simulator=1
firing,replay=C:\Users\LMC\Desktop\4Fun\artifacts\btc\m-3896-exp190.jsonl,day=2,agent=0,step=48,cell=125,mid_move_now=1
firing,replay=C:\Users\LMC\Desktop\4Fun\artifacts\btc\m-3896-exp190.jsonl,day=2,agent=4,step=2,cell=125,mid_move_now=1
distinguishing_day,replay=C:\Users\LMC\Desktop\4Fun\artifacts\btc\m-3896-exp190.jsonl,day=2,authoritative_matches_simulator=1
firing,replay=C:\Users\LMC\Desktop\4Fun\artifacts\btc\m-3896-exp190.jsonl,day=3,agent=0,step=31,cell=125,mid_move_now=1
firing,replay=C:\Users\LMC\Desktop\4Fun\artifacts\btc\m-3896-exp190.jsonl,day=3,agent=1,step=2,cell=125,mid_move_now=1
firing,replay=C:\Users\LMC\Desktop\4Fun\artifacts\btc\m-3896-exp190.jsonl,day=3,agent=2,step=16,cell=125,mid_move_now=1
firing,replay=C:\Users\LMC\Desktop\4Fun\artifacts\btc\m-3896-exp190.jsonl,day=3,agent=6,step=27,cell=125,mid_move_now=1
distinguishing_day,replay=C:\Users\LMC\Desktop\4Fun\artifacts\btc\m-3896-exp190.jsonl,day=3,authoritative_matches_simulator=1
firing,replay=C:\Users\LMC\Desktop\4Fun\artifacts\btc\m-3896-exp190.jsonl,day=4,agent=1,step=23,cell=125,mid_move_now=1
firing,replay=C:\Users\LMC\Desktop\4Fun\artifacts\btc\m-3896-exp190.jsonl,day=4,agent=2,step=57,cell=125,mid_move_now=1
firing,replay=C:\Users\LMC\Desktop\4Fun\artifacts\btc\m-3896-exp190.jsonl,day=4,agent=4,step=2,cell=125,mid_move_now=1
distinguishing_day,replay=C:\Users\LMC\Desktop\4Fun\artifacts\btc\m-3896-exp190.jsonl,day=4,authoritative_matches_simulator=1
firing,replay=C:\Users\LMC\Desktop\4Fun\artifacts\btc\m-3896-exp190.jsonl,day=6,agent=0,step=2,cell=15,mid_move_now=1
firing,replay=C:\Users\LMC\Desktop\4Fun\artifacts\btc\m-3896-exp190.jsonl,day=6,agent=2,step=63,cell=15,mid_move_now=1
firing,replay=C:\Users\LMC\Desktop\4Fun\artifacts\btc\m-3896-exp190.jsonl,day=6,agent=3,step=2,cell=15,mid_move_now=1
firing,replay=C:\Users\LMC\Desktop\4Fun\artifacts\btc\m-3896-exp190.jsonl,day=6,agent=6,step=2,cell=15,mid_move_now=1
distinguishing_day,replay=C:\Users\LMC\Desktop\4Fun\artifacts\btc\m-3896-exp190.jsonl,day=6,authoritative_matches_simulator=1
firing,replay=C:\Users\LMC\Desktop\4Fun\artifacts\btc\m-3896-exp190.jsonl,day=8,agent=1,step=40,cell=448,mid_move_now=1
firing,replay=C:\Users\LMC\Desktop\4Fun\artifacts\btc\m-3896-exp190.jsonl,day=8,agent=3,step=79,cell=448,mid_move_now=1
firing,replay=C:\Users\LMC\Desktop\4Fun\artifacts\btc\m-3896-exp190.jsonl,day=8,agent=6,step=64,cell=448,mid_move_now=1
distinguishing_day,replay=C:\Users\LMC\Desktop\4Fun\artifacts\btc\m-3896-exp190.jsonl,day=8,authoritative_matches_simulator=1
firing,replay=C:\Users\LMC\Desktop\4Fun\artifacts\btc\m-3896-exp190.jsonl,day=9,agent=0,step=77,cell=448,mid_move_now=1
firing,replay=C:\Users\LMC\Desktop\4Fun\artifacts\btc\m-3896-exp190.jsonl,day=9,agent=1,step=54,cell=448,mid_move_now=1
firing,replay=C:\Users\LMC\Desktop\4Fun\artifacts\btc\m-3896-exp190.jsonl,day=9,agent=3,step=29,cell=448,mid_move_now=1
firing,replay=C:\Users\LMC\Desktop\4Fun\artifacts\btc\m-3896-exp190.jsonl,day=9,agent=7,step=2,cell=448,mid_move_now=1
distinguishing_day,replay=C:\Users\LMC\Desktop\4Fun\artifacts\btc\m-3896-exp190.jsonl,day=9,authoritative_matches_simulator=1
firing,replay=C:\Users\LMC\Desktop\4Fun\artifacts\btc\m-3896-exp190.jsonl,day=10,agent=0,step=23,cell=448,mid_move_now=1
firing,replay=C:\Users\LMC\Desktop\4Fun\artifacts\btc\m-3896-exp190.jsonl,day=10,agent=1,step=77,cell=448,mid_move_now=1
firing,replay=C:\Users\LMC\Desktop\4Fun\artifacts\btc\m-3896-exp190.jsonl,day=10,agent=2,step=14,cell=448,mid_move_now=1
firing,replay=C:\Users\LMC\Desktop\4Fun\artifacts\btc\m-3896-exp190.jsonl,day=10,agent=6,step=25,cell=448,mid_move_now=1
firing,replay=C:\Users\LMC\Desktop\4Fun\artifacts\btc\m-3896-exp190.jsonl,day=10,agent=7,step=48,cell=448,mid_move_now=1
replay_summary,replay=C:\Users\LMC\Desktop\4Fun\artifacts\btc\m-3896-exp190.jsonl,analyzed_days=10,midmove_firings=29,distinguishing_days=8,fuel_critical_days=0,authoritative_checked=9,authoritative_matches=9
firing,replay=C:\Users\LMC\Desktop\4Fun\artifacts\btc\m-3897-exp191.jsonl,day=1,agent=0,step=40,cell=592,mid_move_now=1
firing,replay=C:\Users\LMC\Desktop\4Fun\artifacts\btc\m-3897-exp191.jsonl,day=1,agent=2,step=63,cell=592,mid_move_now=1
firing,replay=C:\Users\LMC\Desktop\4Fun\artifacts\btc\m-3897-exp191.jsonl,day=1,agent=3,step=57,cell=592,mid_move_now=1
firing,replay=C:\Users\LMC\Desktop\4Fun\artifacts\btc\m-3897-exp191.jsonl,day=1,agent=4,step=35,cell=592,mid_move_now=1
firing,replay=C:\Users\LMC\Desktop\4Fun\artifacts\btc\m-3897-exp191.jsonl,day=1,agent=5,step=57,cell=592,mid_move_now=1
distinguishing_day,replay=C:\Users\LMC\Desktop\4Fun\artifacts\btc\m-3897-exp191.jsonl,day=1,authoritative_matches_simulator=1
firing,replay=C:\Users\LMC\Desktop\4Fun\artifacts\btc\m-3897-exp191.jsonl,day=2,agent=0,step=42,cell=592,mid_move_now=1
firing,replay=C:\Users\LMC\Desktop\4Fun\artifacts\btc\m-3897-exp191.jsonl,day=2,agent=2,step=45,cell=592,mid_move_now=1
firing,replay=C:\Users\LMC\Desktop\4Fun\artifacts\btc\m-3897-exp191.jsonl,day=2,agent=3,step=65,cell=592,mid_move_now=1
firing,replay=C:\Users\LMC\Desktop\4Fun\artifacts\btc\m-3897-exp191.jsonl,day=2,agent=4,step=66,cell=592,mid_move_now=1
firing,replay=C:\Users\LMC\Desktop\4Fun\artifacts\btc\m-3897-exp191.jsonl,day=2,agent=5,step=50,cell=592,mid_move_now=1
firing,replay=C:\Users\LMC\Desktop\4Fun\artifacts\btc\m-3897-exp191.jsonl,day=2,agent=6,step=42,cell=592,mid_move_now=1
firing,replay=C:\Users\LMC\Desktop\4Fun\artifacts\btc\m-3897-exp191.jsonl,day=2,agent=7,step=48,cell=592,mid_move_now=1
distinguishing_day,replay=C:\Users\LMC\Desktop\4Fun\artifacts\btc\m-3897-exp191.jsonl,day=2,authoritative_matches_simulator=1
firing,replay=C:\Users\LMC\Desktop\4Fun\artifacts\btc\m-3897-exp191.jsonl,day=3,agent=0,step=37,cell=846,mid_move_now=1
firing,replay=C:\Users\LMC\Desktop\4Fun\artifacts\btc\m-3897-exp191.jsonl,day=3,agent=3,step=85,cell=846,mid_move_now=1
firing,replay=C:\Users\LMC\Desktop\4Fun\artifacts\btc\m-3897-exp191.jsonl,day=3,agent=4,step=85,cell=846,mid_move_now=1
firing,replay=C:\Users\LMC\Desktop\4Fun\artifacts\btc\m-3897-exp191.jsonl,day=3,agent=6,step=34,cell=846,mid_move_now=1
firing,replay=C:\Users\LMC\Desktop\4Fun\artifacts\btc\m-3897-exp191.jsonl,day=3,agent=7,step=85,cell=846,mid_move_now=1
distinguishing_day,replay=C:\Users\LMC\Desktop\4Fun\artifacts\btc\m-3897-exp191.jsonl,day=3,authoritative_matches_simulator=1
firing,replay=C:\Users\LMC\Desktop\4Fun\artifacts\btc\m-3897-exp191.jsonl,day=4,agent=0,step=50,cell=592,mid_move_now=1
firing,replay=C:\Users\LMC\Desktop\4Fun\artifacts\btc\m-3897-exp191.jsonl,day=4,agent=2,step=35,cell=592,mid_move_now=1
firing,replay=C:\Users\LMC\Desktop\4Fun\artifacts\btc\m-3897-exp191.jsonl,day=4,agent=3,step=30,cell=592,mid_move_now=1
firing,replay=C:\Users\LMC\Desktop\4Fun\artifacts\btc\m-3897-exp191.jsonl,day=4,agent=4,step=31,cell=592,mid_move_now=1
firing,replay=C:\Users\LMC\Desktop\4Fun\artifacts\btc\m-3897-exp191.jsonl,day=4,agent=5,step=64,cell=592,mid_move_now=1
firing,replay=C:\Users\LMC\Desktop\4Fun\artifacts\btc\m-3897-exp191.jsonl,day=4,agent=6,step=20,cell=592,mid_move_now=1
firing,replay=C:\Users\LMC\Desktop\4Fun\artifacts\btc\m-3897-exp191.jsonl,day=4,agent=7,step=87,cell=592,mid_move_now=1
distinguishing_day,replay=C:\Users\LMC\Desktop\4Fun\artifacts\btc\m-3897-exp191.jsonl,day=4,authoritative_matches_simulator=1
firing,replay=C:\Users\LMC\Desktop\4Fun\artifacts\btc\m-3897-exp191.jsonl,day=5,agent=0,step=19,cell=592,mid_move_now=1
firing,replay=C:\Users\LMC\Desktop\4Fun\artifacts\btc\m-3897-exp191.jsonl,day=5,agent=2,step=31,cell=592,mid_move_now=1
firing,replay=C:\Users\LMC\Desktop\4Fun\artifacts\btc\m-3897-exp191.jsonl,day=5,agent=3,step=62,cell=592,mid_move_now=1
firing,replay=C:\Users\LMC\Desktop\4Fun\artifacts\btc\m-3897-exp191.jsonl,day=5,agent=5,step=15,cell=592,mid_move_now=1
distinguishing_day,replay=C:\Users\LMC\Desktop\4Fun\artifacts\btc\m-3897-exp191.jsonl,day=5,authoritative_matches_simulator=1
firing,replay=C:\Users\LMC\Desktop\4Fun\artifacts\btc\m-3897-exp191.jsonl,day=6,agent=0,step=60,cell=592,mid_move_now=1
firing,replay=C:\Users\LMC\Desktop\4Fun\artifacts\btc\m-3897-exp191.jsonl,day=6,agent=2,step=25,cell=592,mid_move_now=1
firing,replay=C:\Users\LMC\Desktop\4Fun\artifacts\btc\m-3897-exp191.jsonl,day=6,agent=3,step=32,cell=592,mid_move_now=1
firing,replay=C:\Users\LMC\Desktop\4Fun\artifacts\btc\m-3897-exp191.jsonl,day=6,agent=4,step=38,cell=592,mid_move_now=1
firing,replay=C:\Users\LMC\Desktop\4Fun\artifacts\btc\m-3897-exp191.jsonl,day=6,agent=5,step=18,cell=592,mid_move_now=1
firing,replay=C:\Users\LMC\Desktop\4Fun\artifacts\btc\m-3897-exp191.jsonl,day=6,agent=6,step=21,cell=592,mid_move_now=1
distinguishing_day,replay=C:\Users\LMC\Desktop\4Fun\artifacts\btc\m-3897-exp191.jsonl,day=6,authoritative_matches_simulator=1
firing,replay=C:\Users\LMC\Desktop\4Fun\artifacts\btc\m-3897-exp191.jsonl,day=7,agent=0,step=2,cell=592,mid_move_now=1
firing,replay=C:\Users\LMC\Desktop\4Fun\artifacts\btc\m-3897-exp191.jsonl,day=7,agent=2,step=53,cell=592,mid_move_now=1
firing,replay=C:\Users\LMC\Desktop\4Fun\artifacts\btc\m-3897-exp191.jsonl,day=7,agent=3,step=75,cell=592,mid_move_now=1
firing,replay=C:\Users\LMC\Desktop\4Fun\artifacts\btc\m-3897-exp191.jsonl,day=7,agent=4,step=56,cell=592,mid_move_now=1
firing,replay=C:\Users\LMC\Desktop\4Fun\artifacts\btc\m-3897-exp191.jsonl,day=7,agent=5,step=53,cell=592,mid_move_now=1
firing,replay=C:\Users\LMC\Desktop\4Fun\artifacts\btc\m-3897-exp191.jsonl,day=7,agent=6,step=53,cell=592,mid_move_now=1
firing,replay=C:\Users\LMC\Desktop\4Fun\artifacts\btc\m-3897-exp191.jsonl,day=7,agent=7,step=2,cell=592,mid_move_now=1
distinguishing_day,replay=C:\Users\LMC\Desktop\4Fun\artifacts\btc\m-3897-exp191.jsonl,day=7,authoritative_matches_simulator=1
firing,replay=C:\Users\LMC\Desktop\4Fun\artifacts\btc\m-3897-exp191.jsonl,day=8,agent=0,step=34,cell=846,mid_move_now=1
firing,replay=C:\Users\LMC\Desktop\4Fun\artifacts\btc\m-3897-exp191.jsonl,day=8,agent=2,step=71,cell=846,mid_move_now=1
firing,replay=C:\Users\LMC\Desktop\4Fun\artifacts\btc\m-3897-exp191.jsonl,day=8,agent=3,step=84,cell=846,mid_move_now=1
firing,replay=C:\Users\LMC\Desktop\4Fun\artifacts\btc\m-3897-exp191.jsonl,day=8,agent=4,step=49,cell=846,mid_move_now=1
firing,replay=C:\Users\LMC\Desktop\4Fun\artifacts\btc\m-3897-exp191.jsonl,day=8,agent=5,step=71,cell=846,mid_move_now=1
firing,replay=C:\Users\LMC\Desktop\4Fun\artifacts\btc\m-3897-exp191.jsonl,day=8,agent=6,step=87,cell=846,mid_move_now=1
firing,replay=C:\Users\LMC\Desktop\4Fun\artifacts\btc\m-3897-exp191.jsonl,day=8,agent=7,step=71,cell=846,mid_move_now=1
distinguishing_day,replay=C:\Users\LMC\Desktop\4Fun\artifacts\btc\m-3897-exp191.jsonl,day=8,authoritative_matches_simulator=1
firing,replay=C:\Users\LMC\Desktop\4Fun\artifacts\btc\m-3897-exp191.jsonl,day=9,agent=0,step=14,cell=846,mid_move_now=1
firing,replay=C:\Users\LMC\Desktop\4Fun\artifacts\btc\m-3897-exp191.jsonl,day=9,agent=2,step=31,cell=846,mid_move_now=1
firing,replay=C:\Users\LMC\Desktop\4Fun\artifacts\btc\m-3897-exp191.jsonl,day=9,agent=3,step=78,cell=846,mid_move_now=1
firing,replay=C:\Users\LMC\Desktop\4Fun\artifacts\btc\m-3897-exp191.jsonl,day=9,agent=4,step=78,cell=846,mid_move_now=1
firing,replay=C:\Users\LMC\Desktop\4Fun\artifacts\btc\m-3897-exp191.jsonl,day=9,agent=5,step=31,cell=846,mid_move_now=1
firing,replay=C:\Users\LMC\Desktop\4Fun\artifacts\btc\m-3897-exp191.jsonl,day=9,agent=6,step=14,cell=846,mid_move_now=1
firing,replay=C:\Users\LMC\Desktop\4Fun\artifacts\btc\m-3897-exp191.jsonl,day=9,agent=7,step=31,cell=846,mid_move_now=1
distinguishing_day,replay=C:\Users\LMC\Desktop\4Fun\artifacts\btc\m-3897-exp191.jsonl,day=9,authoritative_matches_simulator=1
firing,replay=C:\Users\LMC\Desktop\4Fun\artifacts\btc\m-3897-exp191.jsonl,day=10,agent=0,step=33,cell=592,mid_move_now=1
firing,replay=C:\Users\LMC\Desktop\4Fun\artifacts\btc\m-3897-exp191.jsonl,day=10,agent=2,step=66,cell=592,mid_move_now=1
firing,replay=C:\Users\LMC\Desktop\4Fun\artifacts\btc\m-3897-exp191.jsonl,day=10,agent=4,step=44,cell=592,mid_move_now=1
firing,replay=C:\Users\LMC\Desktop\4Fun\artifacts\btc\m-3897-exp191.jsonl,day=10,agent=5,step=66,cell=592,mid_move_now=1
firing,replay=C:\Users\LMC\Desktop\4Fun\artifacts\btc\m-3897-exp191.jsonl,day=10,agent=6,step=71,cell=592,mid_move_now=1
firing,replay=C:\Users\LMC\Desktop\4Fun\artifacts\btc\m-3897-exp191.jsonl,day=10,agent=7,step=66,cell=592,mid_move_now=1
replay_summary,replay=C:\Users\LMC\Desktop\4Fun\artifacts\btc\m-3897-exp191.jsonl,analyzed_days=10,midmove_firings=61,distinguishing_days=10,fuel_critical_days=0,authoritative_checked=9,authoritative_matches=9
replay_summary,replay=C:\Users\LMC\Desktop\4Fun\artifacts\btc\m-3907-bugfix.jsonl,analyzed_days=4,midmove_firings=0,distinguishing_days=0,fuel_critical_days=0,authoritative_checked=3,authoritative_matches=3
firing,replay=C:\Users\LMC\Desktop\4Fun\artifacts\btc\m-3908-exp195.jsonl,day=1,agent=0,step=54,cell=632,mid_move_now=1
firing,replay=C:\Users\LMC\Desktop\4Fun\artifacts\btc\m-3908-exp195.jsonl,day=1,agent=4,step=44,cell=632,mid_move_now=1
firing,replay=C:\Users\LMC\Desktop\4Fun\artifacts\btc\m-3908-exp195.jsonl,day=1,agent=5,step=59,cell=632,mid_move_now=1
firing,replay=C:\Users\LMC\Desktop\4Fun\artifacts\btc\m-3908-exp195.jsonl,day=1,agent=6,step=39,cell=632,mid_move_now=1
firing,replay=C:\Users\LMC\Desktop\4Fun\artifacts\btc\m-3908-exp195.jsonl,day=1,agent=7,step=15,cell=632,mid_move_now=1
distinguishing_day,replay=C:\Users\LMC\Desktop\4Fun\artifacts\btc\m-3908-exp195.jsonl,day=1,authoritative_matches_simulator=1
firing,replay=C:\Users\LMC\Desktop\4Fun\artifacts\btc\m-3908-exp195.jsonl,day=2,agent=4,step=38,cell=632,mid_move_now=1
firing,replay=C:\Users\LMC\Desktop\4Fun\artifacts\btc\m-3908-exp195.jsonl,day=2,agent=5,step=20,cell=632,mid_move_now=1
firing,replay=C:\Users\LMC\Desktop\4Fun\artifacts\btc\m-3908-exp195.jsonl,day=2,agent=6,step=38,cell=632,mid_move_now=1
distinguishing_day,replay=C:\Users\LMC\Desktop\4Fun\artifacts\btc\m-3908-exp195.jsonl,day=2,authoritative_matches_simulator=1
firing,replay=C:\Users\LMC\Desktop\4Fun\artifacts\btc\m-3908-exp195.jsonl,day=3,agent=0,step=2,cell=632,mid_move_now=1
firing,replay=C:\Users\LMC\Desktop\4Fun\artifacts\btc\m-3908-exp195.jsonl,day=3,agent=0,step=46,cell=632,mid_move_now=1
firing,replay=C:\Users\LMC\Desktop\4Fun\artifacts\btc\m-3908-exp195.jsonl,day=3,agent=2,step=2,cell=632,mid_move_now=1
firing,replay=C:\Users\LMC\Desktop\4Fun\artifacts\btc\m-3908-exp195.jsonl,day=3,agent=7,step=2,cell=632,mid_move_now=1
firing,replay=C:\Users\LMC\Desktop\4Fun\artifacts\btc\m-3908-exp195.jsonl,day=3,agent=7,step=46,cell=632,mid_move_now=1
distinguishing_day,replay=C:\Users\LMC\Desktop\4Fun\artifacts\btc\m-3908-exp195.jsonl,day=3,authoritative_matches_simulator=1
firing,replay=C:\Users\LMC\Desktop\4Fun\artifacts\btc\m-3908-exp195.jsonl,day=4,agent=0,step=19,cell=632,mid_move_now=1
firing,replay=C:\Users\LMC\Desktop\4Fun\artifacts\btc\m-3908-exp195.jsonl,day=4,agent=2,step=88,cell=632,mid_move_now=1
firing,replay=C:\Users\LMC\Desktop\4Fun\artifacts\btc\m-3908-exp195.jsonl,day=4,agent=4,step=2,cell=632,mid_move_now=1
firing,replay=C:\Users\LMC\Desktop\4Fun\artifacts\btc\m-3908-exp195.jsonl,day=4,agent=4,step=46,cell=632,mid_move_now=1
firing,replay=C:\Users\LMC\Desktop\4Fun\artifacts\btc\m-3908-exp195.jsonl,day=4,agent=6,step=2,cell=632,mid_move_now=1
firing,replay=C:\Users\LMC\Desktop\4Fun\artifacts\btc\m-3908-exp195.jsonl,day=4,agent=6,step=46,cell=632,mid_move_now=1
distinguishing_day,replay=C:\Users\LMC\Desktop\4Fun\artifacts\btc\m-3908-exp195.jsonl,day=4,authoritative_matches_simulator=1
firing,replay=C:\Users\LMC\Desktop\4Fun\artifacts\btc\m-3908-exp195.jsonl,day=5,agent=2,step=2,cell=632,mid_move_now=1
firing,replay=C:\Users\LMC\Desktop\4Fun\artifacts\btc\m-3908-exp195.jsonl,day=5,agent=6,step=38,cell=632,mid_move_now=1
distinguishing_day,replay=C:\Users\LMC\Desktop\4Fun\artifacts\btc\m-3908-exp195.jsonl,day=5,authoritative_matches_simulator=1
firing,replay=C:\Users\LMC\Desktop\4Fun\artifacts\btc\m-3908-exp195.jsonl,day=6,agent=0,step=18,cell=632,mid_move_now=1
firing,replay=C:\Users\LMC\Desktop\4Fun\artifacts\btc\m-3908-exp195.jsonl,day=6,agent=6,step=81,cell=632,mid_move_now=1
firing,replay=C:\Users\LMC\Desktop\4Fun\artifacts\btc\m-3908-exp195.jsonl,day=6,agent=7,step=2,cell=632,mid_move_now=1
distinguishing_day,replay=C:\Users\LMC\Desktop\4Fun\artifacts\btc\m-3908-exp195.jsonl,day=6,authoritative_matches_simulator=1
firing,replay=C:\Users\LMC\Desktop\4Fun\artifacts\btc\m-3908-exp195.jsonl,day=7,agent=5,step=82,cell=454,mid_move_now=1
distinguishing_day,replay=C:\Users\LMC\Desktop\4Fun\artifacts\btc\m-3908-exp195.jsonl,day=7,authoritative_matches_simulator=1
firing,replay=C:\Users\LMC\Desktop\4Fun\artifacts\btc\m-3908-exp195.jsonl,day=8,agent=2,step=16,cell=454,mid_move_now=1
firing,replay=C:\Users\LMC\Desktop\4Fun\artifacts\btc\m-3908-exp195.jsonl,day=8,agent=3,step=2,cell=454,mid_move_now=1
firing,replay=C:\Users\LMC\Desktop\4Fun\artifacts\btc\m-3908-exp195.jsonl,day=8,agent=4,step=2,cell=454,mid_move_now=1
firing,replay=C:\Users\LMC\Desktop\4Fun\artifacts\btc\m-3908-exp195.jsonl,day=8,agent=5,step=11,cell=454,mid_move_now=1
firing,replay=C:\Users\LMC\Desktop\4Fun\artifacts\btc\m-3908-exp195.jsonl,day=8,agent=6,step=16,cell=454,mid_move_now=1
firing,replay=C:\Users\LMC\Desktop\4Fun\artifacts\btc\m-3908-exp195.jsonl,day=8,agent=7,step=62,cell=454,mid_move_now=1
distinguishing_day,replay=C:\Users\LMC\Desktop\4Fun\artifacts\btc\m-3908-exp195.jsonl,day=8,authoritative_matches_simulator=1
firing,replay=C:\Users\LMC\Desktop\4Fun\artifacts\btc\m-3908-exp195.jsonl,day=9,agent=0,step=84,cell=454,mid_move_now=1
firing,replay=C:\Users\LMC\Desktop\4Fun\artifacts\btc\m-3908-exp195.jsonl,day=9,agent=2,step=47,cell=454,mid_move_now=1
firing,replay=C:\Users\LMC\Desktop\4Fun\artifacts\btc\m-3908-exp195.jsonl,day=9,agent=3,step=62,cell=454,mid_move_now=1
firing,replay=C:\Users\LMC\Desktop\4Fun\artifacts\btc\m-3908-exp195.jsonl,day=9,agent=4,step=62,cell=454,mid_move_now=1
firing,replay=C:\Users\LMC\Desktop\4Fun\artifacts\btc\m-3908-exp195.jsonl,day=9,agent=6,step=47,cell=454,mid_move_now=1
firing,replay=C:\Users\LMC\Desktop\4Fun\artifacts\btc\m-3908-exp195.jsonl,day=9,agent=6,step=63,cell=454,mid_move_now=1
firing,replay=C:\Users\LMC\Desktop\4Fun\artifacts\btc\m-3908-exp195.jsonl,day=9,agent=7,step=22,cell=454,mid_move_now=1
distinguishing_day,replay=C:\Users\LMC\Desktop\4Fun\artifacts\btc\m-3908-exp195.jsonl,day=9,authoritative_matches_simulator=1
firing,replay=C:\Users\LMC\Desktop\4Fun\artifacts\btc\m-3908-exp195.jsonl,day=10,agent=2,step=31,cell=839,mid_move_now=1
firing,replay=C:\Users\LMC\Desktop\4Fun\artifacts\btc\m-3908-exp195.jsonl,day=10,agent=3,step=46,cell=839,mid_move_now=1
firing,replay=C:\Users\LMC\Desktop\4Fun\artifacts\btc\m-3908-exp195.jsonl,day=10,agent=4,step=46,cell=839,mid_move_now=1
replay_summary,replay=C:\Users\LMC\Desktop\4Fun\artifacts\btc\m-3908-exp195.jsonl,analyzed_days=10,midmove_firings=41,distinguishing_days=10,fuel_critical_days=0,authoritative_checked=9,authoritative_matches=9
firing,replay=C:\Users\LMC\Desktop\4Fun\artifacts\btc\m-3968.jsonl,day=1,agent=1,step=147,cell=592,mid_move_now=1
firing,replay=C:\Users\LMC\Desktop\4Fun\artifacts\btc\m-3968.jsonl,day=1,agent=5,step=110,cell=592,mid_move_now=1
firing,replay=C:\Users\LMC\Desktop\4Fun\artifacts\btc\m-3968.jsonl,day=1,agent=6,step=145,cell=592,mid_move_now=1
replay_summary,replay=C:\Users\LMC\Desktop\4Fun\artifacts\btc\m-3968.jsonl,analyzed_days=1,midmove_firings=3,distinguishing_days=1,fuel_critical_days=0,authoritative_checked=0,authoritative_matches=0
